#
# There is insufficient memory for the Java Runtime Environment to continue.
# Native memory allocation (malloc) failed to allocate 32744 bytes. Error detail: Chunk::new
# Possible reasons:
#   The system is out of physical RAM or swap space
#   This process is running with CompressedOops enabled, and the Java Heap may be blocking the growth of the native heap
# Possible solutions:
#   Reduce memory load on the system
#   Increase physical memory or swap space
#   Check if swap backing store is full
#   Decrease Java heap size (-Xmx/-Xms)
#   Decrease number of Java threads
#   Decrease Java thread stack sizes (-Xss)
#   Set larger code cache with -XX:ReservedCodeCacheSize=
#   JVM is running with Unscaled Compressed Oops mode in which the Java heap is
#     placed in the first 4GB address space. The Java Heap base address is the
#     maximum limit for the native heap growth. Please use -XX:HeapBaseMinAddress
#     to set the Java Heap base and to place the Java Heap above 4GB virtual address.
# This output file may be truncated or incomplete.
#
#  Out of Memory Error (arena.cpp:168), pid=51344, tid=38028
#
# JRE version: OpenJDK Runtime Environment Temurin-21.0.12.1+1 (21.0.12.1+1) (build 21.0.12.1+1-LTS)
# Java VM: OpenJDK 64-Bit Server VM Temurin-21.0.12.1+1 (21.0.12.1+1-LTS, mixed mode, sharing, tiered, compressed oops, compressed class ptrs, g1 gc, windows-amd64)
# No core dump will be written. Minidumps are not enabled by default on client versions of Windows
#

---------------  S U M M A R Y ------------

Command Line: --add-opens=java.base/java.lang=ALL-UNNAMED --add-opens=java.base/java.lang.invoke=ALL-UNNAMED --add-opens=java.base/java.util=ALL-UNNAMED --add-opens=java.prefs/java.util.prefs=ALL-UNNAMED --add-exports=jdk.compiler/com.sun.tools.javac.api=ALL-UNNAMED --add-exports=jdk.compiler/com.sun.tools.javac.util=ALL-UNNAMED --add-opens=java.base/java.util=ALL-UNNAMED --add-opens=java.prefs/java.util.prefs=ALL-UNNAMED --add-opens=java.base/java.nio.charset=ALL-UNNAMED --add-opens=java.base/java.net=ALL-UNNAMED --add-opens=java.base/java.util.concurrent.atomic=ALL-UNNAMED --add-opens=java.xml/javax.xml.namespace=ALL-UNNAMED -XX:MaxMetaspaceSize=384m -XX:+HeapDumpOnOutOfMemoryError -Xms256m -Xmx512m -Dfile.encoding=UTF-8 -Duser.country=KR -Duser.language=ko -Duser.variant -javaagent:C:\Users\duiph\.gradle\wrapper\dists\gradle-8.14.4-bin\92wwslzcyst3phie3o264zltu\gradle-8.14.4\lib\agents\gradle-instrumentation-agent-8.14.4.jar org.gradle.launcher.daemon.bootstrap.GradleDaemon 8.14.4

Host: 11th Gen Intel(R) Core(TM) i7-1165G7 @ 2.80GHz, 8 cores, 15G,  Windows 11 , 64 bit Build 26100 (10.0.26100.9444)
Time: Wed Sep 16 22:06:25 2026 elapsed time: 642.238465 seconds (0d 0h 10m 42s)

---------------  T H R E A D  ---------------

Current thread (0x000001aff96ed700):  JavaThread "C2 CompilerThread0" daemon [_thread_in_native, id=38028, stack(0x0000009d0be00000,0x0000009d0bf00000) (1024K)]


Current CompileTask:
C2:642238 5628       4       jdk.internal.org.objectweb.asm.ClassWriter::toByteArray (1517 bytes)

Stack: [0x0000009d0be00000,0x0000009d0bf00000]
Native frames: (J=compiled Java code, j=interpreted, Vv=VM code, C=native code)
V  [jvm.dll+0x6d83e9]
V  [jvm.dll+0x8b5736]
V  [jvm.dll+0x8b7cee]
V  [jvm.dll+0x8b83d3]
V  [jvm.dll+0x284596]
V  [jvm.dll+0xc685d]
V  [jvm.dll+0xc6da1]
V  [jvm.dll+0x703dc3]
V  [jvm.dll+0x1e421a]
V  [jvm.dll+0x24c853]
V  [jvm.dll+0x24bce0]
V  [jvm.dll+0x1cb4ae]
V  [jvm.dll+0x25baad]
V  [jvm.dll+0x25a03a]
V  [jvm.dll+0x3f8aae]
V  [jvm.dll+0x8600cd]
V  [jvm.dll+0x6d6c1d]
C  [ucrtbase.dll+0x2cd30]
C  [KERNEL32.DLL+0x2cd87]
C  [ntdll.dll+0xacaec]


---------------  P R O C E S S  ---------------

Threads class SMR info:
_java_thread_list=0x000001af96fa7410, length=36, elements={
0x000001afe3d30710, 0x000001aff96dfc80, 0x000001aff96e3550, 0x000001aff96e40b0,
0x000001aff96e8b30, 0x000001aff96e9590, 0x000001aff96ecd60, 0x000001aff96ed700,
0x000001aff96f1c00, 0x000001aff990ed70, 0x000001aff994d2b0, 0x000001affefd43a0,
0x000001affe75fda0, 0x000001afff528580, 0x000001afff4002c0, 0x000001afff3c5260,
0x000001afff3d58b0, 0x000001afff770380, 0x000001afff3c7fc0, 0x000001afff3c8650,
0x000001afff3c8ce0, 0x000001afff3ca720, 0x000001afff3ca090, 0x000001afff3c9370,
0x000001afff3cadb0, 0x000001afff3c7930, 0x000001af951dbd80, 0x000001af951dd7c0,
0x000001af951db060, 0x000001af951de4e0, 0x000001af951dd130, 0x000001af951dc410,
0x000001af951deb70, 0x000001af951db6f0, 0x000001af951dff20, 0x000001af951df890
}

Java Threads: ( => current thread )
  0x000001afe3d30710 JavaThread "main"                              [_thread_blocked, id=55152, stack(0x0000009d0b000000,0x0000009d0b100000) (1024K)]
  0x000001aff96dfc80 JavaThread "Reference Handler"          daemon [_thread_blocked, id=40076, stack(0x0000009d0b800000,0x0000009d0b900000) (1024K)]
  0x000001aff96e3550 JavaThread "Finalizer"                  daemon [_thread_blocked, id=44240, stack(0x0000009d0b900000,0x0000009d0ba00000) (1024K)]
  0x000001aff96e40b0 JavaThread "Signal Dispatcher"          daemon [_thread_blocked, id=37480, stack(0x0000009d0ba00000,0x0000009d0bb00000) (1024K)]
  0x000001aff96e8b30 JavaThread "Attach Listener"            daemon [_thread_blocked, id=45708, stack(0x0000009d0bb00000,0x0000009d0bc00000) (1024K)]
  0x000001aff96e9590 JavaThread "Service Thread"             daemon [_thread_blocked, id=29204, stack(0x0000009d0bc00000,0x0000009d0bd00000) (1024K)]
  0x000001aff96ecd60 JavaThread "Monitor Deflation Thread"   daemon [_thread_blocked, id=54012, stack(0x0000009d0bd00000,0x0000009d0be00000) (1024K)]
=>0x000001aff96ed700 JavaThread "C2 CompilerThread0"         daemon [_thread_in_native, id=38028, stack(0x0000009d0be00000,0x0000009d0bf00000) (1024K)]
  0x000001aff96f1c00 JavaThread "C1 CompilerThread0"         daemon [_thread_blocked, id=11580, stack(0x0000009d0bf00000,0x0000009d0c000000) (1024K)]
  0x000001aff990ed70 JavaThread "Common-Cleaner"             daemon [_thread_blocked, id=53764, stack(0x0000009d0c000000,0x0000009d0c100000) (1024K)]
  0x000001aff994d2b0 JavaThread "Notification Thread"        daemon [_thread_blocked, id=51652, stack(0x0000009d0c100000,0x0000009d0c200000) (1024K)]
  0x000001affefd43a0 JavaThread "Daemon health stats"               [_thread_blocked, id=28816, stack(0x0000009d0c700000,0x0000009d0c800000) (1024K)]
  0x000001affe75fda0 JavaThread "Incoming local TCP Connector on port 61686"        [_thread_in_native, id=5144, stack(0x0000009d0ca00000,0x0000009d0cb00000) (1024K)]
  0x000001afff528580 JavaThread "Daemon periodic checks"            [_thread_blocked, id=49220, stack(0x0000009d0cb00000,0x0000009d0cc00000) (1024K)]
  0x000001afff4002c0 JavaThread "Daemon"                            [_thread_blocked, id=42820, stack(0x0000009d0cd00000,0x0000009d0ce00000) (1024K)]
  0x000001afff3c5260 JavaThread "Handler for socket connection from /127.0.0.1:61686 to /127.0.0.1:53533"        [_thread_in_native, id=58656, stack(0x0000009d0ce00000,0x0000009d0cf00000) (1024K)]
  0x000001afff3d58b0 JavaThread "Cancel handler"                    [_thread_blocked, id=54688, stack(0x0000009d0cf00000,0x0000009d0d000000) (1024K)]
  0x000001afff770380 JavaThread "Daemon worker"                     [_thread_in_vm, id=39188, stack(0x0000009d0d000000,0x0000009d0d100000) (1024K)]
  0x000001afff3c7fc0 JavaThread "Asynchronous log dispatcher for DefaultDaemonConnection: socket connection from /127.0.0.1:61686 to /127.0.0.1:53533"        [_thread_blocked, id=4648, stack(0x0000009d0d100000,0x0000009d0d200000) (1024K)]
  0x000001afff3c8650 JavaThread "Stdin handler"                     [_thread_blocked, id=21920, stack(0x0000009d0d200000,0x0000009d0d300000) (1024K)]
  0x000001afff3c8ce0 JavaThread "Daemon client event forwarder"        [_thread_blocked, id=15460, stack(0x0000009d0d300000,0x0000009d0d400000) (1024K)]
  0x000001afff3ca720 JavaThread "Cache worker for journal cache (C:\Users\duiph\.gradle\caches\journal-1)"        [_thread_blocked, id=56740, stack(0x0000009d0c400000,0x0000009d0c500000) (1024K)]
  0x000001afff3ca090 JavaThread "File lock request listener"        [_thread_in_native, id=37036, stack(0x0000009d0c500000,0x0000009d0c600000) (1024K)]
  0x000001afff3c9370 JavaThread "File lock release action executor"        [_thread_blocked, id=58448, stack(0x0000009d0d400000,0x0000009d0d500000) (1024K)]
  0x000001afff3cadb0 JavaThread "Cache worker for file hash cache (C:\Users\duiph\.gradle\caches\8.14.4\fileHashes)"        [_thread_blocked, id=57616, stack(0x0000009d0d500000,0x0000009d0d600000) (1024K)]
  0x000001afff3c7930 JavaThread "Cache worker for file hash cache (C:\underscore\underscore\.gradle\8.14.4\fileHashes)"        [_thread_blocked, id=20720, stack(0x0000009d0cc00000,0x0000009d0cd00000) (1024K)]
  0x000001af951dbd80 JavaThread "Cache worker for Build Output Cleanup Cache (C:\underscore\underscore\.gradle\buildOutputCleanup)"        [_thread_blocked, id=45832, stack(0x0000009d0d600000,0x0000009d0d700000) (1024K)]
  0x000001af951dd7c0 JavaThread "File watcher server"        daemon [_thread_in_native, id=52364, stack(0x0000009d0d700000,0x0000009d0d800000) (1024K)]
  0x000001af951db060 JavaThread "File watcher consumer"      daemon [_thread_blocked, id=58904, stack(0x0000009d0d800000,0x0000009d0d900000) (1024K)]
  0x000001af951de4e0 JavaThread "jar transforms"                    [_thread_blocked, id=42680, stack(0x0000009d0d900000,0x0000009d0da00000) (1024K)]
  0x000001af951dd130 JavaThread "jar transforms Thread 2"           [_thread_blocked, id=49440, stack(0x0000009d0da00000,0x0000009d0db00000) (1024K)]
  0x000001af951dc410 JavaThread "Cache worker for checksums cache (C:\underscore\underscore\.gradle\8.14.4\checksums)"        [_thread_blocked, id=52136, stack(0x0000009d0db00000,0x0000009d0dc00000) (1024K)]
  0x000001af951deb70 JavaThread "Cache worker for file content cache (C:\Users\duiph\.gradle\caches\8.14.4\fileContent)"        [_thread_blocked, id=52680, stack(0x0000009d0dc00000,0x0000009d0dd00000) (1024K)]
  0x000001af951db6f0 JavaThread "Cache worker for cache directory md-supplier (C:\Users\duiph\.gradle\caches\8.14.4\md-supplier)"        [_thread_blocked, id=17388, stack(0x0000009d0dd00000,0x0000009d0de00000) (1024K)]
  0x000001af951dff20 JavaThread "Cache worker for cache directory md-rule (C:\Users\duiph\.gradle\caches\8.14.4\md-rule)"        [_thread_blocked, id=31752, stack(0x0000009d0de00000,0x0000009d0df00000) (1024K)]
  0x000001af951df890 JavaThread "jar transforms Thread 3"           [_thread_blocked, id=58312, stack(0x0000009d0e100000,0x0000009d0e200000) (1024K)]
Total: 36

Other Threads:
  0x000001aff96c46f0 VMThread "VM Thread"                           [id=54432, stack(0x0000009d0b700000,0x0000009d0b800000) (1024K)]
  0x000001aff96b60c0 WatcherThread "VM Periodic Task Thread"        [id=51832, stack(0x0000009d0b600000,0x0000009d0b700000) (1024K)]
  0x000001afe3d5a890 WorkerThread "GC Thread#0"                     [id=13624, stack(0x0000009d0b100000,0x0000009d0b200000) (1024K)]
  0x000001aff9799c40 WorkerThread "GC Thread#1"                     [id=47864, stack(0x0000009d0ad00000,0x0000009d0ae00000) (1024K)]
  0x000001aff9799ff0 WorkerThread "GC Thread#2"                     [id=49636, stack(0x0000009d0ae00000,0x0000009d0af00000) (1024K)]
  0x000001aff979a3a0 WorkerThread "GC Thread#3"                     [id=49456, stack(0x0000009d0af00000,0x0000009d0b000000) (1024K)]
  0x000001aff979a750 WorkerThread "GC Thread#4"                     [id=54396, stack(0x0000009d0c200000,0x0000009d0c300000) (1024K)]
  0x000001aff979ab00 WorkerThread "GC Thread#5"                     [id=41768, stack(0x0000009d0c300000,0x0000009d0c400000) (1024K)]
  0x000001affe238a70 WorkerThread "GC Thread#6"                     [id=27584, stack(0x0000009d0c800000,0x0000009d0c900000) (1024K)]
  0x000001affe6d71a0 WorkerThread "GC Thread#7"                     [id=12080, stack(0x0000009d0c900000,0x0000009d0ca00000) (1024K)]
  0x000001afe3d60fb0 ConcurrentGCThread "G1 Main Marker"            [id=51460, stack(0x0000009d0b200000,0x0000009d0b300000) (1024K)]
  0x000001afe3d619d0 WorkerThread "G1 Conc#0"                       [id=54324, stack(0x0000009d0b300000,0x0000009d0b400000) (1024K)]
  0x000001afff8aae00 WorkerThread "G1 Conc#1"                       [id=58180, stack(0x0000009d0c600000,0x0000009d0c700000) (1024K)]
  0x000001aff95854f0 ConcurrentGCThread "G1 Refine#0"               [id=54504, stack(0x0000009d0b400000,0x0000009d0b500000) (1024K)]
  0x000001aff9588340 ConcurrentGCThread "G1 Service"                [id=54248, stack(0x0000009d0b500000,0x0000009d0b600000) (1024K)]
Total: 15

Threads with active compile tasks:
C2 CompilerThread0  643560 5628       4       jdk.internal.org.objectweb.asm.ClassWriter::toByteArray (1517 bytes)
Total: 1

VM state: not at safepoint (normal execution)

VM Mutex/Monitor currently owned by a thread: None

Heap address: 0x00000000e0000000, size: 512 MB, Compressed Oops mode: 32-bit

CDS archive(s) mapped at: [0x000001af80000000-0x000001af80ba0000-0x000001af80ba0000), size 12189696, SharedBaseAddress: 0x000001af80000000, ArchiveRelocationMode: 1.
Compressed class space mapped at: 0x000001af81000000-0x000001af95000000, reserved size: 335544320
Narrow klass base: 0x000001af80000000, Narrow klass shift: 0, Narrow klass range: 0x100000000

GC Precious Log:
 CardTable entry size: 512
 Card Set container configuration: InlinePtr #cards 5 size 8 Array Of Cards #cards 12 size 40 Howl #buckets 4 coarsen threshold 1843 Howl Bitmap #cards 512 size 80 coarsen threshold 460 Card regions per heap region 1 cards per card region 2048
 CPUs: 8 total, 8 available
 Memory: 16057M
 Large Page Support: Disabled
 NUMA Support: Disabled
 Compressed Oops: Enabled (32-bit)
 Heap Region Size: 1M
 Heap Min Capacity: 256M
 Heap Initial Capacity: 256M
 Heap Max Capacity: 512M
 Pre-touch: Disabled
 Parallel Workers: 8
 Concurrent Workers: 2
 Concurrent Refinement Workers: 8
 Periodic GC: Disabled

Heap:
 garbage-first heap   total 262144K, used 137860K [0x00000000e0000000, 0x0000000100000000)
  region size 1024K, 107 young (109568K), 9 survivors (9216K)
 Metaspace       used 46848K, committed 48448K, reserved 393216K
  class space    used 6752K, committed 7552K, reserved 327680K

Heap Regions: E=young(eden), S=young(survivor), O=old, HS=humongous(starts), HC=humongous(continues), CS=collection set, F=free, TAMS=top-at-mark-start, PB=parsable bottom
|   0|0x00000000e0000000, 0x00000000e0100000, 0x00000000e0100000|100%|HS|  |TAMS 0x00000000e0000000| PB 0x00000000e0000000| Complete 
|   1|0x00000000e0100000, 0x00000000e0200000, 0x00000000e0200000|100%|HC|  |TAMS 0x00000000e0100000| PB 0x00000000e0100000| Complete 
|   2|0x00000000e0200000, 0x00000000e0300000, 0x00000000e0300000|100%|HC|  |TAMS 0x00000000e0200000| PB 0x00000000e0200000| Complete 
|   3|0x00000000e0300000, 0x00000000e0400000, 0x00000000e0400000|100%|HS|  |TAMS 0x00000000e0300000| PB 0x00000000e0300000| Complete 
|   4|0x00000000e0400000, 0x00000000e0500000, 0x00000000e0500000|100%| O|  |TAMS 0x00000000e0400000| PB 0x00000000e0400000| Untracked 
|   5|0x00000000e0500000, 0x00000000e0600000, 0x00000000e0600000|100%| O|  |TAMS 0x00000000e0500000| PB 0x00000000e0500000| Untracked 
|   6|0x00000000e0600000, 0x00000000e0700000, 0x00000000e0700000|100%|HS|  |TAMS 0x00000000e0600000| PB 0x00000000e0600000| Complete 
|   7|0x00000000e0700000, 0x00000000e0800000, 0x00000000e0800000|100%| O|  |TAMS 0x00000000e0700000| PB 0x00000000e0700000| Untracked 
|   8|0x00000000e0800000, 0x00000000e0900000, 0x00000000e0900000|100%| O|  |TAMS 0x00000000e0800000| PB 0x00000000e0800000| Untracked 
|   9|0x00000000e0900000, 0x00000000e0a00000, 0x00000000e0a00000|100%| O|  |TAMS 0x00000000e0900000| PB 0x00000000e0900000| Untracked 
|  10|0x00000000e0a00000, 0x00000000e0b00000, 0x00000000e0b00000|100%| O|  |TAMS 0x00000000e0a00000| PB 0x00000000e0a00000| Untracked 
|  11|0x00000000e0b00000, 0x00000000e0c00000, 0x00000000e0c00000|100%| O|  |TAMS 0x00000000e0b00000| PB 0x00000000e0b00000| Untracked 
|  12|0x00000000e0c00000, 0x00000000e0d00000, 0x00000000e0d00000|100%| O|  |TAMS 0x00000000e0c00000| PB 0x00000000e0c00000| Untracked 
|  13|0x00000000e0d00000, 0x00000000e0e00000, 0x00000000e0e00000|100%| O|  |TAMS 0x00000000e0d00000| PB 0x00000000e0d00000| Untracked 
|  14|0x00000000e0e00000, 0x00000000e0f00000, 0x00000000e0f00000|100%| O|  |TAMS 0x00000000e0e00000| PB 0x00000000e0e00000| Untracked 
|  15|0x00000000e0f00000, 0x00000000e1000000, 0x00000000e1000000|100%| O|  |TAMS 0x00000000e0f00000| PB 0x00000000e0f00000| Untracked 
|  16|0x00000000e1000000, 0x00000000e1100000, 0x00000000e1100000|100%| O|  |TAMS 0x00000000e1000000| PB 0x00000000e1000000| Untracked 
|  17|0x00000000e1100000, 0x00000000e1200000, 0x00000000e1200000|100%| O|  |TAMS 0x00000000e1100000| PB 0x00000000e1100000| Untracked 
|  18|0x00000000e1200000, 0x00000000e1300000, 0x00000000e1300000|100%| O|  |TAMS 0x00000000e1200000| PB 0x00000000e1200000| Untracked 
|  19|0x00000000e1300000, 0x00000000e1400000, 0x00000000e1400000|100%| O|  |TAMS 0x00000000e1300000| PB 0x00000000e1300000| Untracked 
|  20|0x00000000e1400000, 0x00000000e1500000, 0x00000000e1500000|100%| O|  |TAMS 0x00000000e1400000| PB 0x00000000e1400000| Untracked 
|  21|0x00000000e1500000, 0x00000000e1600000, 0x00000000e1600000|100%| O|  |TAMS 0x00000000e1500000| PB 0x00000000e1500000| Untracked 
|  22|0x00000000e1600000, 0x00000000e1700000, 0x00000000e1700000|100%| O|Cm|TAMS 0x00000000e1600000| PB 0x00000000e1600000| Complete 
|  23|0x00000000e1700000, 0x00000000e1800000, 0x00000000e1800000|100%| O|  |TAMS 0x00000000e1700000| PB 0x00000000e1700000| Untracked 
|  24|0x00000000e1800000, 0x00000000e1900000, 0x00000000e1900000|100%|HS|  |TAMS 0x00000000e1800000| PB 0x00000000e1800000| Complete 
|  25|0x00000000e1900000, 0x00000000e1a00000, 0x00000000e1a00000|100%|HS|  |TAMS 0x00000000e1900000| PB 0x00000000e1900000| Complete 
|  26|0x00000000e1a00000, 0x00000000e1b00000, 0x00000000e1b00000|100%|HS|  |TAMS 0x00000000e1a00000| PB 0x00000000e1a00000| Complete 
|  27|0x00000000e1b00000, 0x00000000e1c00000, 0x00000000e1c00000|100%|HC|  |TAMS 0x00000000e1b00000| PB 0x00000000e1b00000| Complete 
|  28|0x00000000e1c00000, 0x00000000e1d00000, 0x00000000e1d00000|100%|HS|  |TAMS 0x00000000e1c00000| PB 0x00000000e1c00000| Complete 
|  29|0x00000000e1d00000, 0x00000000e1e00000, 0x00000000e1e00000|100%|HC|  |TAMS 0x00000000e1d00000| PB 0x00000000e1d00000| Complete 
|  30|0x00000000e1e00000, 0x00000000e1e00000, 0x00000000e1f00000|  0%| F|  |TAMS 0x00000000e1e00000| PB 0x00000000e1e00000| Untracked 
|  31|0x00000000e1f00000, 0x00000000e1f00000, 0x00000000e2000000|  0%| F|  |TAMS 0x00000000e1f00000| PB 0x00000000e1f00000| Untracked 
|  32|0x00000000e2000000, 0x00000000e2000000, 0x00000000e2100000|  0%| F|  |TAMS 0x00000000e2000000| PB 0x00000000e2000000| Untracked 
|  33|0x00000000e2100000, 0x00000000e2100000, 0x00000000e2200000|  0%| F|  |TAMS 0x00000000e2100000| PB 0x00000000e2100000| Untracked 
|  34|0x00000000e2200000, 0x00000000e2200000, 0x00000000e2300000|  0%| F|  |TAMS 0x00000000e2200000| PB 0x00000000e2200000| Untracked 
|  35|0x00000000e2300000, 0x00000000e2300000, 0x00000000e2400000|  0%| F|  |TAMS 0x00000000e2300000| PB 0x00000000e2300000| Untracked 
|  36|0x00000000e2400000, 0x00000000e2400000, 0x00000000e2500000|  0%| F|  |TAMS 0x00000000e2400000| PB 0x00000000e2400000| Untracked 
|  37|0x00000000e2500000, 0x00000000e2500000, 0x00000000e2600000|  0%| F|  |TAMS 0x00000000e2500000| PB 0x00000000e2500000| Untracked 
|  38|0x00000000e2600000, 0x00000000e2600000, 0x00000000e2700000|  0%| F|  |TAMS 0x00000000e2600000| PB 0x00000000e2600000| Untracked 
|  39|0x00000000e2700000, 0x00000000e2700000, 0x00000000e2800000|  0%| F|  |TAMS 0x00000000e2700000| PB 0x00000000e2700000| Untracked 
|  40|0x00000000e2800000, 0x00000000e2800000, 0x00000000e2900000|  0%| F|  |TAMS 0x00000000e2800000| PB 0x00000000e2800000| Untracked 
|  41|0x00000000e2900000, 0x00000000e2900000, 0x00000000e2a00000|  0%| F|  |TAMS 0x00000000e2900000| PB 0x00000000e2900000| Untracked 
|  42|0x00000000e2a00000, 0x00000000e2a00000, 0x00000000e2b00000|  0%| F|  |TAMS 0x00000000e2a00000| PB 0x00000000e2a00000| Untracked 
|  43|0x00000000e2b00000, 0x00000000e2b00000, 0x00000000e2c00000|  0%| F|  |TAMS 0x00000000e2b00000| PB 0x00000000e2b00000| Untracked 
|  44|0x00000000e2c00000, 0x00000000e2c00000, 0x00000000e2d00000|  0%| F|  |TAMS 0x00000000e2c00000| PB 0x00000000e2c00000| Untracked 
|  45|0x00000000e2d00000, 0x00000000e2d00000, 0x00000000e2e00000|  0%| F|  |TAMS 0x00000000e2d00000| PB 0x00000000e2d00000| Untracked 
|  46|0x00000000e2e00000, 0x00000000e2e00000, 0x00000000e2f00000|  0%| F|  |TAMS 0x00000000e2e00000| PB 0x00000000e2e00000| Untracked 
|  47|0x00000000e2f00000, 0x00000000e2f00000, 0x00000000e3000000|  0%| F|  |TAMS 0x00000000e2f00000| PB 0x00000000e2f00000| Untracked 
|  48|0x00000000e3000000, 0x00000000e3000000, 0x00000000e3100000|  0%| F|  |TAMS 0x00000000e3000000| PB 0x00000000e3000000| Untracked 
|  49|0x00000000e3100000, 0x00000000e3100000, 0x00000000e3200000|  0%| F|  |TAMS 0x00000000e3100000| PB 0x00000000e3100000| Untracked 
|  50|0x00000000e3200000, 0x00000000e3200000, 0x00000000e3300000|  0%| F|  |TAMS 0x00000000e3200000| PB 0x00000000e3200000| Untracked 
|  51|0x00000000e3300000, 0x00000000e3300000, 0x00000000e3400000|  0%| F|  |TAMS 0x00000000e3300000| PB 0x00000000e3300000| Untracked 
|  52|0x00000000e3400000, 0x00000000e3400000, 0x00000000e3500000|  0%| F|  |TAMS 0x00000000e3400000| PB 0x00000000e3400000| Untracked 
|  53|0x00000000e3500000, 0x00000000e3500000, 0x00000000e3600000|  0%| F|  |TAMS 0x00000000e3500000| PB 0x00000000e3500000| Untracked 
|  54|0x00000000e3600000, 0x00000000e3600000, 0x00000000e3700000|  0%| F|  |TAMS 0x00000000e3600000| PB 0x00000000e3600000| Untracked 
|  55|0x00000000e3700000, 0x00000000e3700000, 0x00000000e3800000|  0%| F|  |TAMS 0x00000000e3700000| PB 0x00000000e3700000| Untracked 
|  56|0x00000000e3800000, 0x00000000e3800000, 0x00000000e3900000|  0%| F|  |TAMS 0x00000000e3800000| PB 0x00000000e3800000| Untracked 
|  57|0x00000000e3900000, 0x00000000e3900000, 0x00000000e3a00000|  0%| F|  |TAMS 0x00000000e3900000| PB 0x00000000e3900000| Untracked 
|  58|0x00000000e3a00000, 0x00000000e3a00000, 0x00000000e3b00000|  0%| F|  |TAMS 0x00000000e3a00000| PB 0x00000000e3a00000| Untracked 
|  59|0x00000000e3b00000, 0x00000000e3b00000, 0x00000000e3c00000|  0%| F|  |TAMS 0x00000000e3b00000| PB 0x00000000e3b00000| Untracked 
|  60|0x00000000e3c00000, 0x00000000e3c00000, 0x00000000e3d00000|  0%| F|  |TAMS 0x00000000e3c00000| PB 0x00000000e3c00000| Untracked 
|  61|0x00000000e3d00000, 0x00000000e3d00000, 0x00000000e3e00000|  0%| F|  |TAMS 0x00000000e3d00000| PB 0x00000000e3d00000| Untracked 
|  62|0x00000000e3e00000, 0x00000000e3e00000, 0x00000000e3f00000|  0%| F|  |TAMS 0x00000000e3e00000| PB 0x00000000e3e00000| Untracked 
|  63|0x00000000e3f00000, 0x00000000e3f00000, 0x00000000e4000000|  0%| F|  |TAMS 0x00000000e3f00000| PB 0x00000000e3f00000| Untracked 
|  64|0x00000000e4000000, 0x00000000e4000000, 0x00000000e4100000|  0%| F|  |TAMS 0x00000000e4000000| PB 0x00000000e4000000| Untracked 
|  65|0x00000000e4100000, 0x00000000e4100000, 0x00000000e4200000|  0%| F|  |TAMS 0x00000000e4100000| PB 0x00000000e4100000| Untracked 
|  66|0x00000000e4200000, 0x00000000e4200000, 0x00000000e4300000|  0%| F|  |TAMS 0x00000000e4200000| PB 0x00000000e4200000| Untracked 
|  67|0x00000000e4300000, 0x00000000e4300000, 0x00000000e4400000|  0%| F|  |TAMS 0x00000000e4300000| PB 0x00000000e4300000| Untracked 
|  68|0x00000000e4400000, 0x00000000e4400000, 0x00000000e4500000|  0%| F|  |TAMS 0x00000000e4400000| PB 0x00000000e4400000| Untracked 
|  69|0x00000000e4500000, 0x00000000e4500000, 0x00000000e4600000|  0%| F|  |TAMS 0x00000000e4500000| PB 0x00000000e4500000| Untracked 
|  70|0x00000000e4600000, 0x00000000e4600000, 0x00000000e4700000|  0%| F|  |TAMS 0x00000000e4600000| PB 0x00000000e4600000| Untracked 
|  71|0x00000000e4700000, 0x00000000e4700000, 0x00000000e4800000|  0%| F|  |TAMS 0x00000000e4700000| PB 0x00000000e4700000| Untracked 
|  72|0x00000000e4800000, 0x00000000e4800000, 0x00000000e4900000|  0%| F|  |TAMS 0x00000000e4800000| PB 0x00000000e4800000| Untracked 
|  73|0x00000000e4900000, 0x00000000e4900000, 0x00000000e4a00000|  0%| F|  |TAMS 0x00000000e4900000| PB 0x00000000e4900000| Untracked 
|  74|0x00000000e4a00000, 0x00000000e4a00000, 0x00000000e4b00000|  0%| F|  |TAMS 0x00000000e4a00000| PB 0x00000000e4a00000| Untracked 
|  75|0x00000000e4b00000, 0x00000000e4b00000, 0x00000000e4c00000|  0%| F|  |TAMS 0x00000000e4b00000| PB 0x00000000e4b00000| Untracked 
|  76|0x00000000e4c00000, 0x00000000e4c00000, 0x00000000e4d00000|  0%| F|  |TAMS 0x00000000e4c00000| PB 0x00000000e4c00000| Untracked 
|  77|0x00000000e4d00000, 0x00000000e4d00000, 0x00000000e4e00000|  0%| F|  |TAMS 0x00000000e4d00000| PB 0x00000000e4d00000| Untracked 
|  78|0x00000000e4e00000, 0x00000000e4e00000, 0x00000000e4f00000|  0%| F|  |TAMS 0x00000000e4e00000| PB 0x00000000e4e00000| Untracked 
|  79|0x00000000e4f00000, 0x00000000e4f00000, 0x00000000e5000000|  0%| F|  |TAMS 0x00000000e4f00000| PB 0x00000000e4f00000| Untracked 
|  80|0x00000000e5000000, 0x00000000e5000000, 0x00000000e5100000|  0%| F|  |TAMS 0x00000000e5000000| PB 0x00000000e5000000| Untracked 
|  81|0x00000000e5100000, 0x00000000e5100000, 0x00000000e5200000|  0%| F|  |TAMS 0x00000000e5100000| PB 0x00000000e5100000| Untracked 
|  82|0x00000000e5200000, 0x00000000e5200000, 0x00000000e5300000|  0%| F|  |TAMS 0x00000000e5200000| PB 0x00000000e5200000| Untracked 
|  83|0x00000000e5300000, 0x00000000e5300000, 0x00000000e5400000|  0%| F|  |TAMS 0x00000000e5300000| PB 0x00000000e5300000| Untracked 
|  84|0x00000000e5400000, 0x00000000e5400000, 0x00000000e5500000|  0%| F|  |TAMS 0x00000000e5400000| PB 0x00000000e5400000| Untracked 
|  85|0x00000000e5500000, 0x00000000e5500000, 0x00000000e5600000|  0%| F|  |TAMS 0x00000000e5500000| PB 0x00000000e5500000| Untracked 
|  86|0x00000000e5600000, 0x00000000e5600000, 0x00000000e5700000|  0%| F|  |TAMS 0x00000000e5600000| PB 0x00000000e5600000| Untracked 
|  87|0x00000000e5700000, 0x00000000e5700000, 0x00000000e5800000|  0%| F|  |TAMS 0x00000000e5700000| PB 0x00000000e5700000| Untracked 
|  88|0x00000000e5800000, 0x00000000e5800000, 0x00000000e5900000|  0%| F|  |TAMS 0x00000000e5800000| PB 0x00000000e5800000| Untracked 
|  89|0x00000000e5900000, 0x00000000e5900000, 0x00000000e5a00000|  0%| F|  |TAMS 0x00000000e5900000| PB 0x00000000e5900000| Untracked 
|  90|0x00000000e5a00000, 0x00000000e5a00000, 0x00000000e5b00000|  0%| F|  |TAMS 0x00000000e5a00000| PB 0x00000000e5a00000| Untracked 
|  91|0x00000000e5b00000, 0x00000000e5b00000, 0x00000000e5c00000|  0%| F|  |TAMS 0x00000000e5b00000| PB 0x00000000e5b00000| Untracked 
|  92|0x00000000e5c00000, 0x00000000e5c00000, 0x00000000e5d00000|  0%| F|  |TAMS 0x00000000e5c00000| PB 0x00000000e5c00000| Untracked 
|  93|0x00000000e5d00000, 0x00000000e5d00000, 0x00000000e5e00000|  0%| F|  |TAMS 0x00000000e5d00000| PB 0x00000000e5d00000| Untracked 
|  94|0x00000000e5e00000, 0x00000000e5e00000, 0x00000000e5f00000|  0%| F|  |TAMS 0x00000000e5e00000| PB 0x00000000e5e00000| Untracked 
|  95|0x00000000e5f00000, 0x00000000e5f00000, 0x00000000e6000000|  0%| F|  |TAMS 0x00000000e5f00000| PB 0x00000000e5f00000| Untracked 
|  96|0x00000000e6000000, 0x00000000e6000000, 0x00000000e6100000|  0%| F|  |TAMS 0x00000000e6000000| PB 0x00000000e6000000| Untracked 
|  97|0x00000000e6100000, 0x00000000e6100000, 0x00000000e6200000|  0%| F|  |TAMS 0x00000000e6100000| PB 0x00000000e6100000| Untracked 
|  98|0x00000000e6200000, 0x00000000e6200000, 0x00000000e6300000|  0%| F|  |TAMS 0x00000000e6200000| PB 0x00000000e6200000| Untracked 
|  99|0x00000000e6300000, 0x00000000e6300000, 0x00000000e6400000|  0%| F|  |TAMS 0x00000000e6300000| PB 0x00000000e6300000| Untracked 
| 100|0x00000000e6400000, 0x00000000e6400000, 0x00000000e6500000|  0%| F|  |TAMS 0x00000000e6400000| PB 0x00000000e6400000| Untracked 
| 101|0x00000000e6500000, 0x00000000e6500000, 0x00000000e6600000|  0%| F|  |TAMS 0x00000000e6500000| PB 0x00000000e6500000| Untracked 
| 102|0x00000000e6600000, 0x00000000e6600000, 0x00000000e6700000|  0%| F|  |TAMS 0x00000000e6600000| PB 0x00000000e6600000| Untracked 
| 103|0x00000000e6700000, 0x00000000e6700000, 0x00000000e6800000|  0%| F|  |TAMS 0x00000000e6700000| PB 0x00000000e6700000| Untracked 
| 104|0x00000000e6800000, 0x00000000e6800000, 0x00000000e6900000|  0%| F|  |TAMS 0x00000000e6800000| PB 0x00000000e6800000| Untracked 
| 105|0x00000000e6900000, 0x00000000e6900000, 0x00000000e6a00000|  0%| F|  |TAMS 0x00000000e6900000| PB 0x00000000e6900000| Untracked 
| 106|0x00000000e6a00000, 0x00000000e6a00000, 0x00000000e6b00000|  0%| F|  |TAMS 0x00000000e6a00000| PB 0x00000000e6a00000| Untracked 
| 107|0x00000000e6b00000, 0x00000000e6b00000, 0x00000000e6c00000|  0%| F|  |TAMS 0x00000000e6b00000| PB 0x00000000e6b00000| Untracked 
| 108|0x00000000e6c00000, 0x00000000e6c00000, 0x00000000e6d00000|  0%| F|  |TAMS 0x00000000e6c00000| PB 0x00000000e6c00000| Untracked 
| 109|0x00000000e6d00000, 0x00000000e6d00000, 0x00000000e6e00000|  0%| F|  |TAMS 0x00000000e6d00000| PB 0x00000000e6d00000| Untracked 
| 110|0x00000000e6e00000, 0x00000000e6e00000, 0x00000000e6f00000|  0%| F|  |TAMS 0x00000000e6e00000| PB 0x00000000e6e00000| Untracked 
| 111|0x00000000e6f00000, 0x00000000e6f00000, 0x00000000e7000000|  0%| F|  |TAMS 0x00000000e6f00000| PB 0x00000000e6f00000| Untracked 
| 112|0x00000000e7000000, 0x00000000e7000000, 0x00000000e7100000|  0%| F|  |TAMS 0x00000000e7000000| PB 0x00000000e7000000| Untracked 
| 113|0x00000000e7100000, 0x00000000e7100000, 0x00000000e7200000|  0%| F|  |TAMS 0x00000000e7100000| PB 0x00000000e7100000| Untracked 
| 114|0x00000000e7200000, 0x00000000e7200000, 0x00000000e7300000|  0%| F|  |TAMS 0x00000000e7200000| PB 0x00000000e7200000| Untracked 
| 115|0x00000000e7300000, 0x00000000e7300000, 0x00000000e7400000|  0%| F|  |TAMS 0x00000000e7300000| PB 0x00000000e7300000| Untracked 
| 116|0x00000000e7400000, 0x00000000e7400000, 0x00000000e7500000|  0%| F|  |TAMS 0x00000000e7400000| PB 0x00000000e7400000| Untracked 
| 117|0x00000000e7500000, 0x00000000e7500000, 0x00000000e7600000|  0%| F|  |TAMS 0x00000000e7500000| PB 0x00000000e7500000| Untracked 
| 118|0x00000000e7600000, 0x00000000e7600000, 0x00000000e7700000|  0%| F|  |TAMS 0x00000000e7600000| PB 0x00000000e7600000| Untracked 
| 119|0x00000000e7700000, 0x00000000e7700000, 0x00000000e7800000|  0%| F|  |TAMS 0x00000000e7700000| PB 0x00000000e7700000| Untracked 
| 120|0x00000000e7800000, 0x00000000e7800000, 0x00000000e7900000|  0%| F|  |TAMS 0x00000000e7800000| PB 0x00000000e7800000| Untracked 
| 121|0x00000000e7900000, 0x00000000e7900000, 0x00000000e7a00000|  0%| F|  |TAMS 0x00000000e7900000| PB 0x00000000e7900000| Untracked 
| 122|0x00000000e7a00000, 0x00000000e7a00000, 0x00000000e7b00000|  0%| F|  |TAMS 0x00000000e7a00000| PB 0x00000000e7a00000| Untracked 
| 123|0x00000000e7b00000, 0x00000000e7b00000, 0x00000000e7c00000|  0%| F|  |TAMS 0x00000000e7b00000| PB 0x00000000e7b00000| Untracked 
| 124|0x00000000e7c00000, 0x00000000e7c00000, 0x00000000e7d00000|  0%| F|  |TAMS 0x00000000e7c00000| PB 0x00000000e7c00000| Untracked 
| 125|0x00000000e7d00000, 0x00000000e7d00000, 0x00000000e7e00000|  0%| F|  |TAMS 0x00000000e7d00000| PB 0x00000000e7d00000| Untracked 
| 126|0x00000000e7e00000, 0x00000000e7e00000, 0x00000000e7f00000|  0%| F|  |TAMS 0x00000000e7e00000| PB 0x00000000e7e00000| Untracked 
| 127|0x00000000e7f00000, 0x00000000e7f00000, 0x00000000e8000000|  0%| F|  |TAMS 0x00000000e7f00000| PB 0x00000000e7f00000| Untracked 
| 128|0x00000000e8000000, 0x00000000e8000000, 0x00000000e8100000|  0%| F|  |TAMS 0x00000000e8000000| PB 0x00000000e8000000| Untracked 
| 129|0x00000000e8100000, 0x00000000e8100000, 0x00000000e8200000|  0%| F|  |TAMS 0x00000000e8100000| PB 0x00000000e8100000| Untracked 
| 130|0x00000000e8200000, 0x00000000e8200000, 0x00000000e8300000|  0%| F|  |TAMS 0x00000000e8200000| PB 0x00000000e8200000| Untracked 
| 131|0x00000000e8300000, 0x00000000e8300000, 0x00000000e8400000|  0%| F|  |TAMS 0x00000000e8300000| PB 0x00000000e8300000| Untracked 
| 132|0x00000000e8400000, 0x00000000e8400000, 0x00000000e8500000|  0%| F|  |TAMS 0x00000000e8400000| PB 0x00000000e8400000| Untracked 
| 133|0x00000000e8500000, 0x00000000e8500000, 0x00000000e8600000|  0%| F|  |TAMS 0x00000000e8500000| PB 0x00000000e8500000| Untracked 
| 134|0x00000000e8600000, 0x00000000e8600000, 0x00000000e8700000|  0%| F|  |TAMS 0x00000000e8600000| PB 0x00000000e8600000| Untracked 
| 135|0x00000000e8700000, 0x00000000e8700000, 0x00000000e8800000|  0%| F|  |TAMS 0x00000000e8700000| PB 0x00000000e8700000| Untracked 
| 136|0x00000000e8800000, 0x00000000e8800000, 0x00000000e8900000|  0%| F|  |TAMS 0x00000000e8800000| PB 0x00000000e8800000| Untracked 
| 137|0x00000000e8900000, 0x00000000e8900000, 0x00000000e8a00000|  0%| F|  |TAMS 0x00000000e8900000| PB 0x00000000e8900000| Untracked 
| 138|0x00000000e8a00000, 0x00000000e8a00000, 0x00000000e8b00000|  0%| F|  |TAMS 0x00000000e8a00000| PB 0x00000000e8a00000| Untracked 
| 139|0x00000000e8b00000, 0x00000000e8b00000, 0x00000000e8c00000|  0%| F|  |TAMS 0x00000000e8b00000| PB 0x00000000e8b00000| Untracked 
| 140|0x00000000e8c00000, 0x00000000e8c00000, 0x00000000e8d00000|  0%| F|  |TAMS 0x00000000e8c00000| PB 0x00000000e8c00000| Untracked 
| 141|0x00000000e8d00000, 0x00000000e8d00000, 0x00000000e8e00000|  0%| F|  |TAMS 0x00000000e8d00000| PB 0x00000000e8d00000| Untracked 
| 142|0x00000000e8e00000, 0x00000000e8e00000, 0x00000000e8f00000|  0%| F|  |TAMS 0x00000000e8e00000| PB 0x00000000e8e00000| Untracked 
| 143|0x00000000e8f00000, 0x00000000e8f00000, 0x00000000e9000000|  0%| F|  |TAMS 0x00000000e8f00000| PB 0x00000000e8f00000| Untracked 
| 144|0x00000000e9000000, 0x00000000e9000000, 0x00000000e9100000|  0%| F|  |TAMS 0x00000000e9000000| PB 0x00000000e9000000| Untracked 
| 145|0x00000000e9100000, 0x00000000e9100000, 0x00000000e9200000|  0%| F|  |TAMS 0x00000000e9100000| PB 0x00000000e9100000| Untracked 
| 146|0x00000000e9200000, 0x00000000e9200000, 0x00000000e9300000|  0%| F|  |TAMS 0x00000000e9200000| PB 0x00000000e9200000| Untracked 
| 147|0x00000000e9300000, 0x00000000e9300000, 0x00000000e9400000|  0%| F|  |TAMS 0x00000000e9300000| PB 0x00000000e9300000| Untracked 
| 148|0x00000000e9400000, 0x00000000e9400000, 0x00000000e9500000|  0%| F|  |TAMS 0x00000000e9400000| PB 0x00000000e9400000| Untracked 
| 149|0x00000000e9500000, 0x00000000e9580000, 0x00000000e9600000| 50%| E|  |TAMS 0x00000000e9500000| PB 0x00000000e9500000| Complete 
| 150|0x00000000e9600000, 0x00000000e9700000, 0x00000000e9700000|100%| E|CS|TAMS 0x00000000e9600000| PB 0x00000000e9600000| Complete 
| 151|0x00000000e9700000, 0x00000000e9800000, 0x00000000e9800000|100%| E|CS|TAMS 0x00000000e9700000| PB 0x00000000e9700000| Complete 
| 152|0x00000000e9800000, 0x00000000e9900000, 0x00000000e9900000|100%| E|CS|TAMS 0x00000000e9800000| PB 0x00000000e9800000| Complete 
| 153|0x00000000e9900000, 0x00000000e9a00000, 0x00000000e9a00000|100%| E|CS|TAMS 0x00000000e9900000| PB 0x00000000e9900000| Complete 
| 154|0x00000000e9a00000, 0x00000000e9b00000, 0x00000000e9b00000|100%| E|CS|TAMS 0x00000000e9a00000| PB 0x00000000e9a00000| Complete 
| 155|0x00000000e9b00000, 0x00000000e9c00000, 0x00000000e9c00000|100%| E|CS|TAMS 0x00000000e9b00000| PB 0x00000000e9b00000| Complete 
| 156|0x00000000e9c00000, 0x00000000e9d00000, 0x00000000e9d00000|100%| E|CS|TAMS 0x00000000e9c00000| PB 0x00000000e9c00000| Complete 
| 157|0x00000000e9d00000, 0x00000000e9e00000, 0x00000000e9e00000|100%| E|CS|TAMS 0x00000000e9d00000| PB 0x00000000e9d00000| Complete 
| 158|0x00000000e9e00000, 0x00000000e9f00000, 0x00000000e9f00000|100%| E|CS|TAMS 0x00000000e9e00000| PB 0x00000000e9e00000| Complete 
| 159|0x00000000e9f00000, 0x00000000ea000000, 0x00000000ea000000|100%| E|CS|TAMS 0x00000000e9f00000| PB 0x00000000e9f00000| Complete 
| 160|0x00000000ea000000, 0x00000000ea100000, 0x00000000ea100000|100%| E|CS|TAMS 0x00000000ea000000| PB 0x00000000ea000000| Complete 
| 161|0x00000000ea100000, 0x00000000ea200000, 0x00000000ea200000|100%| E|CS|TAMS 0x00000000ea100000| PB 0x00000000ea100000| Complete 
| 162|0x00000000ea200000, 0x00000000ea300000, 0x00000000ea300000|100%| E|CS|TAMS 0x00000000ea200000| PB 0x00000000ea200000| Complete 
| 163|0x00000000ea300000, 0x00000000ea400000, 0x00000000ea400000|100%| E|CS|TAMS 0x00000000ea300000| PB 0x00000000ea300000| Complete 
| 164|0x00000000ea400000, 0x00000000ea500000, 0x00000000ea500000|100%| E|CS|TAMS 0x00000000ea400000| PB 0x00000000ea400000| Complete 
| 165|0x00000000ea500000, 0x00000000ea600000, 0x00000000ea600000|100%| E|CS|TAMS 0x00000000ea500000| PB 0x00000000ea500000| Complete 
| 166|0x00000000ea600000, 0x00000000ea700000, 0x00000000ea700000|100%| E|CS|TAMS 0x00000000ea600000| PB 0x00000000ea600000| Complete 
| 167|0x00000000ea700000, 0x00000000ea800000, 0x00000000ea800000|100%| E|CS|TAMS 0x00000000ea700000| PB 0x00000000ea700000| Complete 
| 168|0x00000000ea800000, 0x00000000ea900000, 0x00000000ea900000|100%| E|CS|TAMS 0x00000000ea800000| PB 0x00000000ea800000| Complete 
| 169|0x00000000ea900000, 0x00000000eaa00000, 0x00000000eaa00000|100%| E|CS|TAMS 0x00000000ea900000| PB 0x00000000ea900000| Complete 
| 170|0x00000000eaa00000, 0x00000000eab00000, 0x00000000eab00000|100%| E|CS|TAMS 0x00000000eaa00000| PB 0x00000000eaa00000| Complete 
| 171|0x00000000eab00000, 0x00000000eac00000, 0x00000000eac00000|100%| E|CS|TAMS 0x00000000eab00000| PB 0x00000000eab00000| Complete 
| 172|0x00000000eac00000, 0x00000000ead00000, 0x00000000ead00000|100%| E|CS|TAMS 0x00000000eac00000| PB 0x00000000eac00000| Complete 
| 173|0x00000000ead00000, 0x00000000eae00000, 0x00000000eae00000|100%| E|CS|TAMS 0x00000000ead00000| PB 0x00000000ead00000| Complete 
| 174|0x00000000eae00000, 0x00000000eaf00000, 0x00000000eaf00000|100%| E|CS|TAMS 0x00000000eae00000| PB 0x00000000eae00000| Complete 
| 175|0x00000000eaf00000, 0x00000000eb000000, 0x00000000eb000000|100%| E|CS|TAMS 0x00000000eaf00000| PB 0x00000000eaf00000| Complete 
| 176|0x00000000eb000000, 0x00000000eb100000, 0x00000000eb100000|100%| E|CS|TAMS 0x00000000eb000000| PB 0x00000000eb000000| Complete 
| 177|0x00000000eb100000, 0x00000000eb200000, 0x00000000eb200000|100%| E|CS|TAMS 0x00000000eb100000| PB 0x00000000eb100000| Complete 
| 178|0x00000000eb200000, 0x00000000eb300000, 0x00000000eb300000|100%| E|CS|TAMS 0x00000000eb200000| PB 0x00000000eb200000| Complete 
| 179|0x00000000eb300000, 0x00000000eb400000, 0x00000000eb400000|100%| E|CS|TAMS 0x00000000eb300000| PB 0x00000000eb300000| Complete 
| 180|0x00000000eb400000, 0x00000000eb500000, 0x00000000eb500000|100%| E|CS|TAMS 0x00000000eb400000| PB 0x00000000eb400000| Complete 
| 181|0x00000000eb500000, 0x00000000eb600000, 0x00000000eb600000|100%| E|CS|TAMS 0x00000000eb500000| PB 0x00000000eb500000| Complete 
| 182|0x00000000eb600000, 0x00000000eb700000, 0x00000000eb700000|100%| E|CS|TAMS 0x00000000eb600000| PB 0x00000000eb600000| Complete 
| 183|0x00000000eb700000, 0x00000000eb800000, 0x00000000eb800000|100%| E|CS|TAMS 0x00000000eb700000| PB 0x00000000eb700000| Complete 
| 184|0x00000000eb800000, 0x00000000eb900000, 0x00000000eb900000|100%| E|CS|TAMS 0x00000000eb800000| PB 0x00000000eb800000| Complete 
| 185|0x00000000eb900000, 0x00000000eba00000, 0x00000000eba00000|100%| E|CS|TAMS 0x00000000eb900000| PB 0x00000000eb900000| Complete 
| 186|0x00000000eba00000, 0x00000000ebb00000, 0x00000000ebb00000|100%| E|CS|TAMS 0x00000000eba00000| PB 0x00000000eba00000| Complete 
| 187|0x00000000ebb00000, 0x00000000ebc00000, 0x00000000ebc00000|100%| E|CS|TAMS 0x00000000ebb00000| PB 0x00000000ebb00000| Complete 
| 188|0x00000000ebc00000, 0x00000000ebd00000, 0x00000000ebd00000|100%| E|CS|TAMS 0x00000000ebc00000| PB 0x00000000ebc00000| Complete 
| 189|0x00000000ebd00000, 0x00000000ebe00000, 0x00000000ebe00000|100%| E|CS|TAMS 0x00000000ebd00000| PB 0x00000000ebd00000| Complete 
| 190|0x00000000ebe00000, 0x00000000ebf00000, 0x00000000ebf00000|100%| E|CS|TAMS 0x00000000ebe00000| PB 0x00000000ebe00000| Complete 
| 191|0x00000000ebf00000, 0x00000000ec000000, 0x00000000ec000000|100%| E|CS|TAMS 0x00000000ebf00000| PB 0x00000000ebf00000| Complete 
| 192|0x00000000ec000000, 0x00000000ec100000, 0x00000000ec100000|100%| E|CS|TAMS 0x00000000ec000000| PB 0x00000000ec000000| Complete 
| 193|0x00000000ec100000, 0x00000000ec200000, 0x00000000ec200000|100%| E|CS|TAMS 0x00000000ec100000| PB 0x00000000ec100000| Complete 
| 194|0x00000000ec200000, 0x00000000ec300000, 0x00000000ec300000|100%| E|  |TAMS 0x00000000ec200000| PB 0x00000000ec200000| Complete 
| 195|0x00000000ec300000, 0x00000000ec400000, 0x00000000ec400000|100%| E|CS|TAMS 0x00000000ec300000| PB 0x00000000ec300000| Complete 
| 196|0x00000000ec400000, 0x00000000ec500000, 0x00000000ec500000|100%| E|CS|TAMS 0x00000000ec400000| PB 0x00000000ec400000| Complete 
| 197|0x00000000ec500000, 0x00000000ec600000, 0x00000000ec600000|100%| E|CS|TAMS 0x00000000ec500000| PB 0x00000000ec500000| Complete 
| 198|0x00000000ec600000, 0x00000000ec700000, 0x00000000ec700000|100%| E|CS|TAMS 0x00000000ec600000| PB 0x00000000ec600000| Complete 
| 199|0x00000000ec700000, 0x00000000ec800000, 0x00000000ec800000|100%| E|CS|TAMS 0x00000000ec700000| PB 0x00000000ec700000| Complete 
| 200|0x00000000ec800000, 0x00000000ec900000, 0x00000000ec900000|100%| E|CS|TAMS 0x00000000ec800000| PB 0x00000000ec800000| Complete 
| 201|0x00000000ec900000, 0x00000000eca00000, 0x00000000eca00000|100%| E|CS|TAMS 0x00000000ec900000| PB 0x00000000ec900000| Complete 
| 202|0x00000000eca00000, 0x00000000ecb00000, 0x00000000ecb00000|100%| E|CS|TAMS 0x00000000eca00000| PB 0x00000000eca00000| Complete 
| 203|0x00000000ecb00000, 0x00000000ecc00000, 0x00000000ecc00000|100%| E|CS|TAMS 0x00000000ecb00000| PB 0x00000000ecb00000| Complete 
| 204|0x00000000ecc00000, 0x00000000ecd00000, 0x00000000ecd00000|100%| E|CS|TAMS 0x00000000ecc00000| PB 0x00000000ecc00000| Complete 
| 205|0x00000000ecd00000, 0x00000000ece00000, 0x00000000ece00000|100%| E|CS|TAMS 0x00000000ecd00000| PB 0x00000000ecd00000| Complete 
| 206|0x00000000ece00000, 0x00000000ecf00000, 0x00000000ecf00000|100%| E|CS|TAMS 0x00000000ece00000| PB 0x00000000ece00000| Complete 
| 207|0x00000000ecf00000, 0x00000000ed000000, 0x00000000ed000000|100%| E|CS|TAMS 0x00000000ecf00000| PB 0x00000000ecf00000| Complete 
| 208|0x00000000ed000000, 0x00000000ed100000, 0x00000000ed100000|100%| E|CS|TAMS 0x00000000ed000000| PB 0x00000000ed000000| Complete 
| 209|0x00000000ed100000, 0x00000000ed200000, 0x00000000ed200000|100%| E|CS|TAMS 0x00000000ed100000| PB 0x00000000ed100000| Complete 
| 210|0x00000000ed200000, 0x00000000ed300000, 0x00000000ed300000|100%| E|CS|TAMS 0x00000000ed200000| PB 0x00000000ed200000| Complete 
| 211|0x00000000ed300000, 0x00000000ed400000, 0x00000000ed400000|100%| E|CS|TAMS 0x00000000ed300000| PB 0x00000000ed300000| Complete 
| 212|0x00000000ed400000, 0x00000000ed500000, 0x00000000ed500000|100%| E|CS|TAMS 0x00000000ed400000| PB 0x00000000ed400000| Complete 
| 213|0x00000000ed500000, 0x00000000ed600000, 0x00000000ed600000|100%| E|CS|TAMS 0x00000000ed500000| PB 0x00000000ed500000| Complete 
| 214|0x00000000ed600000, 0x00000000ed700000, 0x00000000ed700000|100%| E|CS|TAMS 0x00000000ed600000| PB 0x00000000ed600000| Complete 
| 215|0x00000000ed700000, 0x00000000ed800000, 0x00000000ed800000|100%| E|CS|TAMS 0x00000000ed700000| PB 0x00000000ed700000| Complete 
| 216|0x00000000ed800000, 0x00000000ed900000, 0x00000000ed900000|100%| E|CS|TAMS 0x00000000ed800000| PB 0x00000000ed800000| Complete 
| 217|0x00000000ed900000, 0x00000000eda00000, 0x00000000eda00000|100%| E|CS|TAMS 0x00000000ed900000| PB 0x00000000ed900000| Complete 
| 218|0x00000000eda00000, 0x00000000edb00000, 0x00000000edb00000|100%| E|CS|TAMS 0x00000000eda00000| PB 0x00000000eda00000| Complete 
| 219|0x00000000edb00000, 0x00000000edc00000, 0x00000000edc00000|100%| E|CS|TAMS 0x00000000edb00000| PB 0x00000000edb00000| Complete 
| 220|0x00000000edc00000, 0x00000000edd00000, 0x00000000edd00000|100%| E|CS|TAMS 0x00000000edc00000| PB 0x00000000edc00000| Complete 
| 221|0x00000000edd00000, 0x00000000ede00000, 0x00000000ede00000|100%| E|CS|TAMS 0x00000000edd00000| PB 0x00000000edd00000| Complete 
| 222|0x00000000ede00000, 0x00000000edf00000, 0x00000000edf00000|100%| E|CS|TAMS 0x00000000ede00000| PB 0x00000000ede00000| Complete 
| 223|0x00000000edf00000, 0x00000000ee000000, 0x00000000ee000000|100%| E|CS|TAMS 0x00000000edf00000| PB 0x00000000edf00000| Complete 
| 224|0x00000000ee000000, 0x00000000ee100000, 0x00000000ee100000|100%| E|CS|TAMS 0x00000000ee000000| PB 0x00000000ee000000| Complete 
| 225|0x00000000ee100000, 0x00000000ee200000, 0x00000000ee200000|100%| E|CS|TAMS 0x00000000ee100000| PB 0x00000000ee100000| Complete 
| 226|0x00000000ee200000, 0x00000000ee300000, 0x00000000ee300000|100%| E|CS|TAMS 0x00000000ee200000| PB 0x00000000ee200000| Complete 
| 227|0x00000000ee300000, 0x00000000ee400000, 0x00000000ee400000|100%| E|CS|TAMS 0x00000000ee300000| PB 0x00000000ee300000| Complete 
| 228|0x00000000ee400000, 0x00000000ee500000, 0x00000000ee500000|100%| E|CS|TAMS 0x00000000ee400000| PB 0x00000000ee400000| Complete 
| 229|0x00000000ee500000, 0x00000000ee600000, 0x00000000ee600000|100%| E|CS|TAMS 0x00000000ee500000| PB 0x00000000ee500000| Complete 
| 230|0x00000000ee600000, 0x00000000ee700000, 0x00000000ee700000|100%| E|CS|TAMS 0x00000000ee600000| PB 0x00000000ee600000| Complete 
| 231|0x00000000ee700000, 0x00000000ee800000, 0x00000000ee800000|100%| E|CS|TAMS 0x00000000ee700000| PB 0x00000000ee700000| Complete 
| 232|0x00000000ee800000, 0x00000000ee900000, 0x00000000ee900000|100%| E|CS|TAMS 0x00000000ee800000| PB 0x00000000ee800000| Complete 
| 233|0x00000000ee900000, 0x00000000eea00000, 0x00000000eea00000|100%| E|CS|TAMS 0x00000000ee900000| PB 0x00000000ee900000| Complete 
| 234|0x00000000eea00000, 0x00000000eeaa1028, 0x00000000eeb00000| 62%| S|CS|TAMS 0x00000000eea00000| PB 0x00000000eea00000| Complete 
| 235|0x00000000eeb00000, 0x00000000eec00000, 0x00000000eec00000|100%| S|CS|TAMS 0x00000000eeb00000| PB 0x00000000eeb00000| Complete 
| 236|0x00000000eec00000, 0x00000000eed00000, 0x00000000eed00000|100%| S|CS|TAMS 0x00000000eec00000| PB 0x00000000eec00000| Complete 
| 237|0x00000000eed00000, 0x00000000eee00000, 0x00000000eee00000|100%| S|CS|TAMS 0x00000000eed00000| PB 0x00000000eed00000| Complete 
| 238|0x00000000eee00000, 0x00000000eef00000, 0x00000000eef00000|100%| S|CS|TAMS 0x00000000eee00000| PB 0x00000000eee00000| Complete 
| 239|0x00000000eef00000, 0x00000000ef000000, 0x00000000ef000000|100%| S|CS|TAMS 0x00000000eef00000| PB 0x00000000eef00000| Complete 
| 240|0x00000000ef000000, 0x00000000ef100000, 0x00000000ef100000|100%| S|CS|TAMS 0x00000000ef000000| PB 0x00000000ef000000| Complete 
| 241|0x00000000ef100000, 0x00000000ef200000, 0x00000000ef200000|100%| S|CS|TAMS 0x00000000ef100000| PB 0x00000000ef100000| Complete 
| 242|0x00000000ef200000, 0x00000000ef300000, 0x00000000ef300000|100%| S|CS|TAMS 0x00000000ef200000| PB 0x00000000ef200000| Complete 
| 243|0x00000000ef300000, 0x00000000ef400000, 0x00000000ef400000|100%| E|CS|TAMS 0x00000000ef300000| PB 0x00000000ef300000| Complete 
| 244|0x00000000ef400000, 0x00000000ef500000, 0x00000000ef500000|100%| E|CS|TAMS 0x00000000ef400000| PB 0x00000000ef400000| Complete 
| 245|0x00000000ef500000, 0x00000000ef600000, 0x00000000ef600000|100%| E|CS|TAMS 0x00000000ef500000| PB 0x00000000ef500000| Complete 
| 246|0x00000000ef600000, 0x00000000ef700000, 0x00000000ef700000|100%| E|CS|TAMS 0x00000000ef600000| PB 0x00000000ef600000| Complete 
| 247|0x00000000ef700000, 0x00000000ef800000, 0x00000000ef800000|100%| E|CS|TAMS 0x00000000ef700000| PB 0x00000000ef700000| Complete 
| 248|0x00000000ef800000, 0x00000000ef900000, 0x00000000ef900000|100%| E|CS|TAMS 0x00000000ef800000| PB 0x00000000ef800000| Complete 
| 249|0x00000000ef900000, 0x00000000efa00000, 0x00000000efa00000|100%| E|CS|TAMS 0x00000000ef900000| PB 0x00000000ef900000| Complete 
| 250|0x00000000efa00000, 0x00000000efb00000, 0x00000000efb00000|100%| E|CS|TAMS 0x00000000efa00000| PB 0x00000000efa00000| Complete 
| 251|0x00000000efb00000, 0x00000000efc00000, 0x00000000efc00000|100%| E|CS|TAMS 0x00000000efb00000| PB 0x00000000efb00000| Complete 
| 252|0x00000000efc00000, 0x00000000efd00000, 0x00000000efd00000|100%| E|CS|TAMS 0x00000000efc00000| PB 0x00000000efc00000| Complete 
| 253|0x00000000efd00000, 0x00000000efe00000, 0x00000000efe00000|100%| E|CS|TAMS 0x00000000efd00000| PB 0x00000000efd00000| Complete 
| 254|0x00000000efe00000, 0x00000000eff00000, 0x00000000eff00000|100%| E|CS|TAMS 0x00000000efe00000| PB 0x00000000efe00000| Complete 
| 255|0x00000000eff00000, 0x00000000f0000000, 0x00000000f0000000|100%| E|CS|TAMS 0x00000000eff00000| PB 0x00000000eff00000| Complete 

Card table byte_map: [0x000001aff6360000,0x000001aff6460000] _byte_map_base: 0x000001aff5c60000

Marking Bits: (CMBitMap*) 0x000001afe3d5b6c0
 Bits: [0x000001aff6460000, 0x000001aff6c60000)

Polling page: 0x000001afe1a10000

Metaspace:

Usage:
  Non-class:     39.16 MB used.
      Class:      6.59 MB used.
       Both:     45.75 MB used.

Virtual space:
  Non-class space:       64.00 MB reserved,      39.94 MB ( 62%) committed,  1 nodes.
      Class space:      320.00 MB reserved,       7.38 MB (  2%) committed,  1 nodes.
             Both:      384.00 MB reserved,      47.31 MB ( 12%) committed. 

Chunk freelists:
   Non-Class:  7.97 MB
       Class:  8.62 MB
        Both:  16.59 MB

MaxMetaspaceSize: 384.00 MB
CompressedClassSpaceSize: 320.00 MB
Initial GC threshold: 21.00 MB
Current GC threshold: 60.00 MB
CDS: on
 - commit_granule_bytes: 65536.
 - commit_granule_words: 8192.
 - virtual_space_node_default_size: 8388608.
 - enlarge_chunks_in_place: 1.
 - use_allocation_guard: 0.


Internal statistics:

num_allocs_failed_limit: 12.
num_arena_births: 2882.
num_arena_deaths: 4.
num_vsnodes_births: 2.
num_vsnodes_deaths: 0.
num_space_committed: 757.
num_space_uncommitted: 0.
num_chunks_returned_to_freelist: 16.
num_chunks_taken_from_freelist: 5102.
num_chunk_merges: 12.
num_chunk_splits: 3317.
num_chunks_enlarged: 1994.
num_inconsistent_stats: 0.

CodeHeap 'non-profiled nmethods': size=120000Kb used=3354Kb max_used=3354Kb free=116645Kb
 bounds [0x000001afeea00000, 0x000001afeed50000, 0x000001aff5f30000]
CodeHeap 'profiled nmethods': size=120000Kb used=9594Kb max_used=9742Kb free=110406Kb
 bounds [0x000001afe6f30000, 0x000001afe78d0000, 0x000001afee460000]
CodeHeap 'non-nmethods': size=5760Kb used=2797Kb max_used=2811Kb free=2962Kb
 bounds [0x000001afee460000, 0x000001afee730000, 0x000001afeea00000]
CodeCache: size=245760Kb, used=15745Kb, max_used=15907Kb, free=230013Kb
 total_blobs=5914, nmethods=5054, adapters=764, full_count=0
Compilation: enabled, stopped_count=0, restarted_count=0

Compilation events (20 events):
Event: 639.722 Thread 0x000001aff96f1c00 nmethod 5621 0x000001afe7042010 code [0x000001afe7042260, 0x000001afe7042c60]
Event: 639.802 Thread 0x000001aff96ed700 5622       4       java.util.ArrayList::<init> (65 bytes)
Event: 639.824 Thread 0x000001aff96ed700 nmethod 5622 0x000001afeed43510 code [0x000001afeed436e0, 0x000001afeed43e98]
Event: 640.702 Thread 0x000001aff96f1c00 5623       1       com.google.common.cache.LocalCache$StrongAccessEntry::getNextInAccessQueue (5 bytes)
Event: 640.702 Thread 0x000001aff96f1c00 nmethod 5623 0x000001afeed44090 code [0x000001afeed44220, 0x000001afeed442e8]
Event: 640.702 Thread 0x000001aff96f1c00 5624       1       com.google.common.cache.LocalCache$StrongAccessEntry::setPreviousInAccessQueue (6 bytes)
Event: 640.703 Thread 0x000001aff96f1c00 nmethod 5624 0x000001afeed44390 code [0x000001afeed44520, 0x000001afeed44630]
Event: 641.478 Thread 0x000001aff96f1c00 5625       1       org.gradle.api.attributes.Attribute::hashCode (5 bytes)
Event: 641.478 Thread 0x000001aff96f1c00 nmethod 5625 0x000001afeed44690 code [0x000001afeed44820, 0x000001afeed448e8]
Event: 642.023 Thread 0x000001aff96ed700 5626       4       java.util.LinkedHashMap$LinkedHashIterator::<init> (47 bytes)
Event: 642.023 Thread 0x000001aff96f1c00 5627       1       org.gradle.api.attributes.Attribute::getName (5 bytes)
Event: 642.023 Thread 0x000001aff96f1c00 nmethod 5627 0x000001afeed44990 code [0x000001afeed44b20, 0x000001afeed44be8]
Event: 642.030 Thread 0x000001aff96ed700 nmethod 5626 0x000001afeed44c90 code [0x000001afeed44e20, 0x000001afeed45128]
Event: 642.031 Thread 0x000001aff96ed700 5628       4       jdk.internal.org.objectweb.asm.ClassWriter::toByteArray (1517 bytes)
Event: 642.038 Thread 0x000001aff96f1c00 5629       3       com.google.common.collect.AbstractIndexedListIterator::<init> (21 bytes)
Event: 642.039 Thread 0x000001aff96f1c00 nmethod 5629 0x000001afe7222c10 code [0x000001afe7222de0, 0x000001afe72230c0]
Event: 642.039 Thread 0x000001aff96f1c00 5631       3       com.google.common.collect.RegularImmutableMap::get (64 bytes)
Event: 642.040 Thread 0x000001aff96f1c00 nmethod 5631 0x000001afe6f38890 code [0x000001afe6f38aa0, 0x000001afe6f39030]
Event: 642.040 Thread 0x000001aff96f1c00 5630       3       com.google.common.collect.UnmodifiableListIterator::<init> (5 bytes)
Event: 642.040 Thread 0x000001aff96f1c00 nmethod 5630 0x000001afe6f38410 code [0x000001afe6f385c0, 0x000001afe6f38788]

GC Heap History (14 events):
Event: 122.058 GC heap before
{Heap before GC invocations=0 (full 0):
 garbage-first heap   total 262144K, used 23552K [0x00000000e0000000, 0x0000000100000000)
  region size 1024K, 23 young (23552K), 0 survivors (0K)
 Metaspace       used 951K, committed 1088K, reserved 393216K
  class space    used 74K, committed 128K, reserved 327680K
}
Event: 125.062 GC heap after
{Heap after GC invocations=1 (full 0):
 garbage-first heap   total 262144K, used 1535K [0x00000000e0000000, 0x0000000100000000)
  region size 1024K, 2 young (2048K), 2 survivors (2048K)
 Metaspace       used 951K, committed 1088K, reserved 393216K
  class space    used 74K, committed 128K, reserved 327680K
}
Event: 227.935 GC heap before
{Heap before GC invocations=1 (full 0):
 garbage-first heap   total 262144K, used 40447K [0x00000000e0000000, 0x0000000100000000)
  region size 1024K, 38 young (38912K), 2 survivors (2048K)
 Metaspace       used 4384K, committed 4544K, reserved 393216K
  class space    used 558K, committed 640K, reserved 327680K
}
Event: 227.948 GC heap after
{Heap after GC invocations=2 (full 0):
 garbage-first heap   total 262144K, used 11179K [0x00000000e0000000, 0x0000000100000000)
  region size 1024K, 5 young (5120K), 5 survivors (5120K)
 Metaspace       used 4384K, committed 4544K, reserved 393216K
  class space    used 558K, committed 640K, reserved 327680K
}
Event: 346.640 GC heap before
{Heap before GC invocations=2 (full 0):
 garbage-first heap   total 262144K, used 70571K [0x00000000e0000000, 0x0000000100000000)
  region size 1024K, 61 young (62464K), 5 survivors (5120K)
 Metaspace       used 7223K, committed 7552K, reserved 393216K
  class space    used 989K, committed 1152K, reserved 327680K
}
Event: 346.663 GC heap after
{Heap after GC invocations=3 (full 0):
 garbage-first heap   total 262144K, used 18413K [0x00000000e0000000, 0x0000000100000000)
  region size 1024K, 7 young (7168K), 7 survivors (7168K)
 Metaspace       used 7223K, committed 7552K, reserved 393216K
  class space    used 989K, committed 1152K, reserved 327680K
}
Event: 428.206 GC heap before
{Heap before GC invocations=3 (full 0):
 garbage-first heap   total 262144K, used 106477K [0x00000000e0000000, 0x0000000100000000)
  region size 1024K, 94 young (96256K), 7 survivors (7168K)
 Metaspace       used 20866K, committed 21504K, reserved 393216K
  class space    used 3063K, committed 3392K, reserved 327680K
}
Event: 428.238 GC heap after
{Heap after GC invocations=4 (full 0):
 garbage-first heap   total 262144K, used 24388K [0x00000000e0000000, 0x0000000100000000)
  region size 1024K, 12 young (12288K), 12 survivors (12288K)
 Metaspace       used 20866K, committed 21504K, reserved 393216K
  class space    used 3063K, committed 3392K, reserved 327680K
}
Event: 544.458 GC heap before
{Heap before GC invocations=5 (full 0):
 garbage-first heap   total 262144K, used 143172K [0x00000000e0000000, 0x0000000100000000)
  region size 1024K, 130 young (133120K), 12 survivors (12288K)
 Metaspace       used 35141K, committed 36160K, reserved 393216K
  class space    used 5058K, committed 5568K, reserved 327680K
}
Event: 544.557 GC heap after
{Heap after GC invocations=6 (full 0):
 garbage-first heap   total 262144K, used 32932K [0x00000000e0000000, 0x0000000100000000)
  region size 1024K, 15 young (15360K), 15 survivors (15360K)
 Metaspace       used 35141K, committed 36160K, reserved 393216K
  class space    used 5058K, committed 5568K, reserved 327680K
}
Event: 546.015 GC heap before
{Heap before GC invocations=6 (full 0):
 garbage-first heap   total 262144K, used 36004K [0x00000000e0000000, 0x0000000100000000)
  region size 1024K, 19 young (19456K), 15 survivors (15360K)
 Metaspace       used 35382K, committed 36480K, reserved 393216K
  class space    used 5094K, committed 5632K, reserved 327680K
}
Event: 546.053 GC heap after
{Heap after GC invocations=7 (full 0):
 garbage-first heap   total 262144K, used 32316K [0x00000000e0000000, 0x0000000100000000)
  region size 1024K, 9 young (9216K), 9 survivors (9216K)
 Metaspace       used 35382K, committed 36480K, reserved 393216K
  class space    used 5094K, committed 5632K, reserved 327680K
}
Event: 548.472 GC heap before
{Heap before GC invocations=7 (full 0):
 garbage-first heap   total 262144K, used 35388K [0x00000000e0000000, 0x0000000100000000)
  region size 1024K, 13 young (13312K), 9 survivors (9216K)
 Metaspace       used 35677K, committed 36800K, reserved 393216K
  class space    used 5144K, committed 5696K, reserved 327680K
}
Event: 548.494 GC heap after
{Heap after GC invocations=8 (full 0):
 garbage-first heap   total 262144K, used 32388K [0x00000000e0000000, 0x0000000100000000)
  region size 1024K, 9 young (9216K), 9 survivors (9216K)
 Metaspace       used 35677K, committed 36800K, reserved 393216K
  class space    used 5144K, committed 5696K, reserved 327680K
}

Dll operation events (20 events):
Event: 8.327 Attempting to load shared library C:\Users\duiph\.cursor\extensions\redhat.java-1.56.0-win32-x64\jre\21.0.12.1-win32-x86_64\bin\nio.dll
Event: 8.372 Loaded shared library C:\Users\duiph\.cursor\extensions\redhat.java-1.56.0-win32-x64\jre\21.0.12.1-win32-x86_64\bin\nio.dll
Event: 8.902 Attempting to load shared library C:\Users\duiph\.cursor\extensions\redhat.java-1.56.0-win32-x64\jre\21.0.12.1-win32-x86_64\bin\zip.dll
Event: 8.902 Loaded shared library C:\Users\duiph\.cursor\extensions\redhat.java-1.56.0-win32-x64\jre\21.0.12.1-win32-x86_64\bin\zip.dll
Event: 107.793 Attempting to load shared library C:\Users\duiph\.cursor\extensions\redhat.java-1.56.0-win32-x64\jre\21.0.12.1-win32-x86_64\bin\jimage.dll
Event: 107.793 Loaded shared library C:\Users\duiph\.cursor\extensions\redhat.java-1.56.0-win32-x64\jre\21.0.12.1-win32-x86_64\bin\jimage.dll
Event: 164.528 Attempting to load shared library C:\Users\duiph\.cursor\extensions\redhat.java-1.56.0-win32-x64\jre\21.0.12.1-win32-x86_64\bin\verify.dll
Event: 164.829 Loaded shared library C:\Users\duiph\.cursor\extensions\redhat.java-1.56.0-win32-x64\jre\21.0.12.1-win32-x86_64\bin\verify.dll
Event: 169.900 Attempting to load shared library C:\Users\duiph\.gradle\native\1def1411415f61bf3af743bc5b6707747c0891f09f0c88961ee8f79bc544acac\windows-amd64\native-platform.dll
Event: 170.024 Loaded shared library C:\Users\duiph\.gradle\native\1def1411415f61bf3af743bc5b6707747c0891f09f0c88961ee8f79bc544acac\windows-amd64\native-platform.dll
Event: 170.908 Attempting to load shared library C:\Users\duiph\.gradle\native\0.2.7\x86_64-windows-gnu\gradle-fileevents.dll
Event: 170.939 Loaded shared library C:\Users\duiph\.gradle\native\0.2.7\x86_64-windows-gnu\gradle-fileevents.dll
Event: 340.622 Attempting to load shared library C:\Users\duiph\.cursor\extensions\redhat.java-1.56.0-win32-x64\jre\21.0.12.1-win32-x86_64\bin\management.dll
Event: 341.157 Loaded shared library C:\Users\duiph\.cursor\extensions\redhat.java-1.56.0-win32-x64\jre\21.0.12.1-win32-x86_64\bin\management.dll
Event: 341.685 Attempting to load shared library C:\Users\duiph\.cursor\extensions\redhat.java-1.56.0-win32-x64\jre\21.0.12.1-win32-x86_64\bin\management_ext.dll
Event: 341.951 Loaded shared library C:\Users\duiph\.cursor\extensions\redhat.java-1.56.0-win32-x64\jre\21.0.12.1-win32-x86_64\bin\management_ext.dll
Event: 350.688 Attempting to load shared library C:\Users\duiph\.cursor\extensions\redhat.java-1.56.0-win32-x64\jre\21.0.12.1-win32-x86_64\bin\extnet.dll
Event: 350.958 Loaded shared library C:\Users\duiph\.cursor\extensions\redhat.java-1.56.0-win32-x64\jre\21.0.12.1-win32-x86_64\bin\extnet.dll
Event: 372.526 Attempting to load shared library C:\Users\duiph\.cursor\extensions\redhat.java-1.56.0-win32-x64\jre\21.0.12.1-win32-x86_64\bin\sunmscapi.dll
Event: 372.911 Loaded shared library C:\Users\duiph\.cursor\extensions\redhat.java-1.56.0-win32-x64\jre\21.0.12.1-win32-x86_64\bin\sunmscapi.dll

Deoptimization events (20 events):
Event: 623.087 Thread 0x000001afff770380 Uncommon trap: trap_request=0xffffffc6 fr.pc=0x000001afeec0685c relative=0x00000000000002fc
Event: 623.087 Thread 0x000001afff770380 Uncommon trap: reason=bimorphic_or_optimized_type_check action=maybe_recompile pc=0x000001afeec0685c method=com.google.common.base.CharMatcher.indexIn(Ljava/lang/CharSequence;I)I @ 31 c2
Event: 623.087 Thread 0x000001afff770380 DEOPT PACKING pc=0x000001afeec0685c sp=0x0000009d0d0f8260
Event: 623.087 Thread 0x000001afff770380 DEOPT UNPACKING pc=0x000001afee4b7ba2 sp=0x0000009d0d0f8208 mode 2
Event: 623.639 Thread 0x000001afff770380 Uncommon trap: trap_request=0xffffff45 fr.pc=0x000001afeed07e34 relative=0x0000000000005694
Event: 623.639 Thread 0x000001afff770380 Uncommon trap: reason=unstable_if action=reinterpret pc=0x000001afeed07e34 method=java.lang.invoke.InvokerBytecodeGenerator.addMethod()V @ 81 c2
Event: 623.639 Thread 0x000001afff770380 DEOPT PACKING pc=0x000001afeed07e34 sp=0x0000009d0d0f7b30
Event: 623.639 Thread 0x000001afff770380 DEOPT UNPACKING pc=0x000001afee4b7ba2 sp=0x0000009d0d0f7b20 mode 2
Event: 623.640 Thread 0x000001afff770380 Uncommon trap: trap_request=0xffffff45 fr.pc=0x000001afeea86698 relative=0x0000000000000258
Event: 623.640 Thread 0x000001afff770380 Uncommon trap: reason=unstable_if action=reinterpret pc=0x000001afeea86698 method=org.objectweb.asm.Frame.push(I)V @ 26 c2
Event: 623.640 Thread 0x000001afff770380 DEOPT PACKING pc=0x000001afeea86698 sp=0x0000009d0d0f85d0
Event: 623.640 Thread 0x000001afff770380 DEOPT UNPACKING pc=0x000001afee4b7ba2 sp=0x0000009d0d0f8578 mode 2
Event: 623.759 Thread 0x000001afff770380 Uncommon trap: trap_request=0xffffffc6 fr.pc=0x000001afeec0685c relative=0x00000000000002fc
Event: 623.759 Thread 0x000001afff770380 Uncommon trap: reason=bimorphic_or_optimized_type_check action=maybe_recompile pc=0x000001afeec0685c method=com.google.common.base.CharMatcher.indexIn(Ljava/lang/CharSequence;I)I @ 31 c2
Event: 623.759 Thread 0x000001afff770380 DEOPT PACKING pc=0x000001afeec0685c sp=0x0000009d0d0f8fb0
Event: 623.759 Thread 0x000001afff770380 DEOPT UNPACKING pc=0x000001afee4b7ba2 sp=0x0000009d0d0f8f58 mode 2
Event: 629.445 Thread 0x000001afff770380 DEOPT PACKING pc=0x000001afe702e4d9 sp=0x0000009d0d0f7d40
Event: 629.445 Thread 0x000001afff770380 DEOPT UNPACKING pc=0x000001afee4b86e2 sp=0x0000009d0d0f71d8 mode 0
Event: 639.715 Thread 0x000001afff528580 DEOPT PACKING pc=0x000001afe75095d4 sp=0x0000009d0cbfe410
Event: 639.716 Thread 0x000001afff528580 DEOPT UNPACKING pc=0x000001afee4b86e2 sp=0x0000009d0cbfd8d0 mode 0

Classes loaded (20 events):
Event: 563.653 Loading class java/security/cert/CertificateParsingException
Event: 563.653 Loading class java/security/cert/CertificateException
Event: 563.653 Loading class java/security/cert/CertificateException done
Event: 563.653 Loading class java/security/cert/CertificateParsingException done
Event: 621.553 Loading class com/sun/beans/finder/MethodFinder
Event: 621.553 Loading class com/sun/beans/finder/AbstractFinder
Event: 621.554 Loading class com/sun/beans/finder/AbstractFinder done
Event: 621.554 Loading class com/sun/beans/finder/MethodFinder done
Event: 621.554 Loading class com/sun/beans/finder/MethodFinder$1
Event: 621.554 Loading class com/sun/beans/finder/MethodFinder$1 done
Event: 621.554 Loading class com/sun/beans/finder/FinderUtils
Event: 621.554 Loading class com/sun/beans/finder/FinderUtils done
Event: 622.478 Loading class sun/reflect/MagicAccessorImpl
Event: 622.478 Loading class sun/reflect/MagicAccessorImpl done
Event: 622.902 Loading class java/util/function/IntBinaryOperator
Event: 622.905 Loading class java/util/function/IntBinaryOperator done
Event: 629.770 Loading class java/io/DeleteOnExitHook
Event: 629.771 Loading class java/io/DeleteOnExitHook done
Event: 629.771 Loading class java/io/DeleteOnExitHook$1
Event: 629.772 Loading class java/io/DeleteOnExitHook$1 done

Classes unloaded (2 events):
Event: 548.622 Thread 0x000001aff96c46f0 Unloading class 0x000001af81002000 'java/lang/invoke/LambdaForm$MH+0x000001af81002000'
Event: 548.622 Thread 0x000001aff96c46f0 Unloading class 0x000001af81001c00 'java/lang/invoke/LambdaForm$MH+0x000001af81001c00'

Classes redefined (0 events):
No events

Internal exceptions (20 events):
Event: 621.508 Thread 0x000001afff770380 Exception <a 'java/lang/ClassNotFoundException'{0x00000000eb9e3d78}: groovy/lang/ClosureBeanInfo> (0x00000000eb9e3d78) 
thrown [s\src\hotspot\share\classfile\systemDictionary.cpp, line 313]
Event: 621.542 Thread 0x000001afff770380 Exception <a 'java/lang/ClassNotFoundException'{0x00000000eb9f2c48}: groovy/lang/ClosureCustomizer> (0x00000000eb9f2c48) 
thrown [s\src\hotspot\share\classfile\systemDictionary.cpp, line 313]
Event: 621.552 Thread 0x000001afff770380 Exception <a 'java/lang/ClassNotFoundException'{0x00000000eb825f80}: groovy/lang/Closure$1Customizer> (0x00000000eb825f80) 
thrown [s\src\hotspot\share\classfile\systemDictionary.cpp, line 313]
Event: 622.834 Thread 0x000001afff770380 Exception <a 'java/lang/ClassNotFoundException'{0x00000000eb55bfd0}: org/gradle/internal/metaobject/ConfigureDelegateBeanInfo> (0x00000000eb55bfd0) 
thrown [s\src\hotspot\share\classfile\systemDictionary.cpp, line 313]
Event: 622.837 Thread 0x000001afff770380 Exception <a 'java/lang/ClassNotFoundException'{0x00000000eb56b820}: org/gradle/internal/metaobject/ConfigureDelegateCustomizer> (0x00000000eb56b820) 
thrown [s\src\hotspot\share\classfile\systemDictionary.cpp, line 313]
Event: 622.995 Thread 0x000001afff770380 Exception <a 'java/lang/ClassNotFoundException'{0x00000000eb4195e8}: org/gradle/plugin/use/internal/PluginRequestCollector$PluginDependenciesSpecImplBeanInfo> (0x00000000eb4195e8) 
thrown [s\src\hotspot\share\classfile\systemDictionary.cpp, line 313]
Event: 623.008 Thread 0x000001afff770380 Exception <a 'java/lang/ClassNotFoundException'{0x00000000eb42a308}: org/gradle/plugin/use/internal/PluginRequestCollector$PluginDependenciesSpecImplCustomizer> (0x00000000eb42a308) 
thrown [s\src\hotspot\share\classfile\systemDictionary.cpp, line 313]
Event: 623.015 Thread 0x000001afff770380 Exception <a 'java/lang/NoSuchMethodError'{0x00000000eb438f70}: 'java.lang.Object java.lang.invoke.DirectMethodHandle$Holder.invokeVirtual(java.lang.Object, java.lang.Object, java.lang.Object, int)'> (0x00000000eb438f70) 
thrown [s\src\hotspot\share\interpreter\linkResolver.cpp, line 773]
Event: 623.055 Thread 0x000001afff770380 Exception <a 'java/lang/ClassNotFoundException'{0x00000000eb489088}: org/gradle/plugin/use/internal/PluginRequestCollector$PluginDependencySpecImplBeanInfo> (0x00000000eb489088) 
thrown [s\src\hotspot\share\classfile\systemDictionary.cpp, line 313]
Event: 623.076 Thread 0x000001afff770380 Exception <a 'java/lang/ClassNotFoundException'{0x00000000eb499208}: org/gradle/plugin/use/internal/PluginRequestCollector$PluginDependencySpecImplCustomizer> (0x00000000eb499208) 
thrown [s\src\hotspot\share\classfile\systemDictionary.cpp, line 313]
Event: 623.632 Thread 0x000001afff770380 Exception <a 'java/lang/NoSuchMethodError'{0x00000000eb1bdb90}: 'java.lang.Object java.lang.invoke.DirectMethodHandle$Holder.newInvokeSpecial(java.lang.Object, java.lang.Object, java.lang.Object, java.lang.Object, int)'> (0x00000000eb1bdb90) 
thrown [s\src\hotspot\share\interpreter\linkResolver.cpp, line 773]
Event: 623.633 Thread 0x000001afff770380 Exception <a 'java/lang/NoSuchMethodError'{0x00000000eb1c28d8}: 'java.lang.Object java.lang.invoke.DirectMethodHandle$Holder.invokeSpecial(java.lang.Object, java.lang.Object, java.lang.Object, java.lang.Object, java.lang.Object, int)'> (0x00000000eb1c28d8) 
thrown [s\src\hotspot\share\interpreter\linkResolver.cpp, line 773]
Event: 623.634 Thread 0x000001afff770380 Exception <a 'java/lang/NoSuchMethodError'{0x00000000eb1c6fd8}: 'java.lang.Object java.lang.invoke.Invokers$Holder.linkToTargetMethod(java.lang.Object, java.lang.Object, java.lang.Object, int, java.lang.Object)'> (0x00000000eb1c6fd8) 
thrown [s\src\hotspot\share\interpreter\linkResolver.cpp, line 773]
Event: 625.806 Thread 0x000001afff770380 Exception <a 'java/lang/NoSuchMethodError'{0x00000000eab16010}: 'java.lang.Object java.lang.invoke.DirectMethodHandle$Holder.newInvokeSpecial(java.lang.Object, java.lang.Object, java.lang.Object, java.lang.Object, java.lang.Object, java.lang.Object, java.lang.Object, java.lang.Object, java.lang.Object, java.lang.Object, java.lang.Object, java.lang.Object, java.lang.Object, java.lang.Object, java.lang.Object, java.lang.Object, java.lang.Object, java.lang.Object, java.lang.Object, java.lang.Object, java.lang
Event: 625.808 Thread 0x000001afff770380 Exception <a 'java/lang/NoSuchMethodError'{0x00000000eab1dbd8}: 'java.lang.Object java.lang.invoke.DirectMethodHandle$Holder.invokeSpecial(java.lang.Object, java.lang.Object, java.lang.Object, java.lang.Object, java.lang.Object, java.lang.Object, java.lang.Object, java.lang.Object, java.lang.Object, java.lang.Object, java.lang.Object, java.lang.Object, java.lang.Object, java.lang.Object, java.lang.Object, java.lang.Object, java.lang.Object, java.lang.Object, java.lang.Object, java.lang.Object, java.lang.Ob
Event: 625.809 Thread 0x000001afff770380 Exception <a 'java/lang/NoSuchMethodError'{0x00000000eab23ef0}: 'java.lang.Object java.lang.invoke.DelegatingMethodHandle$Holder.reinvoke_L(java.lang.Object, java.lang.Object, java.lang.Object, java.lang.Object, java.lang.Object, java.lang.Object, java.lang.Object, java.lang.Object, java.lang.Object, java.lang.Object, java.lang.Object, java.lang.Object, java.lang.Object, java.lang.Object, java.lang.Object, java.lang.Object, java.lang.Object, java.lang.Object, java.lang.Object, java.lang.Object, java.lang.O
Event: 626.706 Thread 0x000001afff770380 Exception <a 'java/lang/NoSuchMethodError'{0x00000000ea82bf50}: 'java.lang.Object java.lang.invoke.DirectMethodHandle$Holder.newInvokeSpecial(java.lang.Object, java.lang.Object, java.lang.Object, int, java.lang.Object)'> (0x00000000ea82bf50) 
thrown [s\src\hotspot\share\interpreter\linkResolver.cpp, line 773]
Event: 626.708 Thread 0x000001afff770380 Exception <a 'java/lang/NoSuchMethodError'{0x00000000ea833ca0}: 'java.lang.Object java.lang.invoke.Invokers$Holder.linkToTargetMethod(java.lang.Object, java.lang.Object, int, java.lang.Object, java.lang.Object)'> (0x00000000ea833ca0) 
thrown [s\src\hotspot\share\interpreter\linkResolver.cpp, line 773]
Event: 627.780 Thread 0x000001afff770380 Exception <a 'java/lang/NoSuchMethodError'{0x00000000ea6f8788}: 'java.lang.Object java.lang.invoke.DirectMethodHandle$Holder.newInvokeSpecial(java.lang.Object, int, java.lang.Object)'> (0x00000000ea6f8788) 
thrown [s\src\hotspot\share\interpreter\linkResolver.cpp, line 773]
Event: 639.380 Thread 0x000001afff770380 Exception <a 'java/lang/NoSuchMethodError'{0x00000000e9c88340}: 'int java.lang.invoke.DirectMethodHandle$Holder.invokeSpecialIFC(java.lang.Object, java.lang.Object, java.lang.Object)'> (0x00000000e9c88340) 
thrown [s\src\hotspot\share\interpreter\linkResolver.cpp, line 773]

ZGC Phase Switch (0 events):
No events

VM Operations (20 events):
Event: 626.199 Executing safepoint VM operation: Cleanup
Event: 626.200 Executing safepoint VM operation: Cleanup done
Event: 627.208 Executing safepoint VM operation: Cleanup
Event: 627.286 Executing safepoint VM operation: Cleanup done
Event: 628.297 Executing safepoint VM operation: Cleanup
Event: 628.298 Executing safepoint VM operation: Cleanup done
Event: 632.334 Executing safepoint VM operation: Cleanup
Event: 632.348 Executing safepoint VM operation: Cleanup done
Event: 633.354 Executing safepoint VM operation: Cleanup
Event: 633.354 Executing safepoint VM operation: Cleanup done
Event: 634.366 Executing safepoint VM operation: Cleanup
Event: 634.367 Executing safepoint VM operation: Cleanup done
Event: 635.376 Executing safepoint VM operation: Cleanup
Event: 635.376 Executing safepoint VM operation: Cleanup done
Event: 639.697 Executing non-safepoint VM operation: HandshakeAllThreads (Deoptimize)
Event: 639.730 Executing non-safepoint VM operation: HandshakeAllThreads (Deoptimize) done
Event: 640.742 Executing safepoint VM operation: Cleanup
Event: 640.742 Executing safepoint VM operation: Cleanup done
Event: 641.753 Executing safepoint VM operation: Cleanup
Event: 642.019 Executing safepoint VM operation: Cleanup done

Memory protections (0 events):
No events

Nmethod flushes (20 events):
Event: 548.691 Thread 0x000001aff96c46f0 flushing  nmethod 0x000001afe7276710
Event: 548.691 Thread 0x000001aff96c46f0 flushing  nmethod 0x000001afe727e490
Event: 548.691 Thread 0x000001aff96c46f0 flushing  nmethod 0x000001afe7280f90
Event: 548.691 Thread 0x000001aff96c46f0 flushing  nmethod 0x000001afe7287290
Event: 548.691 Thread 0x000001aff96c46f0 flushing  nmethod 0x000001afe7288690
Event: 548.691 Thread 0x000001aff96c46f0 flushing  nmethod 0x000001afe733a990
Event: 548.691 Thread 0x000001aff96c46f0 flushing  nmethod 0x000001afe7378010
Event: 548.691 Thread 0x000001aff96c46f0 flushing  nmethod 0x000001afe739ec90
Event: 548.691 Thread 0x000001aff96c46f0 flushing  nmethod 0x000001afe739f190
Event: 548.691 Thread 0x000001aff96c46f0 flushing  nmethod 0x000001afe73a2b90
Event: 548.691 Thread 0x000001aff96c46f0 flushing  nmethod 0x000001afe73be790
Event: 548.691 Thread 0x000001aff96c46f0 flushing  nmethod 0x000001afe73c0590
Event: 548.691 Thread 0x000001aff96c46f0 flushing  nmethod 0x000001afe73c1710
Event: 548.691 Thread 0x000001aff96c46f0 flushing  nmethod 0x000001afe73c2390
Event: 548.691 Thread 0x000001aff96c46f0 flushing  nmethod 0x000001afe73d8b90
Event: 548.691 Thread 0x000001aff96c46f0 flushing  nmethod 0x000001afe73e0110
Event: 548.691 Thread 0x000001aff96c46f0 flushing  nmethod 0x000001afe73e2610
Event: 548.691 Thread 0x000001aff96c46f0 flushing  nmethod 0x000001afe73f3590
Event: 548.691 Thread 0x000001aff96c46f0 flushing  nmethod 0x000001afe73f6390
Event: 548.691 Thread 0x000001aff96c46f0 flushing  nmethod 0x000001afe749f390

Events (20 events):
Event: 379.498 Thread 0x000001afff4002c0 Thread added: 0x000001afff3d58b0
Event: 382.755 Thread 0x000001afff4002c0 Thread added: 0x000001afff770380
Event: 384.133 Thread 0x000001afff770380 Thread added: 0x000001afff3c7fc0
Event: 384.147 Thread 0x000001afff770380 Thread added: 0x000001afff3c8650
Event: 384.294 Thread 0x000001afff770380 Thread added: 0x000001afff3c8ce0
Event: 400.748 Thread 0x000001afff770380 Thread added: 0x000001afff3ca720
Event: 401.990 Thread 0x000001afff770380 Thread added: 0x000001afff3ca090
Event: 413.752 Thread 0x000001afff3ca090 Thread added: 0x000001afff3c9370
Event: 414.942 Thread 0x000001afff770380 Thread added: 0x000001afff3cadb0
Event: 430.455 Thread 0x000001afff770380 Thread added: 0x000001afff3c7930
Event: 435.998 Thread 0x000001afff770380 Thread added: 0x000001af951dbd80
Event: 443.373 Thread 0x000001afff770380 Thread added: 0x000001af951dd7c0
Event: 443.399 Thread 0x000001afff770380 Thread added: 0x000001af951db060
Event: 518.478 Thread 0x000001afff770380 Thread added: 0x000001af951de4e0
Event: 532.353 Thread 0x000001afff770380 Thread added: 0x000001af951dd130
Event: 540.830 Thread 0x000001afff770380 Thread added: 0x000001af951dc410
Event: 542.933 Thread 0x000001afff770380 Thread added: 0x000001af951deb70
Event: 552.455 Thread 0x000001afff770380 Thread added: 0x000001af951db6f0
Event: 554.831 Thread 0x000001afff770380 Thread added: 0x000001af951dff20
Event: 607.277 Thread 0x000001afff770380 Thread added: 0x000001af951df890


Dynamic libraries:
0x00007ff71c900000 - 0x00007ff71c90e000 	C:\Users\duiph\.cursor\extensions\redhat.java-1.56.0-win32-x64\jre\21.0.12.1-win32-x86_64\bin\java.exe
0x00007ff9f2a60000 - 0x00007ff9f2cc7000 	C:\WINDOWS\SYSTEM32\ntdll.dll
0x00007ff9f0780000 - 0x00007ff9f084b000 	C:\WINDOWS\System32\KERNEL32.DLL
0x00007ff9efcf0000 - 0x00007ff9f00f2000 	C:\WINDOWS\System32\KERNELBASE.dll
0x00007ff9f01c0000 - 0x00007ff9f030c000 	C:\WINDOWS\System32\ucrtbase.dll
0x00007ff9de080000 - 0x00007ff9de09e000 	C:\Users\duiph\.cursor\extensions\redhat.java-1.56.0-win32-x64\jre\21.0.12.1-win32-x86_64\bin\VCRUNTIME140.dll
0x00007ff9dca10000 - 0x00007ff9dca28000 	C:\Users\duiph\.cursor\extensions\redhat.java-1.56.0-win32-x64\jre\21.0.12.1-win32-x86_64\bin\jli.dll
0x00007ff9f1eb0000 - 0x00007ff9f207f000 	C:\WINDOWS\System32\USER32.dll
0x00007ff9f0750000 - 0x00007ff9f0777000 	C:\WINDOWS\System32\win32u.dll
0x00007ff9f2090000 - 0x00007ff9f20bb000 	C:\WINDOWS\System32\GDI32.dll
0x00007ff9f0560000 - 0x00007ff9f0689000 	C:\WINDOWS\System32\gdi32full.dll
0x00007ff9f0320000 - 0x00007ff9f03c3000 	C:\WINDOWS\System32\msvcp_win.dll
0x00007ff9d5c00000 - 0x00007ff9d5e90000 	C:\WINDOWS\WinSxS\amd64_microsoft.windows.common-controls_6595b64144ccf1df_6.0.26100.9278_none_3e0d1ba8e3303201\COMCTL32.dll
0x00007ff9f2870000 - 0x00007ff9f2919000 	C:\WINDOWS\System32\msvcrt.dll
0x00007ff9f1980000 - 0x00007ff9f19b1000 	C:\WINDOWS\System32\IMM32.DLL
0x00007ff9de180000 - 0x00007ff9de18c000 	C:\Users\duiph\.cursor\extensions\redhat.java-1.56.0-win32-x64\jre\21.0.12.1-win32-x86_64\bin\vcruntime140_1.dll
0x00007ff98c490000 - 0x00007ff98c51d000 	C:\Users\duiph\.cursor\extensions\redhat.java-1.56.0-win32-x64\jre\21.0.12.1-win32-x86_64\bin\msvcp140.dll
0x00007ff8fd760000 - 0x00007ff8fe502000 	C:\Users\duiph\.cursor\extensions\redhat.java-1.56.0-win32-x64\jre\21.0.12.1-win32-x86_64\bin\server\jvm.dll
0x00007ff9f1c40000 - 0x00007ff9f1cfc000 	C:\WINDOWS\System32\ADVAPI32.dll
0x00007ff9f2160000 - 0x00007ff9f2209000 	C:\WINDOWS\System32\sechost.dll
0x00007ff9f12d0000 - 0x00007ff9f13e8000 	C:\WINDOWS\System32\RPCRT4.dll
0x00007ff9f2400000 - 0x00007ff9f2480000 	C:\WINDOWS\System32\WS2_32.dll
0x00007ff9efac0000 - 0x00007ff9efb1e000 	C:\WINDOWS\SYSTEM32\POWRPROF.dll
0x00007ff9d4a10000 - 0x00007ff9d4a46000 	C:\WINDOWS\SYSTEM32\WINMM.dll
0x00007ff9ddd30000 - 0x00007ff9ddd3b000 	C:\WINDOWS\SYSTEM32\VERSION.dll
0x00007ff9efaa0000 - 0x00007ff9efab5000 	C:\WINDOWS\SYSTEM32\UMPDC.dll
0x00007ff9ee930000 - 0x00007ff9ee94b000 	C:\WINDOWS\SYSTEM32\kernel.appcore.dll
0x00007ff9dca00000 - 0x00007ff9dca0a000 	C:\Users\duiph\.cursor\extensions\redhat.java-1.56.0-win32-x64\jre\21.0.12.1-win32-x86_64\bin\jimage.dll
0x00007ff9ed0f0000 - 0x00007ff9ed33c000 	C:\WINDOWS\SYSTEM32\DBGHELP.DLL
0x00007ff9f2490000 - 0x00007ff9f2815000 	C:\WINDOWS\System32\combase.dll
0x00007ff9f1b60000 - 0x00007ff9f1c39000 	C:\WINDOWS\System32\OLEAUT32.dll
0x00007ff9c84d0000 - 0x00007ff9c850b000 	C:\WINDOWS\SYSTEM32\dbgcore.DLL
0x00007ff9f0100000 - 0x00007ff9f01ac000 	C:\WINDOWS\System32\bcryptPrimitives.dll
0x00007ff99c260000 - 0x00007ff99c26f000 	C:\Users\duiph\.cursor\extensions\redhat.java-1.56.0-win32-x64\jre\21.0.12.1-win32-x86_64\bin\instrument.dll
0x00007ff9d6a20000 - 0x00007ff9d6a40000 	C:\Users\duiph\.cursor\extensions\redhat.java-1.56.0-win32-x64\jre\21.0.12.1-win32-x86_64\bin\java.dll
0x00007ff9f09b0000 - 0x00007ff9f1148000 	C:\WINDOWS\System32\SHELL32.dll
0x00007ff9ed6c0000 - 0x00007ff9edf6e000 	C:\WINDOWS\SYSTEM32\windows.storage.dll
0x00007ff9f13f0000 - 0x00007ff9f14eb000 	C:\WINDOWS\System32\SHCORE.dll
0x00007ff9f1240000 - 0x00007ff9f12a6000 	C:\WINDOWS\System32\shlwapi.dll
0x00007ff9efb80000 - 0x00007ff9efba9000 	C:\WINDOWS\SYSTEM32\profapi.dll
0x00007ff9d2200000 - 0x00007ff9d2218000 	C:\Users\duiph\.cursor\extensions\redhat.java-1.56.0-win32-x64\jre\21.0.12.1-win32-x86_64\bin\zip.dll
0x00007ff9d3620000 - 0x00007ff9d3630000 	C:\Users\duiph\.cursor\extensions\redhat.java-1.56.0-win32-x64\jre\21.0.12.1-win32-x86_64\bin\net.dll
0x00007ff9e2210000 - 0x00007ff9e233a000 	C:\WINDOWS\SYSTEM32\WINHTTP.dll
0x00007ff9eeef0000 - 0x00007ff9eef5c000 	C:\WINDOWS\system32\mswsock.dll
0x00007ff9c9860000 - 0x00007ff9c9876000 	C:\Users\duiph\.cursor\extensions\redhat.java-1.56.0-win32-x64\jre\21.0.12.1-win32-x86_64\bin\nio.dll
0x00007ff99caa0000 - 0x00007ff99cab0000 	C:\Users\duiph\.cursor\extensions\redhat.java-1.56.0-win32-x64\jre\21.0.12.1-win32-x86_64\bin\verify.dll
0x00007ff997660000 - 0x00007ff997687000 	C:\Users\duiph\.gradle\native\1def1411415f61bf3af743bc5b6707747c0891f09f0c88961ee8f79bc544acac\windows-amd64\native-platform.dll
0x00007ff97a6f0000 - 0x00007ff97a768000 	C:\Users\duiph\.gradle\native\0.2.7\x86_64-windows-gnu\gradle-fileevents.dll
0x00007ff99c790000 - 0x00007ff99c79a000 	C:\Users\duiph\.cursor\extensions\redhat.java-1.56.0-win32-x64\jre\21.0.12.1-win32-x86_64\bin\management.dll
0x00007ff99c780000 - 0x00007ff99c78c000 	C:\Users\duiph\.cursor\extensions\redhat.java-1.56.0-win32-x64\jre\21.0.12.1-win32-x86_64\bin\management_ext.dll
0x00007ff9f11d0000 - 0x00007ff9f11d8000 	C:\WINDOWS\System32\PSAPI.DLL
0x00007ff9ee430000 - 0x00007ff9ee463000 	C:\WINDOWS\SYSTEM32\IPHLPAPI.DLL
0x00007ff9f20c0000 - 0x00007ff9f20ca000 	C:\WINDOWS\System32\NSI.dll
0x00007ff9ae120000 - 0x00007ff9ae129000 	C:\Users\duiph\.cursor\extensions\redhat.java-1.56.0-win32-x64\jre\21.0.12.1-win32-x86_64\bin\extnet.dll
0x00007ff9ef1e0000 - 0x00007ff9ef1fb000 	C:\WINDOWS\SYSTEM32\CRYPTSP.dll
0x00007ff9ee890000 - 0x00007ff9ee8c9000 	C:\WINDOWS\system32\rsaenh.dll
0x00007ff9eefa0000 - 0x00007ff9eefd4000 	C:\WINDOWS\SYSTEM32\USERENV.dll
0x00007ff9efb50000 - 0x00007ff9efb7a000 	C:\WINDOWS\SYSTEM32\bcrypt.dll
0x00007ff9ef200000 - 0x00007ff9ef20c000 	C:\WINDOWS\SYSTEM32\CRYPTBASE.dll
0x00007ff9ec1e0000 - 0x00007ff9ec1ee000 	C:\Users\duiph\.cursor\extensions\redhat.java-1.56.0-win32-x64\jre\21.0.12.1-win32-x86_64\bin\sunmscapi.dll
0x00007ff9f03d0000 - 0x00007ff9f054e000 	C:\WINDOWS\System32\CRYPT32.dll
0x00007ff9ef420000 - 0x00007ff9ef450000 	C:\WINDOWS\SYSTEM32\ncrypt.dll
0x00007ff9ef3d0000 - 0x00007ff9ef40f000 	C:\WINDOWS\SYSTEM32\NTASN1.dll
0x00007ff9d5340000 - 0x00007ff9d5348000 	C:\WINDOWS\system32\wshunix.dll

JVMTI agents:
C:\Users\duiph\.gradle\wrapper\dists\gradle-8.14.4-bin\92wwslzcyst3phie3o264zltu\gradle-8.14.4\lib\agents\gradle-instrumentation-agent-8.14.4.jar path:C:\Users\duiph\.cursor\extensions\redhat.java-1.56.0-win32-x64\jre\21.0.12.1-win32-x86_64\bin\instrument.dll, loaded, initialized, instrumentlib options:none

dbghelp: loaded successfully - version: 4.0.5 - missing functions: none
symbol engine: initialized successfully - sym options: 0x614 - pdb path: .;C:\Users\duiph\.cursor\extensions\redhat.java-1.56.0-win32-x64\jre\21.0.12.1-win32-x86_64\bin;C:\WINDOWS\SYSTEM32;C:\WINDOWS\WinSxS\amd64_microsoft.windows.common-controls_6595b64144ccf1df_6.0.26100.9278_none_3e0d1ba8e3303201;C:\Users\duiph\.cursor\extensions\redhat.java-1.56.0-win32-x64\jre\21.0.12.1-win32-x86_64\bin\server;C:\Users\duiph\.gradle\native\1def1411415f61bf3af743bc5b6707747c0891f09f0c88961ee8f79bc544acac\windows-amd64;C:\Users\duiph\.gradle\native\0.2.7\x86_64-windows-gnu

VM Arguments:
jvm_args: --add-opens=java.base/java.lang=ALL-UNNAMED --add-opens=java.base/java.lang.invoke=ALL-UNNAMED --add-opens=java.base/java.util=ALL-UNNAMED --add-opens=java.prefs/java.util.prefs=ALL-UNNAMED --add-exports=jdk.compiler/com.sun.tools.javac.api=ALL-UNNAMED --add-exports=jdk.compiler/com.sun.tools.javac.util=ALL-UNNAMED --add-opens=java.base/java.util=ALL-UNNAMED --add-opens=java.prefs/java.util.prefs=ALL-UNNAMED --add-opens=java.base/java.nio.charset=ALL-UNNAMED --add-opens=java.base/java.net=ALL-UNNAMED --add-opens=java.base/java.util.concurrent.atomic=ALL-UNNAMED --add-opens=java.xml/javax.xml.namespace=ALL-UNNAMED -XX:MaxMetaspaceSize=384m -XX:+HeapDumpOnOutOfMemoryError -Xms256m -Xmx512m -Dfile.encoding=UTF-8 -Duser.country=KR -Duser.language=ko -Duser.variant -javaagent:C:\Users\duiph\.gradle\wrapper\dists\gradle-8.14.4-bin\92wwslzcyst3phie3o264zltu\gradle-8.14.4\lib\agents\gradle-instrumentation-agent-8.14.4.jar 
java_command: org.gradle.launcher.daemon.bootstrap.GradleDaemon 8.14.4
java_class_path (initial): C:\Users\duiph\.gradle\wrapper\dists\gradle-8.14.4-bin\92wwslzcyst3phie3o264zltu\gradle-8.14.4\lib\gradle-daemon-main-8.14.4.jar
Launcher Type: SUN_STANDARD

[Global flags]
     intx CICompilerCount                          = 4                                         {product} {ergonomic}
   size_t CompressedClassSpaceSize                 = 335544320                                 {product} {ergonomic}
     uint ConcGCThreads                            = 2                                         {product} {ergonomic}
     uint G1ConcRefinementThreads                  = 8                                         {product} {ergonomic}
   size_t G1HeapRegionSize                         = 1048576                                   {product} {ergonomic}
    uintx GCDrainStackTargetSize                   = 64                                        {product} {ergonomic}
     bool HeapDumpOnOutOfMemoryError               = true                                   {manageable} {command line}
   size_t InitialHeapSize                          = 268435456                                 {product} {command line}
   size_t MarkStackSize                            = 4194304                                   {product} {ergonomic}
   size_t MaxHeapSize                              = 536870912                                 {product} {command line}
   size_t MaxMetaspaceSize                         = 402653184                                 {product} {command line}
   size_t MaxNewSize                               = 321912832                                 {product} {ergonomic}
   size_t MinHeapDeltaBytes                        = 1048576                                   {product} {ergonomic}
   size_t MinHeapSize                              = 268435456                                 {product} {command line}
    uintx NonNMethodCodeHeapSize                   = 5839372                                {pd product} {ergonomic}
    uintx NonProfiledCodeHeapSize                  = 122909434                              {pd product} {ergonomic}
    uintx ProfiledCodeHeapSize                     = 122909434                              {pd product} {ergonomic}
    uintx ReservedCodeCacheSize                    = 251658240                              {pd product} {ergonomic}
     bool SegmentedCodeCache                       = true                                      {product} {ergonomic}
   size_t SoftMaxHeapSize                          = 536870912                              {manageable} {ergonomic}
     bool UseCompressedOops                        = true                           {product lp64_product} {ergonomic}
     bool UseG1GC                                  = true                                      {product} {ergonomic}
     bool UseLargePagesIndividualAllocation        = false                                  {pd product} {ergonomic}

Logging:
Log output configuration:
 #0: stdout all=warning uptime,level,tags foldmultilines=false
 #1: stderr all=off uptime,level,tags foldmultilines=false

Release file:
JAVA_VERSION="21.0.12.1" 
MODULES="java.base java.compiler java.datatransfer java.xml java.prefs java.desktop java.instrument java.logging java.management java.security.sasl java.naming java.rmi java.management.rmi java.net.http java.scripting java.security.jgss java.transaction.xa java.sql java.sql.rowset java.xml.crypto java.se java.smartcardio jdk.accessibility jdk.internal.jvmstat jdk.attach jdk.charsets jdk.internal.opt jdk.zipfs jdk.compiler jdk.crypto.ec jdk.crypto.cryptoki jdk.crypto.mscapi jdk.dynalink jdk.internal.ed jdk.editpad jdk.hotspot.agent jdk.httpserver jdk.internal.le jdk.internal.vm.ci jdk.internal.vm.compiler jdk.internal.vm.compiler.management jdk.jartool jdk.javadoc jdk.jcmd jdk.management jdk.management.agent jdk.jconsole jdk.jdeps jdk.jdwp.agent jdk.jdi jdk.jfr jdk.jshell jdk.jsobject jdk.jstatd jdk.localedata jdk.management.jfr jdk.naming.dns jdk.naming.rmi jdk.net jdk.nio.mapmode jdk.random jdk.sctp jdk.security.auth jdk.security.jgss jdk.unsupported jdk.unsupported.desktop jdk.xml.dom" 

Environment Variables:
JAVA_HOME=C:\Program Files\Java\jdk-17
CLASSPATH=C:\Program Files\Java\jdk-17\lib
PATH=C:\Program Files\Java\jdk-17\bin;C:\Program Files\Common Files\Oracle\Java\javapath;C:\Program Files (x86)\Common Files\Oracle\Java\javapath;C:\WINDOWS\system32;C:\WINDOWS;C:\WINDOWS\System32\Wbem;C:\WINDOWS\System32\WindowsPowerShell\v1.0\;C:\WINDOWS\System32\OpenSSH\;C:\Program Files\Git\cmd;C:\Program Files\Java\jdk-17.0.5\bin;C:\Program Files\Java\jdk-11\bin;C:\Program Files\Docker\Docker\resources\bin;C:\Program Files\MySQL\MySQL Server 8.0\bin;C:\Users\duiph\AppData\Local\nvm;C:\nvm4w\nodejs;C:\Program Files\dotnet\;C:\Program Files\MySQL\MySQL Shell 8.0\bin\;C:\Users\duiph\AppData\Local\Microsoft\WindowsApps;C:\Program Files\JetBrains\IntelliJ IDEA Community Edition 2023.2.1\bin;C:\Program Files\MariaDB 11.2\bin;C:\Program Files\JetBrains\IntelliJ IDEA 2023.3.4\bin;C:\Users\duiph\AppData\Local\gitkraken\bin;C:\Program Files\JetBrains\IntelliJ IDEA 2020.2.3\bin;;C:\Users\duiph\AppData\Roaming\npm;C:\Users\duiph\AppData\Local\Microsoft\WindowsApps;C:\Users\duiph\AppData\Local\Microsoft\WinGet\Packages\Schniz.fnm_Microsoft.Winget.Source_8wekyb3d8bbwe;C:\Users\duiph\AppData\Local\nvm;C:\nvm4w\nodejs;C:\Users\duiph\AppData\Local\Programs\Microsoft VS Code\bin;C:\Users\duiph\AppData\Local\Programs\cursor\resources\app\bin
USERNAME=minseon
TMPDIR=C:\Users\Public\Documents\ESTsoft\CreatorTemp
OS=Windows_NT
PROCESSOR_IDENTIFIER=Intel64 Family 6 Model 140 Stepping 1, GenuineIntel
TMP=C:\Users\duiph\AppData\Local\Temp
TEMP=C:\Users\duiph\AppData\Local\Temp




Periodic native trim disabled

---------------  S Y S T E M  ---------------

OS:
 Windows 11 , 64 bit Build 26100 (10.0.26100.9444)
OS uptime: 3 days 23:20 hours
Hyper-V role detected

CPU: total 8 (initial active 8) (4 cores per cpu, 2 threads per core) family 6 model 140 stepping 1 microcode 0xb4, cx8, cmov, fxsr, ht, mmx, 3dnowpref, sse, sse2, sse3, ssse3, sse4.1, sse4.2, popcnt, lzcnt, tsc, tscinvbit, avx, avx2, aes, erms, clmul, bmi1, bmi2, adx, avx512f, avx512dq, avx512cd, avx512bw, avx512vl, sha, fma, vzeroupper, avx512_vpopcntdq, avx512_vpclmulqdq, avx512_vaes, avx512_vnni, clflush, clflushopt, clwb, avx512_vbmi2, avx512_vbmi, hv, rdtscp, rdpid, fsrm, gfni, avx512_bitalg, f16c, cet_ibt, cet_ss, avx512_ifma
Processor Information for processor 0
  Max Mhz: 2803, Current Mhz: 2803, Mhz Limit: 2803
Processor Information for processor 1
  Max Mhz: 2803, Current Mhz: 2803, Mhz Limit: 2803
Processor Information for processor 2
  Max Mhz: 2803, Current Mhz: 2803, Mhz Limit: 2803
Processor Information for processor 3
  Max Mhz: 2803, Current Mhz: 1001, Mhz Limit: 2803
Processor Information for processor 4
  Max Mhz: 2803, Current Mhz: 2803, Mhz Limit: 2803
Processor Information for processor 5
  Max Mhz: 2803, Current Mhz: 1001, Mhz Limit: 2803
Processor Information for processor 6
  Max Mhz: 2803, Current Mhz: 1001, Mhz Limit: 2803
Processor Information for processor 7
  Max Mhz: 2803, Current Mhz: 2803, Mhz Limit: 2803

Memory: 4k page, system-wide physical 16057M (201M free)
TotalPageFile size 61923M (AvailPageFile size 0M)
current process WorkingSet (physical memory assigned to process): 289M, peak: 294M
current process commit charge ("private bytes"): 450M, peak: 465M

vm_info: OpenJDK 64-Bit Server VM (21.0.12.1+1-LTS) for windows-amd64 JRE (21.0.12.1+1-LTS), built on 2026-08-18T00:00:00Z by "admin" with MS VC++ 17.12 (VS2022)

END.
