#
# There is insufficient memory for the Java Runtime Environment to continue.
# Native memory allocation (malloc) failed to allocate 1083296 bytes. Error detail: Chunk::new
# Possible reasons:
#   The system is out of physical RAM or swap space
#   This process is running with CompressedOops enabled, and the Java Heap may be blocking the growth of the native heap
# Possible solutions:
#   Reduce memory load on the system
#   Increase physical memory or swap space
#   Check if swap backing store is full
#   Decrease Java heap size (-Xmx/-Xms)
#   Decrease number of Java threads
#   Decrease Java thread stack sizes (-Xss)
#   Set larger code cache with -XX:ReservedCodeCacheSize=
#   JVM is running with Unscaled Compressed Oops mode in which the Java heap is
#     placed in the first 4GB address space. The Java Heap base address is the
#     maximum limit for the native heap growth. Please use -XX:HeapBaseMinAddress
#     to set the Java Heap base and to place the Java Heap above 4GB virtual address.
# This output file may be truncated or incomplete.
#
#  Out of Memory Error (arena.cpp:168), pid=36260, tid=40508
#
# JRE version: OpenJDK Runtime Environment Temurin-21.0.12.1+1 (21.0.12.1+1) (build 21.0.12.1+1-LTS)
# Java VM: OpenJDK 64-Bit Server VM Temurin-21.0.12.1+1 (21.0.12.1+1-LTS, mixed mode, sharing, tiered, compressed oops, compressed class ptrs, g1 gc, windows-amd64)
# No core dump will be written. Minidumps are not enabled by default on client versions of Windows
#

---------------  S U M M A R Y ------------

Command Line: --add-opens=java.base/java.lang=ALL-UNNAMED --add-opens=java.base/java.lang.invoke=ALL-UNNAMED --add-opens=java.base/java.util=ALL-UNNAMED --add-opens=java.prefs/java.util.prefs=ALL-UNNAMED --add-exports=jdk.compiler/com.sun.tools.javac.api=ALL-UNNAMED --add-exports=jdk.compiler/com.sun.tools.javac.util=ALL-UNNAMED --add-opens=java.base/java.util=ALL-UNNAMED --add-opens=java.prefs/java.util.prefs=ALL-UNNAMED --add-opens=java.base/java.nio.charset=ALL-UNNAMED --add-opens=java.base/java.net=ALL-UNNAMED --add-opens=java.base/java.util.concurrent.atomic=ALL-UNNAMED --add-opens=java.xml/javax.xml.namespace=ALL-UNNAMED -XX:MaxMetaspaceSize=384m -XX:+HeapDumpOnOutOfMemoryError -Xms256m -Xmx512m -Dfile.encoding=UTF-8 -Duser.country=KR -Duser.language=ko -Duser.variant -javaagent:C:\Users\duiph\.gradle\wrapper\dists\gradle-8.14.4-bin\92wwslzcyst3phie3o264zltu\gradle-8.14.4\lib\agents\gradle-instrumentation-agent-8.14.4.jar org.gradle.launcher.daemon.bootstrap.GradleDaemon 8.14.4

Host: 11th Gen Intel(R) Core(TM) i7-1165G7 @ 2.80GHz, 8 cores, 15G,  Windows 11 , 64 bit Build 26100 (10.0.26100.9444)
Time: Mon Sep 28 22:47:07 2026 elapsed time: 381.219497 seconds (0d 0h 6m 21s)

---------------  T H R E A D  ---------------

Current thread (0x0000021a5e0024f0):  JavaThread "C2 CompilerThread0" daemon [_thread_in_native, id=40508, stack(0x0000002014600000,0x0000002014700000) (1024K)]


Current CompileTask:
C2:381226 2954       4       org.gradle.launcher.daemon.context.DefaultDaemonContext$Serializer::read (229 bytes)

Stack: [0x0000002014600000,0x0000002014700000]
Native frames: (J=compiled Java code, j=interpreted, Vv=VM code, C=native code)
V  [jvm.dll+0x6d83e9]
V  [jvm.dll+0x8b5736]
V  [jvm.dll+0x8b7cee]
V  [jvm.dll+0x8b83d3]
V  [jvm.dll+0x284596]
V  [jvm.dll+0xc685d]
V  [jvm.dll+0xc6da1]
V  [jvm.dll+0x3bf18b]
V  [jvm.dll+0x1e4149]
V  [jvm.dll+0x24c853]
V  [jvm.dll+0x24bce0]
V  [jvm.dll+0x1cb4ae]
V  [jvm.dll+0x25baad]
V  [jvm.dll+0x25a03a]
V  [jvm.dll+0x3f8aae]
V  [jvm.dll+0x8600cd]
V  [jvm.dll+0x6d6c1d]
C  [ucrtbase.dll+0x2cd30]
C  [KERNEL32.DLL+0x2cd87]
C  [ntdll.dll+0xacaec]


---------------  P R O C E S S  ---------------

Threads class SMR info:
_java_thread_list=0x0000021a5f4aa9b0, length=21, elements={
0x0000021a2f3605c0, 0x0000021a44d11f70, 0x0000021a44d15550, 0x0000021a44d19530,
0x0000021a44d1bfa0, 0x0000021a44d1e2e0, 0x0000021a5e000080, 0x0000021a5e0024f0,
0x0000021a5e004670, 0x0000021a5e1fa820, 0x0000021a5e21c680, 0x0000021a5e18fd40,
0x0000021a5f31b830, 0x0000021a5f30b790, 0x0000021a5f49e160, 0x0000021a5f308820,
0x0000021a5f7a8de0, 0x0000021a5ee89ff0, 0x0000021a5f966ff0, 0x0000021a5f967680,
0x0000021a5f968a30
}

Java Threads: ( => current thread )
  0x0000021a2f3605c0 JavaThread "main"                              [_thread_blocked, id=42204, stack(0x0000002013800000,0x0000002013900000) (1024K)]
  0x0000021a44d11f70 JavaThread "Reference Handler"          daemon [_thread_blocked, id=28932, stack(0x0000002014000000,0x0000002014100000) (1024K)]
  0x0000021a44d15550 JavaThread "Finalizer"                  daemon [_thread_blocked, id=41708, stack(0x0000002014100000,0x0000002014200000) (1024K)]
  0x0000021a44d19530 JavaThread "Signal Dispatcher"          daemon [_thread_blocked, id=40596, stack(0x0000002014200000,0x0000002014300000) (1024K)]
  0x0000021a44d1bfa0 JavaThread "Attach Listener"            daemon [_thread_blocked, id=42068, stack(0x0000002014300000,0x0000002014400000) (1024K)]
  0x0000021a44d1e2e0 JavaThread "Service Thread"             daemon [_thread_blocked, id=44192, stack(0x0000002014400000,0x0000002014500000) (1024K)]
  0x0000021a5e000080 JavaThread "Monitor Deflation Thread"   daemon [_thread_blocked, id=12180, stack(0x0000002014500000,0x0000002014600000) (1024K)]
=>0x0000021a5e0024f0 JavaThread "C2 CompilerThread0"         daemon [_thread_in_native, id=40508, stack(0x0000002014600000,0x0000002014700000) (1024K)]
  0x0000021a5e004670 JavaThread "C1 CompilerThread0"         daemon [_thread_blocked, id=36944, stack(0x0000002014700000,0x0000002014800000) (1024K)]
  0x0000021a5e1fa820 JavaThread "Common-Cleaner"             daemon [_thread_blocked, id=37432, stack(0x0000002014800000,0x0000002014900000) (1024K)]
  0x0000021a5e21c680 JavaThread "Notification Thread"        daemon [_thread_blocked, id=42572, stack(0x0000002014900000,0x0000002014a00000) (1024K)]
  0x0000021a5e18fd40 JavaThread "Daemon health stats"               [_thread_in_Java, id=33604, stack(0x0000002014d00000,0x0000002014e00000) (1024K)]
  0x0000021a5f31b830 JavaThread "Incoming local TCP Connector on port 65113"        [_thread_in_native, id=42968, stack(0x0000002014e00000,0x0000002014f00000) (1024K)]
  0x0000021a5f30b790 JavaThread "Daemon periodic checks"            [_thread_blocked, id=46440, stack(0x0000002014f00000,0x0000002015000000) (1024K)]
  0x0000021a5f49e160 JavaThread "Daemon"                            [_thread_blocked, id=48132, stack(0x0000002015100000,0x0000002015200000) (1024K)]
  0x0000021a5f308820 JavaThread "Handler for socket connection from /127.0.0.1:65113 to /127.0.0.1:65138"        [_thread_in_native, id=48156, stack(0x0000002015200000,0x0000002015300000) (1024K)]
  0x0000021a5f7a8de0 JavaThread "Cancel handler"                    [_thread_blocked, id=48460, stack(0x0000002015300000,0x0000002015400000) (1024K)]
  0x0000021a5ee89ff0 JavaThread "Daemon worker"                     [_thread_in_Java, id=48744, stack(0x0000002015400000,0x0000002015500000) (1024K)]
  0x0000021a5f966ff0 JavaThread "Asynchronous log dispatcher for DefaultDaemonConnection: socket connection from /127.0.0.1:65113 to /127.0.0.1:65138"        [_thread_blocked, id=48928, stack(0x0000002015500000,0x0000002015600000) (1024K)]
  0x0000021a5f967680 JavaThread "Stdin handler"                     [_thread_blocked, id=48940, stack(0x0000002015600000,0x0000002015700000) (1024K)]
  0x0000021a5f968a30 JavaThread "Daemon client event forwarder"        [_thread_blocked, id=49016, stack(0x0000002015700000,0x0000002015800000) (1024K)]
Total: 21

Other Threads:
  0x0000021a44cf5bf0 VMThread "VM Thread"                           [id=44316, stack(0x0000002013f00000,0x0000002014000000) (1024K)]
  0x0000021a44ce55d0 WatcherThread "VM Periodic Task Thread"        [id=45052, stack(0x0000002013e00000,0x0000002013f00000) (1024K)]
  0x0000021a2f38a6e0 WorkerThread "GC Thread#0"                     [id=38704, stack(0x0000002013900000,0x0000002013a00000) (1024K)]
  0x0000021a5e20e690 WorkerThread "GC Thread#1"                     [id=39864, stack(0x0000002013500000,0x0000002013600000) (1024K)]
  0x0000021a5e20ea40 WorkerThread "GC Thread#2"                     [id=31260, stack(0x0000002013600000,0x0000002013700000) (1024K)]
  0x0000021a5e09b090 WorkerThread "GC Thread#3"                     [id=42416, stack(0x0000002013700000,0x0000002013800000) (1024K)]
  0x0000021a5e09b440 WorkerThread "GC Thread#4"                     [id=41132, stack(0x0000002014a00000,0x0000002014b00000) (1024K)]
  0x0000021a5e0ccbd0 WorkerThread "GC Thread#5"                     [id=43308, stack(0x0000002014b00000,0x0000002014c00000) (1024K)]
  0x0000021a2f38fdf0 ConcurrentGCThread "G1 Main Marker"            [id=41428, stack(0x0000002013a00000,0x0000002013b00000) (1024K)]
  0x0000021a2f391820 WorkerThread "G1 Conc#0"                       [id=43580, stack(0x0000002013b00000,0x0000002013c00000) (1024K)]
  0x0000021a2f41eb70 ConcurrentGCThread "G1 Refine#0"               [id=44924, stack(0x0000002013c00000,0x0000002013d00000) (1024K)]
  0x0000021a44bb7850 ConcurrentGCThread "G1 Service"                [id=40316, stack(0x0000002013d00000,0x0000002013e00000) (1024K)]
Total: 12

Threads with active compile tasks:
C2 CompilerThread0  382280 2954       4       org.gradle.launcher.daemon.context.DefaultDaemonContext$Serializer::read (229 bytes)
Total: 1

VM state: not at safepoint (normal execution)

VM Mutex/Monitor currently owned by a thread: None

Heap address: 0x00000000e0000000, size: 512 MB, Compressed Oops mode: 32-bit

CDS archive(s) mapped at: [0x0000021a45000000-0x0000021a45ba0000-0x0000021a45ba0000), size 12189696, SharedBaseAddress: 0x0000021a45000000, ArchiveRelocationMode: 1.
Compressed class space mapped at: 0x0000021a46000000-0x0000021a5a000000, reserved size: 335544320
Narrow klass base: 0x0000021a45000000, Narrow klass shift: 0, Narrow klass range: 0x100000000

GC Precious Log:
 CardTable entry size: 512
 Card Set container configuration: InlinePtr #cards 5 size 8 Array Of Cards #cards 12 size 40 Howl #buckets 4 coarsen threshold 1843 Howl Bitmap #cards 512 size 80 coarsen threshold 460 Card regions per heap region 1 cards per card region 2048
 CPUs: 8 total, 8 available
 Memory: 16057M
 Large Page Support: Disabled
 NUMA Support: Disabled
 Compressed Oops: Enabled (32-bit)
 Heap Region Size: 1M
 Heap Min Capacity: 256M
 Heap Initial Capacity: 256M
 Heap Max Capacity: 512M
 Pre-touch: Disabled
 Parallel Workers: 8
 Concurrent Workers: 2
 Concurrent Refinement Workers: 8
 Periodic GC: Disabled

Heap:
 garbage-first heap   total 262144K, used 59652K [0x00000000e0000000, 0x0000000100000000)
  region size 1024K, 48 young (49152K), 5 survivors (5120K)
 Metaspace       used 13168K, committed 13568K, reserved 393216K
  class space    used 1770K, committed 1984K, reserved 327680K

Heap Regions: E=young(eden), S=young(survivor), O=old, HS=humongous(starts), HC=humongous(continues), CS=collection set, F=free, TAMS=top-at-mark-start, PB=parsable bottom
|   0|0x00000000e0000000, 0x00000000e0100000, 0x00000000e0100000|100%|HS|  |TAMS 0x00000000e0000000| PB 0x00000000e0000000| Complete 
|   1|0x00000000e0100000, 0x00000000e0200000, 0x00000000e0200000|100%|HC|  |TAMS 0x00000000e0100000| PB 0x00000000e0100000| Complete 
|   2|0x00000000e0200000, 0x00000000e0300000, 0x00000000e0300000|100%|HC|  |TAMS 0x00000000e0200000| PB 0x00000000e0200000| Complete 
|   3|0x00000000e0300000, 0x00000000e0400000, 0x00000000e0400000|100%| O|  |TAMS 0x00000000e0300000| PB 0x00000000e0300000| Untracked 
|   4|0x00000000e0400000, 0x00000000e0500000, 0x00000000e0500000|100%| O|  |TAMS 0x00000000e0400000| PB 0x00000000e0400000| Untracked 
|   5|0x00000000e0500000, 0x00000000e0600000, 0x00000000e0600000|100%| O|  |TAMS 0x00000000e0500000| PB 0x00000000e0500000| Untracked 
|   6|0x00000000e0600000, 0x00000000e0700000, 0x00000000e0700000|100%|HS|  |TAMS 0x00000000e0600000| PB 0x00000000e0600000| Complete 
|   7|0x00000000e0700000, 0x00000000e0700000, 0x00000000e0800000|  0%| F|  |TAMS 0x00000000e0700000| PB 0x00000000e0700000| Untracked 
|   8|0x00000000e0800000, 0x00000000e0900000, 0x00000000e0900000|100%| O|  |TAMS 0x00000000e0800000| PB 0x00000000e0800000| Untracked 
|   9|0x00000000e0900000, 0x00000000e0a00000, 0x00000000e0a00000|100%| O|  |TAMS 0x00000000e0900000| PB 0x00000000e0900000| Untracked 
|  10|0x00000000e0a00000, 0x00000000e0b00000, 0x00000000e0b00000|100%| O|  |TAMS 0x00000000e0a00000| PB 0x00000000e0a00000| Untracked 
|  11|0x00000000e0b00000, 0x00000000e0c00000, 0x00000000e0c00000|100%| O|  |TAMS 0x00000000e0b00000| PB 0x00000000e0b00000| Untracked 
|  12|0x00000000e0c00000, 0x00000000e0c707a0, 0x00000000e0d00000| 43%| O|  |TAMS 0x00000000e0c00000| PB 0x00000000e0c00000| Untracked 
|  13|0x00000000e0d00000, 0x00000000e0d00000, 0x00000000e0e00000|  0%| F|  |TAMS 0x00000000e0d00000| PB 0x00000000e0d00000| Untracked 
|  14|0x00000000e0e00000, 0x00000000e0e00000, 0x00000000e0f00000|  0%| F|  |TAMS 0x00000000e0e00000| PB 0x00000000e0e00000| Untracked 
|  15|0x00000000e0f00000, 0x00000000e0f00000, 0x00000000e1000000|  0%| F|  |TAMS 0x00000000e0f00000| PB 0x00000000e0f00000| Untracked 
|  16|0x00000000e1000000, 0x00000000e1000000, 0x00000000e1100000|  0%| F|  |TAMS 0x00000000e1000000| PB 0x00000000e1000000| Untracked 
|  17|0x00000000e1100000, 0x00000000e1100000, 0x00000000e1200000|  0%| F|  |TAMS 0x00000000e1100000| PB 0x00000000e1100000| Untracked 
|  18|0x00000000e1200000, 0x00000000e1200000, 0x00000000e1300000|  0%| F|  |TAMS 0x00000000e1200000| PB 0x00000000e1200000| Untracked 
|  19|0x00000000e1300000, 0x00000000e1300000, 0x00000000e1400000|  0%| F|  |TAMS 0x00000000e1300000| PB 0x00000000e1300000| Untracked 
|  20|0x00000000e1400000, 0x00000000e1400000, 0x00000000e1500000|  0%| F|  |TAMS 0x00000000e1400000| PB 0x00000000e1400000| Untracked 
|  21|0x00000000e1500000, 0x00000000e1500000, 0x00000000e1600000|  0%| F|  |TAMS 0x00000000e1500000| PB 0x00000000e1500000| Untracked 
|  22|0x00000000e1600000, 0x00000000e1600000, 0x00000000e1700000|  0%| F|  |TAMS 0x00000000e1600000| PB 0x00000000e1600000| Untracked 
|  23|0x00000000e1700000, 0x00000000e1700000, 0x00000000e1800000|  0%| F|  |TAMS 0x00000000e1700000| PB 0x00000000e1700000| Untracked 
|  24|0x00000000e1800000, 0x00000000e1800000, 0x00000000e1900000|  0%| F|  |TAMS 0x00000000e1800000| PB 0x00000000e1800000| Untracked 
|  25|0x00000000e1900000, 0x00000000e1900000, 0x00000000e1a00000|  0%| F|  |TAMS 0x00000000e1900000| PB 0x00000000e1900000| Untracked 
|  26|0x00000000e1a00000, 0x00000000e1a00000, 0x00000000e1b00000|  0%| F|  |TAMS 0x00000000e1a00000| PB 0x00000000e1a00000| Untracked 
|  27|0x00000000e1b00000, 0x00000000e1b00000, 0x00000000e1c00000|  0%| F|  |TAMS 0x00000000e1b00000| PB 0x00000000e1b00000| Untracked 
|  28|0x00000000e1c00000, 0x00000000e1c00000, 0x00000000e1d00000|  0%| F|  |TAMS 0x00000000e1c00000| PB 0x00000000e1c00000| Untracked 
|  29|0x00000000e1d00000, 0x00000000e1d00000, 0x00000000e1e00000|  0%| F|  |TAMS 0x00000000e1d00000| PB 0x00000000e1d00000| Untracked 
|  30|0x00000000e1e00000, 0x00000000e1e00000, 0x00000000e1f00000|  0%| F|  |TAMS 0x00000000e1e00000| PB 0x00000000e1e00000| Untracked 
|  31|0x00000000e1f00000, 0x00000000e1f00000, 0x00000000e2000000|  0%| F|  |TAMS 0x00000000e1f00000| PB 0x00000000e1f00000| Untracked 
|  32|0x00000000e2000000, 0x00000000e2000000, 0x00000000e2100000|  0%| F|  |TAMS 0x00000000e2000000| PB 0x00000000e2000000| Untracked 
|  33|0x00000000e2100000, 0x00000000e2100000, 0x00000000e2200000|  0%| F|  |TAMS 0x00000000e2100000| PB 0x00000000e2100000| Untracked 
|  34|0x00000000e2200000, 0x00000000e2200000, 0x00000000e2300000|  0%| F|  |TAMS 0x00000000e2200000| PB 0x00000000e2200000| Untracked 
|  35|0x00000000e2300000, 0x00000000e2300000, 0x00000000e2400000|  0%| F|  |TAMS 0x00000000e2300000| PB 0x00000000e2300000| Untracked 
|  36|0x00000000e2400000, 0x00000000e2400000, 0x00000000e2500000|  0%| F|  |TAMS 0x00000000e2400000| PB 0x00000000e2400000| Untracked 
|  37|0x00000000e2500000, 0x00000000e2500000, 0x00000000e2600000|  0%| F|  |TAMS 0x00000000e2500000| PB 0x00000000e2500000| Untracked 
|  38|0x00000000e2600000, 0x00000000e2600000, 0x00000000e2700000|  0%| F|  |TAMS 0x00000000e2600000| PB 0x00000000e2600000| Untracked 
|  39|0x00000000e2700000, 0x00000000e2700000, 0x00000000e2800000|  0%| F|  |TAMS 0x00000000e2700000| PB 0x00000000e2700000| Untracked 
|  40|0x00000000e2800000, 0x00000000e2800000, 0x00000000e2900000|  0%| F|  |TAMS 0x00000000e2800000| PB 0x00000000e2800000| Untracked 
|  41|0x00000000e2900000, 0x00000000e2900000, 0x00000000e2a00000|  0%| F|  |TAMS 0x00000000e2900000| PB 0x00000000e2900000| Untracked 
|  42|0x00000000e2a00000, 0x00000000e2a00000, 0x00000000e2b00000|  0%| F|  |TAMS 0x00000000e2a00000| PB 0x00000000e2a00000| Untracked 
|  43|0x00000000e2b00000, 0x00000000e2b00000, 0x00000000e2c00000|  0%| F|  |TAMS 0x00000000e2b00000| PB 0x00000000e2b00000| Untracked 
|  44|0x00000000e2c00000, 0x00000000e2c00000, 0x00000000e2d00000|  0%| F|  |TAMS 0x00000000e2c00000| PB 0x00000000e2c00000| Untracked 
|  45|0x00000000e2d00000, 0x00000000e2d00000, 0x00000000e2e00000|  0%| F|  |TAMS 0x00000000e2d00000| PB 0x00000000e2d00000| Untracked 
|  46|0x00000000e2e00000, 0x00000000e2e00000, 0x00000000e2f00000|  0%| F|  |TAMS 0x00000000e2e00000| PB 0x00000000e2e00000| Untracked 
|  47|0x00000000e2f00000, 0x00000000e2f00000, 0x00000000e3000000|  0%| F|  |TAMS 0x00000000e2f00000| PB 0x00000000e2f00000| Untracked 
|  48|0x00000000e3000000, 0x00000000e3000000, 0x00000000e3100000|  0%| F|  |TAMS 0x00000000e3000000| PB 0x00000000e3000000| Untracked 
|  49|0x00000000e3100000, 0x00000000e3100000, 0x00000000e3200000|  0%| F|  |TAMS 0x00000000e3100000| PB 0x00000000e3100000| Untracked 
|  50|0x00000000e3200000, 0x00000000e3200000, 0x00000000e3300000|  0%| F|  |TAMS 0x00000000e3200000| PB 0x00000000e3200000| Untracked 
|  51|0x00000000e3300000, 0x00000000e3300000, 0x00000000e3400000|  0%| F|  |TAMS 0x00000000e3300000| PB 0x00000000e3300000| Untracked 
|  52|0x00000000e3400000, 0x00000000e3400000, 0x00000000e3500000|  0%| F|  |TAMS 0x00000000e3400000| PB 0x00000000e3400000| Untracked 
|  53|0x00000000e3500000, 0x00000000e3500000, 0x00000000e3600000|  0%| F|  |TAMS 0x00000000e3500000| PB 0x00000000e3500000| Untracked 
|  54|0x00000000e3600000, 0x00000000e3600000, 0x00000000e3700000|  0%| F|  |TAMS 0x00000000e3600000| PB 0x00000000e3600000| Untracked 
|  55|0x00000000e3700000, 0x00000000e3700000, 0x00000000e3800000|  0%| F|  |TAMS 0x00000000e3700000| PB 0x00000000e3700000| Untracked 
|  56|0x00000000e3800000, 0x00000000e3800000, 0x00000000e3900000|  0%| F|  |TAMS 0x00000000e3800000| PB 0x00000000e3800000| Untracked 
|  57|0x00000000e3900000, 0x00000000e3900000, 0x00000000e3a00000|  0%| F|  |TAMS 0x00000000e3900000| PB 0x00000000e3900000| Untracked 
|  58|0x00000000e3a00000, 0x00000000e3a00000, 0x00000000e3b00000|  0%| F|  |TAMS 0x00000000e3a00000| PB 0x00000000e3a00000| Untracked 
|  59|0x00000000e3b00000, 0x00000000e3b00000, 0x00000000e3c00000|  0%| F|  |TAMS 0x00000000e3b00000| PB 0x00000000e3b00000| Untracked 
|  60|0x00000000e3c00000, 0x00000000e3c00000, 0x00000000e3d00000|  0%| F|  |TAMS 0x00000000e3c00000| PB 0x00000000e3c00000| Untracked 
|  61|0x00000000e3d00000, 0x00000000e3d00000, 0x00000000e3e00000|  0%| F|  |TAMS 0x00000000e3d00000| PB 0x00000000e3d00000| Untracked 
|  62|0x00000000e3e00000, 0x00000000e3e00000, 0x00000000e3f00000|  0%| F|  |TAMS 0x00000000e3e00000| PB 0x00000000e3e00000| Untracked 
|  63|0x00000000e3f00000, 0x00000000e3f00000, 0x00000000e4000000|  0%| F|  |TAMS 0x00000000e3f00000| PB 0x00000000e3f00000| Untracked 
|  64|0x00000000e4000000, 0x00000000e4000000, 0x00000000e4100000|  0%| F|  |TAMS 0x00000000e4000000| PB 0x00000000e4000000| Untracked 
|  65|0x00000000e4100000, 0x00000000e4100000, 0x00000000e4200000|  0%| F|  |TAMS 0x00000000e4100000| PB 0x00000000e4100000| Untracked 
|  66|0x00000000e4200000, 0x00000000e4200000, 0x00000000e4300000|  0%| F|  |TAMS 0x00000000e4200000| PB 0x00000000e4200000| Untracked 
|  67|0x00000000e4300000, 0x00000000e4300000, 0x00000000e4400000|  0%| F|  |TAMS 0x00000000e4300000| PB 0x00000000e4300000| Untracked 
|  68|0x00000000e4400000, 0x00000000e4400000, 0x00000000e4500000|  0%| F|  |TAMS 0x00000000e4400000| PB 0x00000000e4400000| Untracked 
|  69|0x00000000e4500000, 0x00000000e4500000, 0x00000000e4600000|  0%| F|  |TAMS 0x00000000e4500000| PB 0x00000000e4500000| Untracked 
|  70|0x00000000e4600000, 0x00000000e4600000, 0x00000000e4700000|  0%| F|  |TAMS 0x00000000e4600000| PB 0x00000000e4600000| Untracked 
|  71|0x00000000e4700000, 0x00000000e4700000, 0x00000000e4800000|  0%| F|  |TAMS 0x00000000e4700000| PB 0x00000000e4700000| Untracked 
|  72|0x00000000e4800000, 0x00000000e4800000, 0x00000000e4900000|  0%| F|  |TAMS 0x00000000e4800000| PB 0x00000000e4800000| Untracked 
|  73|0x00000000e4900000, 0x00000000e4900000, 0x00000000e4a00000|  0%| F|  |TAMS 0x00000000e4900000| PB 0x00000000e4900000| Untracked 
|  74|0x00000000e4a00000, 0x00000000e4a00000, 0x00000000e4b00000|  0%| F|  |TAMS 0x00000000e4a00000| PB 0x00000000e4a00000| Untracked 
|  75|0x00000000e4b00000, 0x00000000e4b00000, 0x00000000e4c00000|  0%| F|  |TAMS 0x00000000e4b00000| PB 0x00000000e4b00000| Untracked 
|  76|0x00000000e4c00000, 0x00000000e4c00000, 0x00000000e4d00000|  0%| F|  |TAMS 0x00000000e4c00000| PB 0x00000000e4c00000| Untracked 
|  77|0x00000000e4d00000, 0x00000000e4d00000, 0x00000000e4e00000|  0%| F|  |TAMS 0x00000000e4d00000| PB 0x00000000e4d00000| Untracked 
|  78|0x00000000e4e00000, 0x00000000e4e00000, 0x00000000e4f00000|  0%| F|  |TAMS 0x00000000e4e00000| PB 0x00000000e4e00000| Untracked 
|  79|0x00000000e4f00000, 0x00000000e4f00000, 0x00000000e5000000|  0%| F|  |TAMS 0x00000000e4f00000| PB 0x00000000e4f00000| Untracked 
|  80|0x00000000e5000000, 0x00000000e5000000, 0x00000000e5100000|  0%| F|  |TAMS 0x00000000e5000000| PB 0x00000000e5000000| Untracked 
|  81|0x00000000e5100000, 0x00000000e5100000, 0x00000000e5200000|  0%| F|  |TAMS 0x00000000e5100000| PB 0x00000000e5100000| Untracked 
|  82|0x00000000e5200000, 0x00000000e5200000, 0x00000000e5300000|  0%| F|  |TAMS 0x00000000e5200000| PB 0x00000000e5200000| Untracked 
|  83|0x00000000e5300000, 0x00000000e5300000, 0x00000000e5400000|  0%| F|  |TAMS 0x00000000e5300000| PB 0x00000000e5300000| Untracked 
|  84|0x00000000e5400000, 0x00000000e5400000, 0x00000000e5500000|  0%| F|  |TAMS 0x00000000e5400000| PB 0x00000000e5400000| Untracked 
|  85|0x00000000e5500000, 0x00000000e5500000, 0x00000000e5600000|  0%| F|  |TAMS 0x00000000e5500000| PB 0x00000000e5500000| Untracked 
|  86|0x00000000e5600000, 0x00000000e5600000, 0x00000000e5700000|  0%| F|  |TAMS 0x00000000e5600000| PB 0x00000000e5600000| Untracked 
|  87|0x00000000e5700000, 0x00000000e5700000, 0x00000000e5800000|  0%| F|  |TAMS 0x00000000e5700000| PB 0x00000000e5700000| Untracked 
|  88|0x00000000e5800000, 0x00000000e5800000, 0x00000000e5900000|  0%| F|  |TAMS 0x00000000e5800000| PB 0x00000000e5800000| Untracked 
|  89|0x00000000e5900000, 0x00000000e5900000, 0x00000000e5a00000|  0%| F|  |TAMS 0x00000000e5900000| PB 0x00000000e5900000| Untracked 
|  90|0x00000000e5a00000, 0x00000000e5a00000, 0x00000000e5b00000|  0%| F|  |TAMS 0x00000000e5a00000| PB 0x00000000e5a00000| Untracked 
|  91|0x00000000e5b00000, 0x00000000e5b00000, 0x00000000e5c00000|  0%| F|  |TAMS 0x00000000e5b00000| PB 0x00000000e5b00000| Untracked 
|  92|0x00000000e5c00000, 0x00000000e5c00000, 0x00000000e5d00000|  0%| F|  |TAMS 0x00000000e5c00000| PB 0x00000000e5c00000| Untracked 
|  93|0x00000000e5d00000, 0x00000000e5d00000, 0x00000000e5e00000|  0%| F|  |TAMS 0x00000000e5d00000| PB 0x00000000e5d00000| Untracked 
|  94|0x00000000e5e00000, 0x00000000e5e00000, 0x00000000e5f00000|  0%| F|  |TAMS 0x00000000e5e00000| PB 0x00000000e5e00000| Untracked 
|  95|0x00000000e5f00000, 0x00000000e5f00000, 0x00000000e6000000|  0%| F|  |TAMS 0x00000000e5f00000| PB 0x00000000e5f00000| Untracked 
|  96|0x00000000e6000000, 0x00000000e6000000, 0x00000000e6100000|  0%| F|  |TAMS 0x00000000e6000000| PB 0x00000000e6000000| Untracked 
|  97|0x00000000e6100000, 0x00000000e6100000, 0x00000000e6200000|  0%| F|  |TAMS 0x00000000e6100000| PB 0x00000000e6100000| Untracked 
|  98|0x00000000e6200000, 0x00000000e6200000, 0x00000000e6300000|  0%| F|  |TAMS 0x00000000e6200000| PB 0x00000000e6200000| Untracked 
|  99|0x00000000e6300000, 0x00000000e6300000, 0x00000000e6400000|  0%| F|  |TAMS 0x00000000e6300000| PB 0x00000000e6300000| Untracked 
| 100|0x00000000e6400000, 0x00000000e6400000, 0x00000000e6500000|  0%| F|  |TAMS 0x00000000e6400000| PB 0x00000000e6400000| Untracked 
| 101|0x00000000e6500000, 0x00000000e6500000, 0x00000000e6600000|  0%| F|  |TAMS 0x00000000e6500000| PB 0x00000000e6500000| Untracked 
| 102|0x00000000e6600000, 0x00000000e6600000, 0x00000000e6700000|  0%| F|  |TAMS 0x00000000e6600000| PB 0x00000000e6600000| Untracked 
| 103|0x00000000e6700000, 0x00000000e6700000, 0x00000000e6800000|  0%| F|  |TAMS 0x00000000e6700000| PB 0x00000000e6700000| Untracked 
| 104|0x00000000e6800000, 0x00000000e6800000, 0x00000000e6900000|  0%| F|  |TAMS 0x00000000e6800000| PB 0x00000000e6800000| Untracked 
| 105|0x00000000e6900000, 0x00000000e6900000, 0x00000000e6a00000|  0%| F|  |TAMS 0x00000000e6900000| PB 0x00000000e6900000| Untracked 
| 106|0x00000000e6a00000, 0x00000000e6a00000, 0x00000000e6b00000|  0%| F|  |TAMS 0x00000000e6a00000| PB 0x00000000e6a00000| Untracked 
| 107|0x00000000e6b00000, 0x00000000e6b00000, 0x00000000e6c00000|  0%| F|  |TAMS 0x00000000e6b00000| PB 0x00000000e6b00000| Untracked 
| 108|0x00000000e6c00000, 0x00000000e6c00000, 0x00000000e6d00000|  0%| F|  |TAMS 0x00000000e6c00000| PB 0x00000000e6c00000| Untracked 
| 109|0x00000000e6d00000, 0x00000000e6d00000, 0x00000000e6e00000|  0%| F|  |TAMS 0x00000000e6d00000| PB 0x00000000e6d00000| Untracked 
| 110|0x00000000e6e00000, 0x00000000e6e00000, 0x00000000e6f00000|  0%| F|  |TAMS 0x00000000e6e00000| PB 0x00000000e6e00000| Untracked 
| 111|0x00000000e6f00000, 0x00000000e6f00000, 0x00000000e7000000|  0%| F|  |TAMS 0x00000000e6f00000| PB 0x00000000e6f00000| Untracked 
| 112|0x00000000e7000000, 0x00000000e7000000, 0x00000000e7100000|  0%| F|  |TAMS 0x00000000e7000000| PB 0x00000000e7000000| Untracked 
| 113|0x00000000e7100000, 0x00000000e7100000, 0x00000000e7200000|  0%| F|  |TAMS 0x00000000e7100000| PB 0x00000000e7100000| Untracked 
| 114|0x00000000e7200000, 0x00000000e7200000, 0x00000000e7300000|  0%| F|  |TAMS 0x00000000e7200000| PB 0x00000000e7200000| Untracked 
| 115|0x00000000e7300000, 0x00000000e7300000, 0x00000000e7400000|  0%| F|  |TAMS 0x00000000e7300000| PB 0x00000000e7300000| Untracked 
| 116|0x00000000e7400000, 0x00000000e7400000, 0x00000000e7500000|  0%| F|  |TAMS 0x00000000e7400000| PB 0x00000000e7400000| Untracked 
| 117|0x00000000e7500000, 0x00000000e7500000, 0x00000000e7600000|  0%| F|  |TAMS 0x00000000e7500000| PB 0x00000000e7500000| Untracked 
| 118|0x00000000e7600000, 0x00000000e7600000, 0x00000000e7700000|  0%| F|  |TAMS 0x00000000e7600000| PB 0x00000000e7600000| Untracked 
| 119|0x00000000e7700000, 0x00000000e7700000, 0x00000000e7800000|  0%| F|  |TAMS 0x00000000e7700000| PB 0x00000000e7700000| Untracked 
| 120|0x00000000e7800000, 0x00000000e7800000, 0x00000000e7900000|  0%| F|  |TAMS 0x00000000e7800000| PB 0x00000000e7800000| Untracked 
| 121|0x00000000e7900000, 0x00000000e7900000, 0x00000000e7a00000|  0%| F|  |TAMS 0x00000000e7900000| PB 0x00000000e7900000| Untracked 
| 122|0x00000000e7a00000, 0x00000000e7a00000, 0x00000000e7b00000|  0%| F|  |TAMS 0x00000000e7a00000| PB 0x00000000e7a00000| Untracked 
| 123|0x00000000e7b00000, 0x00000000e7b00000, 0x00000000e7c00000|  0%| F|  |TAMS 0x00000000e7b00000| PB 0x00000000e7b00000| Untracked 
| 124|0x00000000e7c00000, 0x00000000e7c00000, 0x00000000e7d00000|  0%| F|  |TAMS 0x00000000e7c00000| PB 0x00000000e7c00000| Untracked 
| 125|0x00000000e7d00000, 0x00000000e7d00000, 0x00000000e7e00000|  0%| F|  |TAMS 0x00000000e7d00000| PB 0x00000000e7d00000| Untracked 
| 126|0x00000000e7e00000, 0x00000000e7e00000, 0x00000000e7f00000|  0%| F|  |TAMS 0x00000000e7e00000| PB 0x00000000e7e00000| Untracked 
| 127|0x00000000e7f00000, 0x00000000e7f00000, 0x00000000e8000000|  0%| F|  |TAMS 0x00000000e7f00000| PB 0x00000000e7f00000| Untracked 
| 128|0x00000000e8000000, 0x00000000e8000000, 0x00000000e8100000|  0%| F|  |TAMS 0x00000000e8000000| PB 0x00000000e8000000| Untracked 
| 129|0x00000000e8100000, 0x00000000e8100000, 0x00000000e8200000|  0%| F|  |TAMS 0x00000000e8100000| PB 0x00000000e8100000| Untracked 
| 130|0x00000000e8200000, 0x00000000e8200000, 0x00000000e8300000|  0%| F|  |TAMS 0x00000000e8200000| PB 0x00000000e8200000| Untracked 
| 131|0x00000000e8300000, 0x00000000e8300000, 0x00000000e8400000|  0%| F|  |TAMS 0x00000000e8300000| PB 0x00000000e8300000| Untracked 
| 132|0x00000000e8400000, 0x00000000e8400000, 0x00000000e8500000|  0%| F|  |TAMS 0x00000000e8400000| PB 0x00000000e8400000| Untracked 
| 133|0x00000000e8500000, 0x00000000e8500000, 0x00000000e8600000|  0%| F|  |TAMS 0x00000000e8500000| PB 0x00000000e8500000| Untracked 
| 134|0x00000000e8600000, 0x00000000e8600000, 0x00000000e8700000|  0%| F|  |TAMS 0x00000000e8600000| PB 0x00000000e8600000| Untracked 
| 135|0x00000000e8700000, 0x00000000e8700000, 0x00000000e8800000|  0%| F|  |TAMS 0x00000000e8700000| PB 0x00000000e8700000| Untracked 
| 136|0x00000000e8800000, 0x00000000e8800000, 0x00000000e8900000|  0%| F|  |TAMS 0x00000000e8800000| PB 0x00000000e8800000| Untracked 
| 137|0x00000000e8900000, 0x00000000e8900000, 0x00000000e8a00000|  0%| F|  |TAMS 0x00000000e8900000| PB 0x00000000e8900000| Untracked 
| 138|0x00000000e8a00000, 0x00000000e8a00000, 0x00000000e8b00000|  0%| F|  |TAMS 0x00000000e8a00000| PB 0x00000000e8a00000| Untracked 
| 139|0x00000000e8b00000, 0x00000000e8b00000, 0x00000000e8c00000|  0%| F|  |TAMS 0x00000000e8b00000| PB 0x00000000e8b00000| Untracked 
| 140|0x00000000e8c00000, 0x00000000e8c00000, 0x00000000e8d00000|  0%| F|  |TAMS 0x00000000e8c00000| PB 0x00000000e8c00000| Untracked 
| 141|0x00000000e8d00000, 0x00000000e8d00000, 0x00000000e8e00000|  0%| F|  |TAMS 0x00000000e8d00000| PB 0x00000000e8d00000| Untracked 
| 142|0x00000000e8e00000, 0x00000000e8e00000, 0x00000000e8f00000|  0%| F|  |TAMS 0x00000000e8e00000| PB 0x00000000e8e00000| Untracked 
| 143|0x00000000e8f00000, 0x00000000e8f00000, 0x00000000e9000000|  0%| F|  |TAMS 0x00000000e8f00000| PB 0x00000000e8f00000| Untracked 
| 144|0x00000000e9000000, 0x00000000e9000000, 0x00000000e9100000|  0%| F|  |TAMS 0x00000000e9000000| PB 0x00000000e9000000| Untracked 
| 145|0x00000000e9100000, 0x00000000e9100000, 0x00000000e9200000|  0%| F|  |TAMS 0x00000000e9100000| PB 0x00000000e9100000| Untracked 
| 146|0x00000000e9200000, 0x00000000e9200000, 0x00000000e9300000|  0%| F|  |TAMS 0x00000000e9200000| PB 0x00000000e9200000| Untracked 
| 147|0x00000000e9300000, 0x00000000e9300000, 0x00000000e9400000|  0%| F|  |TAMS 0x00000000e9300000| PB 0x00000000e9300000| Untracked 
| 148|0x00000000e9400000, 0x00000000e9400000, 0x00000000e9500000|  0%| F|  |TAMS 0x00000000e9400000| PB 0x00000000e9400000| Untracked 
| 149|0x00000000e9500000, 0x00000000e9500000, 0x00000000e9600000|  0%| F|  |TAMS 0x00000000e9500000| PB 0x00000000e9500000| Untracked 
| 150|0x00000000e9600000, 0x00000000e9600000, 0x00000000e9700000|  0%| F|  |TAMS 0x00000000e9600000| PB 0x00000000e9600000| Untracked 
| 151|0x00000000e9700000, 0x00000000e9700000, 0x00000000e9800000|  0%| F|  |TAMS 0x00000000e9700000| PB 0x00000000e9700000| Untracked 
| 152|0x00000000e9800000, 0x00000000e9800000, 0x00000000e9900000|  0%| F|  |TAMS 0x00000000e9800000| PB 0x00000000e9800000| Untracked 
| 153|0x00000000e9900000, 0x00000000e9900000, 0x00000000e9a00000|  0%| F|  |TAMS 0x00000000e9900000| PB 0x00000000e9900000| Untracked 
| 154|0x00000000e9a00000, 0x00000000e9a00000, 0x00000000e9b00000|  0%| F|  |TAMS 0x00000000e9a00000| PB 0x00000000e9a00000| Untracked 
| 155|0x00000000e9b00000, 0x00000000e9b00000, 0x00000000e9c00000|  0%| F|  |TAMS 0x00000000e9b00000| PB 0x00000000e9b00000| Untracked 
| 156|0x00000000e9c00000, 0x00000000e9c00000, 0x00000000e9d00000|  0%| F|  |TAMS 0x00000000e9c00000| PB 0x00000000e9c00000| Untracked 
| 157|0x00000000e9d00000, 0x00000000e9d00000, 0x00000000e9e00000|  0%| F|  |TAMS 0x00000000e9d00000| PB 0x00000000e9d00000| Untracked 
| 158|0x00000000e9e00000, 0x00000000e9e00000, 0x00000000e9f00000|  0%| F|  |TAMS 0x00000000e9e00000| PB 0x00000000e9e00000| Untracked 
| 159|0x00000000e9f00000, 0x00000000e9f00000, 0x00000000ea000000|  0%| F|  |TAMS 0x00000000e9f00000| PB 0x00000000e9f00000| Untracked 
| 160|0x00000000ea000000, 0x00000000ea000000, 0x00000000ea100000|  0%| F|  |TAMS 0x00000000ea000000| PB 0x00000000ea000000| Untracked 
| 161|0x00000000ea100000, 0x00000000ea100000, 0x00000000ea200000|  0%| F|  |TAMS 0x00000000ea100000| PB 0x00000000ea100000| Untracked 
| 162|0x00000000ea200000, 0x00000000ea200000, 0x00000000ea300000|  0%| F|  |TAMS 0x00000000ea200000| PB 0x00000000ea200000| Untracked 
| 163|0x00000000ea300000, 0x00000000ea300000, 0x00000000ea400000|  0%| F|  |TAMS 0x00000000ea300000| PB 0x00000000ea300000| Untracked 
| 164|0x00000000ea400000, 0x00000000ea400000, 0x00000000ea500000|  0%| F|  |TAMS 0x00000000ea400000| PB 0x00000000ea400000| Untracked 
| 165|0x00000000ea500000, 0x00000000ea500000, 0x00000000ea600000|  0%| F|  |TAMS 0x00000000ea500000| PB 0x00000000ea500000| Untracked 
| 166|0x00000000ea600000, 0x00000000ea600000, 0x00000000ea700000|  0%| F|  |TAMS 0x00000000ea600000| PB 0x00000000ea600000| Untracked 
| 167|0x00000000ea700000, 0x00000000ea700000, 0x00000000ea800000|  0%| F|  |TAMS 0x00000000ea700000| PB 0x00000000ea700000| Untracked 
| 168|0x00000000ea800000, 0x00000000ea800000, 0x00000000ea900000|  0%| F|  |TAMS 0x00000000ea800000| PB 0x00000000ea800000| Untracked 
| 169|0x00000000ea900000, 0x00000000ea900000, 0x00000000eaa00000|  0%| F|  |TAMS 0x00000000ea900000| PB 0x00000000ea900000| Untracked 
| 170|0x00000000eaa00000, 0x00000000eaa00000, 0x00000000eab00000|  0%| F|  |TAMS 0x00000000eaa00000| PB 0x00000000eaa00000| Untracked 
| 171|0x00000000eab00000, 0x00000000eab00000, 0x00000000eac00000|  0%| F|  |TAMS 0x00000000eab00000| PB 0x00000000eab00000| Untracked 
| 172|0x00000000eac00000, 0x00000000eac00000, 0x00000000ead00000|  0%| F|  |TAMS 0x00000000eac00000| PB 0x00000000eac00000| Untracked 
| 173|0x00000000ead00000, 0x00000000ead00000, 0x00000000eae00000|  0%| F|  |TAMS 0x00000000ead00000| PB 0x00000000ead00000| Untracked 
| 174|0x00000000eae00000, 0x00000000eae00000, 0x00000000eaf00000|  0%| F|  |TAMS 0x00000000eae00000| PB 0x00000000eae00000| Untracked 
| 175|0x00000000eaf00000, 0x00000000eaf00000, 0x00000000eb000000|  0%| F|  |TAMS 0x00000000eaf00000| PB 0x00000000eaf00000| Untracked 
| 176|0x00000000eb000000, 0x00000000eb000000, 0x00000000eb100000|  0%| F|  |TAMS 0x00000000eb000000| PB 0x00000000eb000000| Untracked 
| 177|0x00000000eb100000, 0x00000000eb100000, 0x00000000eb200000|  0%| F|  |TAMS 0x00000000eb100000| PB 0x00000000eb100000| Untracked 
| 178|0x00000000eb200000, 0x00000000eb200000, 0x00000000eb300000|  0%| F|  |TAMS 0x00000000eb200000| PB 0x00000000eb200000| Untracked 
| 179|0x00000000eb300000, 0x00000000eb300000, 0x00000000eb400000|  0%| F|  |TAMS 0x00000000eb300000| PB 0x00000000eb300000| Untracked 
| 180|0x00000000eb400000, 0x00000000eb400000, 0x00000000eb500000|  0%| F|  |TAMS 0x00000000eb400000| PB 0x00000000eb400000| Untracked 
| 181|0x00000000eb500000, 0x00000000eb500000, 0x00000000eb600000|  0%| F|  |TAMS 0x00000000eb500000| PB 0x00000000eb500000| Untracked 
| 182|0x00000000eb600000, 0x00000000eb600000, 0x00000000eb700000|  0%| F|  |TAMS 0x00000000eb600000| PB 0x00000000eb600000| Untracked 
| 183|0x00000000eb700000, 0x00000000eb700000, 0x00000000eb800000|  0%| F|  |TAMS 0x00000000eb700000| PB 0x00000000eb700000| Untracked 
| 184|0x00000000eb800000, 0x00000000eb800000, 0x00000000eb900000|  0%| F|  |TAMS 0x00000000eb800000| PB 0x00000000eb800000| Untracked 
| 185|0x00000000eb900000, 0x00000000eb900000, 0x00000000eba00000|  0%| F|  |TAMS 0x00000000eb900000| PB 0x00000000eb900000| Untracked 
| 186|0x00000000eba00000, 0x00000000eba00000, 0x00000000ebb00000|  0%| F|  |TAMS 0x00000000eba00000| PB 0x00000000eba00000| Untracked 
| 187|0x00000000ebb00000, 0x00000000ebb00000, 0x00000000ebc00000|  0%| F|  |TAMS 0x00000000ebb00000| PB 0x00000000ebb00000| Untracked 
| 188|0x00000000ebc00000, 0x00000000ebc00000, 0x00000000ebd00000|  0%| F|  |TAMS 0x00000000ebc00000| PB 0x00000000ebc00000| Untracked 
| 189|0x00000000ebd00000, 0x00000000ebd00000, 0x00000000ebe00000|  0%| F|  |TAMS 0x00000000ebd00000| PB 0x00000000ebd00000| Untracked 
| 190|0x00000000ebe00000, 0x00000000ebe00000, 0x00000000ebf00000|  0%| F|  |TAMS 0x00000000ebe00000| PB 0x00000000ebe00000| Untracked 
| 191|0x00000000ebf00000, 0x00000000ebf00000, 0x00000000ec000000|  0%| F|  |TAMS 0x00000000ebf00000| PB 0x00000000ebf00000| Untracked 
| 192|0x00000000ec000000, 0x00000000ec000000, 0x00000000ec100000|  0%| F|  |TAMS 0x00000000ec000000| PB 0x00000000ec000000| Untracked 
| 193|0x00000000ec100000, 0x00000000ec100000, 0x00000000ec200000|  0%| F|  |TAMS 0x00000000ec100000| PB 0x00000000ec100000| Untracked 
| 194|0x00000000ec200000, 0x00000000ec200000, 0x00000000ec300000|  0%| F|  |TAMS 0x00000000ec200000| PB 0x00000000ec200000| Untracked 
| 195|0x00000000ec300000, 0x00000000ec300000, 0x00000000ec400000|  0%| F|  |TAMS 0x00000000ec300000| PB 0x00000000ec300000| Untracked 
| 196|0x00000000ec400000, 0x00000000ec400000, 0x00000000ec500000|  0%| F|  |TAMS 0x00000000ec400000| PB 0x00000000ec400000| Untracked 
| 197|0x00000000ec500000, 0x00000000ec500000, 0x00000000ec600000|  0%| F|  |TAMS 0x00000000ec500000| PB 0x00000000ec500000| Untracked 
| 198|0x00000000ec600000, 0x00000000ec6d09c0, 0x00000000ec700000| 81%| S|CS|TAMS 0x00000000ec600000| PB 0x00000000ec600000| Complete 
| 199|0x00000000ec700000, 0x00000000ec800000, 0x00000000ec800000|100%| S|CS|TAMS 0x00000000ec700000| PB 0x00000000ec700000| Complete 
| 200|0x00000000ec800000, 0x00000000ec900000, 0x00000000ec900000|100%| S|CS|TAMS 0x00000000ec800000| PB 0x00000000ec800000| Complete 
| 201|0x00000000ec900000, 0x00000000eca00000, 0x00000000eca00000|100%| S|CS|TAMS 0x00000000ec900000| PB 0x00000000ec900000| Complete 
| 202|0x00000000eca00000, 0x00000000ecb00000, 0x00000000ecb00000|100%| S|CS|TAMS 0x00000000eca00000| PB 0x00000000eca00000| Complete 
| 203|0x00000000ecb00000, 0x00000000ecb00000, 0x00000000ecc00000|  0%| F|  |TAMS 0x00000000ecb00000| PB 0x00000000ecb00000| Untracked 
| 204|0x00000000ecc00000, 0x00000000ecc00000, 0x00000000ecd00000|  0%| F|  |TAMS 0x00000000ecc00000| PB 0x00000000ecc00000| Untracked 
| 205|0x00000000ecd00000, 0x00000000ecd00000, 0x00000000ece00000|  0%| F|  |TAMS 0x00000000ecd00000| PB 0x00000000ecd00000| Untracked 
| 206|0x00000000ece00000, 0x00000000ece00000, 0x00000000ecf00000|  0%| F|  |TAMS 0x00000000ece00000| PB 0x00000000ece00000| Untracked 
| 207|0x00000000ecf00000, 0x00000000ecf00000, 0x00000000ed000000|  0%| F|  |TAMS 0x00000000ecf00000| PB 0x00000000ecf00000| Untracked 
| 208|0x00000000ed000000, 0x00000000ed000000, 0x00000000ed100000|  0%| F|  |TAMS 0x00000000ed000000| PB 0x00000000ed000000| Untracked 
| 209|0x00000000ed100000, 0x00000000ed100000, 0x00000000ed200000|  0%| F|  |TAMS 0x00000000ed100000| PB 0x00000000ed100000| Untracked 
| 210|0x00000000ed200000, 0x00000000ed200000, 0x00000000ed300000|  0%| F|  |TAMS 0x00000000ed200000| PB 0x00000000ed200000| Untracked 
| 211|0x00000000ed300000, 0x00000000ed300000, 0x00000000ed400000|  0%| F|  |TAMS 0x00000000ed300000| PB 0x00000000ed300000| Untracked 
| 212|0x00000000ed400000, 0x00000000ed400000, 0x00000000ed500000|  0%| F|  |TAMS 0x00000000ed400000| PB 0x00000000ed400000| Untracked 
| 213|0x00000000ed500000, 0x00000000ed600000, 0x00000000ed600000|100%| E|  |TAMS 0x00000000ed500000| PB 0x00000000ed500000| Complete 
| 214|0x00000000ed600000, 0x00000000ed700000, 0x00000000ed700000|100%| E|CS|TAMS 0x00000000ed600000| PB 0x00000000ed600000| Complete 
| 215|0x00000000ed700000, 0x00000000ed800000, 0x00000000ed800000|100%| E|CS|TAMS 0x00000000ed700000| PB 0x00000000ed700000| Complete 
| 216|0x00000000ed800000, 0x00000000ed900000, 0x00000000ed900000|100%| E|CS|TAMS 0x00000000ed800000| PB 0x00000000ed800000| Complete 
| 217|0x00000000ed900000, 0x00000000eda00000, 0x00000000eda00000|100%| E|CS|TAMS 0x00000000ed900000| PB 0x00000000ed900000| Complete 
| 218|0x00000000eda00000, 0x00000000edb00000, 0x00000000edb00000|100%| E|CS|TAMS 0x00000000eda00000| PB 0x00000000eda00000| Complete 
| 219|0x00000000edb00000, 0x00000000edc00000, 0x00000000edc00000|100%| E|CS|TAMS 0x00000000edb00000| PB 0x00000000edb00000| Complete 
| 220|0x00000000edc00000, 0x00000000edd00000, 0x00000000edd00000|100%| E|CS|TAMS 0x00000000edc00000| PB 0x00000000edc00000| Complete 
| 221|0x00000000edd00000, 0x00000000ede00000, 0x00000000ede00000|100%| E|CS|TAMS 0x00000000edd00000| PB 0x00000000edd00000| Complete 
| 222|0x00000000ede00000, 0x00000000edf00000, 0x00000000edf00000|100%| E|CS|TAMS 0x00000000ede00000| PB 0x00000000ede00000| Complete 
| 223|0x00000000edf00000, 0x00000000ee000000, 0x00000000ee000000|100%| E|CS|TAMS 0x00000000edf00000| PB 0x00000000edf00000| Complete 
| 224|0x00000000ee000000, 0x00000000ee100000, 0x00000000ee100000|100%| E|CS|TAMS 0x00000000ee000000| PB 0x00000000ee000000| Complete 
| 225|0x00000000ee100000, 0x00000000ee200000, 0x00000000ee200000|100%| E|CS|TAMS 0x00000000ee100000| PB 0x00000000ee100000| Complete 
| 226|0x00000000ee200000, 0x00000000ee300000, 0x00000000ee300000|100%| E|CS|TAMS 0x00000000ee200000| PB 0x00000000ee200000| Complete 
| 227|0x00000000ee300000, 0x00000000ee400000, 0x00000000ee400000|100%| E|CS|TAMS 0x00000000ee300000| PB 0x00000000ee300000| Complete 
| 228|0x00000000ee400000, 0x00000000ee500000, 0x00000000ee500000|100%| E|CS|TAMS 0x00000000ee400000| PB 0x00000000ee400000| Complete 
| 229|0x00000000ee500000, 0x00000000ee600000, 0x00000000ee600000|100%| E|CS|TAMS 0x00000000ee500000| PB 0x00000000ee500000| Complete 
| 230|0x00000000ee600000, 0x00000000ee700000, 0x00000000ee700000|100%| E|CS|TAMS 0x00000000ee600000| PB 0x00000000ee600000| Complete 
| 231|0x00000000ee700000, 0x00000000ee800000, 0x00000000ee800000|100%| E|CS|TAMS 0x00000000ee700000| PB 0x00000000ee700000| Complete 
| 232|0x00000000ee800000, 0x00000000ee900000, 0x00000000ee900000|100%| E|CS|TAMS 0x00000000ee800000| PB 0x00000000ee800000| Complete 
| 233|0x00000000ee900000, 0x00000000eea00000, 0x00000000eea00000|100%| E|CS|TAMS 0x00000000ee900000| PB 0x00000000ee900000| Complete 
| 234|0x00000000eea00000, 0x00000000eeb00000, 0x00000000eeb00000|100%| E|CS|TAMS 0x00000000eea00000| PB 0x00000000eea00000| Complete 
| 235|0x00000000eeb00000, 0x00000000eec00000, 0x00000000eec00000|100%| E|CS|TAMS 0x00000000eeb00000| PB 0x00000000eeb00000| Complete 
| 236|0x00000000eec00000, 0x00000000eed00000, 0x00000000eed00000|100%| E|CS|TAMS 0x00000000eec00000| PB 0x00000000eec00000| Complete 
| 237|0x00000000eed00000, 0x00000000eee00000, 0x00000000eee00000|100%| E|CS|TAMS 0x00000000eed00000| PB 0x00000000eed00000| Complete 
| 238|0x00000000eee00000, 0x00000000eef00000, 0x00000000eef00000|100%| E|CS|TAMS 0x00000000eee00000| PB 0x00000000eee00000| Complete 
| 239|0x00000000eef00000, 0x00000000ef000000, 0x00000000ef000000|100%| E|CS|TAMS 0x00000000eef00000| PB 0x00000000eef00000| Complete 
| 240|0x00000000ef000000, 0x00000000ef100000, 0x00000000ef100000|100%| E|CS|TAMS 0x00000000ef000000| PB 0x00000000ef000000| Complete 
| 241|0x00000000ef100000, 0x00000000ef200000, 0x00000000ef200000|100%| E|CS|TAMS 0x00000000ef100000| PB 0x00000000ef100000| Complete 
| 242|0x00000000ef200000, 0x00000000ef300000, 0x00000000ef300000|100%| E|CS|TAMS 0x00000000ef200000| PB 0x00000000ef200000| Complete 
| 243|0x00000000ef300000, 0x00000000ef400000, 0x00000000ef400000|100%| E|CS|TAMS 0x00000000ef300000| PB 0x00000000ef300000| Complete 
| 244|0x00000000ef400000, 0x00000000ef500000, 0x00000000ef500000|100%| E|CS|TAMS 0x00000000ef400000| PB 0x00000000ef400000| Complete 
| 245|0x00000000ef500000, 0x00000000ef600000, 0x00000000ef600000|100%| E|CS|TAMS 0x00000000ef500000| PB 0x00000000ef500000| Complete 
| 246|0x00000000ef600000, 0x00000000ef700000, 0x00000000ef700000|100%| E|CS|TAMS 0x00000000ef600000| PB 0x00000000ef600000| Complete 
| 247|0x00000000ef700000, 0x00000000ef800000, 0x00000000ef800000|100%| E|CS|TAMS 0x00000000ef700000| PB 0x00000000ef700000| Complete 
| 248|0x00000000ef800000, 0x00000000ef900000, 0x00000000ef900000|100%| E|CS|TAMS 0x00000000ef800000| PB 0x00000000ef800000| Complete 
| 249|0x00000000ef900000, 0x00000000efa00000, 0x00000000efa00000|100%| E|CS|TAMS 0x00000000ef900000| PB 0x00000000ef900000| Complete 
| 250|0x00000000efa00000, 0x00000000efb00000, 0x00000000efb00000|100%| E|CS|TAMS 0x00000000efa00000| PB 0x00000000efa00000| Complete 
| 251|0x00000000efb00000, 0x00000000efc00000, 0x00000000efc00000|100%| E|CS|TAMS 0x00000000efb00000| PB 0x00000000efb00000| Complete 
| 252|0x00000000efc00000, 0x00000000efd00000, 0x00000000efd00000|100%| E|CS|TAMS 0x00000000efc00000| PB 0x00000000efc00000| Complete 
| 253|0x00000000efd00000, 0x00000000efe00000, 0x00000000efe00000|100%| E|CS|TAMS 0x00000000efd00000| PB 0x00000000efd00000| Complete 
| 254|0x00000000efe00000, 0x00000000eff00000, 0x00000000eff00000|100%| E|CS|TAMS 0x00000000efe00000| PB 0x00000000efe00000| Complete 
| 255|0x00000000eff00000, 0x00000000f0000000, 0x00000000f0000000|100%| E|CS|TAMS 0x00000000eff00000| PB 0x00000000eff00000| Complete 

Card table byte_map: [0x0000021a41990000,0x0000021a41a90000] _byte_map_base: 0x0000021a41290000

Marking Bits: (CMBitMap*) 0x0000021a2f38b510
 Bits: [0x0000021a41a90000, 0x0000021a42290000)

Polling page: 0x0000021a2d2f0000

Metaspace:

Usage:
  Non-class:     11.13 MB used.
      Class:      1.73 MB used.
       Both:     12.86 MB used.

Virtual space:
  Non-class space:       64.00 MB reserved,      11.31 MB ( 18%) committed,  1 nodes.
      Class space:      320.00 MB reserved,       1.94 MB ( <1%) committed,  1 nodes.
             Both:      384.00 MB reserved,      13.25 MB (  3%) committed. 

Chunk freelists:
   Non-Class:  4.45 MB
       Class:  14.11 MB
        Both:  18.57 MB

MaxMetaspaceSize: 384.00 MB
CompressedClassSpaceSize: 320.00 MB
Initial GC threshold: 21.00 MB
Current GC threshold: 21.00 MB
CDS: on
 - commit_granule_bytes: 65536.
 - commit_granule_words: 8192.
 - virtual_space_node_default_size: 8388608.
 - enlarge_chunks_in_place: 1.
 - use_allocation_guard: 0.


Internal statistics:

num_allocs_failed_limit: 0.
num_arena_births: 384.
num_arena_deaths: 0.
num_vsnodes_births: 2.
num_vsnodes_deaths: 0.
num_space_committed: 212.
num_space_uncommitted: 0.
num_chunks_returned_to_freelist: 0.
num_chunks_taken_from_freelist: 788.
num_chunk_merges: 0.
num_chunk_splits: 524.
num_chunks_enlarged: 369.
num_inconsistent_stats: 0.

CodeHeap 'non-profiled nmethods': size=120000Kb used=1479Kb max_used=1479Kb free=118520Kb
 bounds [0x0000021a3a030000, 0x0000021a3a2a0000, 0x0000021a41560000]
CodeHeap 'profiled nmethods': size=120000Kb used=5709Kb max_used=5709Kb free=114290Kb
 bounds [0x0000021a32560000, 0x0000021a32b00000, 0x0000021a39a90000]
CodeHeap 'non-nmethods': size=5760Kb used=1507Kb max_used=1540Kb free=4252Kb
 bounds [0x0000021a39a90000, 0x0000021a39d00000, 0x0000021a3a030000]
CodeCache: size=245760Kb, used=8695Kb, max_used=8728Kb, free=237062Kb
 total_blobs=3492, nmethods=2952, adapters=444, full_count=0
Compilation: enabled, stopped_count=0, restarted_count=0

Compilation events (20 events):
Event: 367.672 Thread 0x0000021a5e004670 nmethod 2945 0x0000021a32af0590 code [0x0000021a32af0740, 0x0000021a32af09b8]
Event: 367.672 Thread 0x0000021a5e004670 2946       3       java.util.stream.Collectors$CollectorImpl::<init> (32 bytes)
Event: 367.672 Thread 0x0000021a5e004670 nmethod 2946 0x0000021a32af0a90 code [0x0000021a32af0c40, 0x0000021a32af0fd0]
Event: 367.672 Thread 0x0000021a5e004670 2947       3       java.util.stream.ReduceOps$3::<init> (28 bytes)
Event: 367.673 Thread 0x0000021a5e004670 nmethod 2947 0x0000021a32af1090 code [0x0000021a32af1240, 0x0000021a32af15d0]
Event: 367.673 Thread 0x0000021a5e004670 2948       3       java.util.stream.ReduceOps$ReduceOp::<init> (10 bytes)
Event: 367.673 Thread 0x0000021a5e004670 nmethod 2948 0x0000021a32af1710 code [0x0000021a32af18c0, 0x0000021a32af1a78]
Event: 367.674 Thread 0x0000021a5e004670 2949       3       java.util.stream.ReduceOps$3::getOpFlags (28 bytes)
Event: 367.674 Thread 0x0000021a5e004670 nmethod 2949 0x0000021a32af1b10 code [0x0000021a32af1ce0, 0x0000021a32af1fa0]
Event: 367.674 Thread 0x0000021a5e004670 2950       3       java.util.stream.ReduceOps$ReduceOp::evaluateSequential (18 bytes)
Event: 367.675 Thread 0x0000021a5e004670 nmethod 2950 0x0000021a32af2090 code [0x0000021a32af2260, 0x0000021a32af26e0]
Event: 369.674 Thread 0x0000021a5e004670 2951       3       java.lang.management.ManagementFactory$PlatformMBeanFinder::getMap (4 bytes)
Event: 369.674 Thread 0x0000021a5e004670 nmethod 2951 0x0000021a32af2890 code [0x0000021a32af2a20, 0x0000021a32af2b18]
Event: 369.675 Thread 0x0000021a5e004670 2952       3       java.util.stream.Collectors$$Lambda/0x0000021a46074670::get (8 bytes)
Event: 369.676 Thread 0x0000021a5e004670 nmethod 2952 0x0000021a32af2b90 code [0x0000021a32af2d60, 0x0000021a32af30a8]
Event: 378.363 Thread 0x0000021a5e004670 2953       1       org.gradle.launcher.daemon.server.expiry.DaemonExpirationResult::getStatus (5 bytes)
Event: 378.363 Thread 0x0000021a5e004670 nmethod 2953 0x0000021a3a1a1a90 code [0x0000021a3a1a1c20, 0x0000021a3a1a1ce8]
Event: 378.996 Thread 0x0000021a5e0024f0 2954       4       org.gradle.launcher.daemon.context.DefaultDaemonContext$Serializer::read (229 bytes)
Event: 379.644 Thread 0x0000021a5e004670 2955       3       java.util.concurrent.ScheduledThreadPoolExecutor$ScheduledFutureTask::isPeriodic (15 bytes)
Event: 379.644 Thread 0x0000021a5e004670 nmethod 2955 0x0000021a32af3210 code [0x0000021a32af33a0, 0x0000021a32af3508]

GC Heap History (6 events):
Event: 72.260 GC heap before
{Heap before GC invocations=0 (full 0):
 garbage-first heap   total 262144K, used 23552K [0x00000000e0000000, 0x0000000100000000)
  region size 1024K, 23 young (23552K), 0 survivors (0K)
 Metaspace       used 954K, committed 1088K, reserved 393216K
  class space    used 74K, committed 128K, reserved 327680K
}
Event: 73.172 GC heap after
{Heap after GC invocations=1 (full 0):
 garbage-first heap   total 262144K, used 1535K [0x00000000e0000000, 0x0000000100000000)
  region size 1024K, 2 young (2048K), 2 survivors (2048K)
 Metaspace       used 954K, committed 1088K, reserved 393216K
  class space    used 74K, committed 128K, reserved 327680K
}
Event: 131.278 GC heap before
{Heap before GC invocations=1 (full 0):
 garbage-first heap   total 262144K, used 40447K [0x00000000e0000000, 0x0000000100000000)
  region size 1024K, 38 young (38912K), 2 survivors (2048K)
 Metaspace       used 4395K, committed 4544K, reserved 393216K
  class space    used 555K, committed 640K, reserved 327680K
}
Event: 131.287 GC heap after
{Heap after GC invocations=2 (full 0):
 garbage-first heap   total 262144K, used 10791K [0x00000000e0000000, 0x0000000100000000)
  region size 1024K, 5 young (5120K), 5 survivors (5120K)
 Metaspace       used 4395K, committed 4544K, reserved 393216K
  class space    used 555K, committed 640K, reserved 327680K
}
Event: 175.588 GC heap before
{Heap before GC invocations=2 (full 0):
 garbage-first heap   total 262144K, used 61991K [0x00000000e0000000, 0x0000000100000000)
  region size 1024K, 53 young (54272K), 5 survivors (5120K)
 Metaspace       used 5164K, committed 5376K, reserved 393216K
  class space    used 691K, committed 768K, reserved 327680K
}
Event: 175.605 GC heap after
{Heap after GC invocations=3 (full 0):
 garbage-first heap   total 262144K, used 16644K [0x00000000e0000000, 0x0000000100000000)
  region size 1024K, 5 young (5120K), 5 survivors (5120K)
 Metaspace       used 5164K, committed 5376K, reserved 393216K
  class space    used 691K, committed 768K, reserved 327680K
}

Dll operation events (20 events):
Event: 10.746 Attempting to load shared library C:\Users\duiph\.cursor\extensions\redhat.java-1.56.0-win32-x64\jre\21.0.12.1-win32-x86_64\bin\nio.dll
Event: 10.844 Loaded shared library C:\Users\duiph\.cursor\extensions\redhat.java-1.56.0-win32-x64\jre\21.0.12.1-win32-x86_64\bin\nio.dll
Event: 11.341 Attempting to load shared library C:\Users\duiph\.cursor\extensions\redhat.java-1.56.0-win32-x64\jre\21.0.12.1-win32-x86_64\bin\zip.dll
Event: 11.341 Loaded shared library C:\Users\duiph\.cursor\extensions\redhat.java-1.56.0-win32-x64\jre\21.0.12.1-win32-x86_64\bin\zip.dll
Event: 67.036 Attempting to load shared library C:\Users\duiph\.cursor\extensions\redhat.java-1.56.0-win32-x64\jre\21.0.12.1-win32-x86_64\bin\jimage.dll
Event: 67.036 Loaded shared library C:\Users\duiph\.cursor\extensions\redhat.java-1.56.0-win32-x64\jre\21.0.12.1-win32-x86_64\bin\jimage.dll
Event: 95.459 Attempting to load shared library C:\Users\duiph\.cursor\extensions\redhat.java-1.56.0-win32-x64\jre\21.0.12.1-win32-x86_64\bin\verify.dll
Event: 95.531 Loaded shared library C:\Users\duiph\.cursor\extensions\redhat.java-1.56.0-win32-x64\jre\21.0.12.1-win32-x86_64\bin\verify.dll
Event: 101.138 Attempting to load shared library C:\Users\duiph\.gradle\native\1def1411415f61bf3af743bc5b6707747c0891f09f0c88961ee8f79bc544acac\windows-amd64\native-platform.dll
Event: 101.163 Loaded shared library C:\Users\duiph\.gradle\native\1def1411415f61bf3af743bc5b6707747c0891f09f0c88961ee8f79bc544acac\windows-amd64\native-platform.dll
Event: 102.068 Attempting to load shared library C:\Users\duiph\.gradle\native\0.2.7\x86_64-windows-gnu\gradle-fileevents.dll
Event: 102.107 Loaded shared library C:\Users\duiph\.gradle\native\0.2.7\x86_64-windows-gnu\gradle-fileevents.dll
Event: 179.660 Attempting to load shared library C:\Users\duiph\.cursor\extensions\redhat.java-1.56.0-win32-x64\jre\21.0.12.1-win32-x86_64\bin\management.dll
Event: 179.789 Loaded shared library C:\Users\duiph\.cursor\extensions\redhat.java-1.56.0-win32-x64\jre\21.0.12.1-win32-x86_64\bin\management.dll
Event: 179.865 Attempting to load shared library C:\Users\duiph\.cursor\extensions\redhat.java-1.56.0-win32-x64\jre\21.0.12.1-win32-x86_64\bin\management_ext.dll
Event: 179.874 Loaded shared library C:\Users\duiph\.cursor\extensions\redhat.java-1.56.0-win32-x64\jre\21.0.12.1-win32-x86_64\bin\management_ext.dll
Event: 186.300 Attempting to load shared library C:\Users\duiph\.cursor\extensions\redhat.java-1.56.0-win32-x64\jre\21.0.12.1-win32-x86_64\bin\extnet.dll
Event: 187.760 Loaded shared library C:\Users\duiph\.cursor\extensions\redhat.java-1.56.0-win32-x64\jre\21.0.12.1-win32-x86_64\bin\extnet.dll
Event: 247.261 Attempting to load shared library C:\Users\duiph\.cursor\extensions\redhat.java-1.56.0-win32-x64\jre\21.0.12.1-win32-x86_64\bin\sunmscapi.dll
Event: 247.311 Loaded shared library C:\Users\duiph\.cursor\extensions\redhat.java-1.56.0-win32-x64\jre\21.0.12.1-win32-x86_64\bin\sunmscapi.dll

Deoptimization events (20 events):
Event: 267.897 Thread 0x0000021a5f30b790 DEOPT PACKING pc=0x0000021a3a08b56c sp=0x0000002014ffe920
Event: 267.897 Thread 0x0000021a5f30b790 DEOPT UNPACKING pc=0x0000021a39ae7ba2 sp=0x0000002014ffe8f8 mode 2
Event: 321.499 Thread 0x0000021a5e18fd40 DEOPT PACKING pc=0x0000021a329b26ec sp=0x0000002014dfe3a0
Event: 321.500 Thread 0x0000021a5e18fd40 DEOPT UNPACKING pc=0x0000021a39ae86e2 sp=0x0000002014dfd8e0 mode 0
Event: 335.260 Thread 0x0000021a5ee89ff0 Uncommon trap: trap_request=0xffffff45 fr.pc=0x0000021a3a13c150 relative=0x0000000000000470
Event: 335.260 Thread 0x0000021a5ee89ff0 Uncommon trap: reason=unstable_if action=reinterpret pc=0x0000021a3a13c150 method=java.util.HashMap.getNode(Ljava/lang/Object;)Ljava/util/HashMap$Node; @ 66 c2
Event: 335.260 Thread 0x0000021a5ee89ff0 DEOPT PACKING pc=0x0000021a3a13c150 sp=0x00000020154fc2d0
Event: 335.260 Thread 0x0000021a5ee89ff0 DEOPT UNPACKING pc=0x0000021a39ae7ba2 sp=0x00000020154fc1f0 mode 2
Event: 335.260 Thread 0x0000021a5ee89ff0 Uncommon trap: trap_request=0xffffff45 fr.pc=0x0000021a3a168318 relative=0x0000000000000778
Event: 335.260 Thread 0x0000021a5ee89ff0 Uncommon trap: reason=unstable_if action=reinterpret pc=0x0000021a3a168318 method=java.util.HashMap.putVal(ILjava/lang/Object;Ljava/lang/Object;ZZ)Ljava/lang/Object; @ 94 c2
Event: 335.260 Thread 0x0000021a5ee89ff0 DEOPT PACKING pc=0x0000021a3a168318 sp=0x00000020154fc250
Event: 335.260 Thread 0x0000021a5ee89ff0 DEOPT UNPACKING pc=0x0000021a39ae7ba2 sp=0x00000020154fc1e8 mode 2
Event: 335.260 Thread 0x0000021a5ee89ff0 Uncommon trap: trap_request=0xffffff45 fr.pc=0x0000021a3a135258 relative=0x00000000000003f8
Event: 335.260 Thread 0x0000021a5ee89ff0 Uncommon trap: reason=unstable_if action=reinterpret pc=0x0000021a3a135258 method=java.util.HashMap.getNode(Ljava/lang/Object;)Ljava/util/HashMap$Node; @ 66 c2
Event: 335.260 Thread 0x0000021a5ee89ff0 DEOPT PACKING pc=0x0000021a3a135258 sp=0x00000020154fc270
Event: 335.471 Thread 0x0000021a5ee89ff0 DEOPT UNPACKING pc=0x0000021a39ae7ba2 sp=0x00000020154fc1f0 mode 2
Event: 341.768 Thread 0x0000021a5ee89ff0 Uncommon trap: trap_request=0xffffff45 fr.pc=0x0000021a3a0c9e80 relative=0x00000000000002c0
Event: 341.768 Thread 0x0000021a5ee89ff0 Uncommon trap: reason=unstable_if action=reinterpret pc=0x0000021a3a0c9e80 method=java.util.concurrent.ConcurrentHashMap.get(Ljava/lang/Object;)Ljava/lang/Object; @ 152 c2
Event: 341.768 Thread 0x0000021a5ee89ff0 DEOPT PACKING pc=0x0000021a3a0c9e80 sp=0x00000020154fb7a0
Event: 341.768 Thread 0x0000021a5ee89ff0 DEOPT UNPACKING pc=0x0000021a39ae7ba2 sp=0x00000020154fb708 mode 2

Classes loaded (20 events):
Event: 337.326 Loading class sun/reflect/generics/tree/BottomSignature
Event: 337.326 Loading class sun/reflect/generics/tree/BottomSignature done
Event: 339.292 Loading class sun/reflect/generics/tree/Wildcard
Event: 339.292 Loading class sun/reflect/generics/tree/Wildcard done
Event: 339.292 Loading class sun/reflect/generics/reflectiveObjects/WildcardTypeImpl
Event: 339.296 Loading class sun/reflect/generics/reflectiveObjects/WildcardTypeImpl done
Event: 341.687 Loading class jdk/internal/vm/annotation/IntrinsicCandidate
Event: 341.687 Loading class jdk/internal/vm/annotation/IntrinsicCandidate done
Event: 342.477 Loading class java/util/stream/MatchOps$MatchKind
Event: 342.482 Loading class java/util/stream/MatchOps$MatchKind done
Event: 342.868 Loading class java/util/stream/MatchOps
Event: 342.877 Loading class java/util/stream/MatchOps done
Event: 342.877 Loading class java/util/stream/MatchOps$MatchOp
Event: 342.884 Loading class java/util/stream/MatchOps$MatchOp done
Event: 342.884 Loading class java/util/stream/MatchOps$BooleanTerminalSink
Event: 345.319 Loading class java/util/stream/MatchOps$BooleanTerminalSink done
Event: 345.321 Loading class java/util/stream/MatchOps$1MatchSink
Event: 347.185 Loading class java/util/stream/MatchOps$1MatchSink done
Event: 369.044 Loading class java/lang/TypeNotPresentException
Event: 369.044 Loading class java/lang/TypeNotPresentException done

Classes unloaded (0 events):
No events

Classes redefined (0 events):
No events

Internal exceptions (20 events):
Event: 180.456 Thread 0x0000021a2f3605c0 Exception <a 'java/lang/NoSuchMethodError'{0x00000000efae4048}: 'java.lang.Object java.lang.invoke.Invokers$Holder.invokeExact_MT(java.lang.Object, java.lang.Object, java.lang.Object, java.lang.Object, java.lang.Object, java.lang.Object)'> (0x00000000efae4048) 
thrown [s\src\hotspot\share\interpreter\linkResolver.cpp, line 773]
Event: 180.645 Thread 0x0000021a2f3605c0 Exception <a 'java/lang/NoSuchMethodError'{0x00000000ef978618}: 'java.lang.Object java.lang.invoke.DelegatingMethodHandle$Holder.reinvoke_L(java.lang.Object, java.lang.Object, java.lang.Object, java.lang.Object, java.lang.Object, java.lang.Object, java.lang.Object, java.lang.Object, java.lang.Object, java.lang.Object, java.lang.Object, java.lang.Object, java.lang.Object, java.lang.Object)'> (0x00000000ef978618) 
thrown [s\src\hotspot\share\interpreter\linkResolver.cpp, line 773]
Event: 180.758 Thread 0x0000021a2f3605c0 Exception <a 'java/lang/NoSuchMethodError'{0x00000000ef841980}: 'java.lang.Object java.lang.invoke.DirectMethodHandle$Holder.invokeStatic(java.lang.Object, java.lang.Object, java.lang.Object, java.lang.Object, java.lang.Object, java.lang.Object, java.lang.Object, java.lang.Object, java.lang.Object, java.lang.Object, java.lang.Object, java.lang.Object, java.lang.Object)'> (0x00000000ef841980) 
thrown [s\src\hotspot\share\interpreter\linkResolver.cpp, line 773]
Event: 180.812 Thread 0x0000021a2f3605c0 Exception <a 'java/lang/NoSuchMethodError'{0x00000000ef860f88}: 'java.lang.Object java.lang.invoke.DirectMethodHandle$Holder.invokeStatic(java.lang.Object, java.lang.Object, java.lang.Object, java.lang.Object, java.lang.Object, java.lang.Object, java.lang.Object, java.lang.Object, java.lang.Object, java.lang.Object, java.lang.Object, java.lang.Object, java.lang.Object, java.lang.Object)'> (0x00000000ef860f88) 
thrown [s\src\hotspot\share\interpreter\linkResolver.cpp, line 773]
Event: 180.829 Thread 0x0000021a2f3605c0 Exception <a 'java/lang/NoSuchMethodError'{0x00000000ef881cc8}: 'java.lang.Object java.lang.invoke.DirectMethodHandle$Holder.invokeStatic(java.lang.Object, java.lang.Object, java.lang.Object, java.lang.Object, java.lang.Object, java.lang.Object, java.lang.Object, java.lang.Object, java.lang.Object, java.lang.Object, java.lang.Object, java.lang.Object, java.lang.Object, java.lang.Object, java.lang.Object)'> (0x00000000ef881cc8) 
thrown [s\src\hotspot\share\interpreter\linkResolver.cpp, line 773]
Event: 180.860 Thread 0x0000021a2f3605c0 Exception <a 'java/lang/NoSuchMethodError'{0x00000000ef8a4898}: 'java.lang.Object java.lang.invoke.DirectMethodHandle$Holder.invokeStatic(java.lang.Object, java.lang.Object, java.lang.Object, java.lang.Object, java.lang.Object, java.lang.Object, java.lang.Object, java.lang.Object, java.lang.Object, java.lang.Object, java.lang.Object, java.lang.Object, java.lang.Object, java.lang.Object, java.lang.Object, java.lang.Object)'> (0x00000000ef8a4898) 
thrown [s\src\hotspot\share\interpreter\linkResolver.cpp, lin
Event: 188.194 Thread 0x0000021a2f3605c0 Exception <a 'java/lang/NoSuchMethodError'{0x00000000ef59c328}: 'java.lang.Object java.lang.invoke.DirectMethodHandle$Holder.invokeVirtual(java.lang.Object, java.lang.Object, java.lang.Object, java.lang.Object, java.lang.Object, java.lang.Object, java.lang.Object)'> (0x00000000ef59c328) 
thrown [s\src\hotspot\share\interpreter\linkResolver.cpp, line 773]
Event: 188.440 Thread 0x0000021a2f3605c0 Exception <a 'java/lang/NoSuchMethodError'{0x00000000ef42d130}: 'java.lang.Object java.lang.invoke.DirectMethodHandle$Holder.invokeVirtual(java.lang.Object, java.lang.Object, java.lang.Object, java.lang.Object, java.lang.Object, java.lang.Object, java.lang.Object, java.lang.Object, java.lang.Object)'> (0x00000000ef42d130) 
thrown [s\src\hotspot\share\interpreter\linkResolver.cpp, line 773]
Event: 189.358 Thread 0x0000021a2f3605c0 Exception <a 'java/lang/NoSuchMethodError'{0x00000000ef3cb728}: 'java.lang.Object java.lang.invoke.DirectMethodHandle$Holder.invokeStaticInit(java.lang.Object, int, int, int, int)'> (0x00000000ef3cb728) 
thrown [s\src\hotspot\share\interpreter\linkResolver.cpp, line 773]
Event: 225.322 Thread 0x0000021a2f3605c0 Exception <a 'java/lang/NoSuchMethodError'{0x00000000ef266220}: 'java.lang.Object java.lang.invoke.DirectMethodHandle$Holder.invokeStaticInit(java.lang.Object, java.lang.Object, int, int, int, int)'> (0x00000000ef266220) 
thrown [s\src\hotspot\share\interpreter\linkResolver.cpp, line 773]
Event: 235.769 Thread 0x0000021a2f3605c0 Exception <a 'java/io/IOException'{0x00000000eee49780}> (0x00000000eee49780) 
thrown [s\src\hotspot\share\prims\jni.cpp, line 520]
Event: 235.811 Thread 0x0000021a2f3605c0 Implicit null exception at 0x0000021a3a087524 to 0x0000021a3a087bec
Event: 235.832 Thread 0x0000021a2f3605c0 Exception <a 'java/lang/NoSuchMethodError'{0x00000000eeea43c0}: 'java.lang.Object java.lang.invoke.DirectMethodHandle$Holder.newInvokeSpecial(java.lang.Object, java.lang.Object, java.lang.Object, java.lang.Object, java.lang.Object)'> (0x00000000eeea43c0) 
thrown [s\src\hotspot\share\interpreter\linkResolver.cpp, line 773]
Event: 258.321 Thread 0x0000021a5f49e160 Exception <a 'java/lang/NoSuchMethodError'{0x00000000ee897aa0}: 'void java.lang.invoke.DirectMethodHandle$Holder.invokeSpecial(java.lang.Object, java.lang.Object, java.lang.Object)'> (0x00000000ee897aa0) 
thrown [s\src\hotspot\share\interpreter\linkResolver.cpp, line 773]
Event: 263.890 Thread 0x0000021a5ee89ff0 Exception <a 'java/lang/NoSuchMethodError'{0x00000000ee224b08}: 'long java.lang.invoke.DirectMethodHandle$Holder.invokeInterface(java.lang.Object, java.lang.Object)'> (0x00000000ee224b08) 
thrown [s\src\hotspot\share\interpreter\linkResolver.cpp, line 773]
Event: 267.897 Thread 0x0000021a5f30b790 Implicit null exception at 0x0000021a3a08aea0 to 0x0000021a3a08b554
Event: 274.263 Thread 0x0000021a5ee89ff0 Exception <a 'java/lang/NoSuchMethodError'{0x00000000edecf6b8}: 'void java.lang.invoke.DirectMethodHandle$Holder.invokeStatic(java.lang.Object, java.lang.Object)'> (0x00000000edecf6b8) 
thrown [s\src\hotspot\share\interpreter\linkResolver.cpp, line 773]
Event: 278.365 Thread 0x0000021a5ee89ff0 Exception <a 'java/lang/NoSuchMethodError'{0x00000000edd11328}: 'java.lang.Object java.lang.invoke.DirectMethodHandle$Holder.invokeVirtual(java.lang.Object, java.lang.Object, java.lang.Object, java.lang.Object, java.lang.Object, java.lang.Object, java.lang.Object, java.lang.Object, java.lang.Object, java.lang.Object, java.lang.Object, java.lang.Object)'> (0x00000000edd11328) 
thrown [s\src\hotspot\share\interpreter\linkResolver.cpp, line 773]
Event: 280.166 Thread 0x0000021a5ee89ff0 Exception <a 'java/lang/NoSuchMethodError'{0x00000000edd16350}: 'java.lang.Object java.lang.invoke.DirectMethodHandle$Holder.invokeSpecial(java.lang.Object, java.lang.Object, java.lang.Object, java.lang.Object, java.lang.Object, java.lang.Object, java.lang.Object, java.lang.Object, java.lang.Object, java.lang.Object, java.lang.Object, java.lang.Object, java.lang.Object)'> (0x00000000edd16350) 
thrown [s\src\hotspot\share\interpreter\linkResolver.cpp, line 773]
Event: 355.139 Thread 0x0000021a5ee89ff0 Exception <a 'java/lang/NoSuchMethodError'{0x00000000ed9f5560}: 'int java.lang.invoke.DirectMethodHandle$Holder.invokeVirtual(java.lang.Object, java.lang.Object, java.lang.Object)'> (0x00000000ed9f5560) 
thrown [s\src\hotspot\share\interpreter\linkResolver.cpp, line 773]

ZGC Phase Switch (0 events):
No events

VM Operations (20 events):
Event: 341.385 Executing safepoint VM operation: Cleanup
Event: 341.446 Executing safepoint VM operation: Cleanup done
Event: 342.459 Executing safepoint VM operation: Cleanup
Event: 342.474 Executing safepoint VM operation: Cleanup done
Event: 350.581 Executing safepoint VM operation: Cleanup
Event: 351.301 Executing safepoint VM operation: Cleanup done
Event: 356.360 Executing safepoint VM operation: Cleanup
Event: 357.598 Executing safepoint VM operation: Cleanup done
Event: 358.611 Executing safepoint VM operation: Cleanup
Event: 359.026 Executing safepoint VM operation: Cleanup done
Event: 360.036 Executing safepoint VM operation: Cleanup
Event: 361.017 Executing safepoint VM operation: Cleanup done
Event: 366.074 Executing safepoint VM operation: Cleanup
Event: 366.212 Executing safepoint VM operation: Cleanup done
Event: 367.223 Executing safepoint VM operation: Cleanup
Event: 367.482 Executing safepoint VM operation: Cleanup done
Event: 369.500 Executing safepoint VM operation: Cleanup
Event: 369.516 Executing safepoint VM operation: Cleanup done
Event: 377.592 Executing safepoint VM operation: Cleanup
Event: 378.333 Executing safepoint VM operation: Cleanup done

Memory protections (0 events):
No events

Nmethod flushes (0 events):
No events

Events (20 events):
Event: 6.197 Thread 0x0000021a2f3605c0 Thread added: 0x0000021a44d11f70
Event: 6.228 Thread 0x0000021a2f3605c0 Thread added: 0x0000021a44d15550
Event: 6.229 Thread 0x0000021a2f3605c0 Thread added: 0x0000021a44d19530
Event: 6.260 Thread 0x0000021a2f3605c0 Thread added: 0x0000021a44d1bfa0
Event: 6.261 Thread 0x0000021a2f3605c0 Thread added: 0x0000021a44d1e2e0
Event: 6.262 Thread 0x0000021a2f3605c0 Thread added: 0x0000021a5e000080
Event: 6.305 Thread 0x0000021a2f3605c0 Thread added: 0x0000021a5e0024f0
Event: 6.365 Thread 0x0000021a2f3605c0 Thread added: 0x0000021a5e004670
Event: 9.074 Thread 0x0000021a2f3605c0 Thread added: 0x0000021a5e1fa820
Event: 12.655 Thread 0x0000021a2f3605c0 Thread added: 0x0000021a5e21c680
Event: 180.549 Thread 0x0000021a2f3605c0 Thread added: 0x0000021a5e18fd40
Event: 226.575 Thread 0x0000021a2f3605c0 Thread added: 0x0000021a5f31b830
Event: 235.923 Thread 0x0000021a2f3605c0 Thread added: 0x0000021a5f30b790
Event: 251.831 Thread 0x0000021a5f31b830 Thread added: 0x0000021a5f49e160
Event: 252.001 Thread 0x0000021a5f49e160 Thread added: 0x0000021a5f308820
Event: 255.481 Thread 0x0000021a5f49e160 Thread added: 0x0000021a5f7a8de0
Event: 258.363 Thread 0x0000021a5f49e160 Thread added: 0x0000021a5ee89ff0
Event: 259.656 Thread 0x0000021a5ee89ff0 Thread added: 0x0000021a5f966ff0
Event: 259.791 Thread 0x0000021a5ee89ff0 Thread added: 0x0000021a5f967680
Event: 260.609 Thread 0x0000021a5ee89ff0 Thread added: 0x0000021a5f968a30


Dynamic libraries:
0x00007ff787920000 - 0x00007ff78792e000 	C:\Users\duiph\.cursor\extensions\redhat.java-1.56.0-win32-x64\jre\21.0.12.1-win32-x86_64\bin\java.exe
0x00007ffffe920000 - 0x00007ffffeb87000 	C:\WINDOWS\SYSTEM32\ntdll.dll
0x00007ffffd860000 - 0x00007ffffd92b000 	C:\WINDOWS\System32\KERNEL32.DLL
0x00007ffffbea0000 - 0x00007ffffc2a2000 	C:\WINDOWS\System32\KERNELBASE.dll
0x00007ffffbd40000 - 0x00007ffffbe8c000 	C:\WINDOWS\System32\ucrtbase.dll
0x00007fffdf900000 - 0x00007fffdf918000 	C:\Users\duiph\.cursor\extensions\redhat.java-1.56.0-win32-x64\jre\21.0.12.1-win32-x86_64\bin\jli.dll
0x00007ffffdda0000 - 0x00007ffffdf6f000 	C:\WINDOWS\System32\USER32.dll
0x00007ffffbbe0000 - 0x00007ffffbc07000 	C:\WINDOWS\System32\win32u.dll
0x00007ffffc640000 - 0x00007ffffc66b000 	C:\WINDOWS\System32\GDI32.dll
0x00007ffffbc10000 - 0x00007ffffbd39000 	C:\WINDOWS\System32\gdi32full.dll
0x00007ffffc400000 - 0x00007ffffc4a3000 	C:\WINDOWS\System32\msvcp_win.dll
0x00007fffe00e0000 - 0x00007fffe00fe000 	C:\Users\duiph\.cursor\extensions\redhat.java-1.56.0-win32-x64\jre\21.0.12.1-win32-x86_64\bin\VCRUNTIME140.dll
0x00007fffe1660000 - 0x00007fffe18f0000 	C:\WINDOWS\WinSxS\amd64_microsoft.windows.common-controls_6595b64144ccf1df_6.0.26100.9278_none_3e0d1ba8e3303201\COMCTL32.dll
0x00007ffffe710000 - 0x00007ffffe7b9000 	C:\WINDOWS\System32\msvcrt.dll
0x00007ffffe000000 - 0x00007ffffe031000 	C:\WINDOWS\System32\IMM32.DLL
0x00007fffe07c0000 - 0x00007fffe07cc000 	C:\Users\duiph\.cursor\extensions\redhat.java-1.56.0-win32-x64\jre\21.0.12.1-win32-x86_64\bin\vcruntime140_1.dll
0x00007fff94ff0000 - 0x00007fff9507d000 	C:\Users\duiph\.cursor\extensions\redhat.java-1.56.0-win32-x64\jre\21.0.12.1-win32-x86_64\bin\msvcp140.dll
0x00007fff08ca0000 - 0x00007fff09a42000 	C:\Users\duiph\.cursor\extensions\redhat.java-1.56.0-win32-x64\jre\21.0.12.1-win32-x86_64\bin\server\jvm.dll
0x00007ffffc9d0000 - 0x00007ffffca8c000 	C:\WINDOWS\System32\ADVAPI32.dll
0x00007ffffcaa0000 - 0x00007ffffcb49000 	C:\WINDOWS\System32\sechost.dll
0x00007ffffe7c0000 - 0x00007ffffe8d8000 	C:\WINDOWS\System32\RPCRT4.dll
0x00007ffffe4a0000 - 0x00007ffffe520000 	C:\WINDOWS\System32\WS2_32.dll
0x00007ffffb980000 - 0x00007ffffb9de000 	C:\WINDOWS\SYSTEM32\POWRPROF.dll
0x00007fffe4790000 - 0x00007fffe47c6000 	C:\WINDOWS\SYSTEM32\WINMM.dll
0x00007fffebd00000 - 0x00007fffebd0b000 	C:\WINDOWS\SYSTEM32\VERSION.dll
0x00007ffffb960000 - 0x00007ffffb975000 	C:\WINDOWS\SYSTEM32\UMPDC.dll
0x00007ffffa7f0000 - 0x00007ffffa80b000 	C:\WINDOWS\SYSTEM32\kernel.appcore.dll
0x00007fffe00d0000 - 0x00007fffe00da000 	C:\Users\duiph\.cursor\extensions\redhat.java-1.56.0-win32-x64\jre\21.0.12.1-win32-x86_64\bin\jimage.dll
0x00007ffff9130000 - 0x00007ffff937c000 	C:\WINDOWS\SYSTEM32\DBGHELP.DLL
0x00007ffffe100000 - 0x00007ffffe485000 	C:\WINDOWS\System32\combase.dll
0x00007ffffd780000 - 0x00007ffffd859000 	C:\WINDOWS\System32\OLEAUT32.dll
0x00007fffd6b20000 - 0x00007fffd6b5b000 	C:\WINDOWS\SYSTEM32\dbgcore.DLL
0x00007ffffbb20000 - 0x00007ffffbbcc000 	C:\WINDOWS\System32\bcryptPrimitives.dll
0x00007fffe9740000 - 0x00007fffe974f000 	C:\Users\duiph\.cursor\extensions\redhat.java-1.56.0-win32-x64\jre\21.0.12.1-win32-x86_64\bin\instrument.dll
0x00007fffddcb0000 - 0x00007fffddcd0000 	C:\Users\duiph\.cursor\extensions\redhat.java-1.56.0-win32-x64\jre\21.0.12.1-win32-x86_64\bin\java.dll
0x00007ffffcfe0000 - 0x00007ffffd778000 	C:\WINDOWS\System32\SHELL32.dll
0x00007ffff9580000 - 0x00007ffff9e2e000 	C:\WINDOWS\SYSTEM32\windows.storage.dll
0x00007ffffc7d0000 - 0x00007ffffc8cb000 	C:\WINDOWS\System32\SHCORE.dll
0x00007ffffdf80000 - 0x00007ffffdfe6000 	C:\WINDOWS\System32\shlwapi.dll
0x00007ffffba40000 - 0x00007ffffba69000 	C:\WINDOWS\SYSTEM32\profapi.dll
0x00007fffd0db0000 - 0x00007fffd0dc8000 	C:\Users\duiph\.cursor\extensions\redhat.java-1.56.0-win32-x64\jre\21.0.12.1-win32-x86_64\bin\zip.dll
0x00007fffdfc10000 - 0x00007fffdfc20000 	C:\Users\duiph\.cursor\extensions\redhat.java-1.56.0-win32-x64\jre\21.0.12.1-win32-x86_64\bin\net.dll
0x00007ffff12e0000 - 0x00007ffff140a000 	C:\WINDOWS\SYSTEM32\WINHTTP.dll
0x00007ffffadb0000 - 0x00007ffffae1c000 	C:\WINDOWS\system32\mswsock.dll
0x00007fffd4c10000 - 0x00007fffd4c26000 	C:\Users\duiph\.cursor\extensions\redhat.java-1.56.0-win32-x64\jre\21.0.12.1-win32-x86_64\bin\nio.dll
0x00007ffff3a20000 - 0x00007ffff3a30000 	C:\Users\duiph\.cursor\extensions\redhat.java-1.56.0-win32-x64\jre\21.0.12.1-win32-x86_64\bin\verify.dll
0x00007fffdcc20000 - 0x00007fffdcc47000 	C:\Users\duiph\.gradle\native\1def1411415f61bf3af743bc5b6707747c0891f09f0c88961ee8f79bc544acac\windows-amd64\native-platform.dll
0x00007fffcefc0000 - 0x00007fffcf038000 	C:\Users\duiph\.gradle\native\0.2.7\x86_64-windows-gnu\gradle-fileevents.dll
0x00007ffff3a10000 - 0x00007ffff3a1a000 	C:\Users\duiph\.cursor\extensions\redhat.java-1.56.0-win32-x64\jre\21.0.12.1-win32-x86_64\bin\management.dll
0x00007fffebf80000 - 0x00007fffebf8c000 	C:\Users\duiph\.cursor\extensions\redhat.java-1.56.0-win32-x64\jre\21.0.12.1-win32-x86_64\bin\management_ext.dll
0x00007ffffc960000 - 0x00007ffffc968000 	C:\WINDOWS\System32\PSAPI.DLL
0x00007ffffa2f0000 - 0x00007ffffa323000 	C:\WINDOWS\SYSTEM32\IPHLPAPI.DLL
0x00007ffffe490000 - 0x00007ffffe49a000 	C:\WINDOWS\System32\NSI.dll
0x00007fffebf70000 - 0x00007fffebf79000 	C:\Users\duiph\.cursor\extensions\redhat.java-1.56.0-win32-x64\jre\21.0.12.1-win32-x86_64\bin\extnet.dll
0x00007ffffb0a0000 - 0x00007ffffb0bb000 	C:\WINDOWS\SYSTEM32\CRYPTSP.dll
0x00007ffffa750000 - 0x00007ffffa789000 	C:\WINDOWS\system32\rsaenh.dll
0x00007ffffae60000 - 0x00007ffffae94000 	C:\WINDOWS\SYSTEM32\USERENV.dll
0x00007ffffba10000 - 0x00007ffffba3a000 	C:\WINDOWS\SYSTEM32\bcrypt.dll
0x00007ffffb0c0000 - 0x00007ffffb0cc000 	C:\WINDOWS\SYSTEM32\CRYPTBASE.dll
0x00007fffe4d30000 - 0x00007fffe4d3e000 	C:\Users\duiph\.cursor\extensions\redhat.java-1.56.0-win32-x64\jre\21.0.12.1-win32-x86_64\bin\sunmscapi.dll
0x00007ffffc4b0000 - 0x00007ffffc62e000 	C:\WINDOWS\System32\CRYPT32.dll
0x00007ffffb2e0000 - 0x00007ffffb310000 	C:\WINDOWS\SYSTEM32\ncrypt.dll
0x00007ffffb290000 - 0x00007ffffb2cf000 	C:\WINDOWS\SYSTEM32\NTASN1.dll
0x00007fffb5fa0000 - 0x00007fffb5fa8000 	C:\WINDOWS\system32\wshunix.dll

JVMTI agents:
C:\Users\duiph\.gradle\wrapper\dists\gradle-8.14.4-bin\92wwslzcyst3phie3o264zltu\gradle-8.14.4\lib\agents\gradle-instrumentation-agent-8.14.4.jar path:C:\Users\duiph\.cursor\extensions\redhat.java-1.56.0-win32-x64\jre\21.0.12.1-win32-x86_64\bin\instrument.dll, loaded, initialized, instrumentlib options:none

dbghelp: loaded successfully - version: 4.0.5 - missing functions: none
symbol engine: initialized successfully - sym options: 0x614 - pdb path: .;C:\Users\duiph\.cursor\extensions\redhat.java-1.56.0-win32-x64\jre\21.0.12.1-win32-x86_64\bin;C:\WINDOWS\SYSTEM32;C:\WINDOWS\WinSxS\amd64_microsoft.windows.common-controls_6595b64144ccf1df_6.0.26100.9278_none_3e0d1ba8e3303201;C:\Users\duiph\.cursor\extensions\redhat.java-1.56.0-win32-x64\jre\21.0.12.1-win32-x86_64\bin\server;C:\Users\duiph\.gradle\native\1def1411415f61bf3af743bc5b6707747c0891f09f0c88961ee8f79bc544acac\windows-amd64;C:\Users\duiph\.gradle\native\0.2.7\x86_64-windows-gnu

VM Arguments:
jvm_args: --add-opens=java.base/java.lang=ALL-UNNAMED --add-opens=java.base/java.lang.invoke=ALL-UNNAMED --add-opens=java.base/java.util=ALL-UNNAMED --add-opens=java.prefs/java.util.prefs=ALL-UNNAMED --add-exports=jdk.compiler/com.sun.tools.javac.api=ALL-UNNAMED --add-exports=jdk.compiler/com.sun.tools.javac.util=ALL-UNNAMED --add-opens=java.base/java.util=ALL-UNNAMED --add-opens=java.prefs/java.util.prefs=ALL-UNNAMED --add-opens=java.base/java.nio.charset=ALL-UNNAMED --add-opens=java.base/java.net=ALL-UNNAMED --add-opens=java.base/java.util.concurrent.atomic=ALL-UNNAMED --add-opens=java.xml/javax.xml.namespace=ALL-UNNAMED -XX:MaxMetaspaceSize=384m -XX:+HeapDumpOnOutOfMemoryError -Xms256m -Xmx512m -Dfile.encoding=UTF-8 -Duser.country=KR -Duser.language=ko -Duser.variant -javaagent:C:\Users\duiph\.gradle\wrapper\dists\gradle-8.14.4-bin\92wwslzcyst3phie3o264zltu\gradle-8.14.4\lib\agents\gradle-instrumentation-agent-8.14.4.jar 
java_command: org.gradle.launcher.daemon.bootstrap.GradleDaemon 8.14.4
java_class_path (initial): C:\Users\duiph\.gradle\wrapper\dists\gradle-8.14.4-bin\92wwslzcyst3phie3o264zltu\gradle-8.14.4\lib\gradle-daemon-main-8.14.4.jar
Launcher Type: SUN_STANDARD

[Global flags]
     intx CICompilerCount                          = 4                                         {product} {ergonomic}
   size_t CompressedClassSpaceSize                 = 335544320                                 {product} {ergonomic}
     uint ConcGCThreads                            = 2                                         {product} {ergonomic}
     uint G1ConcRefinementThreads                  = 8                                         {product} {ergonomic}
   size_t G1HeapRegionSize                         = 1048576                                   {product} {ergonomic}
    uintx GCDrainStackTargetSize                   = 64                                        {product} {ergonomic}
     bool HeapDumpOnOutOfMemoryError               = true                                   {manageable} {command line}
   size_t InitialHeapSize                          = 268435456                                 {product} {command line}
   size_t MarkStackSize                            = 4194304                                   {product} {ergonomic}
   size_t MaxHeapSize                              = 536870912                                 {product} {command line}
   size_t MaxMetaspaceSize                         = 402653184                                 {product} {command line}
   size_t MaxNewSize                               = 321912832                                 {product} {ergonomic}
   size_t MinHeapDeltaBytes                        = 1048576                                   {product} {ergonomic}
   size_t MinHeapSize                              = 268435456                                 {product} {command line}
    uintx NonNMethodCodeHeapSize                   = 5839372                                {pd product} {ergonomic}
    uintx NonProfiledCodeHeapSize                  = 122909434                              {pd product} {ergonomic}
    uintx ProfiledCodeHeapSize                     = 122909434                              {pd product} {ergonomic}
    uintx ReservedCodeCacheSize                    = 251658240                              {pd product} {ergonomic}
     bool SegmentedCodeCache                       = true                                      {product} {ergonomic}
   size_t SoftMaxHeapSize                          = 536870912                              {manageable} {ergonomic}
     bool UseCompressedOops                        = true                           {product lp64_product} {ergonomic}
     bool UseG1GC                                  = true                                      {product} {ergonomic}
     bool UseLargePagesIndividualAllocation        = false                                  {pd product} {ergonomic}

Logging:
Log output configuration:
 #0: stdout all=warning uptime,level,tags foldmultilines=false
 #1: stderr all=off uptime,level,tags foldmultilines=false

Release file:
JAVA_VERSION="21.0.12.1" 
MODULES="java.base java.compiler java.datatransfer java.xml java.prefs java.desktop java.instrument java.logging java.management java.security.sasl java.naming java.rmi java.management.rmi java.net.http java.scripting java.security.jgss java.transaction.xa java.sql java.sql.rowset java.xml.crypto java.se java.smartcardio jdk.accessibility jdk.internal.jvmstat jdk.attach jdk.charsets jdk.internal.opt jdk.zipfs jdk.compiler jdk.crypto.ec jdk.crypto.cryptoki jdk.crypto.mscapi jdk.dynalink jdk.internal.ed jdk.editpad jdk.hotspot.agent jdk.httpserver jdk.internal.le jdk.internal.vm.ci jdk.internal.vm.compiler jdk.internal.vm.compiler.management jdk.jartool jdk.javadoc jdk.jcmd jdk.management jdk.management.agent jdk.jconsole jdk.jdeps jdk.jdwp.agent jdk.jdi jdk.jfr jdk.jshell jdk.jsobject jdk.jstatd jdk.localedata jdk.management.jfr jdk.naming.dns jdk.naming.rmi jdk.net jdk.nio.mapmode jdk.random jdk.sctp jdk.security.auth jdk.security.jgss jdk.unsupported jdk.unsupported.desktop jdk.xml.dom" 

Environment Variables:
JAVA_HOME=C:\Program Files\Java\jdk-17
CLASSPATH=C:\Program Files\Java\jdk-17\lib
PATH=C:\Program Files\Java\jdk-17\bin;C:\Program Files\Common Files\Oracle\Java\javapath;C:\Program Files (x86)\Common Files\Oracle\Java\javapath;C:\WINDOWS\system32;C:\WINDOWS;C:\WINDOWS\System32\Wbem;C:\WINDOWS\System32\WindowsPowerShell\v1.0\;C:\WINDOWS\System32\OpenSSH\;C:\Program Files\Git\cmd;C:\Program Files\Java\jdk-17.0.5\bin;C:\Program Files\Java\jdk-11\bin;C:\Program Files\Docker\Docker\resources\bin;C:\Program Files\MySQL\MySQL Server 8.0\bin;%NVM_HOME%;%NVM_SYMLINK%;C:\Program Files\dotnet\;C:\Program Files\MySQL\MySQL Shell 8.0\bin\;C:\Users\duiph\AppData\Local\Microsoft\WindowsApps;C:\Program Files\JetBrains\IntelliJ IDEA Community Edition 2023.2.1\bin;C:\Program Files\MariaDB 11.2\bin;C:\Program Files\JetBrains\IntelliJ IDEA 2023.3.4\bin;C:\Users\duiph\AppData\Local\gitkraken\bin;C:\Program Files\JetBrains\IntelliJ IDEA 2020.2.3\bin;;C:\Users\duiph\AppData\Roaming\npm;C:\Users\duiph\AppData\Local\Microsoft\WindowsApps;C:\Users\duiph\AppData\Local\Microsoft\WinGet\Packages\Schniz.fnm_Microsoft.Winget.Source_8wekyb3d8bbwe;C:\Users\duiph\AppData\Local\nvm;C:\nvm4w\nodejs;C:\Users\duiph\AppData\Local\Programs\Microsoft VS Code\bin;C:\Users\duiph\AppData\Local\Programs\cursor\resources\app\bin
USERNAME=minseon
TMPDIR=C:\Users\Public\Documents\ESTsoft\CreatorTemp
OS=Windows_NT
PROCESSOR_IDENTIFIER=Intel64 Family 6 Model 140 Stepping 1, GenuineIntel
TMP=C:\Users\duiph\AppData\Local\Temp
TEMP=C:\Users\duiph\AppData\Local\Temp




Periodic native trim disabled

---------------  S Y S T E M  ---------------

OS:
 Windows 11 , 64 bit Build 26100 (10.0.26100.9444)
OS uptime: 6 days 23:33 hours
Hyper-V role detected

CPU: total 8 (initial active 8) (4 cores per cpu, 2 threads per core) family 6 model 140 stepping 1 microcode 0xb4, cx8, cmov, fxsr, ht, mmx, 3dnowpref, sse, sse2, sse3, ssse3, sse4.1, sse4.2, popcnt, lzcnt, tsc, tscinvbit, avx, avx2, aes, erms, clmul, bmi1, bmi2, adx, avx512f, avx512dq, avx512cd, avx512bw, avx512vl, sha, fma, vzeroupper, avx512_vpopcntdq, avx512_vpclmulqdq, avx512_vaes, avx512_vnni, clflush, clflushopt, clwb, avx512_vbmi2, avx512_vbmi, hv, rdtscp, rdpid, fsrm, gfni, avx512_bitalg, f16c, cet_ibt, cet_ss, avx512_ifma
Processor Information for processor 0
  Max Mhz: 2803, Current Mhz: 2803, Mhz Limit: 2803
Processor Information for processor 1
  Max Mhz: 2803, Current Mhz: 2803, Mhz Limit: 2803
Processor Information for processor 2
  Max Mhz: 2803, Current Mhz: 2803, Mhz Limit: 2803
Processor Information for processor 3
  Max Mhz: 2803, Current Mhz: 2803, Mhz Limit: 2803
Processor Information for processor 4
  Max Mhz: 2803, Current Mhz: 2803, Mhz Limit: 2803
Processor Information for processor 5
  Max Mhz: 2803, Current Mhz: 2803, Mhz Limit: 2803
Processor Information for processor 6
  Max Mhz: 2803, Current Mhz: 1001, Mhz Limit: 2803
Processor Information for processor 7
  Max Mhz: 2803, Current Mhz: 1001, Mhz Limit: 2803

Memory: 4k page, system-wide physical 16057M (233M free)
TotalPageFile size 61464M (AvailPageFile size 5M)
current process WorkingSet (physical memory assigned to process): 65M, peak: 130M
current process commit charge ("private bytes"): 393M, peak: 395M

vm_info: OpenJDK 64-Bit Server VM (21.0.12.1+1-LTS) for windows-amd64 JRE (21.0.12.1+1-LTS), built on 2026-08-18T00:00:00Z by "admin" with MS VC++ 17.12 (VS2022)

END.
