#
# There is insufficient memory for the Java Runtime Environment to continue.
# Native memory allocation (malloc) failed to allocate 1530896 bytes. Error detail: Chunk::new
# Possible reasons:
#   The system is out of physical RAM or swap space
#   This process is running with CompressedOops enabled, and the Java Heap may be blocking the growth of the native heap
# Possible solutions:
#   Reduce memory load on the system
#   Increase physical memory or swap space
#   Check if swap backing store is full
#   Decrease Java heap size (-Xmx/-Xms)
#   Decrease number of Java threads
#   Decrease Java thread stack sizes (-Xss)
#   Set larger code cache with -XX:ReservedCodeCacheSize=
#   JVM is running with Unscaled Compressed Oops mode in which the Java heap is
#     placed in the first 4GB address space. The Java Heap base address is the
#     maximum limit for the native heap growth. Please use -XX:HeapBaseMinAddress
#     to set the Java Heap base and to place the Java Heap above 4GB virtual address.
# This output file may be truncated or incomplete.
#
#  Out of Memory Error (arena.cpp:168), pid=32624, tid=37616
#
# JRE version: OpenJDK Runtime Environment Temurin-21.0.12.1+1 (21.0.12.1+1) (build 21.0.12.1+1-LTS)
# Java VM: OpenJDK 64-Bit Server VM Temurin-21.0.12.1+1 (21.0.12.1+1-LTS, mixed mode, sharing, tiered, compressed oops, compressed class ptrs, g1 gc, windows-amd64)
# No core dump will be written. Minidumps are not enabled by default on client versions of Windows
#

---------------  S U M M A R Y ------------

Command Line: --add-opens=java.base/java.lang=ALL-UNNAMED --add-opens=java.base/java.lang.invoke=ALL-UNNAMED --add-opens=java.base/java.util=ALL-UNNAMED --add-opens=java.prefs/java.util.prefs=ALL-UNNAMED --add-exports=jdk.compiler/com.sun.tools.javac.api=ALL-UNNAMED --add-exports=jdk.compiler/com.sun.tools.javac.util=ALL-UNNAMED --add-opens=java.base/java.util=ALL-UNNAMED --add-opens=java.prefs/java.util.prefs=ALL-UNNAMED --add-opens=java.base/java.nio.charset=ALL-UNNAMED --add-opens=java.base/java.net=ALL-UNNAMED --add-opens=java.base/java.util.concurrent.atomic=ALL-UNNAMED --add-opens=java.xml/javax.xml.namespace=ALL-UNNAMED -XX:MaxMetaspaceSize=384m -XX:+HeapDumpOnOutOfMemoryError -Xms256m -Xmx512m -Dfile.encoding=UTF-8 -Duser.country=KR -Duser.language=ko -Duser.variant -javaagent:C:\Users\duiph\.gradle\wrapper\dists\gradle-8.14.4-bin\92wwslzcyst3phie3o264zltu\gradle-8.14.4\lib\agents\gradle-instrumentation-agent-8.14.4.jar org.gradle.launcher.daemon.bootstrap.GradleDaemon 8.14.4

Host: 11th Gen Intel(R) Core(TM) i7-1165G7 @ 2.80GHz, 8 cores, 15G,  Windows 11 , 64 bit Build 26100 (10.0.26100.9444)
Time: Wed Sep 16 21:54:14 2026 elapsed time: 787.758055 seconds (0d 0h 13m 7s)

---------------  T H R E A D  ---------------

Current thread (0x0000029eb28a0080):  JavaThread "C2 CompilerThread0" daemon [_thread_in_native, id=37616, stack(0x000000fcb7f00000,0x000000fcb8000000) (1024K)]


Current CompileTask:
C2:787758 4462       4       java.lang.String::split (148 bytes)

Stack: [0x000000fcb7f00000,0x000000fcb8000000]
Native frames: (J=compiled Java code, j=interpreted, Vv=VM code, C=native code)
V  [jvm.dll+0x6d83e9]
V  [jvm.dll+0x8b5736]
V  [jvm.dll+0x8b7cee]
V  [jvm.dll+0x8b83d3]
V  [jvm.dll+0x284596]
V  [jvm.dll+0xc685d]
V  [jvm.dll+0xc6da1]
V  [jvm.dll+0x3bf151]
V  [jvm.dll+0x38b6d2]
V  [jvm.dll+0x38ab1a]
V  [jvm.dll+0x24c700]
V  [jvm.dll+0x24bce0]
V  [jvm.dll+0x1cb4ae]
V  [jvm.dll+0x25baad]
V  [jvm.dll+0x25a03a]
V  [jvm.dll+0x3f8aae]
V  [jvm.dll+0x8600cd]
V  [jvm.dll+0x6d6c1d]
C  [ucrtbase.dll+0x2cd30]
C  [KERNEL32.DLL+0x2cd87]
C  [ntdll.dll+0xacaec]


---------------  P R O C E S S  ---------------

Threads class SMR info:
_java_thread_list=0x0000029ece6966a0, length=30, elements={
0x0000029e9b3106e0, 0x0000029eb284fe50, 0x0000029eb2852380, 0x0000029eb28562b0,
0x0000029eb285b730, 0x0000029eb285c540, 0x0000029eb285cfa0, 0x0000029eb28a0080,
0x0000029eb28ce550, 0x0000029eb2b530d0, 0x0000029eb2aed880, 0x0000029ecce80a30,
0x0000029ecd58c010, 0x0000029eb291eda0, 0x0000029ecd022570, 0x0000029ecd0b9b30,
0x0000029eb28ec370, 0x0000029ecd6b0590, 0x0000029ecd6b0c20, 0x0000029ecd6b2660,
0x0000029ecd6b12b0, 0x0000029ecd6b1fd0, 0x0000029ecd6aff00, 0x0000029ecd6b1940,
0x0000029ecf07e350, 0x0000029ecf07e9e0, 0x0000029ecf07f070, 0x0000029ecf07f700,
0x0000029ecf07cfa0, 0x0000029ecf080ab0
}

Java Threads: ( => current thread )
  0x0000029e9b3106e0 JavaThread "main"                              [_thread_blocked, id=43228, stack(0x000000fcb7100000,0x000000fcb7200000) (1024K)]
  0x0000029eb284fe50 JavaThread "Reference Handler"          daemon [_thread_blocked, id=21780, stack(0x000000fcb7900000,0x000000fcb7a00000) (1024K)]
  0x0000029eb2852380 JavaThread "Finalizer"                  daemon [_thread_blocked, id=29536, stack(0x000000fcb7a00000,0x000000fcb7b00000) (1024K)]
  0x0000029eb28562b0 JavaThread "Signal Dispatcher"          daemon [_thread_blocked, id=2908, stack(0x000000fcb7b00000,0x000000fcb7c00000) (1024K)]
  0x0000029eb285b730 JavaThread "Attach Listener"            daemon [_thread_blocked, id=49712, stack(0x000000fcb7c00000,0x000000fcb7d00000) (1024K)]
  0x0000029eb285c540 JavaThread "Service Thread"             daemon [_thread_blocked, id=46940, stack(0x000000fcb7d00000,0x000000fcb7e00000) (1024K)]
  0x0000029eb285cfa0 JavaThread "Monitor Deflation Thread"   daemon [_thread_blocked, id=48788, stack(0x000000fcb7e00000,0x000000fcb7f00000) (1024K)]
=>0x0000029eb28a0080 JavaThread "C2 CompilerThread0"         daemon [_thread_in_native, id=37616, stack(0x000000fcb7f00000,0x000000fcb8000000) (1024K)]
  0x0000029eb28ce550 JavaThread "C1 CompilerThread0"         daemon [_thread_blocked, id=41784, stack(0x000000fcb8000000,0x000000fcb8100000) (1024K)]
  0x0000029eb2b530d0 JavaThread "Common-Cleaner"             daemon [_thread_blocked, id=8344, stack(0x000000fcb8100000,0x000000fcb8200000) (1024K)]
  0x0000029eb2aed880 JavaThread "Notification Thread"        daemon [_thread_blocked, id=28140, stack(0x000000fcb8200000,0x000000fcb8300000) (1024K)]
  0x0000029ecce80a30 JavaThread "Daemon health stats"               [_thread_blocked, id=48440, stack(0x000000fcb8900000,0x000000fcb8a00000) (1024K)]
  0x0000029ecd58c010 JavaThread "Incoming local TCP Connector on port 65156"        [_thread_in_native, id=51744, stack(0x000000fcb8a00000,0x000000fcb8b00000) (1024K)]
  0x0000029eb291eda0 JavaThread "Daemon periodic checks"            [_thread_blocked, id=44476, stack(0x000000fcb8b00000,0x000000fcb8c00000) (1024K)]
  0x0000029ecd022570 JavaThread "Daemon"                            [_thread_blocked, id=51728, stack(0x000000fcb8d00000,0x000000fcb8e00000) (1024K)]
  0x0000029ecd0b9b30 JavaThread "Handler for socket connection from /127.0.0.1:65156 to /127.0.0.1:65157"        [_thread_in_native, id=42628, stack(0x000000fcb8e00000,0x000000fcb8f00000) (1024K)]
  0x0000029eb28ec370 JavaThread "Cancel handler"                    [_thread_blocked, id=53216, stack(0x000000fcb8f00000,0x000000fcb9000000) (1024K)]
  0x0000029ecd6b0590 JavaThread "Daemon worker"                     [_thread_in_vm, id=49440, stack(0x000000fcb9000000,0x000000fcb9100000) (1024K)]
  0x0000029ecd6b0c20 JavaThread "Asynchronous log dispatcher for DefaultDaemonConnection: socket connection from /127.0.0.1:65156 to /127.0.0.1:65157"        [_thread_blocked, id=43884, stack(0x000000fcb9100000,0x000000fcb9200000) (1024K)]
  0x0000029ecd6b2660 JavaThread "Stdin handler"                     [_thread_blocked, id=51204, stack(0x000000fcb9200000,0x000000fcb9300000) (1024K)]
  0x0000029ecd6b12b0 JavaThread "Daemon client event forwarder"        [_thread_blocked, id=52960, stack(0x000000fcb9300000,0x000000fcb9400000) (1024K)]
  0x0000029ecd6b1fd0 JavaThread "Cache worker for journal cache (C:\Users\duiph\.gradle\caches\journal-1)"        [_thread_blocked, id=52772, stack(0x000000fcb9400000,0x000000fcb9500000) (1024K)]
  0x0000029ecd6aff00 JavaThread "File lock request listener"        [_thread_in_native, id=53324, stack(0x000000fcb9500000,0x000000fcb9600000) (1024K)]
  0x0000029ecd6b1940 JavaThread "Cache worker for file hash cache (C:\Users\duiph\.gradle\caches\8.14.4\fileHashes)"        [_thread_blocked, id=53520, stack(0x000000fcb9700000,0x000000fcb9800000) (1024K)]
  0x0000029ecf07e350 JavaThread "Cache worker for file hash cache (C:\underscore\underscore\.gradle\8.14.4\fileHashes)"        [_thread_blocked, id=52944, stack(0x000000fcb9900000,0x000000fcb9a00000) (1024K)]
  0x0000029ecf07e9e0 JavaThread "Cache worker for Build Output Cleanup Cache (C:\underscore\underscore\.gradle\buildOutputCleanup)"        [_thread_blocked, id=52928, stack(0x000000fcb9a00000,0x000000fcb9b00000) (1024K)]
  0x0000029ecf07f070 JavaThread "File watcher server"        daemon [_thread_in_native, id=45712, stack(0x000000fcb8600000,0x000000fcb8700000) (1024K)]
  0x0000029ecf07f700 JavaThread "File watcher consumer"      daemon [_thread_blocked, id=53448, stack(0x000000fcb8700000,0x000000fcb8800000) (1024K)]
  0x0000029ecf07cfa0 JavaThread "File lock release action executor Thread 2"        [_thread_blocked, id=23932, stack(0x000000fcb9600000,0x000000fcb9700000) (1024K)]
  0x0000029ecf080ab0 JavaThread "jar transforms"                    [_thread_blocked, id=54464, stack(0x000000fcb9b00000,0x000000fcb9c00000) (1024K)]
Total: 30

Other Threads:
  0x0000029eb2833b20 VMThread "VM Thread"                           [id=10864, stack(0x000000fcb7800000,0x000000fcb7900000) (1024K)] _threads_hazard_ptr=0x0000029ece6966a0
  0x0000029eb2825c90 WatcherThread "VM Periodic Task Thread"        [id=43088, stack(0x000000fcb7700000,0x000000fcb7800000) (1024K)]
  0x0000029e9b33a860 WorkerThread "GC Thread#0"                     [id=37372, stack(0x000000fcb7200000,0x000000fcb7300000) (1024K)]
  0x0000029eb2931130 WorkerThread "GC Thread#1"                     [id=27972, stack(0x000000fcb6f00000,0x000000fcb7000000) (1024K)]
  0x0000029eb29314e0 WorkerThread "GC Thread#2"                     [id=24972, stack(0x000000fcb7000000,0x000000fcb7100000) (1024K)]
  0x0000029eb29fbe20 WorkerThread "GC Thread#3"                     [id=49516, stack(0x000000fcb8300000,0x000000fcb8400000) (1024K)]
  0x0000029eb29fc1d0 WorkerThread "GC Thread#4"                     [id=8772, stack(0x000000fcb8400000,0x000000fcb8500000) (1024K)]
  0x0000029eb2a068e0 WorkerThread "GC Thread#5"                     [id=10716, stack(0x000000fcb8500000,0x000000fcb8600000) (1024K)]
  0x0000029ecef8d460 WorkerThread "GC Thread#6"                     [id=53444, stack(0x000000fcb8800000,0x000000fcb8900000) (1024K)]
  0x0000029ecef8ba90 WorkerThread "GC Thread#7"                     [id=53340, stack(0x000000fcb8c00000,0x000000fcb8d00000) (1024K)]
  0x0000029e9b340f80 ConcurrentGCThread "G1 Main Marker"            [id=4576, stack(0x000000fcb7300000,0x000000fcb7400000) (1024K)]
  0x0000029e9b3419a0 WorkerThread "G1 Conc#0"                       [id=40876, stack(0x000000fcb7400000,0x000000fcb7500000) (1024K)]
  0x0000029ecef8dbc0 WorkerThread "G1 Conc#1"                       [id=53516, stack(0x000000fcb9800000,0x000000fcb9900000) (1024K)]
  0x0000029eb26f7200 ConcurrentGCThread "G1 Refine#0"               [id=31124, stack(0x000000fcb7500000,0x000000fcb7600000) (1024K)]
  0x0000029eb26f78a0 ConcurrentGCThread "G1 Service"                [id=41280, stack(0x000000fcb7600000,0x000000fcb7700000) (1024K)]
Total: 15

Threads with active compile tasks:
C2 CompilerThread0  802399 4462       4       java.lang.String::split (148 bytes)
Total: 1

VM state: synchronizing (normal execution)

VM Mutex/Monitor currently owned by a thread:  ([mutex/lock_event])
[0x00007ff8fe41d530] Metaspace_lock - owner thread: 0x0000029ecd6b0590
[0x00007ff8fe41f5b0] Threads_lock - owner thread: 0x0000029eb2833b20

Heap address: 0x00000000e0000000, size: 512 MB, Compressed Oops mode: 32-bit

CDS archive(s) mapped at: [0x0000029eb3000000-0x0000029eb3ba0000-0x0000029eb3ba0000), size 12189696, SharedBaseAddress: 0x0000029eb3000000, ArchiveRelocationMode: 1.
Compressed class space mapped at: 0x0000029eb4000000-0x0000029ec8000000, reserved size: 335544320
Narrow klass base: 0x0000029eb3000000, Narrow klass shift: 0, Narrow klass range: 0x100000000

GC Precious Log:
 CardTable entry size: 512
 Card Set container configuration: InlinePtr #cards 5 size 8 Array Of Cards #cards 12 size 40 Howl #buckets 4 coarsen threshold 1843 Howl Bitmap #cards 512 size 80 coarsen threshold 460 Card regions per heap region 1 cards per card region 2048
 CPUs: 8 total, 8 available
 Memory: 16057M
 Large Page Support: Disabled
 NUMA Support: Disabled
 Compressed Oops: Enabled (32-bit)
 Heap Region Size: 1M
 Heap Min Capacity: 256M
 Heap Initial Capacity: 256M
 Heap Max Capacity: 512M
 Pre-touch: Disabled
 Parallel Workers: 8
 Concurrent Workers: 2
 Concurrent Refinement Workers: 8
 Periodic GC: Disabled

Heap:
 garbage-first heap   total 262144K, used 125494K [0x00000000e0000000, 0x0000000100000000)
  region size 1024K, 113 young (115712K), 12 survivors (12288K)
 Metaspace       used 33753K, committed 34688K, reserved 393216K
  class space    used 4842K, committed 5312K, reserved 327680K

Heap Regions: E=young(eden), S=young(survivor), O=old, HS=humongous(starts), HC=humongous(continues), CS=collection set, F=free, TAMS=top-at-mark-start, PB=parsable bottom
|   0|0x00000000e0000000, 0x00000000e0100000, 0x00000000e0100000|100%|HS|  |TAMS 0x00000000e0000000| PB 0x00000000e0000000| Complete 
|   1|0x00000000e0100000, 0x00000000e0200000, 0x00000000e0200000|100%|HC|  |TAMS 0x00000000e0100000| PB 0x00000000e0100000| Complete 
|   2|0x00000000e0200000, 0x00000000e0300000, 0x00000000e0300000|100%|HC|  |TAMS 0x00000000e0200000| PB 0x00000000e0200000| Complete 
|   3|0x00000000e0300000, 0x00000000e0400000, 0x00000000e0400000|100%| O|  |TAMS 0x00000000e0300000| PB 0x00000000e0300000| Untracked 
|   4|0x00000000e0400000, 0x00000000e0500000, 0x00000000e0500000|100%| O|  |TAMS 0x00000000e0400000| PB 0x00000000e0400000| Untracked 
|   5|0x00000000e0500000, 0x00000000e0600000, 0x00000000e0600000|100%| O|Cm|TAMS 0x00000000e0500000| PB 0x00000000e0500000| Complete 
|   6|0x00000000e0600000, 0x00000000e0700000, 0x00000000e0700000|100%|HS|  |TAMS 0x00000000e0600000| PB 0x00000000e0600000| Complete 
|   7|0x00000000e0700000, 0x00000000e0700000, 0x00000000e0800000|  0%| F|  |TAMS 0x00000000e0700000| PB 0x00000000e0700000| Untracked 
|   8|0x00000000e0800000, 0x00000000e0900000, 0x00000000e0900000|100%| O|  |TAMS 0x00000000e0800000| PB 0x00000000e0800000| Untracked 
|   9|0x00000000e0900000, 0x00000000e0a00000, 0x00000000e0a00000|100%| O|  |TAMS 0x00000000e0900000| PB 0x00000000e0900000| Untracked 
|  10|0x00000000e0a00000, 0x00000000e0b00000, 0x00000000e0b00000|100%| O|  |TAMS 0x00000000e0a00000| PB 0x00000000e0a00000| Untracked 
|  11|0x00000000e0b00000, 0x00000000e0c00000, 0x00000000e0c00000|100%| O|  |TAMS 0x00000000e0b00000| PB 0x00000000e0b00000| Untracked 
|  12|0x00000000e0c00000, 0x00000000e0c8da68, 0x00000000e0d00000| 55%| O|  |TAMS 0x00000000e0c00000| PB 0x00000000e0c00000| Untracked 
|  13|0x00000000e0d00000, 0x00000000e0d00000, 0x00000000e0e00000|  0%| F|  |TAMS 0x00000000e0d00000| PB 0x00000000e0d00000| Untracked 
|  14|0x00000000e0e00000, 0x00000000e0e00000, 0x00000000e0f00000|  0%| F|  |TAMS 0x00000000e0e00000| PB 0x00000000e0e00000| Untracked 
|  15|0x00000000e0f00000, 0x00000000e0f00000, 0x00000000e1000000|  0%| F|  |TAMS 0x00000000e0f00000| PB 0x00000000e0f00000| Untracked 
|  16|0x00000000e1000000, 0x00000000e1000000, 0x00000000e1100000|  0%| F|  |TAMS 0x00000000e1000000| PB 0x00000000e1000000| Untracked 
|  17|0x00000000e1100000, 0x00000000e1100000, 0x00000000e1200000|  0%| F|  |TAMS 0x00000000e1100000| PB 0x00000000e1100000| Untracked 
|  18|0x00000000e1200000, 0x00000000e1200000, 0x00000000e1300000|  0%| F|  |TAMS 0x00000000e1200000| PB 0x00000000e1200000| Untracked 
|  19|0x00000000e1300000, 0x00000000e1300000, 0x00000000e1400000|  0%| F|  |TAMS 0x00000000e1300000| PB 0x00000000e1300000| Untracked 
|  20|0x00000000e1400000, 0x00000000e1400000, 0x00000000e1500000|  0%| F|  |TAMS 0x00000000e1400000| PB 0x00000000e1400000| Untracked 
|  21|0x00000000e1500000, 0x00000000e1500000, 0x00000000e1600000|  0%| F|  |TAMS 0x00000000e1500000| PB 0x00000000e1500000| Untracked 
|  22|0x00000000e1600000, 0x00000000e1600000, 0x00000000e1700000|  0%| F|  |TAMS 0x00000000e1600000| PB 0x00000000e1600000| Untracked 
|  23|0x00000000e1700000, 0x00000000e1700000, 0x00000000e1800000|  0%| F|  |TAMS 0x00000000e1700000| PB 0x00000000e1700000| Untracked 
|  24|0x00000000e1800000, 0x00000000e1800000, 0x00000000e1900000|  0%| F|  |TAMS 0x00000000e1800000| PB 0x00000000e1800000| Untracked 
|  25|0x00000000e1900000, 0x00000000e1900000, 0x00000000e1a00000|  0%| F|  |TAMS 0x00000000e1900000| PB 0x00000000e1900000| Untracked 
|  26|0x00000000e1a00000, 0x00000000e1a00000, 0x00000000e1b00000|  0%| F|  |TAMS 0x00000000e1a00000| PB 0x00000000e1a00000| Untracked 
|  27|0x00000000e1b00000, 0x00000000e1b00000, 0x00000000e1c00000|  0%| F|  |TAMS 0x00000000e1b00000| PB 0x00000000e1b00000| Untracked 
|  28|0x00000000e1c00000, 0x00000000e1c00000, 0x00000000e1d00000|  0%| F|  |TAMS 0x00000000e1c00000| PB 0x00000000e1c00000| Untracked 
|  29|0x00000000e1d00000, 0x00000000e1d00000, 0x00000000e1e00000|  0%| F|  |TAMS 0x00000000e1d00000| PB 0x00000000e1d00000| Untracked 
|  30|0x00000000e1e00000, 0x00000000e1e00000, 0x00000000e1f00000|  0%| F|  |TAMS 0x00000000e1e00000| PB 0x00000000e1e00000| Untracked 
|  31|0x00000000e1f00000, 0x00000000e1f00000, 0x00000000e2000000|  0%| F|  |TAMS 0x00000000e1f00000| PB 0x00000000e1f00000| Untracked 
|  32|0x00000000e2000000, 0x00000000e2000000, 0x00000000e2100000|  0%| F|  |TAMS 0x00000000e2000000| PB 0x00000000e2000000| Untracked 
|  33|0x00000000e2100000, 0x00000000e2100000, 0x00000000e2200000|  0%| F|  |TAMS 0x00000000e2100000| PB 0x00000000e2100000| Untracked 
|  34|0x00000000e2200000, 0x00000000e2200000, 0x00000000e2300000|  0%| F|  |TAMS 0x00000000e2200000| PB 0x00000000e2200000| Untracked 
|  35|0x00000000e2300000, 0x00000000e2300000, 0x00000000e2400000|  0%| F|  |TAMS 0x00000000e2300000| PB 0x00000000e2300000| Untracked 
|  36|0x00000000e2400000, 0x00000000e2400000, 0x00000000e2500000|  0%| F|  |TAMS 0x00000000e2400000| PB 0x00000000e2400000| Untracked 
|  37|0x00000000e2500000, 0x00000000e2500000, 0x00000000e2600000|  0%| F|  |TAMS 0x00000000e2500000| PB 0x00000000e2500000| Untracked 
|  38|0x00000000e2600000, 0x00000000e2600000, 0x00000000e2700000|  0%| F|  |TAMS 0x00000000e2600000| PB 0x00000000e2600000| Untracked 
|  39|0x00000000e2700000, 0x00000000e2700000, 0x00000000e2800000|  0%| F|  |TAMS 0x00000000e2700000| PB 0x00000000e2700000| Untracked 
|  40|0x00000000e2800000, 0x00000000e2800000, 0x00000000e2900000|  0%| F|  |TAMS 0x00000000e2800000| PB 0x00000000e2800000| Untracked 
|  41|0x00000000e2900000, 0x00000000e2900000, 0x00000000e2a00000|  0%| F|  |TAMS 0x00000000e2900000| PB 0x00000000e2900000| Untracked 
|  42|0x00000000e2a00000, 0x00000000e2a00000, 0x00000000e2b00000|  0%| F|  |TAMS 0x00000000e2a00000| PB 0x00000000e2a00000| Untracked 
|  43|0x00000000e2b00000, 0x00000000e2b00000, 0x00000000e2c00000|  0%| F|  |TAMS 0x00000000e2b00000| PB 0x00000000e2b00000| Untracked 
|  44|0x00000000e2c00000, 0x00000000e2c00000, 0x00000000e2d00000|  0%| F|  |TAMS 0x00000000e2c00000| PB 0x00000000e2c00000| Untracked 
|  45|0x00000000e2d00000, 0x00000000e2d00000, 0x00000000e2e00000|  0%| F|  |TAMS 0x00000000e2d00000| PB 0x00000000e2d00000| Untracked 
|  46|0x00000000e2e00000, 0x00000000e2e00000, 0x00000000e2f00000|  0%| F|  |TAMS 0x00000000e2e00000| PB 0x00000000e2e00000| Untracked 
|  47|0x00000000e2f00000, 0x00000000e2f00000, 0x00000000e3000000|  0%| F|  |TAMS 0x00000000e2f00000| PB 0x00000000e2f00000| Untracked 
|  48|0x00000000e3000000, 0x00000000e3000000, 0x00000000e3100000|  0%| F|  |TAMS 0x00000000e3000000| PB 0x00000000e3000000| Untracked 
|  49|0x00000000e3100000, 0x00000000e3100000, 0x00000000e3200000|  0%| F|  |TAMS 0x00000000e3100000| PB 0x00000000e3100000| Untracked 
|  50|0x00000000e3200000, 0x00000000e3200000, 0x00000000e3300000|  0%| F|  |TAMS 0x00000000e3200000| PB 0x00000000e3200000| Untracked 
|  51|0x00000000e3300000, 0x00000000e3300000, 0x00000000e3400000|  0%| F|  |TAMS 0x00000000e3300000| PB 0x00000000e3300000| Untracked 
|  52|0x00000000e3400000, 0x00000000e3400000, 0x00000000e3500000|  0%| F|  |TAMS 0x00000000e3400000| PB 0x00000000e3400000| Untracked 
|  53|0x00000000e3500000, 0x00000000e3500000, 0x00000000e3600000|  0%| F|  |TAMS 0x00000000e3500000| PB 0x00000000e3500000| Untracked 
|  54|0x00000000e3600000, 0x00000000e3600000, 0x00000000e3700000|  0%| F|  |TAMS 0x00000000e3600000| PB 0x00000000e3600000| Untracked 
|  55|0x00000000e3700000, 0x00000000e3700000, 0x00000000e3800000|  0%| F|  |TAMS 0x00000000e3700000| PB 0x00000000e3700000| Untracked 
|  56|0x00000000e3800000, 0x00000000e3800000, 0x00000000e3900000|  0%| F|  |TAMS 0x00000000e3800000| PB 0x00000000e3800000| Untracked 
|  57|0x00000000e3900000, 0x00000000e3900000, 0x00000000e3a00000|  0%| F|  |TAMS 0x00000000e3900000| PB 0x00000000e3900000| Untracked 
|  58|0x00000000e3a00000, 0x00000000e3a00000, 0x00000000e3b00000|  0%| F|  |TAMS 0x00000000e3a00000| PB 0x00000000e3a00000| Untracked 
|  59|0x00000000e3b00000, 0x00000000e3b00000, 0x00000000e3c00000|  0%| F|  |TAMS 0x00000000e3b00000| PB 0x00000000e3b00000| Untracked 
|  60|0x00000000e3c00000, 0x00000000e3c00000, 0x00000000e3d00000|  0%| F|  |TAMS 0x00000000e3c00000| PB 0x00000000e3c00000| Untracked 
|  61|0x00000000e3d00000, 0x00000000e3d00000, 0x00000000e3e00000|  0%| F|  |TAMS 0x00000000e3d00000| PB 0x00000000e3d00000| Untracked 
|  62|0x00000000e3e00000, 0x00000000e3e00000, 0x00000000e3f00000|  0%| F|  |TAMS 0x00000000e3e00000| PB 0x00000000e3e00000| Untracked 
|  63|0x00000000e3f00000, 0x00000000e3f00000, 0x00000000e4000000|  0%| F|  |TAMS 0x00000000e3f00000| PB 0x00000000e3f00000| Untracked 
|  64|0x00000000e4000000, 0x00000000e4000000, 0x00000000e4100000|  0%| F|  |TAMS 0x00000000e4000000| PB 0x00000000e4000000| Untracked 
|  65|0x00000000e4100000, 0x00000000e4100000, 0x00000000e4200000|  0%| F|  |TAMS 0x00000000e4100000| PB 0x00000000e4100000| Untracked 
|  66|0x00000000e4200000, 0x00000000e4200000, 0x00000000e4300000|  0%| F|  |TAMS 0x00000000e4200000| PB 0x00000000e4200000| Untracked 
|  67|0x00000000e4300000, 0x00000000e4300000, 0x00000000e4400000|  0%| F|  |TAMS 0x00000000e4300000| PB 0x00000000e4300000| Untracked 
|  68|0x00000000e4400000, 0x00000000e4400000, 0x00000000e4500000|  0%| F|  |TAMS 0x00000000e4400000| PB 0x00000000e4400000| Untracked 
|  69|0x00000000e4500000, 0x00000000e4500000, 0x00000000e4600000|  0%| F|  |TAMS 0x00000000e4500000| PB 0x00000000e4500000| Untracked 
|  70|0x00000000e4600000, 0x00000000e4600000, 0x00000000e4700000|  0%| F|  |TAMS 0x00000000e4600000| PB 0x00000000e4600000| Untracked 
|  71|0x00000000e4700000, 0x00000000e4700000, 0x00000000e4800000|  0%| F|  |TAMS 0x00000000e4700000| PB 0x00000000e4700000| Untracked 
|  72|0x00000000e4800000, 0x00000000e4800000, 0x00000000e4900000|  0%| F|  |TAMS 0x00000000e4800000| PB 0x00000000e4800000| Untracked 
|  73|0x00000000e4900000, 0x00000000e4900000, 0x00000000e4a00000|  0%| F|  |TAMS 0x00000000e4900000| PB 0x00000000e4900000| Untracked 
|  74|0x00000000e4a00000, 0x00000000e4a00000, 0x00000000e4b00000|  0%| F|  |TAMS 0x00000000e4a00000| PB 0x00000000e4a00000| Untracked 
|  75|0x00000000e4b00000, 0x00000000e4b00000, 0x00000000e4c00000|  0%| F|  |TAMS 0x00000000e4b00000| PB 0x00000000e4b00000| Untracked 
|  76|0x00000000e4c00000, 0x00000000e4c00000, 0x00000000e4d00000|  0%| F|  |TAMS 0x00000000e4c00000| PB 0x00000000e4c00000| Untracked 
|  77|0x00000000e4d00000, 0x00000000e4d00000, 0x00000000e4e00000|  0%| F|  |TAMS 0x00000000e4d00000| PB 0x00000000e4d00000| Untracked 
|  78|0x00000000e4e00000, 0x00000000e4e00000, 0x00000000e4f00000|  0%| F|  |TAMS 0x00000000e4e00000| PB 0x00000000e4e00000| Untracked 
|  79|0x00000000e4f00000, 0x00000000e4f00000, 0x00000000e5000000|  0%| F|  |TAMS 0x00000000e4f00000| PB 0x00000000e4f00000| Untracked 
|  80|0x00000000e5000000, 0x00000000e5000000, 0x00000000e5100000|  0%| F|  |TAMS 0x00000000e5000000| PB 0x00000000e5000000| Untracked 
|  81|0x00000000e5100000, 0x00000000e5100000, 0x00000000e5200000|  0%| F|  |TAMS 0x00000000e5100000| PB 0x00000000e5100000| Untracked 
|  82|0x00000000e5200000, 0x00000000e5200000, 0x00000000e5300000|  0%| F|  |TAMS 0x00000000e5200000| PB 0x00000000e5200000| Untracked 
|  83|0x00000000e5300000, 0x00000000e5300000, 0x00000000e5400000|  0%| F|  |TAMS 0x00000000e5300000| PB 0x00000000e5300000| Untracked 
|  84|0x00000000e5400000, 0x00000000e5400000, 0x00000000e5500000|  0%| F|  |TAMS 0x00000000e5400000| PB 0x00000000e5400000| Untracked 
|  85|0x00000000e5500000, 0x00000000e5500000, 0x00000000e5600000|  0%| F|  |TAMS 0x00000000e5500000| PB 0x00000000e5500000| Untracked 
|  86|0x00000000e5600000, 0x00000000e5600000, 0x00000000e5700000|  0%| F|  |TAMS 0x00000000e5600000| PB 0x00000000e5600000| Untracked 
|  87|0x00000000e5700000, 0x00000000e5700000, 0x00000000e5800000|  0%| F|  |TAMS 0x00000000e5700000| PB 0x00000000e5700000| Untracked 
|  88|0x00000000e5800000, 0x00000000e5800000, 0x00000000e5900000|  0%| F|  |TAMS 0x00000000e5800000| PB 0x00000000e5800000| Untracked 
|  89|0x00000000e5900000, 0x00000000e5900000, 0x00000000e5a00000|  0%| F|  |TAMS 0x00000000e5900000| PB 0x00000000e5900000| Untracked 
|  90|0x00000000e5a00000, 0x00000000e5a00000, 0x00000000e5b00000|  0%| F|  |TAMS 0x00000000e5a00000| PB 0x00000000e5a00000| Untracked 
|  91|0x00000000e5b00000, 0x00000000e5b00000, 0x00000000e5c00000|  0%| F|  |TAMS 0x00000000e5b00000| PB 0x00000000e5b00000| Untracked 
|  92|0x00000000e5c00000, 0x00000000e5c00000, 0x00000000e5d00000|  0%| F|  |TAMS 0x00000000e5c00000| PB 0x00000000e5c00000| Untracked 
|  93|0x00000000e5d00000, 0x00000000e5d00000, 0x00000000e5e00000|  0%| F|  |TAMS 0x00000000e5d00000| PB 0x00000000e5d00000| Untracked 
|  94|0x00000000e5e00000, 0x00000000e5e00000, 0x00000000e5f00000|  0%| F|  |TAMS 0x00000000e5e00000| PB 0x00000000e5e00000| Untracked 
|  95|0x00000000e5f00000, 0x00000000e5f00000, 0x00000000e6000000|  0%| F|  |TAMS 0x00000000e5f00000| PB 0x00000000e5f00000| Untracked 
|  96|0x00000000e6000000, 0x00000000e6000000, 0x00000000e6100000|  0%| F|  |TAMS 0x00000000e6000000| PB 0x00000000e6000000| Untracked 
|  97|0x00000000e6100000, 0x00000000e6100000, 0x00000000e6200000|  0%| F|  |TAMS 0x00000000e6100000| PB 0x00000000e6100000| Untracked 
|  98|0x00000000e6200000, 0x00000000e6200000, 0x00000000e6300000|  0%| F|  |TAMS 0x00000000e6200000| PB 0x00000000e6200000| Untracked 
|  99|0x00000000e6300000, 0x00000000e6300000, 0x00000000e6400000|  0%| F|  |TAMS 0x00000000e6300000| PB 0x00000000e6300000| Untracked 
| 100|0x00000000e6400000, 0x00000000e6400000, 0x00000000e6500000|  0%| F|  |TAMS 0x00000000e6400000| PB 0x00000000e6400000| Untracked 
| 101|0x00000000e6500000, 0x00000000e6500000, 0x00000000e6600000|  0%| F|  |TAMS 0x00000000e6500000| PB 0x00000000e6500000| Untracked 
| 102|0x00000000e6600000, 0x00000000e6600000, 0x00000000e6700000|  0%| F|  |TAMS 0x00000000e6600000| PB 0x00000000e6600000| Untracked 
| 103|0x00000000e6700000, 0x00000000e6700000, 0x00000000e6800000|  0%| F|  |TAMS 0x00000000e6700000| PB 0x00000000e6700000| Untracked 
| 104|0x00000000e6800000, 0x00000000e6800000, 0x00000000e6900000|  0%| F|  |TAMS 0x00000000e6800000| PB 0x00000000e6800000| Untracked 
| 105|0x00000000e6900000, 0x00000000e6900000, 0x00000000e6a00000|  0%| F|  |TAMS 0x00000000e6900000| PB 0x00000000e6900000| Untracked 
| 106|0x00000000e6a00000, 0x00000000e6a00000, 0x00000000e6b00000|  0%| F|  |TAMS 0x00000000e6a00000| PB 0x00000000e6a00000| Untracked 
| 107|0x00000000e6b00000, 0x00000000e6b00000, 0x00000000e6c00000|  0%| F|  |TAMS 0x00000000e6b00000| PB 0x00000000e6b00000| Untracked 
| 108|0x00000000e6c00000, 0x00000000e6c00000, 0x00000000e6d00000|  0%| F|  |TAMS 0x00000000e6c00000| PB 0x00000000e6c00000| Untracked 
| 109|0x00000000e6d00000, 0x00000000e6d00000, 0x00000000e6e00000|  0%| F|  |TAMS 0x00000000e6d00000| PB 0x00000000e6d00000| Untracked 
| 110|0x00000000e6e00000, 0x00000000e6e00000, 0x00000000e6f00000|  0%| F|  |TAMS 0x00000000e6e00000| PB 0x00000000e6e00000| Untracked 
| 111|0x00000000e6f00000, 0x00000000e6f00000, 0x00000000e7000000|  0%| F|  |TAMS 0x00000000e6f00000| PB 0x00000000e6f00000| Untracked 
| 112|0x00000000e7000000, 0x00000000e7000000, 0x00000000e7100000|  0%| F|  |TAMS 0x00000000e7000000| PB 0x00000000e7000000| Untracked 
| 113|0x00000000e7100000, 0x00000000e7100000, 0x00000000e7200000|  0%| F|  |TAMS 0x00000000e7100000| PB 0x00000000e7100000| Untracked 
| 114|0x00000000e7200000, 0x00000000e7200000, 0x00000000e7300000|  0%| F|  |TAMS 0x00000000e7200000| PB 0x00000000e7200000| Untracked 
| 115|0x00000000e7300000, 0x00000000e7300000, 0x00000000e7400000|  0%| F|  |TAMS 0x00000000e7300000| PB 0x00000000e7300000| Untracked 
| 116|0x00000000e7400000, 0x00000000e7400000, 0x00000000e7500000|  0%| F|  |TAMS 0x00000000e7400000| PB 0x00000000e7400000| Untracked 
| 117|0x00000000e7500000, 0x00000000e7500000, 0x00000000e7600000|  0%| F|  |TAMS 0x00000000e7500000| PB 0x00000000e7500000| Untracked 
| 118|0x00000000e7600000, 0x00000000e7600000, 0x00000000e7700000|  0%| F|  |TAMS 0x00000000e7600000| PB 0x00000000e7600000| Untracked 
| 119|0x00000000e7700000, 0x00000000e7700000, 0x00000000e7800000|  0%| F|  |TAMS 0x00000000e7700000| PB 0x00000000e7700000| Untracked 
| 120|0x00000000e7800000, 0x00000000e7800000, 0x00000000e7900000|  0%| F|  |TAMS 0x00000000e7800000| PB 0x00000000e7800000| Untracked 
| 121|0x00000000e7900000, 0x00000000e7900000, 0x00000000e7a00000|  0%| F|  |TAMS 0x00000000e7900000| PB 0x00000000e7900000| Untracked 
| 122|0x00000000e7a00000, 0x00000000e7a00000, 0x00000000e7b00000|  0%| F|  |TAMS 0x00000000e7a00000| PB 0x00000000e7a00000| Untracked 
| 123|0x00000000e7b00000, 0x00000000e7b00000, 0x00000000e7c00000|  0%| F|  |TAMS 0x00000000e7b00000| PB 0x00000000e7b00000| Untracked 
| 124|0x00000000e7c00000, 0x00000000e7c00000, 0x00000000e7d00000|  0%| F|  |TAMS 0x00000000e7c00000| PB 0x00000000e7c00000| Untracked 
| 125|0x00000000e7d00000, 0x00000000e7d00000, 0x00000000e7e00000|  0%| F|  |TAMS 0x00000000e7d00000| PB 0x00000000e7d00000| Untracked 
| 126|0x00000000e7e00000, 0x00000000e7e00000, 0x00000000e7f00000|  0%| F|  |TAMS 0x00000000e7e00000| PB 0x00000000e7e00000| Untracked 
| 127|0x00000000e7f00000, 0x00000000e7f00000, 0x00000000e8000000|  0%| F|  |TAMS 0x00000000e7f00000| PB 0x00000000e7f00000| Untracked 
| 128|0x00000000e8000000, 0x00000000e8000000, 0x00000000e8100000|  0%| F|  |TAMS 0x00000000e8000000| PB 0x00000000e8000000| Untracked 
| 129|0x00000000e8100000, 0x00000000e8100000, 0x00000000e8200000|  0%| F|  |TAMS 0x00000000e8100000| PB 0x00000000e8100000| Untracked 
| 130|0x00000000e8200000, 0x00000000e8200000, 0x00000000e8300000|  0%| F|  |TAMS 0x00000000e8200000| PB 0x00000000e8200000| Untracked 
| 131|0x00000000e8300000, 0x00000000e8300000, 0x00000000e8400000|  0%| F|  |TAMS 0x00000000e8300000| PB 0x00000000e8300000| Untracked 
| 132|0x00000000e8400000, 0x00000000e8400000, 0x00000000e8500000|  0%| F|  |TAMS 0x00000000e8400000| PB 0x00000000e8400000| Untracked 
| 133|0x00000000e8500000, 0x00000000e8500000, 0x00000000e8600000|  0%| F|  |TAMS 0x00000000e8500000| PB 0x00000000e8500000| Untracked 
| 134|0x00000000e8600000, 0x00000000e8600000, 0x00000000e8700000|  0%| F|  |TAMS 0x00000000e8600000| PB 0x00000000e8600000| Untracked 
| 135|0x00000000e8700000, 0x00000000e8700000, 0x00000000e8800000|  0%| F|  |TAMS 0x00000000e8700000| PB 0x00000000e8700000| Untracked 
| 136|0x00000000e8800000, 0x00000000e8800000, 0x00000000e8900000|  0%| F|  |TAMS 0x00000000e8800000| PB 0x00000000e8800000| Untracked 
| 137|0x00000000e8900000, 0x00000000e8900000, 0x00000000e8a00000|  0%| F|  |TAMS 0x00000000e8900000| PB 0x00000000e8900000| Untracked 
| 138|0x00000000e8a00000, 0x00000000e8a00000, 0x00000000e8b00000|  0%| F|  |TAMS 0x00000000e8a00000| PB 0x00000000e8a00000| Untracked 
| 139|0x00000000e8b00000, 0x00000000e8b00000, 0x00000000e8c00000|  0%| F|  |TAMS 0x00000000e8b00000| PB 0x00000000e8b00000| Untracked 
| 140|0x00000000e8c00000, 0x00000000e8c00000, 0x00000000e8d00000|  0%| F|  |TAMS 0x00000000e8c00000| PB 0x00000000e8c00000| Untracked 
| 141|0x00000000e8d00000, 0x00000000e8e00000, 0x00000000e8e00000|100%| S|CS|TAMS 0x00000000e8d00000| PB 0x00000000e8d00000| Complete 
| 142|0x00000000e8e00000, 0x00000000e8f00000, 0x00000000e8f00000|100%| S|CS|TAMS 0x00000000e8e00000| PB 0x00000000e8e00000| Complete 
| 143|0x00000000e8f00000, 0x00000000e9000000, 0x00000000e9000000|100%| S|CS|TAMS 0x00000000e8f00000| PB 0x00000000e8f00000| Complete 
| 144|0x00000000e9000000, 0x00000000e9100000, 0x00000000e9100000|100%| S|CS|TAMS 0x00000000e9000000| PB 0x00000000e9000000| Complete 
| 145|0x00000000e9100000, 0x00000000e9200000, 0x00000000e9200000|100%| S|CS|TAMS 0x00000000e9100000| PB 0x00000000e9100000| Complete 
| 146|0x00000000e9200000, 0x00000000e9300000, 0x00000000e9300000|100%| S|CS|TAMS 0x00000000e9200000| PB 0x00000000e9200000| Complete 
| 147|0x00000000e9300000, 0x00000000e9400000, 0x00000000e9400000|100%| S|CS|TAMS 0x00000000e9300000| PB 0x00000000e9300000| Complete 
| 148|0x00000000e9400000, 0x00000000e9500000, 0x00000000e9500000|100%| S|CS|TAMS 0x00000000e9400000| PB 0x00000000e9400000| Complete 
| 149|0x00000000e9500000, 0x00000000e9600000, 0x00000000e9600000|100%| S|CS|TAMS 0x00000000e9500000| PB 0x00000000e9500000| Complete 
| 150|0x00000000e9600000, 0x00000000e9700000, 0x00000000e9700000|100%| S|CS|TAMS 0x00000000e9600000| PB 0x00000000e9600000| Complete 
| 151|0x00000000e9700000, 0x00000000e9800000, 0x00000000e9800000|100%| S|CS|TAMS 0x00000000e9700000| PB 0x00000000e9700000| Complete 
| 152|0x00000000e9800000, 0x00000000e9900000, 0x00000000e9900000|100%| S|CS|TAMS 0x00000000e9800000| PB 0x00000000e9800000| Complete 
| 153|0x00000000e9900000, 0x00000000e9900000, 0x00000000e9a00000|  0%| F|  |TAMS 0x00000000e9900000| PB 0x00000000e9900000| Untracked 
| 154|0x00000000e9a00000, 0x00000000e9a00000, 0x00000000e9b00000|  0%| F|  |TAMS 0x00000000e9a00000| PB 0x00000000e9a00000| Untracked 
| 155|0x00000000e9b00000, 0x00000000e9c00000, 0x00000000e9c00000|100%| E|  |TAMS 0x00000000e9b00000| PB 0x00000000e9b00000| Complete 
| 156|0x00000000e9c00000, 0x00000000e9d00000, 0x00000000e9d00000|100%| E|CS|TAMS 0x00000000e9c00000| PB 0x00000000e9c00000| Complete 
| 157|0x00000000e9d00000, 0x00000000e9e00000, 0x00000000e9e00000|100%| E|CS|TAMS 0x00000000e9d00000| PB 0x00000000e9d00000| Complete 
| 158|0x00000000e9e00000, 0x00000000e9f00000, 0x00000000e9f00000|100%| E|CS|TAMS 0x00000000e9e00000| PB 0x00000000e9e00000| Complete 
| 159|0x00000000e9f00000, 0x00000000ea000000, 0x00000000ea000000|100%| E|CS|TAMS 0x00000000e9f00000| PB 0x00000000e9f00000| Complete 
| 160|0x00000000ea000000, 0x00000000ea100000, 0x00000000ea100000|100%| E|CS|TAMS 0x00000000ea000000| PB 0x00000000ea000000| Complete 
| 161|0x00000000ea100000, 0x00000000ea200000, 0x00000000ea200000|100%| E|CS|TAMS 0x00000000ea100000| PB 0x00000000ea100000| Complete 
| 162|0x00000000ea200000, 0x00000000ea300000, 0x00000000ea300000|100%| E|CS|TAMS 0x00000000ea200000| PB 0x00000000ea200000| Complete 
| 163|0x00000000ea300000, 0x00000000ea400000, 0x00000000ea400000|100%| E|CS|TAMS 0x00000000ea300000| PB 0x00000000ea300000| Complete 
| 164|0x00000000ea400000, 0x00000000ea500000, 0x00000000ea500000|100%| E|CS|TAMS 0x00000000ea400000| PB 0x00000000ea400000| Complete 
| 165|0x00000000ea500000, 0x00000000ea600000, 0x00000000ea600000|100%| E|CS|TAMS 0x00000000ea500000| PB 0x00000000ea500000| Complete 
| 166|0x00000000ea600000, 0x00000000ea700000, 0x00000000ea700000|100%| E|CS|TAMS 0x00000000ea600000| PB 0x00000000ea600000| Complete 
| 167|0x00000000ea700000, 0x00000000ea800000, 0x00000000ea800000|100%| E|CS|TAMS 0x00000000ea700000| PB 0x00000000ea700000| Complete 
| 168|0x00000000ea800000, 0x00000000ea900000, 0x00000000ea900000|100%| E|CS|TAMS 0x00000000ea800000| PB 0x00000000ea800000| Complete 
| 169|0x00000000ea900000, 0x00000000eaa00000, 0x00000000eaa00000|100%| E|CS|TAMS 0x00000000ea900000| PB 0x00000000ea900000| Complete 
| 170|0x00000000eaa00000, 0x00000000eab00000, 0x00000000eab00000|100%| E|CS|TAMS 0x00000000eaa00000| PB 0x00000000eaa00000| Complete 
| 171|0x00000000eab00000, 0x00000000eac00000, 0x00000000eac00000|100%| E|CS|TAMS 0x00000000eab00000| PB 0x00000000eab00000| Complete 
| 172|0x00000000eac00000, 0x00000000ead00000, 0x00000000ead00000|100%| E|CS|TAMS 0x00000000eac00000| PB 0x00000000eac00000| Complete 
| 173|0x00000000ead00000, 0x00000000eae00000, 0x00000000eae00000|100%| E|CS|TAMS 0x00000000ead00000| PB 0x00000000ead00000| Complete 
| 174|0x00000000eae00000, 0x00000000eaf00000, 0x00000000eaf00000|100%| E|CS|TAMS 0x00000000eae00000| PB 0x00000000eae00000| Complete 
| 175|0x00000000eaf00000, 0x00000000eb000000, 0x00000000eb000000|100%| E|CS|TAMS 0x00000000eaf00000| PB 0x00000000eaf00000| Complete 
| 176|0x00000000eb000000, 0x00000000eb100000, 0x00000000eb100000|100%| E|CS|TAMS 0x00000000eb000000| PB 0x00000000eb000000| Complete 
| 177|0x00000000eb100000, 0x00000000eb200000, 0x00000000eb200000|100%| E|CS|TAMS 0x00000000eb100000| PB 0x00000000eb100000| Complete 
| 178|0x00000000eb200000, 0x00000000eb300000, 0x00000000eb300000|100%| E|CS|TAMS 0x00000000eb200000| PB 0x00000000eb200000| Complete 
| 179|0x00000000eb300000, 0x00000000eb400000, 0x00000000eb400000|100%| E|CS|TAMS 0x00000000eb300000| PB 0x00000000eb300000| Complete 
| 180|0x00000000eb400000, 0x00000000eb500000, 0x00000000eb500000|100%| E|CS|TAMS 0x00000000eb400000| PB 0x00000000eb400000| Complete 
| 181|0x00000000eb500000, 0x00000000eb600000, 0x00000000eb600000|100%| E|CS|TAMS 0x00000000eb500000| PB 0x00000000eb500000| Complete 
| 182|0x00000000eb600000, 0x00000000eb700000, 0x00000000eb700000|100%| E|CS|TAMS 0x00000000eb600000| PB 0x00000000eb600000| Complete 
| 183|0x00000000eb700000, 0x00000000eb800000, 0x00000000eb800000|100%| E|CS|TAMS 0x00000000eb700000| PB 0x00000000eb700000| Complete 
| 184|0x00000000eb800000, 0x00000000eb900000, 0x00000000eb900000|100%| E|CS|TAMS 0x00000000eb800000| PB 0x00000000eb800000| Complete 
| 185|0x00000000eb900000, 0x00000000eba00000, 0x00000000eba00000|100%| E|CS|TAMS 0x00000000eb900000| PB 0x00000000eb900000| Complete 
| 186|0x00000000eba00000, 0x00000000ebb00000, 0x00000000ebb00000|100%| E|CS|TAMS 0x00000000eba00000| PB 0x00000000eba00000| Complete 
| 187|0x00000000ebb00000, 0x00000000ebc00000, 0x00000000ebc00000|100%| E|CS|TAMS 0x00000000ebb00000| PB 0x00000000ebb00000| Complete 
| 188|0x00000000ebc00000, 0x00000000ebd00000, 0x00000000ebd00000|100%| E|  |TAMS 0x00000000ebc00000| PB 0x00000000ebc00000| Complete 
| 189|0x00000000ebd00000, 0x00000000ebe00000, 0x00000000ebe00000|100%| E|CS|TAMS 0x00000000ebd00000| PB 0x00000000ebd00000| Complete 
| 190|0x00000000ebe00000, 0x00000000ebf00000, 0x00000000ebf00000|100%| E|CS|TAMS 0x00000000ebe00000| PB 0x00000000ebe00000| Complete 
| 191|0x00000000ebf00000, 0x00000000ec000000, 0x00000000ec000000|100%| E|CS|TAMS 0x00000000ebf00000| PB 0x00000000ebf00000| Complete 
| 192|0x00000000ec000000, 0x00000000ec100000, 0x00000000ec100000|100%| E|CS|TAMS 0x00000000ec000000| PB 0x00000000ec000000| Complete 
| 193|0x00000000ec100000, 0x00000000ec200000, 0x00000000ec200000|100%| E|CS|TAMS 0x00000000ec100000| PB 0x00000000ec100000| Complete 
| 194|0x00000000ec200000, 0x00000000ec300000, 0x00000000ec300000|100%| E|CS|TAMS 0x00000000ec200000| PB 0x00000000ec200000| Complete 
| 195|0x00000000ec300000, 0x00000000ec400000, 0x00000000ec400000|100%| E|CS|TAMS 0x00000000ec300000| PB 0x00000000ec300000| Complete 
| 196|0x00000000ec400000, 0x00000000ec500000, 0x00000000ec500000|100%| E|CS|TAMS 0x00000000ec400000| PB 0x00000000ec400000| Complete 
| 197|0x00000000ec500000, 0x00000000ec600000, 0x00000000ec600000|100%| E|CS|TAMS 0x00000000ec500000| PB 0x00000000ec500000| Complete 
| 198|0x00000000ec600000, 0x00000000ec700000, 0x00000000ec700000|100%| E|CS|TAMS 0x00000000ec600000| PB 0x00000000ec600000| Complete 
| 199|0x00000000ec700000, 0x00000000ec800000, 0x00000000ec800000|100%| E|CS|TAMS 0x00000000ec700000| PB 0x00000000ec700000| Complete 
| 200|0x00000000ec800000, 0x00000000ec900000, 0x00000000ec900000|100%| E|CS|TAMS 0x00000000ec800000| PB 0x00000000ec800000| Complete 
| 201|0x00000000ec900000, 0x00000000eca00000, 0x00000000eca00000|100%| E|CS|TAMS 0x00000000ec900000| PB 0x00000000ec900000| Complete 
| 202|0x00000000eca00000, 0x00000000ecb00000, 0x00000000ecb00000|100%| E|CS|TAMS 0x00000000eca00000| PB 0x00000000eca00000| Complete 
| 203|0x00000000ecb00000, 0x00000000ecc00000, 0x00000000ecc00000|100%| E|CS|TAMS 0x00000000ecb00000| PB 0x00000000ecb00000| Complete 
| 204|0x00000000ecc00000, 0x00000000ecd00000, 0x00000000ecd00000|100%| E|CS|TAMS 0x00000000ecc00000| PB 0x00000000ecc00000| Complete 
| 205|0x00000000ecd00000, 0x00000000ece00000, 0x00000000ece00000|100%| E|CS|TAMS 0x00000000ecd00000| PB 0x00000000ecd00000| Complete 
| 206|0x00000000ece00000, 0x00000000ecf00000, 0x00000000ecf00000|100%| E|CS|TAMS 0x00000000ece00000| PB 0x00000000ece00000| Complete 
| 207|0x00000000ecf00000, 0x00000000ed000000, 0x00000000ed000000|100%| E|CS|TAMS 0x00000000ecf00000| PB 0x00000000ecf00000| Complete 
| 208|0x00000000ed000000, 0x00000000ed100000, 0x00000000ed100000|100%| E|CS|TAMS 0x00000000ed000000| PB 0x00000000ed000000| Complete 
| 209|0x00000000ed100000, 0x00000000ed200000, 0x00000000ed200000|100%| E|CS|TAMS 0x00000000ed100000| PB 0x00000000ed100000| Complete 
| 210|0x00000000ed200000, 0x00000000ed300000, 0x00000000ed300000|100%| E|CS|TAMS 0x00000000ed200000| PB 0x00000000ed200000| Complete 
| 211|0x00000000ed300000, 0x00000000ed400000, 0x00000000ed400000|100%| E|CS|TAMS 0x00000000ed300000| PB 0x00000000ed300000| Complete 
| 212|0x00000000ed400000, 0x00000000ed500000, 0x00000000ed500000|100%| E|CS|TAMS 0x00000000ed400000| PB 0x00000000ed400000| Complete 
| 213|0x00000000ed500000, 0x00000000ed600000, 0x00000000ed600000|100%| E|CS|TAMS 0x00000000ed500000| PB 0x00000000ed500000| Complete 
| 214|0x00000000ed600000, 0x00000000ed700000, 0x00000000ed700000|100%| E|CS|TAMS 0x00000000ed600000| PB 0x00000000ed600000| Complete 
| 215|0x00000000ed700000, 0x00000000ed800000, 0x00000000ed800000|100%| E|CS|TAMS 0x00000000ed700000| PB 0x00000000ed700000| Complete 
| 216|0x00000000ed800000, 0x00000000ed900000, 0x00000000ed900000|100%| E|CS|TAMS 0x00000000ed800000| PB 0x00000000ed800000| Complete 
| 217|0x00000000ed900000, 0x00000000eda00000, 0x00000000eda00000|100%| E|CS|TAMS 0x00000000ed900000| PB 0x00000000ed900000| Complete 
| 218|0x00000000eda00000, 0x00000000edb00000, 0x00000000edb00000|100%| E|CS|TAMS 0x00000000eda00000| PB 0x00000000eda00000| Complete 
| 219|0x00000000edb00000, 0x00000000edc00000, 0x00000000edc00000|100%| E|CS|TAMS 0x00000000edb00000| PB 0x00000000edb00000| Complete 
| 220|0x00000000edc00000, 0x00000000edd00000, 0x00000000edd00000|100%| E|CS|TAMS 0x00000000edc00000| PB 0x00000000edc00000| Complete 
| 221|0x00000000edd00000, 0x00000000ede00000, 0x00000000ede00000|100%| E|CS|TAMS 0x00000000edd00000| PB 0x00000000edd00000| Complete 
| 222|0x00000000ede00000, 0x00000000edf00000, 0x00000000edf00000|100%| E|CS|TAMS 0x00000000ede00000| PB 0x00000000ede00000| Complete 
| 223|0x00000000edf00000, 0x00000000ee000000, 0x00000000ee000000|100%| E|CS|TAMS 0x00000000edf00000| PB 0x00000000edf00000| Complete 
| 224|0x00000000ee000000, 0x00000000ee100000, 0x00000000ee100000|100%| E|CS|TAMS 0x00000000ee000000| PB 0x00000000ee000000| Complete 
| 225|0x00000000ee100000, 0x00000000ee200000, 0x00000000ee200000|100%| E|CS|TAMS 0x00000000ee100000| PB 0x00000000ee100000| Complete 
| 226|0x00000000ee200000, 0x00000000ee300000, 0x00000000ee300000|100%| E|CS|TAMS 0x00000000ee200000| PB 0x00000000ee200000| Complete 
| 227|0x00000000ee300000, 0x00000000ee400000, 0x00000000ee400000|100%| E|CS|TAMS 0x00000000ee300000| PB 0x00000000ee300000| Complete 
| 228|0x00000000ee400000, 0x00000000ee500000, 0x00000000ee500000|100%| E|CS|TAMS 0x00000000ee400000| PB 0x00000000ee400000| Complete 
| 229|0x00000000ee500000, 0x00000000ee600000, 0x00000000ee600000|100%| E|CS|TAMS 0x00000000ee500000| PB 0x00000000ee500000| Complete 
| 230|0x00000000ee600000, 0x00000000ee700000, 0x00000000ee700000|100%| E|CS|TAMS 0x00000000ee600000| PB 0x00000000ee600000| Complete 
| 231|0x00000000ee700000, 0x00000000ee800000, 0x00000000ee800000|100%| E|CS|TAMS 0x00000000ee700000| PB 0x00000000ee700000| Complete 
| 232|0x00000000ee800000, 0x00000000ee900000, 0x00000000ee900000|100%| E|CS|TAMS 0x00000000ee800000| PB 0x00000000ee800000| Complete 
| 233|0x00000000ee900000, 0x00000000eea00000, 0x00000000eea00000|100%| E|CS|TAMS 0x00000000ee900000| PB 0x00000000ee900000| Complete 
| 234|0x00000000eea00000, 0x00000000eeb00000, 0x00000000eeb00000|100%| E|CS|TAMS 0x00000000eea00000| PB 0x00000000eea00000| Complete 
| 235|0x00000000eeb00000, 0x00000000eec00000, 0x00000000eec00000|100%| E|CS|TAMS 0x00000000eeb00000| PB 0x00000000eeb00000| Complete 
| 236|0x00000000eec00000, 0x00000000eed00000, 0x00000000eed00000|100%| E|CS|TAMS 0x00000000eec00000| PB 0x00000000eec00000| Complete 
| 237|0x00000000eed00000, 0x00000000eee00000, 0x00000000eee00000|100%| E|CS|TAMS 0x00000000eed00000| PB 0x00000000eed00000| Complete 
| 238|0x00000000eee00000, 0x00000000eef00000, 0x00000000eef00000|100%| E|CS|TAMS 0x00000000eee00000| PB 0x00000000eee00000| Complete 
| 239|0x00000000eef00000, 0x00000000ef000000, 0x00000000ef000000|100%| E|CS|TAMS 0x00000000eef00000| PB 0x00000000eef00000| Complete 
| 240|0x00000000ef000000, 0x00000000ef100000, 0x00000000ef100000|100%| E|CS|TAMS 0x00000000ef000000| PB 0x00000000ef000000| Complete 
| 241|0x00000000ef100000, 0x00000000ef200000, 0x00000000ef200000|100%| E|CS|TAMS 0x00000000ef100000| PB 0x00000000ef100000| Complete 
| 242|0x00000000ef200000, 0x00000000ef300000, 0x00000000ef300000|100%| E|CS|TAMS 0x00000000ef200000| PB 0x00000000ef200000| Complete 
| 243|0x00000000ef300000, 0x00000000ef400000, 0x00000000ef400000|100%| E|CS|TAMS 0x00000000ef300000| PB 0x00000000ef300000| Complete 
| 244|0x00000000ef400000, 0x00000000ef500000, 0x00000000ef500000|100%| E|CS|TAMS 0x00000000ef400000| PB 0x00000000ef400000| Complete 
| 245|0x00000000ef500000, 0x00000000ef600000, 0x00000000ef600000|100%| E|CS|TAMS 0x00000000ef500000| PB 0x00000000ef500000| Complete 
| 246|0x00000000ef600000, 0x00000000ef700000, 0x00000000ef700000|100%| E|CS|TAMS 0x00000000ef600000| PB 0x00000000ef600000| Complete 
| 247|0x00000000ef700000, 0x00000000ef800000, 0x00000000ef800000|100%| E|CS|TAMS 0x00000000ef700000| PB 0x00000000ef700000| Complete 
| 248|0x00000000ef800000, 0x00000000ef900000, 0x00000000ef900000|100%| E|CS|TAMS 0x00000000ef800000| PB 0x00000000ef800000| Complete 
| 249|0x00000000ef900000, 0x00000000efa00000, 0x00000000efa00000|100%| E|CS|TAMS 0x00000000ef900000| PB 0x00000000ef900000| Complete 
| 250|0x00000000efa00000, 0x00000000efb00000, 0x00000000efb00000|100%| E|CS|TAMS 0x00000000efa00000| PB 0x00000000efa00000| Complete 
| 251|0x00000000efb00000, 0x00000000efc00000, 0x00000000efc00000|100%| E|CS|TAMS 0x00000000efb00000| PB 0x00000000efb00000| Complete 
| 252|0x00000000efc00000, 0x00000000efd00000, 0x00000000efd00000|100%| E|CS|TAMS 0x00000000efc00000| PB 0x00000000efc00000| Complete 
| 253|0x00000000efd00000, 0x00000000efe00000, 0x00000000efe00000|100%| E|CS|TAMS 0x00000000efd00000| PB 0x00000000efd00000| Complete 
| 254|0x00000000efe00000, 0x00000000eff00000, 0x00000000eff00000|100%| E|CS|TAMS 0x00000000efe00000| PB 0x00000000efe00000| Complete 
| 255|0x00000000eff00000, 0x00000000f0000000, 0x00000000f0000000|100%| E|CS|TAMS 0x00000000eff00000| PB 0x00000000eff00000| Complete 

Card table byte_map: [0x0000029eaf4d0000,0x0000029eaf5d0000] _byte_map_base: 0x0000029eaedd0000

Marking Bits: (CMBitMap*) 0x0000029e9b33b690
 Bits: [0x0000029eaf5d0000, 0x0000029eafdd0000)

Polling page: 0x0000029e9ac50000

Metaspace:

Usage:
  Non-class:     28.23 MB used.
      Class:      4.73 MB used.
       Both:     32.96 MB used.

Virtual space:
  Non-class space:       64.00 MB reserved,      28.69 MB ( 45%) committed,  1 nodes.
      Class space:      320.00 MB reserved,       5.19 MB (  2%) committed,  1 nodes.
             Both:      384.00 MB reserved,      33.88 MB (  9%) committed. 

Chunk freelists:
   Non-Class:  2.81 MB
       Class:  10.77 MB
        Both:  13.59 MB

MaxMetaspaceSize: 384.00 MB
CompressedClassSpaceSize: 320.00 MB
Initial GC threshold: 21.00 MB
Current GC threshold: 35.25 MB
CDS: on
 - commit_granule_bytes: 65536.
 - commit_granule_words: 8192.
 - virtual_space_node_default_size: 8388608.
 - enlarge_chunks_in_place: 1.
 - use_allocation_guard: 0.


Internal statistics:

num_allocs_failed_limit: 3.
num_arena_births: 1612.
num_arena_deaths: 4.
num_vsnodes_births: 2.
num_vsnodes_deaths: 0.
num_space_committed: 542.
num_space_uncommitted: 0.
num_chunks_returned_to_freelist: 7.
num_chunks_taken_from_freelist: 3014.
num_chunk_merges: 3.
num_chunk_splits: 1954.
num_chunks_enlarged: 1249.
num_inconsistent_stats: 0.

CodeHeap 'non-profiled nmethods': size=120000Kb used=2453Kb max_used=2453Kb free=117546Kb
 bounds [0x0000029ea7430000, 0x0000029ea76a0000, 0x0000029eae960000]
CodeHeap 'profiled nmethods': size=120000Kb used=8982Kb max_used=8982Kb free=111017Kb
 bounds [0x0000029e9f960000, 0x0000029ea0230000, 0x0000029ea6e90000]
CodeHeap 'non-nmethods': size=5760Kb used=1976Kb max_used=1994Kb free=3783Kb
 bounds [0x0000029ea6e90000, 0x0000029ea7100000, 0x0000029ea7430000]
CodeCache: size=245760Kb, used=13411Kb, max_used=13429Kb, free=232346Kb
 total_blobs=5244, nmethods=4555, adapters=593, full_count=0
Compilation: enabled, stopped_count=0, restarted_count=0

Compilation events (20 events):
Event: 786.423 Thread 0x0000029eb28ce550 nmethod 4451 0x0000029ea01ee310 code [0x0000029ea01ee600, 0x0000029ea01ef5d0]
Event: 786.423 Thread 0x0000029eb28ce550 4453   !   3       jdk.internal.jrtfs.JrtDirectoryStream$1::next (48 bytes)
Event: 786.424 Thread 0x0000029eb28a0080 4454 %     4       jdk.internal.jrtfs.JrtPath::normalize @ 15 (97 bytes)
Event: 786.424 Thread 0x0000029eb28ce550 nmethod 4453 0x0000029ea01efb10 code [0x0000029ea01efd00, 0x0000029ea01f01f8]
Event: 786.436 Thread 0x0000029eb28a0080 nmethod 4454% 0x0000029ea768b010 code [0x0000029ea768b1c0, 0x0000029ea768b460]
Event: 786.436 Thread 0x0000029eb28a0080 4455       4       java.util.regex.Pattern::compile (537 bytes)
Event: 786.772 Thread 0x0000029eb28a0080 nmethod 4455 0x0000029ea768b710 code [0x0000029ea768bb40, 0x0000029ea768e828]
Event: 786.793 Thread 0x0000029eb28ce550 4456       3       java.nio.MappedByteBuffer::limit (8 bytes)
Event: 786.794 Thread 0x0000029eb28ce550 nmethod 4456 0x0000029ea01f0490 code [0x0000029ea01f0640, 0x0000029ea01f07f0]
Event: 786.794 Thread 0x0000029eb28ce550 4457       3       jdk.internal.jimage.ImageBufferCache$2::compare (13 bytes)
Event: 786.795 Thread 0x0000029eb28ce550 nmethod 4457 0x0000029ea01f0910 code [0x0000029ea01f0b40, 0x0000029ea01f1528]
Event: 786.803 Thread 0x0000029eb28a0080 4458       4       jdk.internal.jrtfs.JrtPath::normalize (97 bytes)
Event: 786.816 Thread 0x0000029eb28a0080 nmethod 4458 0x0000029ea768f710 code [0x0000029ea768f8c0, 0x0000029ea768fb00]
Event: 786.816 Thread 0x0000029eb28a0080 4459       4       java.util.stream.ReferencePipeline$3$1::accept (23 bytes)
Event: 786.819 Thread 0x0000029eb28a0080 nmethod 4459 0x0000029ea768fd90 code [0x0000029ea768ff20, 0x0000029ea7690010]
Event: 786.869 Thread 0x0000029eb28a0080 4460       4       java.util.stream.ReferencePipeline$2$1::accept (27 bytes)
Event: 786.871 Thread 0x0000029eb28a0080 nmethod 4460 0x0000029ea7690110 code [0x0000029ea76902a0, 0x0000029ea76903a0]
Event: 786.918 Thread 0x0000029eb28a0080 4461       4       java.util.Spliterators$1Adapter::accept (11 bytes)
Event: 786.923 Thread 0x0000029eb28a0080 nmethod 4461 0x0000029ea7690490 code [0x0000029ea7690620, 0x0000029ea7690780]
Event: 787.141 Thread 0x0000029eb28a0080 4462       4       java.lang.String::split (148 bytes)

GC Heap History (8 events):
Event: 240.515 GC heap before
{Heap before GC invocations=0 (full 0):
 garbage-first heap   total 262144K, used 23552K [0x00000000e0000000, 0x0000000100000000)
  region size 1024K, 23 young (23552K), 0 survivors (0K)
 Metaspace       used 940K, committed 1088K, reserved 393216K
  class space    used 73K, committed 128K, reserved 327680K
}
Event: 240.847 GC heap after
{Heap after GC invocations=1 (full 0):
 garbage-first heap   total 262144K, used 1578K [0x00000000e0000000, 0x0000000100000000)
  region size 1024K, 2 young (2048K), 2 survivors (2048K)
 Metaspace       used 940K, committed 1088K, reserved 393216K
  class space    used 73K, committed 128K, reserved 327680K
}
Event: 402.308 GC heap before
{Heap before GC invocations=1 (full 0):
 garbage-first heap   total 262144K, used 39466K [0x00000000e0000000, 0x0000000100000000)
  region size 1024K, 37 young (37888K), 2 survivors (2048K)
 Metaspace       used 4365K, committed 4544K, reserved 393216K
  class space    used 557K, committed 640K, reserved 327680K
}
Event: 402.325 GC heap after
{Heap after GC invocations=2 (full 0):
 garbage-first heap   total 262144K, used 10518K [0x00000000e0000000, 0x0000000100000000)
  region size 1024K, 5 young (5120K), 5 survivors (5120K)
 Metaspace       used 4365K, committed 4544K, reserved 393216K
  class space    used 557K, committed 640K, reserved 327680K
}
Event: 605.552 GC heap before
{Heap before GC invocations=2 (full 0):
 garbage-first heap   total 262144K, used 60694K [0x00000000e0000000, 0x0000000100000000)
  region size 1024K, 52 young (53248K), 5 survivors (5120K)
 Metaspace       used 4837K, committed 4992K, reserved 393216K
  class space    used 628K, committed 704K, reserved 327680K
}
Event: 605.581 GC heap after
{Heap after GC invocations=3 (full 0):
 garbage-first heap   total 262144K, used 16470K [0x00000000e0000000, 0x0000000100000000)
  region size 1024K, 5 young (5120K), 5 survivors (5120K)
 Metaspace       used 4837K, committed 4992K, reserved 393216K
  class space    used 628K, committed 704K, reserved 327680K
}
Event: 698.291 GC heap before
{Heap before GC invocations=3 (full 0):
 garbage-first heap   total 262144K, used 115798K [0x00000000e0000000, 0x0000000100000000)
  region size 1024K, 103 young (105472K), 5 survivors (5120K)
 Metaspace       used 20840K, committed 21504K, reserved 393216K
  class space    used 3064K, committed 3392K, reserved 327680K
}
Event: 698.511 GC heap after
{Heap after GC invocations=4 (full 0):
 garbage-first heap   total 262144K, used 24118K [0x00000000e0000000, 0x0000000100000000)
  region size 1024K, 12 young (12288K), 12 survivors (12288K)
 Metaspace       used 20840K, committed 21504K, reserved 393216K
  class space    used 3064K, committed 3392K, reserved 327680K
}

Dll operation events (20 events):
Event: 19.000 Attempting to load shared library C:\Users\duiph\.cursor\extensions\redhat.java-1.56.0-win32-x64\jre\21.0.12.1-win32-x86_64\bin\nio.dll
Event: 19.648 Loaded shared library C:\Users\duiph\.cursor\extensions\redhat.java-1.56.0-win32-x64\jre\21.0.12.1-win32-x86_64\bin\nio.dll
Event: 20.782 Attempting to load shared library C:\Users\duiph\.cursor\extensions\redhat.java-1.56.0-win32-x64\jre\21.0.12.1-win32-x86_64\bin\zip.dll
Event: 20.782 Loaded shared library C:\Users\duiph\.cursor\extensions\redhat.java-1.56.0-win32-x64\jre\21.0.12.1-win32-x86_64\bin\zip.dll
Event: 229.621 Attempting to load shared library C:\Users\duiph\.cursor\extensions\redhat.java-1.56.0-win32-x64\jre\21.0.12.1-win32-x86_64\bin\jimage.dll
Event: 229.621 Loaded shared library C:\Users\duiph\.cursor\extensions\redhat.java-1.56.0-win32-x64\jre\21.0.12.1-win32-x86_64\bin\jimage.dll
Event: 288.141 Attempting to load shared library C:\Users\duiph\.cursor\extensions\redhat.java-1.56.0-win32-x64\jre\21.0.12.1-win32-x86_64\bin\verify.dll
Event: 288.330 Loaded shared library C:\Users\duiph\.cursor\extensions\redhat.java-1.56.0-win32-x64\jre\21.0.12.1-win32-x86_64\bin\verify.dll
Event: 291.558 Attempting to load shared library C:\Users\duiph\.gradle\native\1def1411415f61bf3af743bc5b6707747c0891f09f0c88961ee8f79bc544acac\windows-amd64\native-platform.dll
Event: 291.692 Loaded shared library C:\Users\duiph\.gradle\native\1def1411415f61bf3af743bc5b6707747c0891f09f0c88961ee8f79bc544acac\windows-amd64\native-platform.dll
Event: 293.806 Attempting to load shared library C:\Users\duiph\.gradle\native\0.2.7\x86_64-windows-gnu\gradle-fileevents.dll
Event: 293.918 Loaded shared library C:\Users\duiph\.gradle\native\0.2.7\x86_64-windows-gnu\gradle-fileevents.dll
Event: 614.283 Attempting to load shared library C:\Users\duiph\.cursor\extensions\redhat.java-1.56.0-win32-x64\jre\21.0.12.1-win32-x86_64\bin\management.dll
Event: 615.456 Loaded shared library C:\Users\duiph\.cursor\extensions\redhat.java-1.56.0-win32-x64\jre\21.0.12.1-win32-x86_64\bin\management.dll
Event: 617.786 Attempting to load shared library C:\Users\duiph\.cursor\extensions\redhat.java-1.56.0-win32-x64\jre\21.0.12.1-win32-x86_64\bin\management_ext.dll
Event: 618.415 Loaded shared library C:\Users\duiph\.cursor\extensions\redhat.java-1.56.0-win32-x64\jre\21.0.12.1-win32-x86_64\bin\management_ext.dll
Event: 624.707 Attempting to load shared library C:\Users\duiph\.cursor\extensions\redhat.java-1.56.0-win32-x64\jre\21.0.12.1-win32-x86_64\bin\extnet.dll
Event: 625.770 Loaded shared library C:\Users\duiph\.cursor\extensions\redhat.java-1.56.0-win32-x64\jre\21.0.12.1-win32-x86_64\bin\extnet.dll
Event: 645.177 Attempting to load shared library C:\Users\duiph\.cursor\extensions\redhat.java-1.56.0-win32-x64\jre\21.0.12.1-win32-x86_64\bin\sunmscapi.dll
Event: 645.908 Loaded shared library C:\Users\duiph\.cursor\extensions\redhat.java-1.56.0-win32-x64\jre\21.0.12.1-win32-x86_64\bin\sunmscapi.dll

Deoptimization events (20 events):
Event: 784.817 Thread 0x0000029ecd6b0590 DEOPT PACKING pc=0x0000029ea76659f8 sp=0x000000fcb90f8030
Event: 784.817 Thread 0x0000029ecd6b0590 DEOPT UNPACKING pc=0x0000029ea6ee7ba2 sp=0x000000fcb90f7fd8 mode 2
Event: 784.817 Thread 0x0000029ecd6b0590 Uncommon trap: trap_request=0xffffffc6 fr.pc=0x0000029ea76659f8 relative=0x0000000000000298
Event: 784.817 Thread 0x0000029ecd6b0590 Uncommon trap: reason=bimorphic_or_optimized_type_check action=maybe_recompile pc=0x0000029ea76659f8 method=java.util.stream.MatchOps$1MatchSink.accept(Ljava/lang/Object;)V @ 12 c2
Event: 784.817 Thread 0x0000029ecd6b0590 DEOPT PACKING pc=0x0000029ea76659f8 sp=0x000000fcb90f8030
Event: 784.817 Thread 0x0000029ecd6b0590 DEOPT UNPACKING pc=0x0000029ea6ee7ba2 sp=0x000000fcb90f7fd8 mode 2
Event: 784.817 Thread 0x0000029ecd6b0590 Uncommon trap: trap_request=0xffffffc6 fr.pc=0x0000029ea76659f8 relative=0x0000000000000298
Event: 784.817 Thread 0x0000029ecd6b0590 Uncommon trap: reason=bimorphic_or_optimized_type_check action=maybe_recompile pc=0x0000029ea76659f8 method=java.util.stream.MatchOps$1MatchSink.accept(Ljava/lang/Object;)V @ 12 c2
Event: 784.817 Thread 0x0000029ecd6b0590 DEOPT PACKING pc=0x0000029ea76659f8 sp=0x000000fcb90f8030
Event: 784.817 Thread 0x0000029ecd6b0590 DEOPT UNPACKING pc=0x0000029ea6ee7ba2 sp=0x000000fcb90f7fd8 mode 2
Event: 784.817 Thread 0x0000029ecd6b0590 Uncommon trap: trap_request=0xffffffc6 fr.pc=0x0000029ea76659f8 relative=0x0000000000000298
Event: 784.817 Thread 0x0000029ecd6b0590 Uncommon trap: reason=bimorphic_or_optimized_type_check action=maybe_recompile pc=0x0000029ea76659f8 method=java.util.stream.MatchOps$1MatchSink.accept(Ljava/lang/Object;)V @ 12 c2
Event: 784.817 Thread 0x0000029ecd6b0590 DEOPT PACKING pc=0x0000029ea76659f8 sp=0x000000fcb90f8030
Event: 784.817 Thread 0x0000029ecd6b0590 DEOPT UNPACKING pc=0x0000029ea6ee7ba2 sp=0x000000fcb90f7fd8 mode 2
Event: 785.006 Thread 0x0000029ecd6b0590 Uncommon trap: trap_request=0xffffff6e fr.pc=0x0000029ea767da48 relative=0x0000000000000808
Event: 785.006 Thread 0x0000029ecd6b0590 Uncommon trap: reason=loop_limit_check action=maybe_recompile pc=0x0000029ea767da48 method=java.util.regex.Pattern$Start.match(Ljava/util/regex/Matcher;ILjava/lang/CharSequence;)Z @ 34 c2
Event: 785.006 Thread 0x0000029ecd6b0590 DEOPT PACKING pc=0x0000029ea767da48 sp=0x000000fcb90f8380
Event: 785.006 Thread 0x0000029ecd6b0590 DEOPT UNPACKING pc=0x0000029ea6ee7ba2 sp=0x000000fcb90f82f0 mode 2
Event: 786.803 Thread 0x0000029ecd6b0590 DEOPT PACKING pc=0x0000029ea01cab40 sp=0x000000fcb90f80f0
Event: 786.803 Thread 0x0000029ecd6b0590 DEOPT UNPACKING pc=0x0000029ea6ee86e2 sp=0x000000fcb90f75e0 mode 0

Classes loaded (20 events):
Event: 785.345 Loading class jdk/internal/jimage/ImageReader$Directory
Event: 785.352 Loading class jdk/internal/jimage/ImageReader$Node
Event: 785.352 Loading class jdk/internal/jimage/ImageReader$Node done
Event: 785.352 Loading class jdk/internal/jimage/ImageReader$Directory done
Event: 785.353 Loading class jdk/internal/jrtfs/SystemImage$1
Event: 785.353 Loading class jdk/internal/jrtfs/SystemImage$1 done
Event: 785.354 Loading class jdk/internal/jimage/ImageReader$SharedImageReader$LocationVisitor
Event: 785.355 Loading class jdk/internal/jimage/ImageReader$SharedImageReader$LocationVisitor done
Event: 785.359 Loading class java/nio/ByteBufferAsIntBufferL
Event: 785.361 Loading class java/nio/ByteBufferAsIntBufferL done
Event: 785.370 Loading class jdk/internal/jrtfs/JrtFileAttributes
Event: 785.370 Loading class jdk/internal/jrtfs/JrtFileAttributes done
Event: 785.370 Loading class jdk/internal/jrtfs/JrtDirectoryStream
Event: 785.371 Loading class jdk/internal/jrtfs/JrtDirectoryStream done
Event: 785.393 Loading class jdk/internal/jrtfs/JrtDirectoryStream$1
Event: 785.394 Loading class jdk/internal/jrtfs/JrtDirectoryStream$1 done
Event: 785.395 Loading class java/util/function/BooleanSupplier
Event: 785.396 Loading class java/util/function/BooleanSupplier done
Event: 785.418 Loading class jdk/internal/jimage/ImageReader$Resource
Event: 785.418 Loading class jdk/internal/jimage/ImageReader$Resource done

Classes unloaded (2 events):
Event: 698.545 Thread 0x0000029eb2833b20 Unloading class 0x0000029eb4002000 'java/lang/invoke/LambdaForm$MH+0x0000029eb4002000'
Event: 698.545 Thread 0x0000029eb2833b20 Unloading class 0x0000029eb4001c00 'java/lang/invoke/LambdaForm$MH+0x0000029eb4001c00'

Classes redefined (0 events):
No events

Internal exceptions (20 events):
Event: 754.915 Thread 0x0000029ecd6b0590 Exception <a 'java/lang/NoSuchMethodError'{0x00000000edcd8c98}: 'void java.lang.invoke.DirectMethodHandle$Holder.invokeInterface(java.lang.Object, java.lang.Object, java.lang.Object, java.lang.Object, java.lang.Object)'> (0x00000000edcd8c98) 
thrown [s\src\hotspot\share\interpreter\linkResolver.cpp, line 773]
Event: 755.012 Thread 0x0000029ecd6b0590 Exception <a 'java/lang/NoSuchMethodError'{0x00000000edb78968}: 'void java.lang.invoke.DirectMethodHandle$Holder.invokeStatic(java.lang.Object, java.lang.Object, java.lang.Object, java.lang.Object, java.lang.Object, java.lang.Object)'> (0x00000000edb78968) 
thrown [s\src\hotspot\share\interpreter\linkResolver.cpp, line 773]
Event: 763.148 Thread 0x0000029ecd6b0590 Exception <a 'java/lang/NoSuchMethodError'{0x00000000ed0dd268}: 'java.lang.Object java.lang.invoke.DirectMethodHandle$Holder.newInvokeSpecial(java.lang.Object, java.lang.Object, int, int)'> (0x00000000ed0dd268) 
thrown [s\src\hotspot\share\interpreter\linkResolver.cpp, line 773]
Event: 763.241 Thread 0x0000029ecd6b0590 Exception <a 'java/lang/NoSuchMethodError'{0x00000000ecf18228}: 'void java.lang.invoke.DirectMethodHandle$Holder.invokeSpecial(java.lang.Object, java.lang.Object, int)'> (0x00000000ecf18228) 
thrown [s\src\hotspot\share\interpreter\linkResolver.cpp, line 773]
Event: 763.242 Thread 0x0000029ecd6b0590 Exception <a 'java/lang/NoSuchMethodError'{0x00000000ecf1c518}: 'void java.lang.invoke.Invokers$Holder.invokeExact_MT(java.lang.Object, int, java.lang.Object)'> (0x00000000ecf1c518) 
thrown [s\src\hotspot\share\interpreter\linkResolver.cpp, line 773]
Event: 764.181 Thread 0x0000029ecd6b0590 Implicit null exception at 0x0000029ea756ec35 to 0x0000029ea756f154
Event: 764.181 Thread 0x0000029ecd6b0590 Implicit null exception at 0x0000029ea762b218 to 0x0000029ea762b594
Event: 764.181 Thread 0x0000029ecd6b0590 Implicit null exception at 0x0000029ea7622ab0 to 0x0000029ea7623384
Event: 764.182 Thread 0x0000029ecd6b0590 Exception <a 'java/lang/NoSuchMethodError'{0x00000000eca3a3e8}: 'java.lang.reflect.Method[] java.lang.Class.getDeclaredMethods(java.lang.Class)'> (0x00000000eca3a3e8) 
thrown [s\src\hotspot\share\interpreter\linkResolver.cpp, line 773]
Event: 764.232 Thread 0x0000029ecd6b0590 Exception <a 'java/lang/NoSuchMethodError'{0x00000000eca9abd0}: 'java.lang.Object java.lang.invoke.DirectMethodHandle$Holder.invokeStaticInit(java.lang.Object, java.lang.Object, java.lang.Object)'> (0x00000000eca9abd0) 
thrown [s\src\hotspot\share\interpreter\linkResolver.cpp, line 773]
Event: 764.369 Thread 0x0000029ecd6b0590 Exception <a 'java/lang/NoSuchMethodError'{0x00000000ec980ca0}: 'void java.lang.invoke.DirectMethodHandle$Holder.invokeStaticInit(java.lang.Object, java.lang.Object, java.lang.Object)'> (0x00000000ec980ca0) 
thrown [s\src\hotspot\share\interpreter\linkResolver.cpp, line 773]
Event: 764.384 Thread 0x0000029ecd6b0590 Exception <a 'java/lang/NoSuchMethodError'{0x00000000ec9a54c8}: 'void java.lang.invoke.DirectMethodHandle$Holder.invokeStaticInit(java.lang.Object, java.lang.Object, java.lang.Object, java.lang.Object, java.lang.Object)'> (0x00000000ec9a54c8) 
thrown [s\src\hotspot\share\interpreter\linkResolver.cpp, line 773]
Event: 764.557 Thread 0x0000029ecd6b0590 Exception <a 'java/lang/NoSuchMethodError'{0x00000000ec9fe0b8}: 'int java.lang.invoke.DirectMethodHandle$Holder.invokeStaticInit(java.lang.Object, java.lang.Object, java.lang.Object, java.lang.Object)'> (0x00000000ec9fe0b8) 
thrown [s\src\hotspot\share\interpreter\linkResolver.cpp, line 773]
Event: 770.246 Thread 0x0000029ecd6b0590 Exception <a 'java/lang/ClassNotFoundException'{0x00000000ebf5d658}: groovy/lang/ExpandoMetaClassBeanInfo> (0x00000000ebf5d658) 
thrown [s\src\hotspot\share\classfile\systemDictionary.cpp, line 313]
Event: 770.247 Thread 0x0000029ecd6b0590 Exception <a 'java/lang/ClassNotFoundException'{0x00000000ebf65e70}: groovy/lang/MetaClassImplBeanInfo> (0x00000000ebf65e70) 
thrown [s\src\hotspot\share\classfile\systemDictionary.cpp, line 313]
Event: 770.248 Thread 0x0000029ecd6b0590 Exception <a 'java/lang/ClassNotFoundException'{0x00000000ebf6aa58}: java/lang/ObjectBeanInfo> (0x00000000ebf6aa58) 
thrown [s\src\hotspot\share\classfile\systemDictionary.cpp, line 313]
Event: 770.251 Thread 0x0000029ecd6b0590 Exception <a 'java/lang/ClassNotFoundException'{0x00000000ebf70650}: java/lang/ObjectCustomizer> (0x00000000ebf70650) 
thrown [s\src\hotspot\share\classfile\systemDictionary.cpp, line 313]
Event: 770.266 Thread 0x0000029ecd6b0590 Exception <a 'java/lang/IncompatibleClassChangeError'{0x00000000ebf81218}: Found class java.lang.Object, but interface was expected> (0x00000000ebf81218) 
thrown [s\src\hotspot\share\interpreter\linkResolver.cpp, line 840]
Event: 770.302 Thread 0x0000029ecd6b0590 Exception <a 'java/lang/ClassNotFoundException'{0x00000000ebf9b8f8}: groovy/lang/MetaClassImplCustomizer> (0x00000000ebf9b8f8) 
thrown [s\src\hotspot\share\classfile\systemDictionary.cpp, line 313]
Event: 770.349 Thread 0x0000029ecd6b0590 Exception <a 'java/lang/ClassNotFoundException'{0x00000000ebfc5640}: groovy/lang/ExpandoMetaClassCustomizer> (0x00000000ebfc5640) 
thrown [s\src\hotspot\share\classfile\systemDictionary.cpp, line 313]

ZGC Phase Switch (0 events):
No events

VM Operations (20 events):
Event: 773.560 Executing non-safepoint VM operation: HandshakeAllThreads (Deoptimize)
Event: 773.560 Executing non-safepoint VM operation: HandshakeAllThreads (Deoptimize) done
Event: 774.563 Executing safepoint VM operation: Cleanup
Event: 774.563 Executing safepoint VM operation: Cleanup done
Event: 777.589 Executing safepoint VM operation: Cleanup
Event: 777.589 Executing safepoint VM operation: Cleanup done
Event: 781.623 Executing safepoint VM operation: Cleanup
Event: 781.684 Executing safepoint VM operation: Cleanup done
Event: 782.697 Executing safepoint VM operation: Cleanup
Event: 782.727 Executing safepoint VM operation: Cleanup done
Event: 783.735 Executing safepoint VM operation: Cleanup
Event: 783.735 Executing safepoint VM operation: Cleanup done
Event: 785.365 Executing non-safepoint VM operation: HandshakeAllThreads (Deoptimize)
Event: 785.366 Executing non-safepoint VM operation: HandshakeAllThreads (Deoptimize) done
Event: 785.366 Executing safepoint VM operation: Cleanup
Event: 785.366 Executing safepoint VM operation: Cleanup done
Event: 786.375 Executing safepoint VM operation: Cleanup
Event: 786.405 Executing safepoint VM operation: Cleanup done
Event: 787.418 Executing safepoint VM operation: Cleanup
Event: 787.434 Executing safepoint VM operation: Cleanup done

Memory protections (0 events):
No events

Nmethod flushes (0 events):
No events

Events (20 events):
Event: 618.909 Thread 0x0000029e9b3106e0 Thread added: 0x0000029ecce80a30
Event: 635.049 Thread 0x0000029e9b3106e0 Thread added: 0x0000029ecd58c010
Event: 641.008 Thread 0x0000029e9b3106e0 Thread added: 0x0000029eb291eda0
Event: 647.772 Thread 0x0000029ecd58c010 Thread added: 0x0000029ecd022570
Event: 647.849 Thread 0x0000029ecd022570 Thread added: 0x0000029ecd0b9b30
Event: 651.050 Thread 0x0000029ecd022570 Thread added: 0x0000029eb28ec370
Event: 654.861 Thread 0x0000029ecd022570 Thread added: 0x0000029ecd6b0590
Event: 657.040 Thread 0x0000029ecd6b0590 Thread added: 0x0000029ecd6b0c20
Event: 657.069 Thread 0x0000029ecd6b0590 Thread added: 0x0000029ecd6b2660
Event: 657.091 Thread 0x0000029ecd6b0590 Thread added: 0x0000029ecd6b12b0
Event: 662.809 Thread 0x0000029ecd6b0590 Thread added: 0x0000029ecd6b1fd0
Event: 664.197 Thread 0x0000029ecd6b0590 Thread added: 0x0000029ecd6aff00
Event: 667.422 Thread 0x0000029ecd6aff00 Thread added: 0x0000029ecd6b2cf0
Event: 669.402 Thread 0x0000029ecd6b0590 Thread added: 0x0000029ecd6b1940
Event: 702.267 Thread 0x0000029ecd6b0590 Thread added: 0x0000029ecf07e350
Event: 719.087 Thread 0x0000029ecd6b0590 Thread added: 0x0000029ecf07e9e0
Event: 737.045 Thread 0x0000029ecd6b2cf0 Thread exited: 0x0000029ecd6b2cf0
Event: 738.760 Thread 0x0000029ecd6b0590 Thread added: 0x0000029ecf07f070
Event: 741.773 Thread 0x0000029ecd6b0590 Thread added: 0x0000029ecf07f700
Event: 777.198 Thread 0x0000029ecd6aff00 Thread added: 0x0000029ecf07cfa0


Dynamic libraries:
0x00007ff71c900000 - 0x00007ff71c90e000 	C:\Users\duiph\.cursor\extensions\redhat.java-1.56.0-win32-x64\jre\21.0.12.1-win32-x86_64\bin\java.exe
0x00007ff9f2a60000 - 0x00007ff9f2cc7000 	C:\WINDOWS\SYSTEM32\ntdll.dll
0x00007ff9f0780000 - 0x00007ff9f084b000 	C:\WINDOWS\System32\KERNEL32.DLL
0x00007ff9efcf0000 - 0x00007ff9f00f2000 	C:\WINDOWS\System32\KERNELBASE.dll
0x00007ff9f01c0000 - 0x00007ff9f030c000 	C:\WINDOWS\System32\ucrtbase.dll
0x00007ff9dca10000 - 0x00007ff9dca28000 	C:\Users\duiph\.cursor\extensions\redhat.java-1.56.0-win32-x64\jre\21.0.12.1-win32-x86_64\bin\jli.dll
0x00007ff9de080000 - 0x00007ff9de09e000 	C:\Users\duiph\.cursor\extensions\redhat.java-1.56.0-win32-x64\jre\21.0.12.1-win32-x86_64\bin\VCRUNTIME140.dll
0x00007ff9f1eb0000 - 0x00007ff9f207f000 	C:\WINDOWS\System32\USER32.dll
0x00007ff9f0750000 - 0x00007ff9f0777000 	C:\WINDOWS\System32\win32u.dll
0x00007ff9f2090000 - 0x00007ff9f20bb000 	C:\WINDOWS\System32\GDI32.dll
0x00007ff9f0560000 - 0x00007ff9f0689000 	C:\WINDOWS\System32\gdi32full.dll
0x00007ff9f0320000 - 0x00007ff9f03c3000 	C:\WINDOWS\System32\msvcp_win.dll
0x00007ff9d5c00000 - 0x00007ff9d5e90000 	C:\WINDOWS\WinSxS\amd64_microsoft.windows.common-controls_6595b64144ccf1df_6.0.26100.9278_none_3e0d1ba8e3303201\COMCTL32.dll
0x00007ff9f2870000 - 0x00007ff9f2919000 	C:\WINDOWS\System32\msvcrt.dll
0x00007ff9f1980000 - 0x00007ff9f19b1000 	C:\WINDOWS\System32\IMM32.DLL
0x00007ff9de180000 - 0x00007ff9de18c000 	C:\Users\duiph\.cursor\extensions\redhat.java-1.56.0-win32-x64\jre\21.0.12.1-win32-x86_64\bin\vcruntime140_1.dll
0x00007ff98c490000 - 0x00007ff98c51d000 	C:\Users\duiph\.cursor\extensions\redhat.java-1.56.0-win32-x64\jre\21.0.12.1-win32-x86_64\bin\msvcp140.dll
0x00007ff8fd760000 - 0x00007ff8fe502000 	C:\Users\duiph\.cursor\extensions\redhat.java-1.56.0-win32-x64\jre\21.0.12.1-win32-x86_64\bin\server\jvm.dll
0x00007ff9f1c40000 - 0x00007ff9f1cfc000 	C:\WINDOWS\System32\ADVAPI32.dll
0x00007ff9f2160000 - 0x00007ff9f2209000 	C:\WINDOWS\System32\sechost.dll
0x00007ff9f12d0000 - 0x00007ff9f13e8000 	C:\WINDOWS\System32\RPCRT4.dll
0x00007ff9f2400000 - 0x00007ff9f2480000 	C:\WINDOWS\System32\WS2_32.dll
0x00007ff9efac0000 - 0x00007ff9efb1e000 	C:\WINDOWS\SYSTEM32\POWRPROF.dll
0x00007ff9d4a10000 - 0x00007ff9d4a46000 	C:\WINDOWS\SYSTEM32\WINMM.dll
0x00007ff9ddd30000 - 0x00007ff9ddd3b000 	C:\WINDOWS\SYSTEM32\VERSION.dll
0x00007ff9efaa0000 - 0x00007ff9efab5000 	C:\WINDOWS\SYSTEM32\UMPDC.dll
0x00007ff9ee930000 - 0x00007ff9ee94b000 	C:\WINDOWS\SYSTEM32\kernel.appcore.dll
0x00007ff9dca00000 - 0x00007ff9dca0a000 	C:\Users\duiph\.cursor\extensions\redhat.java-1.56.0-win32-x64\jre\21.0.12.1-win32-x86_64\bin\jimage.dll
0x00007ff9ed0f0000 - 0x00007ff9ed33c000 	C:\WINDOWS\SYSTEM32\DBGHELP.DLL
0x00007ff9f2490000 - 0x00007ff9f2815000 	C:\WINDOWS\System32\combase.dll
0x00007ff9f1b60000 - 0x00007ff9f1c39000 	C:\WINDOWS\System32\OLEAUT32.dll
0x00007ff9c84d0000 - 0x00007ff9c850b000 	C:\WINDOWS\SYSTEM32\dbgcore.DLL
0x00007ff9f0100000 - 0x00007ff9f01ac000 	C:\WINDOWS\System32\bcryptPrimitives.dll
0x00007ff99c260000 - 0x00007ff99c26f000 	C:\Users\duiph\.cursor\extensions\redhat.java-1.56.0-win32-x64\jre\21.0.12.1-win32-x86_64\bin\instrument.dll
0x00007ff9d6a20000 - 0x00007ff9d6a40000 	C:\Users\duiph\.cursor\extensions\redhat.java-1.56.0-win32-x64\jre\21.0.12.1-win32-x86_64\bin\java.dll
0x00007ff9f09b0000 - 0x00007ff9f1148000 	C:\WINDOWS\System32\SHELL32.dll
0x00007ff9ed6c0000 - 0x00007ff9edf6e000 	C:\WINDOWS\SYSTEM32\windows.storage.dll
0x00007ff9f13f0000 - 0x00007ff9f14eb000 	C:\WINDOWS\System32\SHCORE.dll
0x00007ff9f1240000 - 0x00007ff9f12a6000 	C:\WINDOWS\System32\shlwapi.dll
0x00007ff9efb80000 - 0x00007ff9efba9000 	C:\WINDOWS\SYSTEM32\profapi.dll
0x00007ff9d2200000 - 0x00007ff9d2218000 	C:\Users\duiph\.cursor\extensions\redhat.java-1.56.0-win32-x64\jre\21.0.12.1-win32-x86_64\bin\zip.dll
0x00007ff9d3620000 - 0x00007ff9d3630000 	C:\Users\duiph\.cursor\extensions\redhat.java-1.56.0-win32-x64\jre\21.0.12.1-win32-x86_64\bin\net.dll
0x00007ff9e2210000 - 0x00007ff9e233a000 	C:\WINDOWS\SYSTEM32\WINHTTP.dll
0x00007ff9eeef0000 - 0x00007ff9eef5c000 	C:\WINDOWS\system32\mswsock.dll
0x00007ff9c9860000 - 0x00007ff9c9876000 	C:\Users\duiph\.cursor\extensions\redhat.java-1.56.0-win32-x64\jre\21.0.12.1-win32-x86_64\bin\nio.dll
0x00007ff99caa0000 - 0x00007ff99cab0000 	C:\Users\duiph\.cursor\extensions\redhat.java-1.56.0-win32-x64\jre\21.0.12.1-win32-x86_64\bin\verify.dll
0x00007ff997660000 - 0x00007ff997687000 	C:\Users\duiph\.gradle\native\1def1411415f61bf3af743bc5b6707747c0891f09f0c88961ee8f79bc544acac\windows-amd64\native-platform.dll
0x00007ff97a6f0000 - 0x00007ff97a768000 	C:\Users\duiph\.gradle\native\0.2.7\x86_64-windows-gnu\gradle-fileevents.dll
0x00007ff99c790000 - 0x00007ff99c79a000 	C:\Users\duiph\.cursor\extensions\redhat.java-1.56.0-win32-x64\jre\21.0.12.1-win32-x86_64\bin\management.dll
0x00007ff99c780000 - 0x00007ff99c78c000 	C:\Users\duiph\.cursor\extensions\redhat.java-1.56.0-win32-x64\jre\21.0.12.1-win32-x86_64\bin\management_ext.dll
0x00007ff9f11d0000 - 0x00007ff9f11d8000 	C:\WINDOWS\System32\PSAPI.DLL
0x00007ff9ee430000 - 0x00007ff9ee463000 	C:\WINDOWS\SYSTEM32\IPHLPAPI.DLL
0x00007ff9f20c0000 - 0x00007ff9f20ca000 	C:\WINDOWS\System32\NSI.dll
0x00007ff9ae120000 - 0x00007ff9ae129000 	C:\Users\duiph\.cursor\extensions\redhat.java-1.56.0-win32-x64\jre\21.0.12.1-win32-x86_64\bin\extnet.dll
0x00007ff9ef1e0000 - 0x00007ff9ef1fb000 	C:\WINDOWS\SYSTEM32\CRYPTSP.dll
0x00007ff9ee890000 - 0x00007ff9ee8c9000 	C:\WINDOWS\system32\rsaenh.dll
0x00007ff9eefa0000 - 0x00007ff9eefd4000 	C:\WINDOWS\SYSTEM32\USERENV.dll
0x00007ff9efb50000 - 0x00007ff9efb7a000 	C:\WINDOWS\SYSTEM32\bcrypt.dll
0x00007ff9ef200000 - 0x00007ff9ef20c000 	C:\WINDOWS\SYSTEM32\CRYPTBASE.dll
0x00007ff9ec1e0000 - 0x00007ff9ec1ee000 	C:\Users\duiph\.cursor\extensions\redhat.java-1.56.0-win32-x64\jre\21.0.12.1-win32-x86_64\bin\sunmscapi.dll
0x00007ff9f03d0000 - 0x00007ff9f054e000 	C:\WINDOWS\System32\CRYPT32.dll
0x00007ff9ef420000 - 0x00007ff9ef450000 	C:\WINDOWS\SYSTEM32\ncrypt.dll
0x00007ff9ef3d0000 - 0x00007ff9ef40f000 	C:\WINDOWS\SYSTEM32\NTASN1.dll
0x00007ff9d5340000 - 0x00007ff9d5348000 	C:\WINDOWS\system32\wshunix.dll

JVMTI agents:
C:\Users\duiph\.gradle\wrapper\dists\gradle-8.14.4-bin\92wwslzcyst3phie3o264zltu\gradle-8.14.4\lib\agents\gradle-instrumentation-agent-8.14.4.jar path:C:\Users\duiph\.cursor\extensions\redhat.java-1.56.0-win32-x64\jre\21.0.12.1-win32-x86_64\bin\instrument.dll, loaded, initialized, instrumentlib options:none

dbghelp: loaded successfully - version: 4.0.5 - missing functions: none
symbol engine: initialized successfully - sym options: 0x614 - pdb path: .;C:\Users\duiph\.cursor\extensions\redhat.java-1.56.0-win32-x64\jre\21.0.12.1-win32-x86_64\bin;C:\WINDOWS\SYSTEM32;C:\WINDOWS\WinSxS\amd64_microsoft.windows.common-controls_6595b64144ccf1df_6.0.26100.9278_none_3e0d1ba8e3303201;C:\Users\duiph\.cursor\extensions\redhat.java-1.56.0-win32-x64\jre\21.0.12.1-win32-x86_64\bin\server;C:\Users\duiph\.gradle\native\1def1411415f61bf3af743bc5b6707747c0891f09f0c88961ee8f79bc544acac\windows-amd64;C:\Users\duiph\.gradle\native\0.2.7\x86_64-windows-gnu

VM Arguments:
jvm_args: --add-opens=java.base/java.lang=ALL-UNNAMED --add-opens=java.base/java.lang.invoke=ALL-UNNAMED --add-opens=java.base/java.util=ALL-UNNAMED --add-opens=java.prefs/java.util.prefs=ALL-UNNAMED --add-exports=jdk.compiler/com.sun.tools.javac.api=ALL-UNNAMED --add-exports=jdk.compiler/com.sun.tools.javac.util=ALL-UNNAMED --add-opens=java.base/java.util=ALL-UNNAMED --add-opens=java.prefs/java.util.prefs=ALL-UNNAMED --add-opens=java.base/java.nio.charset=ALL-UNNAMED --add-opens=java.base/java.net=ALL-UNNAMED --add-opens=java.base/java.util.concurrent.atomic=ALL-UNNAMED --add-opens=java.xml/javax.xml.namespace=ALL-UNNAMED -XX:MaxMetaspaceSize=384m -XX:+HeapDumpOnOutOfMemoryError -Xms256m -Xmx512m -Dfile.encoding=UTF-8 -Duser.country=KR -Duser.language=ko -Duser.variant -javaagent:C:\Users\duiph\.gradle\wrapper\dists\gradle-8.14.4-bin\92wwslzcyst3phie3o264zltu\gradle-8.14.4\lib\agents\gradle-instrumentation-agent-8.14.4.jar 
java_command: org.gradle.launcher.daemon.bootstrap.GradleDaemon 8.14.4
java_class_path (initial): C:\Users\duiph\.gradle\wrapper\dists\gradle-8.14.4-bin\92wwslzcyst3phie3o264zltu\gradle-8.14.4\lib\gradle-daemon-main-8.14.4.jar
Launcher Type: SUN_STANDARD

[Global flags]
     intx CICompilerCount                          = 4                                         {product} {ergonomic}
   size_t CompressedClassSpaceSize                 = 335544320                                 {product} {ergonomic}
     uint ConcGCThreads                            = 2                                         {product} {ergonomic}
     uint G1ConcRefinementThreads                  = 8                                         {product} {ergonomic}
   size_t G1HeapRegionSize                         = 1048576                                   {product} {ergonomic}
    uintx GCDrainStackTargetSize                   = 64                                        {product} {ergonomic}
     bool HeapDumpOnOutOfMemoryError               = true                                   {manageable} {command line}
   size_t InitialHeapSize                          = 268435456                                 {product} {command line}
   size_t MarkStackSize                            = 4194304                                   {product} {ergonomic}
   size_t MaxHeapSize                              = 536870912                                 {product} {command line}
   size_t MaxMetaspaceSize                         = 402653184                                 {product} {command line}
   size_t MaxNewSize                               = 321912832                                 {product} {ergonomic}
   size_t MinHeapDeltaBytes                        = 1048576                                   {product} {ergonomic}
   size_t MinHeapSize                              = 268435456                                 {product} {command line}
    uintx NonNMethodCodeHeapSize                   = 5839372                                {pd product} {ergonomic}
    uintx NonProfiledCodeHeapSize                  = 122909434                              {pd product} {ergonomic}
    uintx ProfiledCodeHeapSize                     = 122909434                              {pd product} {ergonomic}
    uintx ReservedCodeCacheSize                    = 251658240                              {pd product} {ergonomic}
     bool SegmentedCodeCache                       = true                                      {product} {ergonomic}
   size_t SoftMaxHeapSize                          = 536870912                              {manageable} {ergonomic}
     bool UseCompressedOops                        = true                           {product lp64_product} {ergonomic}
     bool UseG1GC                                  = true                                      {product} {ergonomic}
     bool UseLargePagesIndividualAllocation        = false                                  {pd product} {ergonomic}

Logging:
Log output configuration:
 #0: stdout all=warning uptime,level,tags foldmultilines=false
 #1: stderr all=off uptime,level,tags foldmultilines=false

Release file:
JAVA_VERSION="21.0.12.1" 
MODULES="java.base java.compiler java.datatransfer java.xml java.prefs java.desktop java.instrument java.logging java.management java.security.sasl java.naming java.rmi java.management.rmi java.net.http java.scripting java.security.jgss java.transaction.xa java.sql java.sql.rowset java.xml.crypto java.se java.smartcardio jdk.accessibility jdk.internal.jvmstat jdk.attach jdk.charsets jdk.internal.opt jdk.zipfs jdk.compiler jdk.crypto.ec jdk.crypto.cryptoki jdk.crypto.mscapi jdk.dynalink jdk.internal.ed jdk.editpad jdk.hotspot.agent jdk.httpserver jdk.internal.le jdk.internal.vm.ci jdk.internal.vm.compiler jdk.internal.vm.compiler.management jdk.jartool jdk.javadoc jdk.jcmd jdk.management jdk.management.agent jdk.jconsole jdk.jdeps jdk.jdwp.agent jdk.jdi jdk.jfr jdk.jshell jdk.jsobject jdk.jstatd jdk.localedata jdk.management.jfr jdk.naming.dns jdk.naming.rmi jdk.net jdk.nio.mapmode jdk.random jdk.sctp jdk.security.auth jdk.security.jgss jdk.unsupported jdk.unsupported.desktop jdk.xml.dom" 

Environment Variables:
JAVA_HOME=C:\Program Files\Java\jdk-17
CLASSPATH=C:\Program Files\Java\jdk-17\lib
PATH=C:\Program Files\Java\jdk-17\bin;C:\Program Files\Common Files\Oracle\Java\javapath;C:\Program Files (x86)\Common Files\Oracle\Java\javapath;C:\WINDOWS\system32;C:\WINDOWS;C:\WINDOWS\System32\Wbem;C:\WINDOWS\System32\WindowsPowerShell\v1.0\;C:\WINDOWS\System32\OpenSSH\;C:\Program Files\Git\cmd;C:\Program Files\Java\jdk-17.0.5\bin;C:\Program Files\Java\jdk-11\bin;C:\Program Files\Docker\Docker\resources\bin;C:\Program Files\MySQL\MySQL Server 8.0\bin;C:\Users\duiph\AppData\Local\nvm;C:\nvm4w\nodejs;C:\Program Files\dotnet\;C:\Program Files\MySQL\MySQL Shell 8.0\bin\;C:\Users\duiph\AppData\Local\Microsoft\WindowsApps;C:\Program Files\JetBrains\IntelliJ IDEA Community Edition 2023.2.1\bin;C:\Program Files\MariaDB 11.2\bin;C:\Program Files\JetBrains\IntelliJ IDEA 2023.3.4\bin;C:\Users\duiph\AppData\Local\gitkraken\bin;C:\Program Files\JetBrains\IntelliJ IDEA 2020.2.3\bin;;C:\Users\duiph\AppData\Roaming\npm;C:\Users\duiph\AppData\Local\Microsoft\WindowsApps;C:\Users\duiph\AppData\Local\Microsoft\WinGet\Packages\Schniz.fnm_Microsoft.Winget.Source_8wekyb3d8bbwe;C:\Users\duiph\AppData\Local\nvm;C:\nvm4w\nodejs;C:\Users\duiph\AppData\Local\Programs\Microsoft VS Code\bin;C:\Users\duiph\AppData\Local\Programs\cursor\resources\app\bin
USERNAME=minseon
TMPDIR=C:\Users\Public\Documents\ESTsoft\CreatorTemp
OS=Windows_NT
PROCESSOR_IDENTIFIER=Intel64 Family 6 Model 140 Stepping 1, GenuineIntel
TMP=C:\Users\duiph\AppData\Local\Temp
TEMP=C:\Users\duiph\AppData\Local\Temp




Periodic native trim disabled

---------------  S Y S T E M  ---------------

OS:
 Windows 11 , 64 bit Build 26100 (10.0.26100.9444)
OS uptime: 3 days 23:08 hours
Hyper-V role detected

CPU: total 8 (initial active 8) (4 cores per cpu, 2 threads per core) family 6 model 140 stepping 1 microcode 0xb4, cx8, cmov, fxsr, ht, mmx, 3dnowpref, sse, sse2, sse3, ssse3, sse4.1, sse4.2, popcnt, lzcnt, tsc, tscinvbit, avx, avx2, aes, erms, clmul, bmi1, bmi2, adx, avx512f, avx512dq, avx512cd, avx512bw, avx512vl, sha, fma, vzeroupper, avx512_vpopcntdq, avx512_vpclmulqdq, avx512_vaes, avx512_vnni, clflush, clflushopt, clwb, avx512_vbmi2, avx512_vbmi, hv, rdtscp, rdpid, fsrm, gfni, avx512_bitalg, f16c, cet_ibt, cet_ss, avx512_ifma
Processor Information for the first 8 processors :
  Max Mhz: 2803, Current Mhz: 2803, Mhz Limit: 2803

Memory: 4k page, system-wide physical 16057M (65M free)
TotalPageFile size 61923M (AvailPageFile size 1M)
current process WorkingSet (physical memory assigned to process): 204M, peak: 217M
current process commit charge ("private bytes"): 433M, peak: 433M

vm_info: OpenJDK 64-Bit Server VM (21.0.12.1+1-LTS) for windows-amd64 JRE (21.0.12.1+1-LTS), built on 2026-08-18T00:00:00Z by "admin" with MS VC++ 17.12 (VS2022)

END.
