#
# There is insufficient memory for the Java Runtime Environment to continue.
# Native memory allocation (malloc) failed to allocate 394256 bytes. Error detail: Chunk::new
# Possible reasons:
#   The system is out of physical RAM or swap space
#   This process is running with CompressedOops enabled, and the Java Heap may be blocking the growth of the native heap
# Possible solutions:
#   Reduce memory load on the system
#   Increase physical memory or swap space
#   Check if swap backing store is full
#   Decrease Java heap size (-Xmx/-Xms)
#   Decrease number of Java threads
#   Decrease Java thread stack sizes (-Xss)
#   Set larger code cache with -XX:ReservedCodeCacheSize=
#   JVM is running with Unscaled Compressed Oops mode in which the Java heap is
#     placed in the first 4GB address space. The Java Heap base address is the
#     maximum limit for the native heap growth. Please use -XX:HeapBaseMinAddress
#     to set the Java Heap base and to place the Java Heap above 4GB virtual address.
# This output file may be truncated or incomplete.
#
#  Out of Memory Error (arena.cpp:168), pid=44352, tid=34492
#
# JRE version: OpenJDK Runtime Environment Temurin-21.0.12.1+1 (21.0.12.1+1) (build 21.0.12.1+1-LTS)
# Java VM: OpenJDK 64-Bit Server VM Temurin-21.0.12.1+1 (21.0.12.1+1-LTS, mixed mode, sharing, tiered, compressed oops, compressed class ptrs, g1 gc, windows-amd64)
# No core dump will be written. Minidumps are not enabled by default on client versions of Windows
#

---------------  S U M M A R Y ------------

Command Line: --add-opens=java.base/java.lang=ALL-UNNAMED --add-opens=java.base/java.lang.invoke=ALL-UNNAMED --add-opens=java.base/java.util=ALL-UNNAMED --add-opens=java.prefs/java.util.prefs=ALL-UNNAMED --add-exports=jdk.compiler/com.sun.tools.javac.api=ALL-UNNAMED --add-exports=jdk.compiler/com.sun.tools.javac.util=ALL-UNNAMED --add-opens=java.base/java.util=ALL-UNNAMED --add-opens=java.prefs/java.util.prefs=ALL-UNNAMED --add-opens=java.base/java.nio.charset=ALL-UNNAMED --add-opens=java.base/java.net=ALL-UNNAMED --add-opens=java.base/java.util.concurrent.atomic=ALL-UNNAMED --add-opens=java.xml/javax.xml.namespace=ALL-UNNAMED -XX:MaxMetaspaceSize=384m -XX:+HeapDumpOnOutOfMemoryError -Xms256m -Xmx512m -Dfile.encoding=UTF-8 -Duser.country=KR -Duser.language=ko -Duser.variant -javaagent:C:\Users\duiph\.gradle\wrapper\dists\gradle-8.14.4-bin\92wwslzcyst3phie3o264zltu\gradle-8.14.4\lib\agents\gradle-instrumentation-agent-8.14.4.jar org.gradle.launcher.daemon.bootstrap.GradleDaemon 8.14.4

Host: 11th Gen Intel(R) Core(TM) i7-1165G7 @ 2.80GHz, 8 cores, 15G,  Windows 11 , 64 bit Build 26100 (10.0.26100.9444)
Time: Wed Sep 16 21:58:48 2026 elapsed time: 864.052547 seconds (0d 0h 14m 24s)

---------------  T H R E A D  ---------------

Current thread (0x00000249359c8e00):  JavaThread "C2 CompilerThread0" daemon [_thread_in_native, id=34492, stack(0x000000d1a5e00000,0x000000d1a5f00000) (1024K)]


Current CompileTask:
C2:864053 4717   !   4       java.util.concurrent.locks.AbstractQueuedSynchronizer::acquire (424 bytes)

Stack: [0x000000d1a5e00000,0x000000d1a5f00000]
Native frames: (J=compiled Java code, j=interpreted, Vv=VM code, C=native code)
V  [jvm.dll+0x6d83e9]
V  [jvm.dll+0x8b5736]
V  [jvm.dll+0x8b7cee]
V  [jvm.dll+0x8b83d3]
V  [jvm.dll+0x284596]
V  [jvm.dll+0xc685d]
V  [jvm.dll+0xc6da1]
V  [jvm.dll+0x3bf18b]
V  [jvm.dll+0x38b6d2]
V  [jvm.dll+0x38ab1a]
V  [jvm.dll+0x24c700]
V  [jvm.dll+0x24bce0]
V  [jvm.dll+0x1cb4ae]
V  [jvm.dll+0x25baad]
V  [jvm.dll+0x25a03a]
V  [jvm.dll+0x3f8aae]
V  [jvm.dll+0x8600cd]
V  [jvm.dll+0x6d6c1d]
C  [ucrtbase.dll+0x2cd30]
C  [KERNEL32.DLL+0x2cd87]
C  [ntdll.dll+0xacaec]


---------------  P R O C E S S  ---------------

Threads class SMR info:
_java_thread_list=0x00000249525e6fb0, length=29, elements={
0x0000024920021720, 0x00000249359bf0f0, 0x00000249359c29c0, 0x00000249359c3420,
0x00000249359c5e90, 0x00000249359c7610, 0x00000249359c8070, 0x00000249359c8e00,
0x00000249359d2770, 0x0000024935b8bf50, 0x0000024935c98f20, 0x000002494fbcf970,
0x000002494f6540c0, 0x000002494fbff830, 0x00000249504158c0, 0x000002494f758330,
0x0000024950234b70, 0x00000249503fba90, 0x00000249503fce40, 0x00000249503fad70,
0x00000249503fd4d0, 0x00000249503fc7b0, 0x00000249503fa050, 0x00000249503fc120,
0x00000249503fa6e0, 0x00000249507769a0, 0x0000024950775c80, 0x0000024950774f60,
0x00000249507776c0
}

Java Threads: ( => current thread )
  0x0000024920021720 JavaThread "main"                              [_thread_blocked, id=19836, stack(0x000000d1a5000000,0x000000d1a5100000) (1024K)]
  0x00000249359bf0f0 JavaThread "Reference Handler"          daemon [_thread_blocked, id=8384, stack(0x000000d1a5800000,0x000000d1a5900000) (1024K)]
  0x00000249359c29c0 JavaThread "Finalizer"                  daemon [_thread_blocked, id=42988, stack(0x000000d1a5900000,0x000000d1a5a00000) (1024K)]
  0x00000249359c3420 JavaThread "Signal Dispatcher"          daemon [_thread_blocked, id=21108, stack(0x000000d1a5a00000,0x000000d1a5b00000) (1024K)]
  0x00000249359c5e90 JavaThread "Attach Listener"            daemon [_thread_blocked, id=47576, stack(0x000000d1a5b00000,0x000000d1a5c00000) (1024K)]
  0x00000249359c7610 JavaThread "Service Thread"             daemon [_thread_blocked, id=48572, stack(0x000000d1a5c00000,0x000000d1a5d00000) (1024K)]
  0x00000249359c8070 JavaThread "Monitor Deflation Thread"   daemon [_thread_blocked, id=48796, stack(0x000000d1a5d00000,0x000000d1a5e00000) (1024K)]
=>0x00000249359c8e00 JavaThread "C2 CompilerThread0"         daemon [_thread_in_native, id=34492, stack(0x000000d1a5e00000,0x000000d1a5f00000) (1024K)]
  0x00000249359d2770 JavaThread "C1 CompilerThread0"         daemon [_thread_blocked, id=41108, stack(0x000000d1a5f00000,0x000000d1a6000000) (1024K)]
  0x0000024935b8bf50 JavaThread "Common-Cleaner"             daemon [_thread_blocked, id=40432, stack(0x000000d1a6000000,0x000000d1a6100000) (1024K)]
  0x0000024935c98f20 JavaThread "Notification Thread"        daemon [_thread_blocked, id=2072, stack(0x000000d1a6100000,0x000000d1a6200000) (1024K)]
  0x000002494fbcf970 JavaThread "Daemon health stats"               [_thread_blocked, id=2956, stack(0x000000d1a6700000,0x000000d1a6800000) (1024K)]
  0x000002494f6540c0 JavaThread "Incoming local TCP Connector on port 50846"        [_thread_in_native, id=47188, stack(0x000000d1a6800000,0x000000d1a6900000) (1024K)]
  0x000002494fbff830 JavaThread "Daemon periodic checks"            [_thread_blocked, id=6716, stack(0x000000d1a6900000,0x000000d1a6a00000) (1024K)]
  0x00000249504158c0 JavaThread "Daemon"                            [_thread_blocked, id=34988, stack(0x000000d1a6b00000,0x000000d1a6c00000) (1024K)]
  0x000002494f758330 JavaThread "Handler for socket connection from /127.0.0.1:50846 to /127.0.0.1:50847"        [_thread_in_native, id=39176, stack(0x000000d1a6c00000,0x000000d1a6d00000) (1024K)]
  0x0000024950234b70 JavaThread "Cancel handler"                    [_thread_blocked, id=50420, stack(0x000000d1a6d00000,0x000000d1a6e00000) (1024K)]
  0x00000249503fba90 JavaThread "Daemon worker"                     [_thread_blocked, id=53620, stack(0x000000d1a6e00000,0x000000d1a6f00000) (1024K)]
  0x00000249503fce40 JavaThread "Asynchronous log dispatcher for DefaultDaemonConnection: socket connection from /127.0.0.1:50846 to /127.0.0.1:50847"        [_thread_blocked, id=50552, stack(0x000000d1a6f00000,0x000000d1a7000000) (1024K)]
  0x00000249503fad70 JavaThread "Stdin handler"                     [_thread_blocked, id=24300, stack(0x000000d1a7000000,0x000000d1a7100000) (1024K)]
  0x00000249503fd4d0 JavaThread "Daemon client event forwarder"        [_thread_blocked, id=37620, stack(0x000000d1a7100000,0x000000d1a7200000) (1024K)]
  0x00000249503fc7b0 JavaThread "Cache worker for journal cache (C:\Users\duiph\.gradle\caches\journal-1)"        [_thread_blocked, id=50748, stack(0x000000d1a7200000,0x000000d1a7300000) (1024K)]
  0x00000249503fa050 JavaThread "File lock request listener"        [_thread_in_native, id=23728, stack(0x000000d1a7300000,0x000000d1a7400000) (1024K)]
  0x00000249503fc120 JavaThread "File lock release action executor"        [_thread_blocked, id=34072, stack(0x000000d1a6400000,0x000000d1a6500000) (1024K)]
  0x00000249503fa6e0 JavaThread "Cache worker for file hash cache (C:\Users\duiph\.gradle\caches\8.14.4\fileHashes)"        [_thread_blocked, id=46348, stack(0x000000d1a6500000,0x000000d1a6600000) (1024K)]
  0x00000249507769a0 JavaThread "Cache worker for file hash cache (C:\underscore\underscore\.gradle\8.14.4\fileHashes)"        [_thread_blocked, id=2268, stack(0x000000d1a7500000,0x000000d1a7600000) (1024K)]
  0x0000024950775c80 JavaThread "Cache worker for Build Output Cleanup Cache (C:\underscore\underscore\.gradle\buildOutputCleanup)"        [_thread_blocked, id=54116, stack(0x000000d1a7600000,0x000000d1a7700000) (1024K)]
  0x0000024950774f60 JavaThread "File watcher server"        daemon [_thread_in_native, id=52820, stack(0x000000d1a7700000,0x000000d1a7800000) (1024K)]
  0x00000249507776c0 JavaThread "File watcher consumer"      daemon [_thread_blocked, id=37028, stack(0x000000d1a7800000,0x000000d1a7900000) (1024K)]
Total: 29

Other Threads:
  0x00000249359a2d80 VMThread "VM Thread"                           [id=13896, stack(0x000000d1a5700000,0x000000d1a5800000) (1024K)]
  0x0000024935994ef0 WatcherThread "VM Periodic Task Thread"        [id=34088, stack(0x000000d1a5600000,0x000000d1a5700000) (1024K)]
  0x000002492004b7b0 WorkerThread "GC Thread#0"                     [id=49668, stack(0x000000d1a5100000,0x000000d1a5200000) (1024K)]
  0x0000024935c6e580 WorkerThread "GC Thread#1"                     [id=15648, stack(0x000000d1a4d00000,0x000000d1a4e00000) (1024K)]
  0x0000024935c6e930 WorkerThread "GC Thread#2"                     [id=10448, stack(0x000000d1a4e00000,0x000000d1a4f00000) (1024K)]
  0x0000024935aa1970 WorkerThread "GC Thread#3"                     [id=45008, stack(0x000000d1a4f00000,0x000000d1a5000000) (1024K)]
  0x0000024935aa1d20 WorkerThread "GC Thread#4"                     [id=45260, stack(0x000000d1a6200000,0x000000d1a6300000) (1024K)]
  0x0000024935aa05b0 WorkerThread "GC Thread#5"                     [id=29796, stack(0x000000d1a6300000,0x000000d1a6400000) (1024K)]
  0x00000249504fbbd0 WorkerThread "GC Thread#6"                     [id=46188, stack(0x000000d1a6600000,0x000000d1a6700000) (1024K)]
  0x00000249504fbf80 WorkerThread "GC Thread#7"                     [id=46600, stack(0x000000d1a6a00000,0x000000d1a6b00000) (1024K)]
  0x0000024920051ed0 ConcurrentGCThread "G1 Main Marker"            [id=40912, stack(0x000000d1a5200000,0x000000d1a5300000) (1024K)]
  0x00000249200528f0 WorkerThread "G1 Conc#0"                       [id=50084, stack(0x000000d1a5300000,0x000000d1a5400000) (1024K)]
  0x00000249504f9aa0 WorkerThread "G1 Conc#1"                       [id=38992, stack(0x000000d1a7400000,0x000000d1a7500000) (1024K)]
  0x00000249358625d0 ConcurrentGCThread "G1 Refine#0"               [id=1128, stack(0x000000d1a5400000,0x000000d1a5500000) (1024K)]
  0x0000024935864970 ConcurrentGCThread "G1 Service"                [id=39136, stack(0x000000d1a5500000,0x000000d1a5600000) (1024K)]
Total: 15

Threads with active compile tasks:
C2 CompilerThread0  876730 4717   !   4       java.util.concurrent.locks.AbstractQueuedSynchronizer::acquire (424 bytes)
Total: 1

VM state: not at safepoint (normal execution)

VM Mutex/Monitor currently owned by a thread: None

Heap address: 0x00000000e0000000, size: 512 MB, Compressed Oops mode: 32-bit

CDS archive(s) mapped at: [0x0000024936000000-0x0000024936ba0000-0x0000024936ba0000), size 12189696, SharedBaseAddress: 0x0000024936000000, ArchiveRelocationMode: 1.
Compressed class space mapped at: 0x0000024937000000-0x000002494b000000, reserved size: 335544320
Narrow klass base: 0x0000024936000000, Narrow klass shift: 0, Narrow klass range: 0x100000000

GC Precious Log:
 CardTable entry size: 512
 Card Set container configuration: InlinePtr #cards 5 size 8 Array Of Cards #cards 12 size 40 Howl #buckets 4 coarsen threshold 1843 Howl Bitmap #cards 512 size 80 coarsen threshold 460 Card regions per heap region 1 cards per card region 2048
 CPUs: 8 total, 8 available
 Memory: 16057M
 Large Page Support: Disabled
 NUMA Support: Disabled
 Compressed Oops: Enabled (32-bit)
 Heap Region Size: 1M
 Heap Min Capacity: 256M
 Heap Initial Capacity: 256M
 Heap Max Capacity: 512M
 Pre-touch: Disabled
 Parallel Workers: 8
 Concurrent Workers: 2
 Concurrent Refinement Workers: 8
 Periodic GC: Disabled

Heap:
 garbage-first heap   total 262144K, used 128054K [0x00000000e0000000, 0x0000000100000000)
  region size 1024K, 116 young (118784K), 12 survivors (12288K)
 Metaspace       used 33746K, committed 34752K, reserved 393216K
  class space    used 4827K, committed 5312K, reserved 327680K

Heap Regions: E=young(eden), S=young(survivor), O=old, HS=humongous(starts), HC=humongous(continues), CS=collection set, F=free, TAMS=top-at-mark-start, PB=parsable bottom
|   0|0x00000000e0000000, 0x00000000e0100000, 0x00000000e0100000|100%|HS|  |TAMS 0x00000000e0000000| PB 0x00000000e0000000| Complete 
|   1|0x00000000e0100000, 0x00000000e0200000, 0x00000000e0200000|100%|HC|  |TAMS 0x00000000e0100000| PB 0x00000000e0100000| Complete 
|   2|0x00000000e0200000, 0x00000000e0300000, 0x00000000e0300000|100%|HC|  |TAMS 0x00000000e0200000| PB 0x00000000e0200000| Complete 
|   3|0x00000000e0300000, 0x00000000e0400000, 0x00000000e0400000|100%| O|  |TAMS 0x00000000e0300000| PB 0x00000000e0300000| Untracked 
|   4|0x00000000e0400000, 0x00000000e0500000, 0x00000000e0500000|100%| O|  |TAMS 0x00000000e0400000| PB 0x00000000e0400000| Untracked 
|   5|0x00000000e0500000, 0x00000000e0600000, 0x00000000e0600000|100%| O|  |TAMS 0x00000000e0500000| PB 0x00000000e0500000| Untracked 
|   6|0x00000000e0600000, 0x00000000e0700000, 0x00000000e0700000|100%|HS|  |TAMS 0x00000000e0600000| PB 0x00000000e0600000| Complete 
|   7|0x00000000e0700000, 0x00000000e0700000, 0x00000000e0800000|  0%| F|  |TAMS 0x00000000e0700000| PB 0x00000000e0700000| Untracked 
|   8|0x00000000e0800000, 0x00000000e0900000, 0x00000000e0900000|100%| O|  |TAMS 0x00000000e0800000| PB 0x00000000e0800000| Untracked 
|   9|0x00000000e0900000, 0x00000000e0a00000, 0x00000000e0a00000|100%| O|Cm|TAMS 0x00000000e0900000| PB 0x00000000e0900000| Complete 
|  10|0x00000000e0a00000, 0x00000000e0b00000, 0x00000000e0b00000|100%| O|  |TAMS 0x00000000e0a00000| PB 0x00000000e0a00000| Untracked 
|  11|0x00000000e0b00000, 0x00000000e0c00000, 0x00000000e0c00000|100%| O|  |TAMS 0x00000000e0b00000| PB 0x00000000e0b00000| Untracked 
|  12|0x00000000e0c00000, 0x00000000e0c96d50, 0x00000000e0d00000| 58%| O|  |TAMS 0x00000000e0c00000| PB 0x00000000e0c00000| Untracked 
|  13|0x00000000e0d00000, 0x00000000e0d00000, 0x00000000e0e00000|  0%| F|  |TAMS 0x00000000e0d00000| PB 0x00000000e0d00000| Untracked 
|  14|0x00000000e0e00000, 0x00000000e0e00000, 0x00000000e0f00000|  0%| F|  |TAMS 0x00000000e0e00000| PB 0x00000000e0e00000| Untracked 
|  15|0x00000000e0f00000, 0x00000000e0f00000, 0x00000000e1000000|  0%| F|  |TAMS 0x00000000e0f00000| PB 0x00000000e0f00000| Untracked 
|  16|0x00000000e1000000, 0x00000000e1000000, 0x00000000e1100000|  0%| F|  |TAMS 0x00000000e1000000| PB 0x00000000e1000000| Untracked 
|  17|0x00000000e1100000, 0x00000000e1100000, 0x00000000e1200000|  0%| F|  |TAMS 0x00000000e1100000| PB 0x00000000e1100000| Untracked 
|  18|0x00000000e1200000, 0x00000000e1200000, 0x00000000e1300000|  0%| F|  |TAMS 0x00000000e1200000| PB 0x00000000e1200000| Untracked 
|  19|0x00000000e1300000, 0x00000000e1300000, 0x00000000e1400000|  0%| F|  |TAMS 0x00000000e1300000| PB 0x00000000e1300000| Untracked 
|  20|0x00000000e1400000, 0x00000000e1400000, 0x00000000e1500000|  0%| F|  |TAMS 0x00000000e1400000| PB 0x00000000e1400000| Untracked 
|  21|0x00000000e1500000, 0x00000000e1500000, 0x00000000e1600000|  0%| F|  |TAMS 0x00000000e1500000| PB 0x00000000e1500000| Untracked 
|  22|0x00000000e1600000, 0x00000000e1600000, 0x00000000e1700000|  0%| F|  |TAMS 0x00000000e1600000| PB 0x00000000e1600000| Untracked 
|  23|0x00000000e1700000, 0x00000000e1700000, 0x00000000e1800000|  0%| F|  |TAMS 0x00000000e1700000| PB 0x00000000e1700000| Untracked 
|  24|0x00000000e1800000, 0x00000000e1800000, 0x00000000e1900000|  0%| F|  |TAMS 0x00000000e1800000| PB 0x00000000e1800000| Untracked 
|  25|0x00000000e1900000, 0x00000000e1900000, 0x00000000e1a00000|  0%| F|  |TAMS 0x00000000e1900000| PB 0x00000000e1900000| Untracked 
|  26|0x00000000e1a00000, 0x00000000e1a00000, 0x00000000e1b00000|  0%| F|  |TAMS 0x00000000e1a00000| PB 0x00000000e1a00000| Untracked 
|  27|0x00000000e1b00000, 0x00000000e1b00000, 0x00000000e1c00000|  0%| F|  |TAMS 0x00000000e1b00000| PB 0x00000000e1b00000| Untracked 
|  28|0x00000000e1c00000, 0x00000000e1c00000, 0x00000000e1d00000|  0%| F|  |TAMS 0x00000000e1c00000| PB 0x00000000e1c00000| Untracked 
|  29|0x00000000e1d00000, 0x00000000e1d00000, 0x00000000e1e00000|  0%| F|  |TAMS 0x00000000e1d00000| PB 0x00000000e1d00000| Untracked 
|  30|0x00000000e1e00000, 0x00000000e1e00000, 0x00000000e1f00000|  0%| F|  |TAMS 0x00000000e1e00000| PB 0x00000000e1e00000| Untracked 
|  31|0x00000000e1f00000, 0x00000000e1f00000, 0x00000000e2000000|  0%| F|  |TAMS 0x00000000e1f00000| PB 0x00000000e1f00000| Untracked 
|  32|0x00000000e2000000, 0x00000000e2000000, 0x00000000e2100000|  0%| F|  |TAMS 0x00000000e2000000| PB 0x00000000e2000000| Untracked 
|  33|0x00000000e2100000, 0x00000000e2100000, 0x00000000e2200000|  0%| F|  |TAMS 0x00000000e2100000| PB 0x00000000e2100000| Untracked 
|  34|0x00000000e2200000, 0x00000000e2200000, 0x00000000e2300000|  0%| F|  |TAMS 0x00000000e2200000| PB 0x00000000e2200000| Untracked 
|  35|0x00000000e2300000, 0x00000000e2300000, 0x00000000e2400000|  0%| F|  |TAMS 0x00000000e2300000| PB 0x00000000e2300000| Untracked 
|  36|0x00000000e2400000, 0x00000000e2400000, 0x00000000e2500000|  0%| F|  |TAMS 0x00000000e2400000| PB 0x00000000e2400000| Untracked 
|  37|0x00000000e2500000, 0x00000000e2500000, 0x00000000e2600000|  0%| F|  |TAMS 0x00000000e2500000| PB 0x00000000e2500000| Untracked 
|  38|0x00000000e2600000, 0x00000000e2600000, 0x00000000e2700000|  0%| F|  |TAMS 0x00000000e2600000| PB 0x00000000e2600000| Untracked 
|  39|0x00000000e2700000, 0x00000000e2700000, 0x00000000e2800000|  0%| F|  |TAMS 0x00000000e2700000| PB 0x00000000e2700000| Untracked 
|  40|0x00000000e2800000, 0x00000000e2800000, 0x00000000e2900000|  0%| F|  |TAMS 0x00000000e2800000| PB 0x00000000e2800000| Untracked 
|  41|0x00000000e2900000, 0x00000000e2900000, 0x00000000e2a00000|  0%| F|  |TAMS 0x00000000e2900000| PB 0x00000000e2900000| Untracked 
|  42|0x00000000e2a00000, 0x00000000e2a00000, 0x00000000e2b00000|  0%| F|  |TAMS 0x00000000e2a00000| PB 0x00000000e2a00000| Untracked 
|  43|0x00000000e2b00000, 0x00000000e2b00000, 0x00000000e2c00000|  0%| F|  |TAMS 0x00000000e2b00000| PB 0x00000000e2b00000| Untracked 
|  44|0x00000000e2c00000, 0x00000000e2c00000, 0x00000000e2d00000|  0%| F|  |TAMS 0x00000000e2c00000| PB 0x00000000e2c00000| Untracked 
|  45|0x00000000e2d00000, 0x00000000e2d00000, 0x00000000e2e00000|  0%| F|  |TAMS 0x00000000e2d00000| PB 0x00000000e2d00000| Untracked 
|  46|0x00000000e2e00000, 0x00000000e2e00000, 0x00000000e2f00000|  0%| F|  |TAMS 0x00000000e2e00000| PB 0x00000000e2e00000| Untracked 
|  47|0x00000000e2f00000, 0x00000000e2f00000, 0x00000000e3000000|  0%| F|  |TAMS 0x00000000e2f00000| PB 0x00000000e2f00000| Untracked 
|  48|0x00000000e3000000, 0x00000000e3000000, 0x00000000e3100000|  0%| F|  |TAMS 0x00000000e3000000| PB 0x00000000e3000000| Untracked 
|  49|0x00000000e3100000, 0x00000000e3100000, 0x00000000e3200000|  0%| F|  |TAMS 0x00000000e3100000| PB 0x00000000e3100000| Untracked 
|  50|0x00000000e3200000, 0x00000000e3200000, 0x00000000e3300000|  0%| F|  |TAMS 0x00000000e3200000| PB 0x00000000e3200000| Untracked 
|  51|0x00000000e3300000, 0x00000000e3300000, 0x00000000e3400000|  0%| F|  |TAMS 0x00000000e3300000| PB 0x00000000e3300000| Untracked 
|  52|0x00000000e3400000, 0x00000000e3400000, 0x00000000e3500000|  0%| F|  |TAMS 0x00000000e3400000| PB 0x00000000e3400000| Untracked 
|  53|0x00000000e3500000, 0x00000000e3500000, 0x00000000e3600000|  0%| F|  |TAMS 0x00000000e3500000| PB 0x00000000e3500000| Untracked 
|  54|0x00000000e3600000, 0x00000000e3600000, 0x00000000e3700000|  0%| F|  |TAMS 0x00000000e3600000| PB 0x00000000e3600000| Untracked 
|  55|0x00000000e3700000, 0x00000000e3700000, 0x00000000e3800000|  0%| F|  |TAMS 0x00000000e3700000| PB 0x00000000e3700000| Untracked 
|  56|0x00000000e3800000, 0x00000000e3800000, 0x00000000e3900000|  0%| F|  |TAMS 0x00000000e3800000| PB 0x00000000e3800000| Untracked 
|  57|0x00000000e3900000, 0x00000000e3900000, 0x00000000e3a00000|  0%| F|  |TAMS 0x00000000e3900000| PB 0x00000000e3900000| Untracked 
|  58|0x00000000e3a00000, 0x00000000e3a00000, 0x00000000e3b00000|  0%| F|  |TAMS 0x00000000e3a00000| PB 0x00000000e3a00000| Untracked 
|  59|0x00000000e3b00000, 0x00000000e3b00000, 0x00000000e3c00000|  0%| F|  |TAMS 0x00000000e3b00000| PB 0x00000000e3b00000| Untracked 
|  60|0x00000000e3c00000, 0x00000000e3c00000, 0x00000000e3d00000|  0%| F|  |TAMS 0x00000000e3c00000| PB 0x00000000e3c00000| Untracked 
|  61|0x00000000e3d00000, 0x00000000e3d00000, 0x00000000e3e00000|  0%| F|  |TAMS 0x00000000e3d00000| PB 0x00000000e3d00000| Untracked 
|  62|0x00000000e3e00000, 0x00000000e3e00000, 0x00000000e3f00000|  0%| F|  |TAMS 0x00000000e3e00000| PB 0x00000000e3e00000| Untracked 
|  63|0x00000000e3f00000, 0x00000000e3f00000, 0x00000000e4000000|  0%| F|  |TAMS 0x00000000e3f00000| PB 0x00000000e3f00000| Untracked 
|  64|0x00000000e4000000, 0x00000000e4000000, 0x00000000e4100000|  0%| F|  |TAMS 0x00000000e4000000| PB 0x00000000e4000000| Untracked 
|  65|0x00000000e4100000, 0x00000000e4100000, 0x00000000e4200000|  0%| F|  |TAMS 0x00000000e4100000| PB 0x00000000e4100000| Untracked 
|  66|0x00000000e4200000, 0x00000000e4200000, 0x00000000e4300000|  0%| F|  |TAMS 0x00000000e4200000| PB 0x00000000e4200000| Untracked 
|  67|0x00000000e4300000, 0x00000000e4300000, 0x00000000e4400000|  0%| F|  |TAMS 0x00000000e4300000| PB 0x00000000e4300000| Untracked 
|  68|0x00000000e4400000, 0x00000000e4400000, 0x00000000e4500000|  0%| F|  |TAMS 0x00000000e4400000| PB 0x00000000e4400000| Untracked 
|  69|0x00000000e4500000, 0x00000000e4500000, 0x00000000e4600000|  0%| F|  |TAMS 0x00000000e4500000| PB 0x00000000e4500000| Untracked 
|  70|0x00000000e4600000, 0x00000000e4600000, 0x00000000e4700000|  0%| F|  |TAMS 0x00000000e4600000| PB 0x00000000e4600000| Untracked 
|  71|0x00000000e4700000, 0x00000000e4700000, 0x00000000e4800000|  0%| F|  |TAMS 0x00000000e4700000| PB 0x00000000e4700000| Untracked 
|  72|0x00000000e4800000, 0x00000000e4800000, 0x00000000e4900000|  0%| F|  |TAMS 0x00000000e4800000| PB 0x00000000e4800000| Untracked 
|  73|0x00000000e4900000, 0x00000000e4900000, 0x00000000e4a00000|  0%| F|  |TAMS 0x00000000e4900000| PB 0x00000000e4900000| Untracked 
|  74|0x00000000e4a00000, 0x00000000e4a00000, 0x00000000e4b00000|  0%| F|  |TAMS 0x00000000e4a00000| PB 0x00000000e4a00000| Untracked 
|  75|0x00000000e4b00000, 0x00000000e4b00000, 0x00000000e4c00000|  0%| F|  |TAMS 0x00000000e4b00000| PB 0x00000000e4b00000| Untracked 
|  76|0x00000000e4c00000, 0x00000000e4c00000, 0x00000000e4d00000|  0%| F|  |TAMS 0x00000000e4c00000| PB 0x00000000e4c00000| Untracked 
|  77|0x00000000e4d00000, 0x00000000e4d00000, 0x00000000e4e00000|  0%| F|  |TAMS 0x00000000e4d00000| PB 0x00000000e4d00000| Untracked 
|  78|0x00000000e4e00000, 0x00000000e4e00000, 0x00000000e4f00000|  0%| F|  |TAMS 0x00000000e4e00000| PB 0x00000000e4e00000| Untracked 
|  79|0x00000000e4f00000, 0x00000000e4f00000, 0x00000000e5000000|  0%| F|  |TAMS 0x00000000e4f00000| PB 0x00000000e4f00000| Untracked 
|  80|0x00000000e5000000, 0x00000000e5000000, 0x00000000e5100000|  0%| F|  |TAMS 0x00000000e5000000| PB 0x00000000e5000000| Untracked 
|  81|0x00000000e5100000, 0x00000000e5100000, 0x00000000e5200000|  0%| F|  |TAMS 0x00000000e5100000| PB 0x00000000e5100000| Untracked 
|  82|0x00000000e5200000, 0x00000000e5200000, 0x00000000e5300000|  0%| F|  |TAMS 0x00000000e5200000| PB 0x00000000e5200000| Untracked 
|  83|0x00000000e5300000, 0x00000000e5300000, 0x00000000e5400000|  0%| F|  |TAMS 0x00000000e5300000| PB 0x00000000e5300000| Untracked 
|  84|0x00000000e5400000, 0x00000000e5400000, 0x00000000e5500000|  0%| F|  |TAMS 0x00000000e5400000| PB 0x00000000e5400000| Untracked 
|  85|0x00000000e5500000, 0x00000000e5500000, 0x00000000e5600000|  0%| F|  |TAMS 0x00000000e5500000| PB 0x00000000e5500000| Untracked 
|  86|0x00000000e5600000, 0x00000000e5600000, 0x00000000e5700000|  0%| F|  |TAMS 0x00000000e5600000| PB 0x00000000e5600000| Untracked 
|  87|0x00000000e5700000, 0x00000000e5700000, 0x00000000e5800000|  0%| F|  |TAMS 0x00000000e5700000| PB 0x00000000e5700000| Untracked 
|  88|0x00000000e5800000, 0x00000000e5800000, 0x00000000e5900000|  0%| F|  |TAMS 0x00000000e5800000| PB 0x00000000e5800000| Untracked 
|  89|0x00000000e5900000, 0x00000000e5900000, 0x00000000e5a00000|  0%| F|  |TAMS 0x00000000e5900000| PB 0x00000000e5900000| Untracked 
|  90|0x00000000e5a00000, 0x00000000e5a00000, 0x00000000e5b00000|  0%| F|  |TAMS 0x00000000e5a00000| PB 0x00000000e5a00000| Untracked 
|  91|0x00000000e5b00000, 0x00000000e5b00000, 0x00000000e5c00000|  0%| F|  |TAMS 0x00000000e5b00000| PB 0x00000000e5b00000| Untracked 
|  92|0x00000000e5c00000, 0x00000000e5c00000, 0x00000000e5d00000|  0%| F|  |TAMS 0x00000000e5c00000| PB 0x00000000e5c00000| Untracked 
|  93|0x00000000e5d00000, 0x00000000e5d00000, 0x00000000e5e00000|  0%| F|  |TAMS 0x00000000e5d00000| PB 0x00000000e5d00000| Untracked 
|  94|0x00000000e5e00000, 0x00000000e5e00000, 0x00000000e5f00000|  0%| F|  |TAMS 0x00000000e5e00000| PB 0x00000000e5e00000| Untracked 
|  95|0x00000000e5f00000, 0x00000000e5f00000, 0x00000000e6000000|  0%| F|  |TAMS 0x00000000e5f00000| PB 0x00000000e5f00000| Untracked 
|  96|0x00000000e6000000, 0x00000000e6000000, 0x00000000e6100000|  0%| F|  |TAMS 0x00000000e6000000| PB 0x00000000e6000000| Untracked 
|  97|0x00000000e6100000, 0x00000000e6100000, 0x00000000e6200000|  0%| F|  |TAMS 0x00000000e6100000| PB 0x00000000e6100000| Untracked 
|  98|0x00000000e6200000, 0x00000000e6200000, 0x00000000e6300000|  0%| F|  |TAMS 0x00000000e6200000| PB 0x00000000e6200000| Untracked 
|  99|0x00000000e6300000, 0x00000000e6300000, 0x00000000e6400000|  0%| F|  |TAMS 0x00000000e6300000| PB 0x00000000e6300000| Untracked 
| 100|0x00000000e6400000, 0x00000000e6400000, 0x00000000e6500000|  0%| F|  |TAMS 0x00000000e6400000| PB 0x00000000e6400000| Untracked 
| 101|0x00000000e6500000, 0x00000000e6500000, 0x00000000e6600000|  0%| F|  |TAMS 0x00000000e6500000| PB 0x00000000e6500000| Untracked 
| 102|0x00000000e6600000, 0x00000000e6600000, 0x00000000e6700000|  0%| F|  |TAMS 0x00000000e6600000| PB 0x00000000e6600000| Untracked 
| 103|0x00000000e6700000, 0x00000000e6700000, 0x00000000e6800000|  0%| F|  |TAMS 0x00000000e6700000| PB 0x00000000e6700000| Untracked 
| 104|0x00000000e6800000, 0x00000000e6800000, 0x00000000e6900000|  0%| F|  |TAMS 0x00000000e6800000| PB 0x00000000e6800000| Untracked 
| 105|0x00000000e6900000, 0x00000000e6900000, 0x00000000e6a00000|  0%| F|  |TAMS 0x00000000e6900000| PB 0x00000000e6900000| Untracked 
| 106|0x00000000e6a00000, 0x00000000e6a00000, 0x00000000e6b00000|  0%| F|  |TAMS 0x00000000e6a00000| PB 0x00000000e6a00000| Untracked 
| 107|0x00000000e6b00000, 0x00000000e6b00000, 0x00000000e6c00000|  0%| F|  |TAMS 0x00000000e6b00000| PB 0x00000000e6b00000| Untracked 
| 108|0x00000000e6c00000, 0x00000000e6c00000, 0x00000000e6d00000|  0%| F|  |TAMS 0x00000000e6c00000| PB 0x00000000e6c00000| Untracked 
| 109|0x00000000e6d00000, 0x00000000e6d00000, 0x00000000e6e00000|  0%| F|  |TAMS 0x00000000e6d00000| PB 0x00000000e6d00000| Untracked 
| 110|0x00000000e6e00000, 0x00000000e6e00000, 0x00000000e6f00000|  0%| F|  |TAMS 0x00000000e6e00000| PB 0x00000000e6e00000| Untracked 
| 111|0x00000000e6f00000, 0x00000000e6f00000, 0x00000000e7000000|  0%| F|  |TAMS 0x00000000e6f00000| PB 0x00000000e6f00000| Untracked 
| 112|0x00000000e7000000, 0x00000000e7000000, 0x00000000e7100000|  0%| F|  |TAMS 0x00000000e7000000| PB 0x00000000e7000000| Untracked 
| 113|0x00000000e7100000, 0x00000000e7100000, 0x00000000e7200000|  0%| F|  |TAMS 0x00000000e7100000| PB 0x00000000e7100000| Untracked 
| 114|0x00000000e7200000, 0x00000000e7200000, 0x00000000e7300000|  0%| F|  |TAMS 0x00000000e7200000| PB 0x00000000e7200000| Untracked 
| 115|0x00000000e7300000, 0x00000000e7300000, 0x00000000e7400000|  0%| F|  |TAMS 0x00000000e7300000| PB 0x00000000e7300000| Untracked 
| 116|0x00000000e7400000, 0x00000000e7400000, 0x00000000e7500000|  0%| F|  |TAMS 0x00000000e7400000| PB 0x00000000e7400000| Untracked 
| 117|0x00000000e7500000, 0x00000000e7500000, 0x00000000e7600000|  0%| F|  |TAMS 0x00000000e7500000| PB 0x00000000e7500000| Untracked 
| 118|0x00000000e7600000, 0x00000000e7600000, 0x00000000e7700000|  0%| F|  |TAMS 0x00000000e7600000| PB 0x00000000e7600000| Untracked 
| 119|0x00000000e7700000, 0x00000000e7700000, 0x00000000e7800000|  0%| F|  |TAMS 0x00000000e7700000| PB 0x00000000e7700000| Untracked 
| 120|0x00000000e7800000, 0x00000000e7800000, 0x00000000e7900000|  0%| F|  |TAMS 0x00000000e7800000| PB 0x00000000e7800000| Untracked 
| 121|0x00000000e7900000, 0x00000000e7900000, 0x00000000e7a00000|  0%| F|  |TAMS 0x00000000e7900000| PB 0x00000000e7900000| Untracked 
| 122|0x00000000e7a00000, 0x00000000e7a00000, 0x00000000e7b00000|  0%| F|  |TAMS 0x00000000e7a00000| PB 0x00000000e7a00000| Untracked 
| 123|0x00000000e7b00000, 0x00000000e7b00000, 0x00000000e7c00000|  0%| F|  |TAMS 0x00000000e7b00000| PB 0x00000000e7b00000| Untracked 
| 124|0x00000000e7c00000, 0x00000000e7c00000, 0x00000000e7d00000|  0%| F|  |TAMS 0x00000000e7c00000| PB 0x00000000e7c00000| Untracked 
| 125|0x00000000e7d00000, 0x00000000e7d00000, 0x00000000e7e00000|  0%| F|  |TAMS 0x00000000e7d00000| PB 0x00000000e7d00000| Untracked 
| 126|0x00000000e7e00000, 0x00000000e7e00000, 0x00000000e7f00000|  0%| F|  |TAMS 0x00000000e7e00000| PB 0x00000000e7e00000| Untracked 
| 127|0x00000000e7f00000, 0x00000000e7f00000, 0x00000000e8000000|  0%| F|  |TAMS 0x00000000e7f00000| PB 0x00000000e7f00000| Untracked 
| 128|0x00000000e8000000, 0x00000000e8000000, 0x00000000e8100000|  0%| F|  |TAMS 0x00000000e8000000| PB 0x00000000e8000000| Untracked 
| 129|0x00000000e8100000, 0x00000000e8100000, 0x00000000e8200000|  0%| F|  |TAMS 0x00000000e8100000| PB 0x00000000e8100000| Untracked 
| 130|0x00000000e8200000, 0x00000000e8200000, 0x00000000e8300000|  0%| F|  |TAMS 0x00000000e8200000| PB 0x00000000e8200000| Untracked 
| 131|0x00000000e8300000, 0x00000000e8300000, 0x00000000e8400000|  0%| F|  |TAMS 0x00000000e8300000| PB 0x00000000e8300000| Untracked 
| 132|0x00000000e8400000, 0x00000000e8400000, 0x00000000e8500000|  0%| F|  |TAMS 0x00000000e8400000| PB 0x00000000e8400000| Untracked 
| 133|0x00000000e8500000, 0x00000000e8576e00, 0x00000000e8600000| 46%| S|CS|TAMS 0x00000000e8500000| PB 0x00000000e8500000| Complete 
| 134|0x00000000e8600000, 0x00000000e8700000, 0x00000000e8700000|100%| S|CS|TAMS 0x00000000e8600000| PB 0x00000000e8600000| Complete 
| 135|0x00000000e8700000, 0x00000000e8800000, 0x00000000e8800000|100%| S|CS|TAMS 0x00000000e8700000| PB 0x00000000e8700000| Complete 
| 136|0x00000000e8800000, 0x00000000e8900000, 0x00000000e8900000|100%| S|CS|TAMS 0x00000000e8800000| PB 0x00000000e8800000| Complete 
| 137|0x00000000e8900000, 0x00000000e8a00000, 0x00000000e8a00000|100%| S|CS|TAMS 0x00000000e8900000| PB 0x00000000e8900000| Complete 
| 138|0x00000000e8a00000, 0x00000000e8b00000, 0x00000000e8b00000|100%| S|CS|TAMS 0x00000000e8a00000| PB 0x00000000e8a00000| Complete 
| 139|0x00000000e8b00000, 0x00000000e8c00000, 0x00000000e8c00000|100%| S|CS|TAMS 0x00000000e8b00000| PB 0x00000000e8b00000| Complete 
| 140|0x00000000e8c00000, 0x00000000e8d00000, 0x00000000e8d00000|100%| S|CS|TAMS 0x00000000e8c00000| PB 0x00000000e8c00000| Complete 
| 141|0x00000000e8d00000, 0x00000000e8e00000, 0x00000000e8e00000|100%| S|CS|TAMS 0x00000000e8d00000| PB 0x00000000e8d00000| Complete 
| 142|0x00000000e8e00000, 0x00000000e8f00000, 0x00000000e8f00000|100%| S|CS|TAMS 0x00000000e8e00000| PB 0x00000000e8e00000| Complete 
| 143|0x00000000e8f00000, 0x00000000e9000000, 0x00000000e9000000|100%| S|CS|TAMS 0x00000000e8f00000| PB 0x00000000e8f00000| Complete 
| 144|0x00000000e9000000, 0x00000000e9100000, 0x00000000e9100000|100%| S|CS|TAMS 0x00000000e9000000| PB 0x00000000e9000000| Complete 
| 145|0x00000000e9100000, 0x00000000e9100000, 0x00000000e9200000|  0%| F|  |TAMS 0x00000000e9100000| PB 0x00000000e9100000| Untracked 
| 146|0x00000000e9200000, 0x00000000e9200000, 0x00000000e9300000|  0%| F|  |TAMS 0x00000000e9200000| PB 0x00000000e9200000| Untracked 
| 147|0x00000000e9300000, 0x00000000e9300000, 0x00000000e9400000|  0%| F|  |TAMS 0x00000000e9300000| PB 0x00000000e9300000| Untracked 
| 148|0x00000000e9400000, 0x00000000e9400000, 0x00000000e9500000|  0%| F|  |TAMS 0x00000000e9400000| PB 0x00000000e9400000| Untracked 
| 149|0x00000000e9500000, 0x00000000e9500000, 0x00000000e9600000|  0%| F|  |TAMS 0x00000000e9500000| PB 0x00000000e9500000| Untracked 
| 150|0x00000000e9600000, 0x00000000e9600000, 0x00000000e9700000|  0%| F|  |TAMS 0x00000000e9600000| PB 0x00000000e9600000| Untracked 
| 151|0x00000000e9700000, 0x00000000e9700000, 0x00000000e9800000|  0%| F|  |TAMS 0x00000000e9700000| PB 0x00000000e9700000| Untracked 
| 152|0x00000000e9800000, 0x00000000e984a968, 0x00000000e9900000| 29%| E|  |TAMS 0x00000000e9800000| PB 0x00000000e9800000| Complete 
| 153|0x00000000e9900000, 0x00000000e9a00000, 0x00000000e9a00000|100%| E|CS|TAMS 0x00000000e9900000| PB 0x00000000e9900000| Complete 
| 154|0x00000000e9a00000, 0x00000000e9b00000, 0x00000000e9b00000|100%| E|CS|TAMS 0x00000000e9a00000| PB 0x00000000e9a00000| Complete 
| 155|0x00000000e9b00000, 0x00000000e9c00000, 0x00000000e9c00000|100%| E|CS|TAMS 0x00000000e9b00000| PB 0x00000000e9b00000| Complete 
| 156|0x00000000e9c00000, 0x00000000e9d00000, 0x00000000e9d00000|100%| E|CS|TAMS 0x00000000e9c00000| PB 0x00000000e9c00000| Complete 
| 157|0x00000000e9d00000, 0x00000000e9e00000, 0x00000000e9e00000|100%| E|CS|TAMS 0x00000000e9d00000| PB 0x00000000e9d00000| Complete 
| 158|0x00000000e9e00000, 0x00000000e9f00000, 0x00000000e9f00000|100%| E|CS|TAMS 0x00000000e9e00000| PB 0x00000000e9e00000| Complete 
| 159|0x00000000e9f00000, 0x00000000ea000000, 0x00000000ea000000|100%| E|CS|TAMS 0x00000000e9f00000| PB 0x00000000e9f00000| Complete 
| 160|0x00000000ea000000, 0x00000000ea100000, 0x00000000ea100000|100%| E|CS|TAMS 0x00000000ea000000| PB 0x00000000ea000000| Complete 
| 161|0x00000000ea100000, 0x00000000ea200000, 0x00000000ea200000|100%| E|CS|TAMS 0x00000000ea100000| PB 0x00000000ea100000| Complete 
| 162|0x00000000ea200000, 0x00000000ea300000, 0x00000000ea300000|100%| E|CS|TAMS 0x00000000ea200000| PB 0x00000000ea200000| Complete 
| 163|0x00000000ea300000, 0x00000000ea400000, 0x00000000ea400000|100%| E|CS|TAMS 0x00000000ea300000| PB 0x00000000ea300000| Complete 
| 164|0x00000000ea400000, 0x00000000ea500000, 0x00000000ea500000|100%| E|CS|TAMS 0x00000000ea400000| PB 0x00000000ea400000| Complete 
| 165|0x00000000ea500000, 0x00000000ea600000, 0x00000000ea600000|100%| E|CS|TAMS 0x00000000ea500000| PB 0x00000000ea500000| Complete 
| 166|0x00000000ea600000, 0x00000000ea700000, 0x00000000ea700000|100%| E|CS|TAMS 0x00000000ea600000| PB 0x00000000ea600000| Complete 
| 167|0x00000000ea700000, 0x00000000ea800000, 0x00000000ea800000|100%| E|CS|TAMS 0x00000000ea700000| PB 0x00000000ea700000| Complete 
| 168|0x00000000ea800000, 0x00000000ea900000, 0x00000000ea900000|100%| E|CS|TAMS 0x00000000ea800000| PB 0x00000000ea800000| Complete 
| 169|0x00000000ea900000, 0x00000000eaa00000, 0x00000000eaa00000|100%| E|CS|TAMS 0x00000000ea900000| PB 0x00000000ea900000| Complete 
| 170|0x00000000eaa00000, 0x00000000eab00000, 0x00000000eab00000|100%| E|CS|TAMS 0x00000000eaa00000| PB 0x00000000eaa00000| Complete 
| 171|0x00000000eab00000, 0x00000000eac00000, 0x00000000eac00000|100%| E|CS|TAMS 0x00000000eab00000| PB 0x00000000eab00000| Complete 
| 172|0x00000000eac00000, 0x00000000ead00000, 0x00000000ead00000|100%| E|CS|TAMS 0x00000000eac00000| PB 0x00000000eac00000| Complete 
| 173|0x00000000ead00000, 0x00000000eae00000, 0x00000000eae00000|100%| E|CS|TAMS 0x00000000ead00000| PB 0x00000000ead00000| Complete 
| 174|0x00000000eae00000, 0x00000000eaf00000, 0x00000000eaf00000|100%| E|CS|TAMS 0x00000000eae00000| PB 0x00000000eae00000| Complete 
| 175|0x00000000eaf00000, 0x00000000eb000000, 0x00000000eb000000|100%| E|CS|TAMS 0x00000000eaf00000| PB 0x00000000eaf00000| Complete 
| 176|0x00000000eb000000, 0x00000000eb100000, 0x00000000eb100000|100%| E|CS|TAMS 0x00000000eb000000| PB 0x00000000eb000000| Complete 
| 177|0x00000000eb100000, 0x00000000eb200000, 0x00000000eb200000|100%| E|CS|TAMS 0x00000000eb100000| PB 0x00000000eb100000| Complete 
| 178|0x00000000eb200000, 0x00000000eb300000, 0x00000000eb300000|100%| E|CS|TAMS 0x00000000eb200000| PB 0x00000000eb200000| Complete 
| 179|0x00000000eb300000, 0x00000000eb400000, 0x00000000eb400000|100%| E|CS|TAMS 0x00000000eb300000| PB 0x00000000eb300000| Complete 
| 180|0x00000000eb400000, 0x00000000eb500000, 0x00000000eb500000|100%| E|CS|TAMS 0x00000000eb400000| PB 0x00000000eb400000| Complete 
| 181|0x00000000eb500000, 0x00000000eb600000, 0x00000000eb600000|100%| E|CS|TAMS 0x00000000eb500000| PB 0x00000000eb500000| Complete 
| 182|0x00000000eb600000, 0x00000000eb700000, 0x00000000eb700000|100%| E|CS|TAMS 0x00000000eb600000| PB 0x00000000eb600000| Complete 
| 183|0x00000000eb700000, 0x00000000eb800000, 0x00000000eb800000|100%| E|CS|TAMS 0x00000000eb700000| PB 0x00000000eb700000| Complete 
| 184|0x00000000eb800000, 0x00000000eb900000, 0x00000000eb900000|100%| E|CS|TAMS 0x00000000eb800000| PB 0x00000000eb800000| Complete 
| 185|0x00000000eb900000, 0x00000000eba00000, 0x00000000eba00000|100%| E|CS|TAMS 0x00000000eb900000| PB 0x00000000eb900000| Complete 
| 186|0x00000000eba00000, 0x00000000ebb00000, 0x00000000ebb00000|100%| E|CS|TAMS 0x00000000eba00000| PB 0x00000000eba00000| Complete 
| 187|0x00000000ebb00000, 0x00000000ebc00000, 0x00000000ebc00000|100%| E|CS|TAMS 0x00000000ebb00000| PB 0x00000000ebb00000| Complete 
| 188|0x00000000ebc00000, 0x00000000ebd00000, 0x00000000ebd00000|100%| E|CS|TAMS 0x00000000ebc00000| PB 0x00000000ebc00000| Complete 
| 189|0x00000000ebd00000, 0x00000000ebe00000, 0x00000000ebe00000|100%| E|  |TAMS 0x00000000ebd00000| PB 0x00000000ebd00000| Complete 
| 190|0x00000000ebe00000, 0x00000000ebf00000, 0x00000000ebf00000|100%| E|CS|TAMS 0x00000000ebe00000| PB 0x00000000ebe00000| Complete 
| 191|0x00000000ebf00000, 0x00000000ec000000, 0x00000000ec000000|100%| E|CS|TAMS 0x00000000ebf00000| PB 0x00000000ebf00000| Complete 
| 192|0x00000000ec000000, 0x00000000ec100000, 0x00000000ec100000|100%| E|CS|TAMS 0x00000000ec000000| PB 0x00000000ec000000| Complete 
| 193|0x00000000ec100000, 0x00000000ec200000, 0x00000000ec200000|100%| E|CS|TAMS 0x00000000ec100000| PB 0x00000000ec100000| Complete 
| 194|0x00000000ec200000, 0x00000000ec300000, 0x00000000ec300000|100%| E|CS|TAMS 0x00000000ec200000| PB 0x00000000ec200000| Complete 
| 195|0x00000000ec300000, 0x00000000ec400000, 0x00000000ec400000|100%| E|CS|TAMS 0x00000000ec300000| PB 0x00000000ec300000| Complete 
| 196|0x00000000ec400000, 0x00000000ec500000, 0x00000000ec500000|100%| E|CS|TAMS 0x00000000ec400000| PB 0x00000000ec400000| Complete 
| 197|0x00000000ec500000, 0x00000000ec600000, 0x00000000ec600000|100%| E|CS|TAMS 0x00000000ec500000| PB 0x00000000ec500000| Complete 
| 198|0x00000000ec600000, 0x00000000ec700000, 0x00000000ec700000|100%| E|CS|TAMS 0x00000000ec600000| PB 0x00000000ec600000| Complete 
| 199|0x00000000ec700000, 0x00000000ec800000, 0x00000000ec800000|100%| E|CS|TAMS 0x00000000ec700000| PB 0x00000000ec700000| Complete 
| 200|0x00000000ec800000, 0x00000000ec900000, 0x00000000ec900000|100%| E|CS|TAMS 0x00000000ec800000| PB 0x00000000ec800000| Complete 
| 201|0x00000000ec900000, 0x00000000eca00000, 0x00000000eca00000|100%| E|CS|TAMS 0x00000000ec900000| PB 0x00000000ec900000| Complete 
| 202|0x00000000eca00000, 0x00000000ecb00000, 0x00000000ecb00000|100%| E|CS|TAMS 0x00000000eca00000| PB 0x00000000eca00000| Complete 
| 203|0x00000000ecb00000, 0x00000000ecc00000, 0x00000000ecc00000|100%| E|CS|TAMS 0x00000000ecb00000| PB 0x00000000ecb00000| Complete 
| 204|0x00000000ecc00000, 0x00000000ecd00000, 0x00000000ecd00000|100%| E|CS|TAMS 0x00000000ecc00000| PB 0x00000000ecc00000| Complete 
| 205|0x00000000ecd00000, 0x00000000ece00000, 0x00000000ece00000|100%| E|CS|TAMS 0x00000000ecd00000| PB 0x00000000ecd00000| Complete 
| 206|0x00000000ece00000, 0x00000000ecf00000, 0x00000000ecf00000|100%| E|CS|TAMS 0x00000000ece00000| PB 0x00000000ece00000| Complete 
| 207|0x00000000ecf00000, 0x00000000ed000000, 0x00000000ed000000|100%| E|CS|TAMS 0x00000000ecf00000| PB 0x00000000ecf00000| Complete 
| 208|0x00000000ed000000, 0x00000000ed100000, 0x00000000ed100000|100%| E|CS|TAMS 0x00000000ed000000| PB 0x00000000ed000000| Complete 
| 209|0x00000000ed100000, 0x00000000ed200000, 0x00000000ed200000|100%| E|CS|TAMS 0x00000000ed100000| PB 0x00000000ed100000| Complete 
| 210|0x00000000ed200000, 0x00000000ed300000, 0x00000000ed300000|100%| E|CS|TAMS 0x00000000ed200000| PB 0x00000000ed200000| Complete 
| 211|0x00000000ed300000, 0x00000000ed400000, 0x00000000ed400000|100%| E|CS|TAMS 0x00000000ed300000| PB 0x00000000ed300000| Complete 
| 212|0x00000000ed400000, 0x00000000ed500000, 0x00000000ed500000|100%| E|CS|TAMS 0x00000000ed400000| PB 0x00000000ed400000| Complete 
| 213|0x00000000ed500000, 0x00000000ed600000, 0x00000000ed600000|100%| E|CS|TAMS 0x00000000ed500000| PB 0x00000000ed500000| Complete 
| 214|0x00000000ed600000, 0x00000000ed700000, 0x00000000ed700000|100%| E|CS|TAMS 0x00000000ed600000| PB 0x00000000ed600000| Complete 
| 215|0x00000000ed700000, 0x00000000ed800000, 0x00000000ed800000|100%| E|CS|TAMS 0x00000000ed700000| PB 0x00000000ed700000| Complete 
| 216|0x00000000ed800000, 0x00000000ed900000, 0x00000000ed900000|100%| E|CS|TAMS 0x00000000ed800000| PB 0x00000000ed800000| Complete 
| 217|0x00000000ed900000, 0x00000000eda00000, 0x00000000eda00000|100%| E|CS|TAMS 0x00000000ed900000| PB 0x00000000ed900000| Complete 
| 218|0x00000000eda00000, 0x00000000edb00000, 0x00000000edb00000|100%| E|CS|TAMS 0x00000000eda00000| PB 0x00000000eda00000| Complete 
| 219|0x00000000edb00000, 0x00000000edc00000, 0x00000000edc00000|100%| E|CS|TAMS 0x00000000edb00000| PB 0x00000000edb00000| Complete 
| 220|0x00000000edc00000, 0x00000000edd00000, 0x00000000edd00000|100%| E|CS|TAMS 0x00000000edc00000| PB 0x00000000edc00000| Complete 
| 221|0x00000000edd00000, 0x00000000ede00000, 0x00000000ede00000|100%| E|CS|TAMS 0x00000000edd00000| PB 0x00000000edd00000| Complete 
| 222|0x00000000ede00000, 0x00000000edf00000, 0x00000000edf00000|100%| E|CS|TAMS 0x00000000ede00000| PB 0x00000000ede00000| Complete 
| 223|0x00000000edf00000, 0x00000000ee000000, 0x00000000ee000000|100%| E|CS|TAMS 0x00000000edf00000| PB 0x00000000edf00000| Complete 
| 224|0x00000000ee000000, 0x00000000ee100000, 0x00000000ee100000|100%| E|CS|TAMS 0x00000000ee000000| PB 0x00000000ee000000| Complete 
| 225|0x00000000ee100000, 0x00000000ee200000, 0x00000000ee200000|100%| E|CS|TAMS 0x00000000ee100000| PB 0x00000000ee100000| Complete 
| 226|0x00000000ee200000, 0x00000000ee300000, 0x00000000ee300000|100%| E|CS|TAMS 0x00000000ee200000| PB 0x00000000ee200000| Complete 
| 227|0x00000000ee300000, 0x00000000ee400000, 0x00000000ee400000|100%| E|CS|TAMS 0x00000000ee300000| PB 0x00000000ee300000| Complete 
| 228|0x00000000ee400000, 0x00000000ee500000, 0x00000000ee500000|100%| E|CS|TAMS 0x00000000ee400000| PB 0x00000000ee400000| Complete 
| 229|0x00000000ee500000, 0x00000000ee600000, 0x00000000ee600000|100%| E|CS|TAMS 0x00000000ee500000| PB 0x00000000ee500000| Complete 
| 230|0x00000000ee600000, 0x00000000ee700000, 0x00000000ee700000|100%| E|CS|TAMS 0x00000000ee600000| PB 0x00000000ee600000| Complete 
| 231|0x00000000ee700000, 0x00000000ee800000, 0x00000000ee800000|100%| E|CS|TAMS 0x00000000ee700000| PB 0x00000000ee700000| Complete 
| 232|0x00000000ee800000, 0x00000000ee900000, 0x00000000ee900000|100%| E|CS|TAMS 0x00000000ee800000| PB 0x00000000ee800000| Complete 
| 233|0x00000000ee900000, 0x00000000eea00000, 0x00000000eea00000|100%| E|CS|TAMS 0x00000000ee900000| PB 0x00000000ee900000| Complete 
| 234|0x00000000eea00000, 0x00000000eeb00000, 0x00000000eeb00000|100%| E|CS|TAMS 0x00000000eea00000| PB 0x00000000eea00000| Complete 
| 235|0x00000000eeb00000, 0x00000000eec00000, 0x00000000eec00000|100%| E|CS|TAMS 0x00000000eeb00000| PB 0x00000000eeb00000| Complete 
| 236|0x00000000eec00000, 0x00000000eed00000, 0x00000000eed00000|100%| E|CS|TAMS 0x00000000eec00000| PB 0x00000000eec00000| Complete 
| 237|0x00000000eed00000, 0x00000000eee00000, 0x00000000eee00000|100%| E|CS|TAMS 0x00000000eed00000| PB 0x00000000eed00000| Complete 
| 238|0x00000000eee00000, 0x00000000eef00000, 0x00000000eef00000|100%| E|CS|TAMS 0x00000000eee00000| PB 0x00000000eee00000| Complete 
| 239|0x00000000eef00000, 0x00000000ef000000, 0x00000000ef000000|100%| E|CS|TAMS 0x00000000eef00000| PB 0x00000000eef00000| Complete 
| 240|0x00000000ef000000, 0x00000000ef100000, 0x00000000ef100000|100%| E|CS|TAMS 0x00000000ef000000| PB 0x00000000ef000000| Complete 
| 241|0x00000000ef100000, 0x00000000ef200000, 0x00000000ef200000|100%| E|CS|TAMS 0x00000000ef100000| PB 0x00000000ef100000| Complete 
| 242|0x00000000ef200000, 0x00000000ef300000, 0x00000000ef300000|100%| E|CS|TAMS 0x00000000ef200000| PB 0x00000000ef200000| Complete 
| 243|0x00000000ef300000, 0x00000000ef400000, 0x00000000ef400000|100%| E|CS|TAMS 0x00000000ef300000| PB 0x00000000ef300000| Complete 
| 244|0x00000000ef400000, 0x00000000ef500000, 0x00000000ef500000|100%| E|CS|TAMS 0x00000000ef400000| PB 0x00000000ef400000| Complete 
| 245|0x00000000ef500000, 0x00000000ef600000, 0x00000000ef600000|100%| E|CS|TAMS 0x00000000ef500000| PB 0x00000000ef500000| Complete 
| 246|0x00000000ef600000, 0x00000000ef700000, 0x00000000ef700000|100%| E|CS|TAMS 0x00000000ef600000| PB 0x00000000ef600000| Complete 
| 247|0x00000000ef700000, 0x00000000ef800000, 0x00000000ef800000|100%| E|CS|TAMS 0x00000000ef700000| PB 0x00000000ef700000| Complete 
| 248|0x00000000ef800000, 0x00000000ef900000, 0x00000000ef900000|100%| E|CS|TAMS 0x00000000ef800000| PB 0x00000000ef800000| Complete 
| 249|0x00000000ef900000, 0x00000000efa00000, 0x00000000efa00000|100%| E|CS|TAMS 0x00000000ef900000| PB 0x00000000ef900000| Complete 
| 250|0x00000000efa00000, 0x00000000efb00000, 0x00000000efb00000|100%| E|CS|TAMS 0x00000000efa00000| PB 0x00000000efa00000| Complete 
| 251|0x00000000efb00000, 0x00000000efc00000, 0x00000000efc00000|100%| E|CS|TAMS 0x00000000efb00000| PB 0x00000000efb00000| Complete 
| 252|0x00000000efc00000, 0x00000000efd00000, 0x00000000efd00000|100%| E|CS|TAMS 0x00000000efc00000| PB 0x00000000efc00000| Complete 
| 253|0x00000000efd00000, 0x00000000efe00000, 0x00000000efe00000|100%| E|CS|TAMS 0x00000000efd00000| PB 0x00000000efd00000| Complete 
| 254|0x00000000efe00000, 0x00000000eff00000, 0x00000000eff00000|100%| E|CS|TAMS 0x00000000efe00000| PB 0x00000000efe00000| Complete 
| 255|0x00000000eff00000, 0x00000000f0000000, 0x00000000f0000000|100%| E|CS|TAMS 0x00000000eff00000| PB 0x00000000eff00000| Complete 

Card table byte_map: [0x0000024932650000,0x0000024932750000] _byte_map_base: 0x0000024931f50000

Marking Bits: (CMBitMap*) 0x000002492004c5e0
 Bits: [0x0000024932750000, 0x0000024932f50000)

Polling page: 0x000002491e000000

Metaspace:

Usage:
  Non-class:     28.24 MB used.
      Class:      4.71 MB used.
       Both:     32.96 MB used.

Virtual space:
  Non-class space:       64.00 MB reserved,      28.75 MB ( 45%) committed,  1 nodes.
      Class space:      320.00 MB reserved,       5.19 MB (  2%) committed,  1 nodes.
             Both:      384.00 MB reserved,      33.94 MB (  9%) committed. 

Chunk freelists:
   Non-Class:  2.86 MB
       Class:  10.79 MB
        Both:  13.65 MB

MaxMetaspaceSize: 384.00 MB
CompressedClassSpaceSize: 320.00 MB
Initial GC threshold: 21.00 MB
Current GC threshold: 35.56 MB
CDS: on
 - commit_granule_bytes: 65536.
 - commit_granule_words: 8192.
 - virtual_space_node_default_size: 8388608.
 - enlarge_chunks_in_place: 1.
 - use_allocation_guard: 0.


Internal statistics:

num_allocs_failed_limit: 3.
num_arena_births: 1586.
num_arena_deaths: 6.
num_vsnodes_births: 2.
num_vsnodes_deaths: 0.
num_space_committed: 543.
num_space_uncommitted: 0.
num_chunks_returned_to_freelist: 9.
num_chunks_taken_from_freelist: 2969.
num_chunk_merges: 3.
num_chunk_splits: 1937.
num_chunks_enlarged: 1254.
num_inconsistent_stats: 0.

CodeHeap 'non-profiled nmethods': size=120000Kb used=2782Kb max_used=2782Kb free=117217Kb
 bounds [0x000002492acf0000, 0x000002492afb0000, 0x0000024932220000]
CodeHeap 'profiled nmethods': size=120000Kb used=9217Kb max_used=9217Kb free=110782Kb
 bounds [0x0000024923220000, 0x0000024923b30000, 0x000002492a750000]
CodeHeap 'non-nmethods': size=5760Kb used=1974Kb max_used=2014Kb free=3785Kb
 bounds [0x000002492a750000, 0x000002492a9c0000, 0x000002492acf0000]
CodeCache: size=245760Kb, used=13973Kb, max_used=14013Kb, free=231784Kb
 total_blobs=5412, nmethods=4724, adapters=592, full_count=0
Compilation: enabled, stopped_count=0, restarted_count=0

Compilation events (20 events):
Event: 862.668 Thread 0x00000249359c8e00 nmethod 4707 0x000002492afa6490 code [0x000002492afa6620, 0x000002492afa6918]
Event: 862.781 Thread 0x00000249359c8e00 4708   !   4       java.util.concurrent.locks.AbstractQueuedSynchronizer$ConditionObject::newConditionNode (78 bytes)
Event: 862.806 Thread 0x00000249359c8e00 nmethod 4708 0x000002492afa6a10 code [0x000002492afa6c00, 0x000002492afa70e8]
Event: 863.066 Thread 0x00000249359d2770 4709       3       java.util.concurrent.ScheduledThreadPoolExecutor$DelayedWorkQueue::add (9 bytes)
Event: 863.067 Thread 0x00000249359d2770 nmethod 4709 0x0000024923b14c10 code [0x0000024923b14de0, 0x0000024923b150b8]
Event: 863.067 Thread 0x00000249359d2770 4710       3       java.util.concurrent.ScheduledThreadPoolExecutor$DelayedWorkQueue::add (6 bytes)
Event: 863.068 Thread 0x00000249359d2770 nmethod 4710 0x0000024923b15190 code [0x0000024923b15340, 0x0000024923b15498]
Event: 863.451 Thread 0x00000249359d2770 4711       3       sun.nio.ch.NativeThread::current (15 bytes)
Event: 863.452 Thread 0x00000249359d2770 nmethod 4711 0x0000024923b15590 code [0x0000024923b15740, 0x0000024923b15a08]
Event: 863.465 Thread 0x00000249359c8e00 4712       4       java.util.concurrent.locks.AbstractQueuedSynchronizer$Node::clearStatus (12 bytes)
Event: 863.465 Thread 0x00000249359d2770 4713       3       java.nio.MappedByteBuffer::flip (5 bytes)
Event: 863.466 Thread 0x00000249359d2770 nmethod 4713 0x0000024923b15b10 code [0x0000024923b15cc0, 0x0000024923b15f00]
Event: 863.466 Thread 0x00000249359d2770 4714       3       sun.nio.ch.Util::offerFirstTemporaryDirectBuffer (53 bytes)
Event: 863.467 Thread 0x00000249359c8e00 nmethod 4712 0x000002492afa7390 code [0x000002492afa7520, 0x000002492afa75b0]
Event: 863.468 Thread 0x00000249359d2770 nmethod 4714 0x0000024923b16010 code [0x0000024923b16280, 0x0000024923b16d60]
Event: 863.468 Thread 0x00000249359d2770 4715       3       sun.nio.ch.Util::isBufferTooLarge (8 bytes)
Event: 863.469 Thread 0x00000249359d2770 nmethod 4715 0x0000024923b17090 code [0x0000024923b17240, 0x0000024923b17408]
Event: 863.469 Thread 0x00000249359d2770 4716       3       sun.nio.ch.Util$BufferCache::offerFirst (73 bytes)
Event: 863.469 Thread 0x00000249359d2770 nmethod 4716 0x0000024923b17510 code [0x0000024923b176c0, 0x0000024923b17a20]
Event: 863.471 Thread 0x00000249359c8e00 4717   !   4       java.util.concurrent.locks.AbstractQueuedSynchronizer::acquire (424 bytes)

GC Heap History (8 events):
Event: 169.116 GC heap before
{Heap before GC invocations=0 (full 0):
 garbage-first heap   total 262144K, used 23552K [0x00000000e0000000, 0x0000000100000000)
  region size 1024K, 23 young (23552K), 0 survivors (0K)
 Metaspace       used 953K, committed 1088K, reserved 393216K
  class space    used 74K, committed 128K, reserved 327680K
}
Event: 169.775 GC heap after
{Heap after GC invocations=1 (full 0):
 garbage-first heap   total 262144K, used 1535K [0x00000000e0000000, 0x0000000100000000)
  region size 1024K, 2 young (2048K), 2 survivors (2048K)
 Metaspace       used 953K, committed 1088K, reserved 393216K
  class space    used 74K, committed 128K, reserved 327680K
}
Event: 309.894 GC heap before
{Heap before GC invocations=1 (full 0):
 garbage-first heap   total 262144K, used 39423K [0x00000000e0000000, 0x0000000100000000)
  region size 1024K, 37 young (37888K), 2 survivors (2048K)
 Metaspace       used 4393K, committed 4544K, reserved 393216K
  class space    used 558K, committed 640K, reserved 327680K
}
Event: 309.914 GC heap after
{Heap after GC invocations=2 (full 0):
 garbage-first heap   total 262144K, used 10713K [0x00000000e0000000, 0x0000000100000000)
  region size 1024K, 5 young (5120K), 5 survivors (5120K)
 Metaspace       used 4393K, committed 4544K, reserved 393216K
  class space    used 558K, committed 640K, reserved 327680K
}
Event: 622.003 GC heap before
{Heap before GC invocations=2 (full 0):
 garbage-first heap   total 262144K, used 58841K [0x00000000e0000000, 0x0000000100000000)
  region size 1024K, 50 young (51200K), 5 survivors (5120K)
 Metaspace       used 4673K, committed 4928K, reserved 393216K
  class space    used 601K, committed 704K, reserved 327680K
}
Event: 622.027 GC heap after
{Heap after GC invocations=3 (full 0):
 garbage-first heap   total 262144K, used 16349K [0x00000000e0000000, 0x0000000100000000)
  region size 1024K, 5 young (5120K), 5 survivors (5120K)
 Metaspace       used 4673K, committed 4928K, reserved 393216K
  class space    used 601K, committed 704K, reserved 327680K
}
Event: 774.551 GC heap before
{Heap before GC invocations=3 (full 0):
 garbage-first heap   total 262144K, used 123869K [0x00000000e0000000, 0x0000000100000000)
  region size 1024K, 111 young (113664K), 5 survivors (5120K)
 Metaspace       used 20840K, committed 21504K, reserved 393216K
  class space    used 3050K, committed 3392K, reserved 327680K
}
Event: 774.926 GC heap after
{Heap after GC invocations=4 (full 0):
 garbage-first heap   total 262144K, used 23606K [0x00000000e0000000, 0x0000000100000000)
  region size 1024K, 12 young (12288K), 12 survivors (12288K)
 Metaspace       used 20840K, committed 21504K, reserved 393216K
  class space    used 3050K, committed 3392K, reserved 327680K
}

Dll operation events (20 events):
Event: 16.821 Attempting to load shared library C:\Users\duiph\.cursor\extensions\redhat.java-1.56.0-win32-x64\jre\21.0.12.1-win32-x86_64\bin\nio.dll
Event: 17.139 Loaded shared library C:\Users\duiph\.cursor\extensions\redhat.java-1.56.0-win32-x64\jre\21.0.12.1-win32-x86_64\bin\nio.dll
Event: 18.858 Attempting to load shared library C:\Users\duiph\.cursor\extensions\redhat.java-1.56.0-win32-x64\jre\21.0.12.1-win32-x86_64\bin\zip.dll
Event: 18.858 Loaded shared library C:\Users\duiph\.cursor\extensions\redhat.java-1.56.0-win32-x64\jre\21.0.12.1-win32-x86_64\bin\zip.dll
Event: 156.415 Attempting to load shared library C:\Users\duiph\.cursor\extensions\redhat.java-1.56.0-win32-x64\jre\21.0.12.1-win32-x86_64\bin\jimage.dll
Event: 156.416 Loaded shared library C:\Users\duiph\.cursor\extensions\redhat.java-1.56.0-win32-x64\jre\21.0.12.1-win32-x86_64\bin\jimage.dll
Event: 208.673 Attempting to load shared library C:\Users\duiph\.cursor\extensions\redhat.java-1.56.0-win32-x64\jre\21.0.12.1-win32-x86_64\bin\verify.dll
Event: 208.845 Loaded shared library C:\Users\duiph\.cursor\extensions\redhat.java-1.56.0-win32-x64\jre\21.0.12.1-win32-x86_64\bin\verify.dll
Event: 212.112 Attempting to load shared library C:\Users\duiph\.gradle\native\1def1411415f61bf3af743bc5b6707747c0891f09f0c88961ee8f79bc544acac\windows-amd64\native-platform.dll
Event: 212.174 Loaded shared library C:\Users\duiph\.gradle\native\1def1411415f61bf3af743bc5b6707747c0891f09f0c88961ee8f79bc544acac\windows-amd64\native-platform.dll
Event: 213.118 Attempting to load shared library C:\Users\duiph\.gradle\native\0.2.7\x86_64-windows-gnu\gradle-fileevents.dll
Event: 213.206 Loaded shared library C:\Users\duiph\.gradle\native\0.2.7\x86_64-windows-gnu\gradle-fileevents.dll
Event: 627.811 Attempting to load shared library C:\Users\duiph\.cursor\extensions\redhat.java-1.56.0-win32-x64\jre\21.0.12.1-win32-x86_64\bin\management.dll
Event: 628.075 Loaded shared library C:\Users\duiph\.cursor\extensions\redhat.java-1.56.0-win32-x64\jre\21.0.12.1-win32-x86_64\bin\management.dll
Event: 628.282 Attempting to load shared library C:\Users\duiph\.cursor\extensions\redhat.java-1.56.0-win32-x64\jre\21.0.12.1-win32-x86_64\bin\management_ext.dll
Event: 628.399 Loaded shared library C:\Users\duiph\.cursor\extensions\redhat.java-1.56.0-win32-x64\jre\21.0.12.1-win32-x86_64\bin\management_ext.dll
Event: 636.393 Attempting to load shared library C:\Users\duiph\.cursor\extensions\redhat.java-1.56.0-win32-x64\jre\21.0.12.1-win32-x86_64\bin\extnet.dll
Event: 636.676 Loaded shared library C:\Users\duiph\.cursor\extensions\redhat.java-1.56.0-win32-x64\jre\21.0.12.1-win32-x86_64\bin\extnet.dll
Event: 644.960 Attempting to load shared library C:\Users\duiph\.cursor\extensions\redhat.java-1.56.0-win32-x64\jre\21.0.12.1-win32-x86_64\bin\sunmscapi.dll
Event: 645.158 Loaded shared library C:\Users\duiph\.cursor\extensions\redhat.java-1.56.0-win32-x64\jre\21.0.12.1-win32-x86_64\bin\sunmscapi.dll

Deoptimization events (20 events):
Event: 824.465 Thread 0x00000249503fc7b0 Uncommon trap: trap_request=0xffffffc6 fr.pc=0x000002492ae4d2fc relative=0x000000000000093c
Event: 824.465 Thread 0x00000249503fc7b0 Uncommon trap: reason=bimorphic_or_optimized_type_check action=maybe_recompile pc=0x000002492ae4d2fc method=java.io.DataInputStream.readFully([BII)V @ 30 c2
Event: 824.465 Thread 0x00000249503fc7b0 DEOPT PACKING pc=0x000002492ae4d2fc sp=0x000000d1a72fe650
Event: 824.465 Thread 0x00000249503fc7b0 DEOPT UNPACKING pc=0x000002492a7a7ba2 sp=0x000000d1a72fe618 mode 2
Event: 824.465 Thread 0x00000249503fc7b0 Uncommon trap: trap_request=0xffffffc6 fr.pc=0x000002492ae4d2fc relative=0x000000000000093c
Event: 824.465 Thread 0x00000249503fc7b0 Uncommon trap: reason=bimorphic_or_optimized_type_check action=maybe_recompile pc=0x000002492ae4d2fc method=java.io.DataInputStream.readFully([BII)V @ 30 c2
Event: 824.465 Thread 0x00000249503fc7b0 DEOPT PACKING pc=0x000002492ae4d2fc sp=0x000000d1a72fe650
Event: 824.465 Thread 0x00000249503fc7b0 DEOPT UNPACKING pc=0x000002492a7a7ba2 sp=0x000000d1a72fe618 mode 2
Event: 824.465 Thread 0x00000249503fc7b0 Uncommon trap: trap_request=0xffffffc6 fr.pc=0x000002492ae4d2fc relative=0x000000000000093c
Event: 824.465 Thread 0x00000249503fc7b0 Uncommon trap: reason=bimorphic_or_optimized_type_check action=maybe_recompile pc=0x000002492ae4d2fc method=java.io.DataInputStream.readFully([BII)V @ 30 c2
Event: 824.465 Thread 0x00000249503fc7b0 DEOPT PACKING pc=0x000002492ae4d2fc sp=0x000000d1a72fe660
Event: 824.465 Thread 0x00000249503fc7b0 DEOPT UNPACKING pc=0x000002492a7a7ba2 sp=0x000000d1a72fe628 mode 2
Event: 825.950 Thread 0x00000249503fa6e0 Uncommon trap: trap_request=0xffffffc6 fr.pc=0x000002492af1b210 relative=0x0000000000000c10
Event: 825.950 Thread 0x00000249503fa6e0 Uncommon trap: reason=bimorphic_or_optimized_type_check action=maybe_recompile pc=0x000002492af1b210 method=java.io.BufferedInputStream.implRead([BII)I @ 100 c2
Event: 825.950 Thread 0x00000249503fa6e0 DEOPT PACKING pc=0x000002492af1b210 sp=0x000000d1a65fe020
Event: 825.950 Thread 0x00000249503fa6e0 DEOPT UNPACKING pc=0x000002492a7a7ba2 sp=0x000000d1a65fdfe8 mode 2
Event: 826.160 Thread 0x00000249503fba90 Uncommon trap: trap_request=0xffffffde fr.pc=0x000002492af5c410 relative=0x0000000000000070
Event: 826.160 Thread 0x00000249503fba90 Uncommon trap: reason=class_check action=maybe_recompile pc=0x000002492af5c410 method=java.util.stream.StreamOpFlag.fromCharacteristics(Ljava/util/Spliterator;)I @ 14 c2
Event: 826.160 Thread 0x00000249503fba90 DEOPT PACKING pc=0x000002492af5c410 sp=0x000000d1a6ef8f60
Event: 826.160 Thread 0x00000249503fba90 DEOPT UNPACKING pc=0x000002492a7a7ba2 sp=0x000000d1a6ef8ef8 mode 2

Classes loaded (20 events):
Event: 807.135 Loading class java/util/function/BooleanSupplier
Event: 807.135 Loading class java/util/function/BooleanSupplier done
Event: 807.141 Loading class jdk/internal/jimage/ImageReader$Resource
Event: 807.142 Loading class jdk/internal/jimage/ImageReader$Resource done
Event: 809.432 Loading class java/util/WeakHashMap$KeyIterator
Event: 809.440 Loading class java/util/WeakHashMap$HashIterator
Event: 809.442 Loading class java/util/WeakHashMap$HashIterator done
Event: 809.442 Loading class java/util/WeakHashMap$KeyIterator done
Event: 810.114 Loading class sun/nio/fs/WindowsPath$1
Event: 810.114 Loading class sun/nio/fs/WindowsPath$1 done
Event: 810.667 Loading class sun/nio/fs/WindowsException
Event: 810.668 Loading class sun/nio/fs/WindowsException done
Event: 812.602 Loading class java/io/StringReader
Event: 812.602 Loading class java/io/StringReader done
Event: 812.950 Loading class java/math/MutableBigInteger
Event: 813.047 Loading class java/math/MutableBigInteger done
Event: 824.544 Loading class java/nio/charset/CharacterCodingException
Event: 824.544 Loading class java/nio/charset/CharacterCodingException done
Event: 826.160 Loading class java/util/stream/Streams$RangeIntSpliterator
Event: 826.160 Loading class java/util/stream/Streams$RangeIntSpliterator done

Classes unloaded (3 events):
Event: 775.363 Thread 0x00000249359a2d80 Unloading class 0x0000024937002000 'java/lang/invoke/LambdaForm$MH+0x0000024937002000'
Event: 775.363 Thread 0x00000249359a2d80 Unloading class 0x0000024937001c00 'java/lang/invoke/LambdaForm$MH+0x0000024937001c00'
Event: 775.364 Thread 0x00000249359a2d80 Unloading class 0x0000024937001400 'java/lang/invoke/LambdaForm$MH+0x0000024937001400'

Classes redefined (0 events):
No events

Internal exceptions (20 events):
Event: 798.590 Thread 0x00000249503fba90 Exception <a 'java/lang/ClassNotFoundException'{0x00000000ec01e090}: java/lang/ObjectCustomizer> (0x00000000ec01e090) 
thrown [s\src\hotspot\share\classfile\systemDictionary.cpp, line 313]
Event: 798.604 Thread 0x00000249503fba90 Exception <a 'java/lang/IncompatibleClassChangeError'{0x00000000ec02e9f8}: Found class java.lang.Object, but interface was expected> (0x00000000ec02e9f8) 
thrown [s\src\hotspot\share\interpreter\linkResolver.cpp, line 840]
Event: 798.620 Thread 0x00000249503fba90 Exception <a 'java/lang/ClassNotFoundException'{0x00000000ec049108}: groovy/lang/MetaClassImplCustomizer> (0x00000000ec049108) 
thrown [s\src\hotspot\share\classfile\systemDictionary.cpp, line 313]
Event: 798.641 Thread 0x00000249503fba90 Exception <a 'java/lang/ClassNotFoundException'{0x00000000ec072e80}: groovy/lang/ExpandoMetaClassCustomizer> (0x00000000ec072e80) 
thrown [s\src\hotspot\share\classfile\systemDictionary.cpp, line 313]
Event: 809.463 Thread 0x00000249503fba90 Exception <a 'java/lang/ClassNotFoundException'{0x00000000ea6e5658}: org/gradle/internal/extensibility/DefaultExtraPropertiesExtensionBeanInfo> (0x00000000ea6e5658) 
thrown [s\src\hotspot\share\classfile\systemDictionary.cpp, line 313]
Event: 809.473 Thread 0x00000249503fba90 Exception <a 'java/lang/ClassNotFoundException'{0x00000000ea6ee000}: groovy/lang/GroovyObjectSupportBeanInfo> (0x00000000ea6ee000) 
thrown [s\src\hotspot\share\classfile\systemDictionary.cpp, line 313]
Event: 809.476 Thread 0x00000249503fba90 Exception <a 'java/lang/ClassNotFoundException'{0x00000000ea6f69b0}: groovy/lang/GroovyObjectSupportCustomizer> (0x00000000ea6f69b0) 
thrown [s\src\hotspot\share\classfile\systemDictionary.cpp, line 313]
Event: 809.493 Thread 0x00000249503fba90 Exception <a 'java/lang/ClassNotFoundException'{0x00000000ea511310}: org/gradle/internal/extensibility/DefaultExtraPropertiesExtensionCustomizer> (0x00000000ea511310) 
thrown [s\src\hotspot\share\classfile\systemDictionary.cpp, line 313]
Event: 809.522 Thread 0x00000249503fba90 Exception <a 'java/lang/IncompatibleClassChangeError'{0x00000000ea5336b0}: Found class java.lang.Object, but interface was expected> (0x00000000ea5336b0) 
thrown [s\src\hotspot\share\interpreter\linkResolver.cpp, line 840]
Event: 810.668 Thread 0x00000249503fba90 Exception <a 'sun/nio/fs/WindowsException'{0x00000000ea42b250}> (0x00000000ea42b250) 
thrown [s\src\hotspot\share\prims\jni.cpp, line 520]
Event: 811.121 Thread 0x00000249503fba90 Exception <a 'sun/nio/fs/WindowsException'{0x00000000ea42c778}> (0x00000000ea42c778) 
thrown [s\src\hotspot\share\prims\jni.cpp, line 520]
Event: 811.266 Thread 0x00000249503fba90 Exception <a 'sun/nio/fs/WindowsException'{0x00000000ea42dc48}> (0x00000000ea42dc48) 
thrown [s\src\hotspot\share\prims\jni.cpp, line 520]
Event: 811.428 Thread 0x00000249503fba90 Exception <a 'sun/nio/fs/WindowsException'{0x00000000ea42f128}> (0x00000000ea42f128) 
thrown [s\src\hotspot\share\prims\jni.cpp, line 520]
Event: 814.238 Thread 0x00000249503fba90 Exception <a 'java/lang/IncompatibleClassChangeError'{0x00000000ea3c8df0}: Found class java.lang.Object, but interface was expected> (0x00000000ea3c8df0) 
thrown [s\src\hotspot\share\interpreter\linkResolver.cpp, line 840]
Event: 823.381 Thread 0x00000249503fba90 Exception <a 'java/lang/NoSuchMethodError'{0x00000000ea172870}: 'java.lang.Object java.lang.invoke.DirectMethodHandle$Holder.newInvokeSpecial(java.lang.Object, java.lang.Object, long)'> (0x00000000ea172870) 
thrown [s\src\hotspot\share\interpreter\linkResolver.cpp, line 773]
Event: 823.444 Thread 0x00000249503fba90 Exception <a 'java/lang/NoSuchMethodError'{0x00000000ea176ec8}: 'java.lang.Object java.lang.invoke.Invokers$Holder.linkToTargetMethod(java.lang.Object, long, java.lang.Object)'> (0x00000000ea176ec8) 
thrown [s\src\hotspot\share\interpreter\linkResolver.cpp, line 773]
Event: 824.464 Thread 0x00000249503fc7b0 Implicit null exception at 0x000002492ae58561 to 0x000002492ae58bc0
Event: 824.465 Thread 0x00000249503fc7b0 Implicit null exception at 0x000002492ae4e3c7 to 0x000002492ae4e778
Event: 826.085 Thread 0x00000249503fba90 Exception <a 'java/lang/NoSuchMethodError'{0x00000000e9e5d370}: 'int java.lang.invoke.DirectMethodHandle$Holder.invokeInterface(java.lang.Object, java.lang.Object)'> (0x00000000e9e5d370) 
thrown [s\src\hotspot\share\interpreter\linkResolver.cpp, line 773]
Event: 826.155 Thread 0x00000249503fba90 Exception <a 'java/lang/NoSuchMethodError'{0x00000000e9ee5bc0}: 'java.lang.Object java.lang.invoke.DirectMethodHandle$Holder.invokeVirtual(java.lang.Object, java.lang.Object, int)'> (0x00000000e9ee5bc0) 
thrown [s\src\hotspot\share\interpreter\linkResolver.cpp, line 773]

ZGC Phase Switch (0 events):
No events

VM Operations (20 events):
Event: 824.443 Executing safepoint VM operation: Cleanup
Event: 824.460 Executing safepoint VM operation: Cleanup done
Event: 825.466 Executing safepoint VM operation: Cleanup
Event: 825.466 Executing safepoint VM operation: Cleanup done
Event: 826.472 Executing safepoint VM operation: Cleanup
Event: 826.472 Executing safepoint VM operation: Cleanup done
Event: 829.494 Executing safepoint VM operation: Cleanup
Event: 829.494 Executing safepoint VM operation: Cleanup done
Event: 836.551 Executing safepoint VM operation: Cleanup
Event: 836.567 Executing safepoint VM operation: Cleanup done
Event: 844.618 Executing safepoint VM operation: Cleanup
Event: 844.618 Executing safepoint VM operation: Cleanup done
Event: 847.645 Executing safepoint VM operation: Cleanup
Event: 847.645 Executing safepoint VM operation: Cleanup done
Event: 850.656 Executing safepoint VM operation: Cleanup
Event: 850.656 Executing safepoint VM operation: Cleanup done
Event: 854.689 Executing safepoint VM operation: Cleanup
Event: 854.689 Executing safepoint VM operation: Cleanup done
Event: 859.717 Executing safepoint VM operation: Cleanup
Event: 859.718 Executing safepoint VM operation: Cleanup done

Memory protections (0 events):
No events

Nmethod flushes (0 events):
No events

Events (20 events):
Event: 630.061 Thread 0x0000024920021720 Thread added: 0x000002494fbcf970
Event: 641.382 Thread 0x0000024920021720 Thread added: 0x000002494f6540c0
Event: 644.089 Thread 0x0000024920021720 Thread added: 0x000002494fbff830
Event: 647.452 Thread 0x000002494f6540c0 Thread added: 0x00000249504158c0
Event: 647.515 Thread 0x00000249504158c0 Thread added: 0x000002494f758330
Event: 651.282 Thread 0x00000249504158c0 Thread added: 0x0000024950234b70
Event: 653.414 Thread 0x00000249504158c0 Thread added: 0x00000249503fba90
Event: 653.824 Thread 0x00000249503fba90 Thread added: 0x00000249503fce40
Event: 653.850 Thread 0x00000249503fba90 Thread added: 0x00000249503fad70
Event: 653.862 Thread 0x00000249503fba90 Thread added: 0x00000249503fd4d0
Event: 657.432 Thread 0x00000249503fba90 Thread added: 0x00000249503fc7b0
Event: 657.436 Thread 0x00000249359d2770 Thread added: 0x0000024950665510
Event: 657.633 Thread 0x0000024950665510 Thread exited: 0x0000024950665510
Event: 658.099 Thread 0x00000249503fba90 Thread added: 0x00000249503fa050
Event: 755.070 Thread 0x00000249503fa050 Thread added: 0x00000249503fc120
Event: 757.128 Thread 0x00000249503fba90 Thread added: 0x00000249503fa6e0
Event: 778.574 Thread 0x00000249503fba90 Thread added: 0x00000249507769a0
Event: 780.996 Thread 0x00000249503fba90 Thread added: 0x0000024950775c80
Event: 787.489 Thread 0x00000249503fba90 Thread added: 0x0000024950774f60
Event: 787.614 Thread 0x00000249503fba90 Thread added: 0x00000249507776c0


Dynamic libraries:
0x00007ff71c900000 - 0x00007ff71c90e000 	C:\Users\duiph\.cursor\extensions\redhat.java-1.56.0-win32-x64\jre\21.0.12.1-win32-x86_64\bin\java.exe
0x00007ff9f2a60000 - 0x00007ff9f2cc7000 	C:\WINDOWS\SYSTEM32\ntdll.dll
0x00007ff9f0780000 - 0x00007ff9f084b000 	C:\WINDOWS\System32\KERNEL32.DLL
0x00007ff9efcf0000 - 0x00007ff9f00f2000 	C:\WINDOWS\System32\KERNELBASE.dll
0x00007ff9f01c0000 - 0x00007ff9f030c000 	C:\WINDOWS\System32\ucrtbase.dll
0x00007ff9de080000 - 0x00007ff9de09e000 	C:\Users\duiph\.cursor\extensions\redhat.java-1.56.0-win32-x64\jre\21.0.12.1-win32-x86_64\bin\VCRUNTIME140.dll
0x00007ff9dca10000 - 0x00007ff9dca28000 	C:\Users\duiph\.cursor\extensions\redhat.java-1.56.0-win32-x64\jre\21.0.12.1-win32-x86_64\bin\jli.dll
0x00007ff9f1eb0000 - 0x00007ff9f207f000 	C:\WINDOWS\System32\USER32.dll
0x00007ff9f0750000 - 0x00007ff9f0777000 	C:\WINDOWS\System32\win32u.dll
0x00007ff9f2090000 - 0x00007ff9f20bb000 	C:\WINDOWS\System32\GDI32.dll
0x00007ff9f0560000 - 0x00007ff9f0689000 	C:\WINDOWS\System32\gdi32full.dll
0x00007ff9f0320000 - 0x00007ff9f03c3000 	C:\WINDOWS\System32\msvcp_win.dll
0x00007ff9d5c00000 - 0x00007ff9d5e90000 	C:\WINDOWS\WinSxS\amd64_microsoft.windows.common-controls_6595b64144ccf1df_6.0.26100.9278_none_3e0d1ba8e3303201\COMCTL32.dll
0x00007ff9f2870000 - 0x00007ff9f2919000 	C:\WINDOWS\System32\msvcrt.dll
0x00007ff9f1980000 - 0x00007ff9f19b1000 	C:\WINDOWS\System32\IMM32.DLL
0x00007ff9de180000 - 0x00007ff9de18c000 	C:\Users\duiph\.cursor\extensions\redhat.java-1.56.0-win32-x64\jre\21.0.12.1-win32-x86_64\bin\vcruntime140_1.dll
0x00007ff98c490000 - 0x00007ff98c51d000 	C:\Users\duiph\.cursor\extensions\redhat.java-1.56.0-win32-x64\jre\21.0.12.1-win32-x86_64\bin\msvcp140.dll
0x00007ff8fd760000 - 0x00007ff8fe502000 	C:\Users\duiph\.cursor\extensions\redhat.java-1.56.0-win32-x64\jre\21.0.12.1-win32-x86_64\bin\server\jvm.dll
0x00007ff9f1c40000 - 0x00007ff9f1cfc000 	C:\WINDOWS\System32\ADVAPI32.dll
0x00007ff9f2160000 - 0x00007ff9f2209000 	C:\WINDOWS\System32\sechost.dll
0x00007ff9f12d0000 - 0x00007ff9f13e8000 	C:\WINDOWS\System32\RPCRT4.dll
0x00007ff9f2400000 - 0x00007ff9f2480000 	C:\WINDOWS\System32\WS2_32.dll
0x00007ff9d4a10000 - 0x00007ff9d4a46000 	C:\WINDOWS\SYSTEM32\WINMM.dll
0x00007ff9efac0000 - 0x00007ff9efb1e000 	C:\WINDOWS\SYSTEM32\POWRPROF.dll
0x00007ff9ddd30000 - 0x00007ff9ddd3b000 	C:\WINDOWS\SYSTEM32\VERSION.dll
0x00007ff9efaa0000 - 0x00007ff9efab5000 	C:\WINDOWS\SYSTEM32\UMPDC.dll
0x00007ff9ee930000 - 0x00007ff9ee94b000 	C:\WINDOWS\SYSTEM32\kernel.appcore.dll
0x00007ff9dca00000 - 0x00007ff9dca0a000 	C:\Users\duiph\.cursor\extensions\redhat.java-1.56.0-win32-x64\jre\21.0.12.1-win32-x86_64\bin\jimage.dll
0x00007ff9ed0f0000 - 0x00007ff9ed33c000 	C:\WINDOWS\SYSTEM32\DBGHELP.DLL
0x00007ff9f2490000 - 0x00007ff9f2815000 	C:\WINDOWS\System32\combase.dll
0x00007ff9f1b60000 - 0x00007ff9f1c39000 	C:\WINDOWS\System32\OLEAUT32.dll
0x00007ff9c84d0000 - 0x00007ff9c850b000 	C:\WINDOWS\SYSTEM32\dbgcore.DLL
0x00007ff9f0100000 - 0x00007ff9f01ac000 	C:\WINDOWS\System32\bcryptPrimitives.dll
0x00007ff99c260000 - 0x00007ff99c26f000 	C:\Users\duiph\.cursor\extensions\redhat.java-1.56.0-win32-x64\jre\21.0.12.1-win32-x86_64\bin\instrument.dll
0x00007ff9d6a20000 - 0x00007ff9d6a40000 	C:\Users\duiph\.cursor\extensions\redhat.java-1.56.0-win32-x64\jre\21.0.12.1-win32-x86_64\bin\java.dll
0x00007ff9f09b0000 - 0x00007ff9f1148000 	C:\WINDOWS\System32\SHELL32.dll
0x00007ff9ed6c0000 - 0x00007ff9edf6e000 	C:\WINDOWS\SYSTEM32\windows.storage.dll
0x00007ff9f13f0000 - 0x00007ff9f14eb000 	C:\WINDOWS\System32\SHCORE.dll
0x00007ff9f1240000 - 0x00007ff9f12a6000 	C:\WINDOWS\System32\shlwapi.dll
0x00007ff9efb80000 - 0x00007ff9efba9000 	C:\WINDOWS\SYSTEM32\profapi.dll
0x00007ff9d2200000 - 0x00007ff9d2218000 	C:\Users\duiph\.cursor\extensions\redhat.java-1.56.0-win32-x64\jre\21.0.12.1-win32-x86_64\bin\zip.dll
0x00007ff9d3620000 - 0x00007ff9d3630000 	C:\Users\duiph\.cursor\extensions\redhat.java-1.56.0-win32-x64\jre\21.0.12.1-win32-x86_64\bin\net.dll
0x00007ff9e2210000 - 0x00007ff9e233a000 	C:\WINDOWS\SYSTEM32\WINHTTP.dll
0x00007ff9eeef0000 - 0x00007ff9eef5c000 	C:\WINDOWS\system32\mswsock.dll
0x00007ff9c9860000 - 0x00007ff9c9876000 	C:\Users\duiph\.cursor\extensions\redhat.java-1.56.0-win32-x64\jre\21.0.12.1-win32-x86_64\bin\nio.dll
0x00007ff99caa0000 - 0x00007ff99cab0000 	C:\Users\duiph\.cursor\extensions\redhat.java-1.56.0-win32-x64\jre\21.0.12.1-win32-x86_64\bin\verify.dll
0x00007ff997660000 - 0x00007ff997687000 	C:\Users\duiph\.gradle\native\1def1411415f61bf3af743bc5b6707747c0891f09f0c88961ee8f79bc544acac\windows-amd64\native-platform.dll
0x00007ff97a6f0000 - 0x00007ff97a768000 	C:\Users\duiph\.gradle\native\0.2.7\x86_64-windows-gnu\gradle-fileevents.dll
0x00007ff99c790000 - 0x00007ff99c79a000 	C:\Users\duiph\.cursor\extensions\redhat.java-1.56.0-win32-x64\jre\21.0.12.1-win32-x86_64\bin\management.dll
0x00007ff99c780000 - 0x00007ff99c78c000 	C:\Users\duiph\.cursor\extensions\redhat.java-1.56.0-win32-x64\jre\21.0.12.1-win32-x86_64\bin\management_ext.dll
0x00007ff9f11d0000 - 0x00007ff9f11d8000 	C:\WINDOWS\System32\PSAPI.DLL
0x00007ff9ee430000 - 0x00007ff9ee463000 	C:\WINDOWS\SYSTEM32\IPHLPAPI.DLL
0x00007ff9f20c0000 - 0x00007ff9f20ca000 	C:\WINDOWS\System32\NSI.dll
0x00007ff9ae120000 - 0x00007ff9ae129000 	C:\Users\duiph\.cursor\extensions\redhat.java-1.56.0-win32-x64\jre\21.0.12.1-win32-x86_64\bin\extnet.dll
0x00007ff9ef1e0000 - 0x00007ff9ef1fb000 	C:\WINDOWS\SYSTEM32\CRYPTSP.dll
0x00007ff9ee890000 - 0x00007ff9ee8c9000 	C:\WINDOWS\system32\rsaenh.dll
0x00007ff9eefa0000 - 0x00007ff9eefd4000 	C:\WINDOWS\SYSTEM32\USERENV.dll
0x00007ff9efb50000 - 0x00007ff9efb7a000 	C:\WINDOWS\SYSTEM32\bcrypt.dll
0x00007ff9ef200000 - 0x00007ff9ef20c000 	C:\WINDOWS\SYSTEM32\CRYPTBASE.dll
0x00007ff9ec1e0000 - 0x00007ff9ec1ee000 	C:\Users\duiph\.cursor\extensions\redhat.java-1.56.0-win32-x64\jre\21.0.12.1-win32-x86_64\bin\sunmscapi.dll
0x00007ff9f03d0000 - 0x00007ff9f054e000 	C:\WINDOWS\System32\CRYPT32.dll
0x00007ff9ef420000 - 0x00007ff9ef450000 	C:\WINDOWS\SYSTEM32\ncrypt.dll
0x00007ff9ef3d0000 - 0x00007ff9ef40f000 	C:\WINDOWS\SYSTEM32\NTASN1.dll
0x00007ff9d5340000 - 0x00007ff9d5348000 	C:\WINDOWS\system32\wshunix.dll

JVMTI agents:
C:\Users\duiph\.gradle\wrapper\dists\gradle-8.14.4-bin\92wwslzcyst3phie3o264zltu\gradle-8.14.4\lib\agents\gradle-instrumentation-agent-8.14.4.jar path:C:\Users\duiph\.cursor\extensions\redhat.java-1.56.0-win32-x64\jre\21.0.12.1-win32-x86_64\bin\instrument.dll, loaded, initialized, instrumentlib options:none

dbghelp: loaded successfully - version: 4.0.5 - missing functions: none
symbol engine: initialized successfully - sym options: 0x614 - pdb path: .;C:\Users\duiph\.cursor\extensions\redhat.java-1.56.0-win32-x64\jre\21.0.12.1-win32-x86_64\bin;C:\WINDOWS\SYSTEM32;C:\WINDOWS\WinSxS\amd64_microsoft.windows.common-controls_6595b64144ccf1df_6.0.26100.9278_none_3e0d1ba8e3303201;C:\Users\duiph\.cursor\extensions\redhat.java-1.56.0-win32-x64\jre\21.0.12.1-win32-x86_64\bin\server;C:\Users\duiph\.gradle\native\1def1411415f61bf3af743bc5b6707747c0891f09f0c88961ee8f79bc544acac\windows-amd64;C:\Users\duiph\.gradle\native\0.2.7\x86_64-windows-gnu

VM Arguments:
jvm_args: --add-opens=java.base/java.lang=ALL-UNNAMED --add-opens=java.base/java.lang.invoke=ALL-UNNAMED --add-opens=java.base/java.util=ALL-UNNAMED --add-opens=java.prefs/java.util.prefs=ALL-UNNAMED --add-exports=jdk.compiler/com.sun.tools.javac.api=ALL-UNNAMED --add-exports=jdk.compiler/com.sun.tools.javac.util=ALL-UNNAMED --add-opens=java.base/java.util=ALL-UNNAMED --add-opens=java.prefs/java.util.prefs=ALL-UNNAMED --add-opens=java.base/java.nio.charset=ALL-UNNAMED --add-opens=java.base/java.net=ALL-UNNAMED --add-opens=java.base/java.util.concurrent.atomic=ALL-UNNAMED --add-opens=java.xml/javax.xml.namespace=ALL-UNNAMED -XX:MaxMetaspaceSize=384m -XX:+HeapDumpOnOutOfMemoryError -Xms256m -Xmx512m -Dfile.encoding=UTF-8 -Duser.country=KR -Duser.language=ko -Duser.variant -javaagent:C:\Users\duiph\.gradle\wrapper\dists\gradle-8.14.4-bin\92wwslzcyst3phie3o264zltu\gradle-8.14.4\lib\agents\gradle-instrumentation-agent-8.14.4.jar 
java_command: org.gradle.launcher.daemon.bootstrap.GradleDaemon 8.14.4
java_class_path (initial): C:\Users\duiph\.gradle\wrapper\dists\gradle-8.14.4-bin\92wwslzcyst3phie3o264zltu\gradle-8.14.4\lib\gradle-daemon-main-8.14.4.jar
Launcher Type: SUN_STANDARD

[Global flags]
     intx CICompilerCount                          = 4                                         {product} {ergonomic}
   size_t CompressedClassSpaceSize                 = 335544320                                 {product} {ergonomic}
     uint ConcGCThreads                            = 2                                         {product} {ergonomic}
     uint G1ConcRefinementThreads                  = 8                                         {product} {ergonomic}
   size_t G1HeapRegionSize                         = 1048576                                   {product} {ergonomic}
    uintx GCDrainStackTargetSize                   = 64                                        {product} {ergonomic}
     bool HeapDumpOnOutOfMemoryError               = true                                   {manageable} {command line}
   size_t InitialHeapSize                          = 268435456                                 {product} {command line}
   size_t MarkStackSize                            = 4194304                                   {product} {ergonomic}
   size_t MaxHeapSize                              = 536870912                                 {product} {command line}
   size_t MaxMetaspaceSize                         = 402653184                                 {product} {command line}
   size_t MaxNewSize                               = 321912832                                 {product} {ergonomic}
   size_t MinHeapDeltaBytes                        = 1048576                                   {product} {ergonomic}
   size_t MinHeapSize                              = 268435456                                 {product} {command line}
    uintx NonNMethodCodeHeapSize                   = 5839372                                {pd product} {ergonomic}
    uintx NonProfiledCodeHeapSize                  = 122909434                              {pd product} {ergonomic}
    uintx ProfiledCodeHeapSize                     = 122909434                              {pd product} {ergonomic}
    uintx ReservedCodeCacheSize                    = 251658240                              {pd product} {ergonomic}
     bool SegmentedCodeCache                       = true                                      {product} {ergonomic}
   size_t SoftMaxHeapSize                          = 536870912                              {manageable} {ergonomic}
     bool UseCompressedOops                        = true                           {product lp64_product} {ergonomic}
     bool UseG1GC                                  = true                                      {product} {ergonomic}
     bool UseLargePagesIndividualAllocation        = false                                  {pd product} {ergonomic}

Logging:
Log output configuration:
 #0: stdout all=warning uptime,level,tags foldmultilines=false
 #1: stderr all=off uptime,level,tags foldmultilines=false

Release file:
JAVA_VERSION="21.0.12.1" 
MODULES="java.base java.compiler java.datatransfer java.xml java.prefs java.desktop java.instrument java.logging java.management java.security.sasl java.naming java.rmi java.management.rmi java.net.http java.scripting java.security.jgss java.transaction.xa java.sql java.sql.rowset java.xml.crypto java.se java.smartcardio jdk.accessibility jdk.internal.jvmstat jdk.attach jdk.charsets jdk.internal.opt jdk.zipfs jdk.compiler jdk.crypto.ec jdk.crypto.cryptoki jdk.crypto.mscapi jdk.dynalink jdk.internal.ed jdk.editpad jdk.hotspot.agent jdk.httpserver jdk.internal.le jdk.internal.vm.ci jdk.internal.vm.compiler jdk.internal.vm.compiler.management jdk.jartool jdk.javadoc jdk.jcmd jdk.management jdk.management.agent jdk.jconsole jdk.jdeps jdk.jdwp.agent jdk.jdi jdk.jfr jdk.jshell jdk.jsobject jdk.jstatd jdk.localedata jdk.management.jfr jdk.naming.dns jdk.naming.rmi jdk.net jdk.nio.mapmode jdk.random jdk.sctp jdk.security.auth jdk.security.jgss jdk.unsupported jdk.unsupported.desktop jdk.xml.dom" 

Environment Variables:
JAVA_HOME=C:\Program Files\Java\jdk-17
CLASSPATH=C:\Program Files\Java\jdk-17\lib
PATH=C:\Program Files\Java\jdk-17\bin;C:\Program Files\Common Files\Oracle\Java\javapath;C:\Program Files (x86)\Common Files\Oracle\Java\javapath;C:\WINDOWS\system32;C:\WINDOWS;C:\WINDOWS\System32\Wbem;C:\WINDOWS\System32\WindowsPowerShell\v1.0\;C:\WINDOWS\System32\OpenSSH\;C:\Program Files\Git\cmd;C:\Program Files\Java\jdk-17.0.5\bin;C:\Program Files\Java\jdk-11\bin;C:\Program Files\Docker\Docker\resources\bin;C:\Program Files\MySQL\MySQL Server 8.0\bin;C:\Users\duiph\AppData\Local\nvm;C:\nvm4w\nodejs;C:\Program Files\dotnet\;C:\Program Files\MySQL\MySQL Shell 8.0\bin\;C:\Users\duiph\AppData\Local\Microsoft\WindowsApps;C:\Program Files\JetBrains\IntelliJ IDEA Community Edition 2023.2.1\bin;C:\Program Files\MariaDB 11.2\bin;C:\Program Files\JetBrains\IntelliJ IDEA 2023.3.4\bin;C:\Users\duiph\AppData\Local\gitkraken\bin;C:\Program Files\JetBrains\IntelliJ IDEA 2020.2.3\bin;;C:\Users\duiph\AppData\Roaming\npm;C:\Users\duiph\AppData\Local\Microsoft\WindowsApps;C:\Users\duiph\AppData\Local\Microsoft\WinGet\Packages\Schniz.fnm_Microsoft.Winget.Source_8wekyb3d8bbwe;C:\Users\duiph\AppData\Local\nvm;C:\nvm4w\nodejs;C:\Users\duiph\AppData\Local\Programs\Microsoft VS Code\bin;C:\Users\duiph\AppData\Local\Programs\cursor\resources\app\bin
USERNAME=minseon
TMPDIR=C:\Users\Public\Documents\ESTsoft\CreatorTemp
OS=Windows_NT
PROCESSOR_IDENTIFIER=Intel64 Family 6 Model 140 Stepping 1, GenuineIntel
TMP=C:\Users\duiph\AppData\Local\Temp
TEMP=C:\Users\duiph\AppData\Local\Temp




Periodic native trim disabled

---------------  S Y S T E M  ---------------

OS:
 Windows 11 , 64 bit Build 26100 (10.0.26100.9444)
OS uptime: 3 days 23:12 hours
Hyper-V role detected

CPU: total 8 (initial active 8) (4 cores per cpu, 2 threads per core) family 6 model 140 stepping 1 microcode 0xb4, cx8, cmov, fxsr, ht, mmx, 3dnowpref, sse, sse2, sse3, ssse3, sse4.1, sse4.2, popcnt, lzcnt, tsc, tscinvbit, avx, avx2, aes, erms, clmul, bmi1, bmi2, adx, avx512f, avx512dq, avx512cd, avx512bw, avx512vl, sha, fma, vzeroupper, avx512_vpopcntdq, avx512_vpclmulqdq, avx512_vaes, avx512_vnni, clflush, clflushopt, clwb, avx512_vbmi2, avx512_vbmi, hv, rdtscp, rdpid, fsrm, gfni, avx512_bitalg, f16c, cet_ibt, cet_ss, avx512_ifma
Processor Information for the first 8 processors :
  Max Mhz: 2803, Current Mhz: 2803, Mhz Limit: 2803

Memory: 4k page, system-wide physical 16057M (374M free)
TotalPageFile size 61923M (AvailPageFile size 3084M)
current process WorkingSet (physical memory assigned to process): 236M, peak: 252M
current process commit charge ("private bytes"): 421M, peak: 439M

vm_info: OpenJDK 64-Bit Server VM (21.0.12.1+1-LTS) for windows-amd64 JRE (21.0.12.1+1-LTS), built on 2026-08-18T00:00:00Z by "admin" with MS VC++ 17.12 (VS2022)

END.
