#
# There is insufficient memory for the Java Runtime Environment to continue.
# Native memory allocation (malloc) failed to allocate 1825936 bytes. Error detail: Chunk::new
# Possible reasons:
#   The system is out of physical RAM or swap space
#   This process is running with CompressedOops enabled, and the Java Heap may be blocking the growth of the native heap
# Possible solutions:
#   Reduce memory load on the system
#   Increase physical memory or swap space
#   Check if swap backing store is full
#   Decrease Java heap size (-Xmx/-Xms)
#   Decrease number of Java threads
#   Decrease Java thread stack sizes (-Xss)
#   Set larger code cache with -XX:ReservedCodeCacheSize=
#   JVM is running with Unscaled Compressed Oops mode in which the Java heap is
#     placed in the first 4GB address space. The Java Heap base address is the
#     maximum limit for the native heap growth. Please use -XX:HeapBaseMinAddress
#     to set the Java Heap base and to place the Java Heap above 4GB virtual address.
# This output file may be truncated or incomplete.
#
#  Out of Memory Error (arena.cpp:168), pid=37592, tid=37460
#
# JRE version: OpenJDK Runtime Environment Temurin-21.0.12.1+1 (21.0.12.1+1) (build 21.0.12.1+1-LTS)
# Java VM: OpenJDK 64-Bit Server VM Temurin-21.0.12.1+1 (21.0.12.1+1-LTS, mixed mode, sharing, tiered, compressed oops, compressed class ptrs, g1 gc, windows-amd64)
# No core dump will be written. Minidumps are not enabled by default on client versions of Windows
#

---------------  S U M M A R Y ------------

Command Line: --add-opens=java.base/java.lang=ALL-UNNAMED --add-opens=java.base/java.lang.invoke=ALL-UNNAMED --add-opens=java.base/java.util=ALL-UNNAMED --add-opens=java.prefs/java.util.prefs=ALL-UNNAMED --add-exports=jdk.compiler/com.sun.tools.javac.api=ALL-UNNAMED --add-exports=jdk.compiler/com.sun.tools.javac.util=ALL-UNNAMED --add-opens=java.base/java.util=ALL-UNNAMED --add-opens=java.prefs/java.util.prefs=ALL-UNNAMED --add-opens=java.base/java.nio.charset=ALL-UNNAMED --add-opens=java.base/java.net=ALL-UNNAMED --add-opens=java.base/java.util.concurrent.atomic=ALL-UNNAMED --add-opens=java.xml/javax.xml.namespace=ALL-UNNAMED -XX:MaxMetaspaceSize=384m -XX:+HeapDumpOnOutOfMemoryError -Xms256m -Xmx512m -Dfile.encoding=UTF-8 -Duser.country=KR -Duser.language=ko -Duser.variant -javaagent:C:\Users\duiph\.gradle\wrapper\dists\gradle-8.14.4-bin\92wwslzcyst3phie3o264zltu\gradle-8.14.4\lib\agents\gradle-instrumentation-agent-8.14.4.jar org.gradle.launcher.daemon.bootstrap.GradleDaemon 8.14.4

Host: 11th Gen Intel(R) Core(TM) i7-1165G7 @ 2.80GHz, 8 cores, 15G,  Windows 11 , 64 bit Build 26100 (10.0.26100.9444)
Time: Mon Sep 28 22:47:04 2026 elapsed time: 1575.131744 seconds (0d 0h 26m 15s)

---------------  T H R E A D  ---------------

Current thread (0x000001c6d3aec2b0):  JavaThread "C2 CompilerThread0" daemon [_thread_in_native, id=37460, stack(0x0000008164400000,0x0000008164500000) (1024K)]


Current CompileTask:
C2:1575136 5054       4       java.net.URLClassLoader$1::run (5 bytes)

Stack: [0x0000008164400000,0x0000008164500000]
Native frames: (J=compiled Java code, j=interpreted, Vv=VM code, C=native code)
V  [jvm.dll+0x6d83e9]
V  [jvm.dll+0x8b5736]
V  [jvm.dll+0x8b7cee]
V  [jvm.dll+0x8b83d3]
V  [jvm.dll+0x284596]
V  [jvm.dll+0xc685d]
V  [jvm.dll+0xc6da1]
V  [jvm.dll+0x3bf151]
V  [jvm.dll+0x38b6d2]
V  [jvm.dll+0x38ab1a]
V  [jvm.dll+0x24c700]
V  [jvm.dll+0x24bce0]
V  [jvm.dll+0x1cb4ae]
V  [jvm.dll+0x25baad]
V  [jvm.dll+0x25a03a]
V  [jvm.dll+0x3f8aae]
V  [jvm.dll+0x8600cd]
V  [jvm.dll+0x6d6c1d]
C  [ucrtbase.dll+0x2cd30]
C  [KERNEL32.DLL+0x2cd87]
C  [ntdll.dll+0xacaec]


---------------  P R O C E S S  ---------------

Threads class SMR info:
_java_thread_list=0x000001c6ef920270, length=32, elements={
0x000001c6be1404a0, 0x000001c6d3adfcc0, 0x000001c6d3ae3590, 0x000001c6d3ae3ff0,
0x000001c6d3aea060, 0x000001c6d3aeaac0, 0x000001c6d3aeb520, 0x000001c6d3aec2b0,
0x000001c6d3af51e0, 0x000001c6d3da7df0, 0x000001c6d3e138e0, 0x000001c6ee3400c0,
0x000001c6edfc5d50, 0x000001c6ed866290, 0x000001c6ee3c8080, 0x000001c6ee3c86f0,
0x000001c6edfd8080, 0x000001c6ee302f70, 0x000001c6ee0d3aa0, 0x000001c6ee0d3410,
0x000001c6ee0d47c0, 0x000001c6ee0d2060, 0x000001c6ee0d2d80, 0x000001c6ee0d4130,
0x000001c6ee0d1340, 0x000001c6ee0d19d0, 0x000001c6ef6c2e00, 0x000001c6ef6c3490,
0x000001c6ef6c3b20, 0x000001c6ef6c41b0, 0x000001c6ef6c0d30, 0x000001c6ef6c4840
}

Java Threads: ( => current thread )
  0x000001c6be1404a0 JavaThread "main"                              [_thread_blocked, id=31796, stack(0x0000008163600000,0x0000008163700000) (1024K)]
  0x000001c6d3adfcc0 JavaThread "Reference Handler"          daemon [_thread_blocked, id=29016, stack(0x0000008163e00000,0x0000008163f00000) (1024K)]
  0x000001c6d3ae3590 JavaThread "Finalizer"                  daemon [_thread_blocked, id=32168, stack(0x0000008163f00000,0x0000008164000000) (1024K)]
  0x000001c6d3ae3ff0 JavaThread "Signal Dispatcher"          daemon [_thread_blocked, id=31908, stack(0x0000008164000000,0x0000008164100000) (1024K)]
  0x000001c6d3aea060 JavaThread "Attach Listener"            daemon [_thread_blocked, id=11268, stack(0x0000008164100000,0x0000008164200000) (1024K)]
  0x000001c6d3aeaac0 JavaThread "Service Thread"             daemon [_thread_in_vm, id=17832, stack(0x0000008164200000,0x0000008164300000) (1024K)]
  0x000001c6d3aeb520 JavaThread "Monitor Deflation Thread"   daemon [_thread_blocked, id=34536, stack(0x0000008164300000,0x0000008164400000) (1024K)]
=>0x000001c6d3aec2b0 JavaThread "C2 CompilerThread0"         daemon [_thread_in_native, id=37460, stack(0x0000008164400000,0x0000008164500000) (1024K)]
  0x000001c6d3af51e0 JavaThread "C1 CompilerThread0"         daemon [_thread_blocked, id=34792, stack(0x0000008164500000,0x0000008164600000) (1024K)]
  0x000001c6d3da7df0 JavaThread "Common-Cleaner"             daemon [_thread_blocked, id=35928, stack(0x0000008164600000,0x0000008164700000) (1024K)]
  0x000001c6d3e138e0 JavaThread "Notification Thread"        daemon [_thread_blocked, id=25020, stack(0x0000008164700000,0x0000008164800000) (1024K)]
  0x000001c6ee3400c0 JavaThread "Daemon health stats"               [_thread_blocked, id=41792, stack(0x0000008164d00000,0x0000008164e00000) (1024K)]
  0x000001c6edfc5d50 JavaThread "Incoming local TCP Connector on port 55012"        [_thread_in_native, id=40772, stack(0x0000008164a00000,0x0000008164b00000) (1024K)]
  0x000001c6ed866290 JavaThread "Daemon periodic checks"            [_thread_in_native, id=40296, stack(0x0000008164b00000,0x0000008164c00000) (1024K)]
  0x000001c6ee3c8080 JavaThread "Daemon"                            [_thread_blocked, id=41408, stack(0x0000008164f00000,0x0000008165000000) (1024K)]
  0x000001c6ee3c86f0 JavaThread "Handler for socket connection from /127.0.0.1:55012 to /127.0.0.1:52062"        [_thread_in_native, id=41540, stack(0x0000008165000000,0x0000008165100000) (1024K)]
  0x000001c6edfd8080 JavaThread "Cancel handler"                    [_thread_blocked, id=40424, stack(0x0000008165100000,0x0000008165200000) (1024K)]
  0x000001c6ee302f70 JavaThread "Daemon worker"                     [_thread_in_vm, id=32964, stack(0x0000008165200000,0x0000008165300000) (1024K)]
  0x000001c6ee0d3aa0 JavaThread "Asynchronous log dispatcher for DefaultDaemonConnection: socket connection from /127.0.0.1:55012 to /127.0.0.1:52062"        [_thread_blocked, id=27624, stack(0x0000008165300000,0x0000008165400000) (1024K)]
  0x000001c6ee0d3410 JavaThread "Stdin handler"                     [_thread_blocked, id=40488, stack(0x0000008165400000,0x0000008165500000) (1024K)]
  0x000001c6ee0d47c0 JavaThread "Daemon client event forwarder"        [_thread_blocked, id=40540, stack(0x0000008165500000,0x0000008165600000) (1024K)]
  0x000001c6ee0d2060 JavaThread "Cache worker for journal cache (C:\Users\duiph\.gradle\caches\journal-1)"        [_thread_blocked, id=42208, stack(0x0000008164c00000,0x0000008164d00000) (1024K)]
  0x000001c6ee0d2d80 JavaThread "File lock request listener"        [_thread_in_native, id=42336, stack(0x0000008164e00000,0x0000008164f00000) (1024K)]
  0x000001c6ee0d4130 JavaThread "Cache worker for file hash cache (C:\Users\duiph\.gradle\caches\8.14.4\fileHashes)"        [_thread_blocked, id=41468, stack(0x0000008165700000,0x0000008165800000) (1024K)]
  0x000001c6ee0d1340 JavaThread "Cache worker for file hash cache (C:\underscore\underscore\.gradle\8.14.4\fileHashes)"        [_thread_blocked, id=37264, stack(0x0000008165800000,0x0000008165900000) (1024K)]
  0x000001c6ee0d19d0 JavaThread "Cache worker for Build Output Cleanup Cache (C:\underscore\underscore\.gradle\buildOutputCleanup)"        [_thread_blocked, id=35788, stack(0x0000008165900000,0x0000008165a00000) (1024K)]
  0x000001c6ef6c2e00 JavaThread "File watcher server"        daemon [_thread_in_native, id=37192, stack(0x0000008165d00000,0x0000008165e00000) (1024K)]
  0x000001c6ef6c3490 JavaThread "File watcher consumer"      daemon [_thread_blocked, id=43660, stack(0x0000008165e00000,0x0000008165f00000) (1024K)]
  0x000001c6ef6c3b20 JavaThread "jar transforms"                    [_thread_blocked, id=14968, stack(0x0000008165f00000,0x0000008166000000) (1024K)]
  0x000001c6ef6c41b0 JavaThread "jar transforms Thread 2"           [_thread_blocked, id=42476, stack(0x0000008166000000,0x0000008166100000) (1024K)]
  0x000001c6ef6c0d30 JavaThread "Cache worker for checksums cache (C:\underscore\underscore\.gradle\8.14.4\checksums)"        [_thread_blocked, id=48548, stack(0x0000008165c00000,0x0000008165d00000) (1024K)]
  0x000001c6ef6c4840 JavaThread "Cache worker for file content cache (C:\Users\duiph\.gradle\caches\8.14.4\fileContent)"        [_thread_blocked, id=49056, stack(0x0000008166100000,0x0000008166200000) (1024K)]
Total: 32

Other Threads:
  0x000001c6d3ac4890 VMThread "VM Thread"                           [id=37464, stack(0x0000008163d00000,0x0000008163e00000) (1024K)]
  0x000001c6d3ab5250 WatcherThread "VM Periodic Task Thread"        [id=30736, stack(0x0000008163c00000,0x0000008163d00000) (1024K)]
  0x000001c6be16a560 WorkerThread "GC Thread#0"                     [id=29228, stack(0x0000008163700000,0x0000008163800000) (1024K)]
  0x000001c6d3d83400 WorkerThread "GC Thread#1"                     [id=37952, stack(0x0000008163300000,0x0000008163400000) (1024K)]
  0x000001c6d3d837b0 WorkerThread "GC Thread#2"                     [id=32676, stack(0x0000008163400000,0x0000008163500000) (1024K)]
  0x000001c6d3c5fda0 WorkerThread "GC Thread#3"                     [id=21628, stack(0x0000008163500000,0x0000008163600000) (1024K)]
  0x000001c6d3c60150 WorkerThread "GC Thread#4"                     [id=27520, stack(0x0000008164800000,0x0000008164900000) (1024K)]
  0x000001c6d3c60500 WorkerThread "GC Thread#5"                     [id=15432, stack(0x0000008164900000,0x0000008164a00000) (1024K)]
  0x000001c6ed003820 WorkerThread "GC Thread#6"                     [id=42404, stack(0x0000008165600000,0x0000008165700000) (1024K)]
  0x000001c6ed002d10 WorkerThread "GC Thread#7"                     [id=43880, stack(0x0000008165a00000,0x0000008165b00000) (1024K)]
  0x000001c6be16fc70 ConcurrentGCThread "G1 Main Marker"            [id=31424, stack(0x0000008163800000,0x0000008163900000) (1024K)]
  0x000001c6be1716a0 WorkerThread "G1 Conc#0"                       [id=29508, stack(0x0000008163900000,0x0000008163a00000) (1024K)]
  0x000001c6ed002200 WorkerThread "G1 Conc#1"                       [id=28004, stack(0x0000008165b00000,0x0000008165c00000) (1024K)]
  0x000001c6d39851f0 ConcurrentGCThread "G1 Refine#0"               [id=8764, stack(0x0000008163a00000,0x0000008163b00000) (1024K)]
  0x000001c6d3985c80 ConcurrentGCThread "G1 Service"                [id=31704, stack(0x0000008163b00000,0x0000008163c00000) (1024K)]
Total: 15

Threads with active compile tasks:
C2 CompilerThread0  1576219 5054       4       java.net.URLClassLoader$1::run (5 bytes)
Total: 1

VM state: not at safepoint (normal execution)

VM Mutex/Monitor currently owned by a thread: None

Heap address: 0x00000000e0000000, size: 512 MB, Compressed Oops mode: 32-bit

CDS archive(s) mapped at: [0x000001c6d4000000-0x000001c6d4ba0000-0x000001c6d4ba0000), size 12189696, SharedBaseAddress: 0x000001c6d4000000, ArchiveRelocationMode: 1.
Compressed class space mapped at: 0x000001c6d5000000-0x000001c6e9000000, reserved size: 335544320
Narrow klass base: 0x000001c6d4000000, Narrow klass shift: 0, Narrow klass range: 0x100000000

GC Precious Log:
 CardTable entry size: 512
 Card Set container configuration: InlinePtr #cards 5 size 8 Array Of Cards #cards 12 size 40 Howl #buckets 4 coarsen threshold 1843 Howl Bitmap #cards 512 size 80 coarsen threshold 460 Card regions per heap region 1 cards per card region 2048
 CPUs: 8 total, 8 available
 Memory: 16057M
 Large Page Support: Disabled
 NUMA Support: Disabled
 Compressed Oops: Enabled (32-bit)
 Heap Region Size: 1M
 Heap Min Capacity: 256M
 Heap Initial Capacity: 256M
 Heap Max Capacity: 512M
 Pre-touch: Disabled
 Parallel Workers: 8
 Concurrent Workers: 2
 Concurrent Refinement Workers: 8
 Periodic GC: Disabled

Heap:
 garbage-first heap   total 262144K, used 36038K [0x00000000e0000000, 0x0000000100000000)
  region size 1024K, 21 young (21504K), 16 survivors (16384K)
 Metaspace       used 33810K, committed 34880K, reserved 393216K
  class space    used 4844K, committed 5376K, reserved 327680K

Heap Regions: E=young(eden), S=young(survivor), O=old, HS=humongous(starts), HC=humongous(continues), CS=collection set, F=free, TAMS=top-at-mark-start, PB=parsable bottom
|   0|0x00000000e0000000, 0x00000000e0100000, 0x00000000e0100000|100%|HS|  |TAMS 0x00000000e0000000| PB 0x00000000e0000000| Complete 
|   1|0x00000000e0100000, 0x00000000e0200000, 0x00000000e0200000|100%|HC|  |TAMS 0x00000000e0100000| PB 0x00000000e0100000| Complete 
|   2|0x00000000e0200000, 0x00000000e0300000, 0x00000000e0300000|100%|HC|  |TAMS 0x00000000e0200000| PB 0x00000000e0200000| Complete 
|   3|0x00000000e0300000, 0x00000000e0400000, 0x00000000e0400000|100%| O|  |TAMS 0x00000000e0300000| PB 0x00000000e0300000| Untracked 
|   4|0x00000000e0400000, 0x00000000e0500000, 0x00000000e0500000|100%| O|  |TAMS 0x00000000e0400000| PB 0x00000000e0400000| Untracked 
|   5|0x00000000e0500000, 0x00000000e0600000, 0x00000000e0600000|100%| O|  |TAMS 0x00000000e0500000| PB 0x00000000e0500000| Untracked 
|   6|0x00000000e0600000, 0x00000000e0700000, 0x00000000e0700000|100%|HS|  |TAMS 0x00000000e0600000| PB 0x00000000e0600000| Complete 
|   7|0x00000000e0700000, 0x00000000e0800000, 0x00000000e0800000|100%| O|  |TAMS 0x00000000e0700000| PB 0x00000000e0700000| Untracked 
|   8|0x00000000e0800000, 0x00000000e0900000, 0x00000000e0900000|100%| O|  |TAMS 0x00000000e0800000| PB 0x00000000e0800000| Untracked 
|   9|0x00000000e0900000, 0x00000000e0a00000, 0x00000000e0a00000|100%| O|  |TAMS 0x00000000e0900000| PB 0x00000000e0900000| Untracked 
|  10|0x00000000e0a00000, 0x00000000e0b00000, 0x00000000e0b00000|100%| O|Cm|TAMS 0x00000000e0a00000| PB 0x00000000e0a00000| Complete 
|  11|0x00000000e0b00000, 0x00000000e0c00000, 0x00000000e0c00000|100%| O|  |TAMS 0x00000000e0b00000| PB 0x00000000e0b00000| Untracked 
|  12|0x00000000e0c00000, 0x00000000e0d00000, 0x00000000e0d00000|100%| O|  |TAMS 0x00000000e0c00000| PB 0x00000000e0c00000| Untracked 
|  13|0x00000000e0d00000, 0x00000000e0e00000, 0x00000000e0e00000|100%| O|  |TAMS 0x00000000e0d00000| PB 0x00000000e0d00000| Untracked 
|  14|0x00000000e0e00000, 0x00000000e0f00000, 0x00000000e0f00000|100%| O|  |TAMS 0x00000000e0e00000| PB 0x00000000e0e00000| Untracked 
|  15|0x00000000e0f00000, 0x00000000e0fbb750, 0x00000000e1000000| 73%| O|  |TAMS 0x00000000e0f00000| PB 0x00000000e0f00000| Untracked 
|  16|0x00000000e1000000, 0x00000000e1000000, 0x00000000e1100000|  0%| F|  |TAMS 0x00000000e1000000| PB 0x00000000e1000000| Untracked 
|  17|0x00000000e1100000, 0x00000000e1100000, 0x00000000e1200000|  0%| F|  |TAMS 0x00000000e1100000| PB 0x00000000e1100000| Untracked 
|  18|0x00000000e1200000, 0x00000000e1200000, 0x00000000e1300000|  0%| F|  |TAMS 0x00000000e1200000| PB 0x00000000e1200000| Untracked 
|  19|0x00000000e1300000, 0x00000000e1300000, 0x00000000e1400000|  0%| F|  |TAMS 0x00000000e1300000| PB 0x00000000e1300000| Untracked 
|  20|0x00000000e1400000, 0x00000000e1400000, 0x00000000e1500000|  0%| F|  |TAMS 0x00000000e1400000| PB 0x00000000e1400000| Untracked 
|  21|0x00000000e1500000, 0x00000000e1500000, 0x00000000e1600000|  0%| F|  |TAMS 0x00000000e1500000| PB 0x00000000e1500000| Untracked 
|  22|0x00000000e1600000, 0x00000000e1600000, 0x00000000e1700000|  0%| F|  |TAMS 0x00000000e1600000| PB 0x00000000e1600000| Untracked 
|  23|0x00000000e1700000, 0x00000000e1700000, 0x00000000e1800000|  0%| F|  |TAMS 0x00000000e1700000| PB 0x00000000e1700000| Untracked 
|  24|0x00000000e1800000, 0x00000000e1800000, 0x00000000e1900000|  0%| F|  |TAMS 0x00000000e1800000| PB 0x00000000e1800000| Untracked 
|  25|0x00000000e1900000, 0x00000000e1900000, 0x00000000e1a00000|  0%| F|  |TAMS 0x00000000e1900000| PB 0x00000000e1900000| Untracked 
|  26|0x00000000e1a00000, 0x00000000e1a00000, 0x00000000e1b00000|  0%| F|  |TAMS 0x00000000e1a00000| PB 0x00000000e1a00000| Untracked 
|  27|0x00000000e1b00000, 0x00000000e1b00000, 0x00000000e1c00000|  0%| F|  |TAMS 0x00000000e1b00000| PB 0x00000000e1b00000| Untracked 
|  28|0x00000000e1c00000, 0x00000000e1c00000, 0x00000000e1d00000|  0%| F|  |TAMS 0x00000000e1c00000| PB 0x00000000e1c00000| Untracked 
|  29|0x00000000e1d00000, 0x00000000e1d00000, 0x00000000e1e00000|  0%| F|  |TAMS 0x00000000e1d00000| PB 0x00000000e1d00000| Untracked 
|  30|0x00000000e1e00000, 0x00000000e1e00000, 0x00000000e1f00000|  0%| F|  |TAMS 0x00000000e1e00000| PB 0x00000000e1e00000| Untracked 
|  31|0x00000000e1f00000, 0x00000000e1f00000, 0x00000000e2000000|  0%| F|  |TAMS 0x00000000e1f00000| PB 0x00000000e1f00000| Untracked 
|  32|0x00000000e2000000, 0x00000000e2000000, 0x00000000e2100000|  0%| F|  |TAMS 0x00000000e2000000| PB 0x00000000e2000000| Untracked 
|  33|0x00000000e2100000, 0x00000000e2100000, 0x00000000e2200000|  0%| F|  |TAMS 0x00000000e2100000| PB 0x00000000e2100000| Untracked 
|  34|0x00000000e2200000, 0x00000000e2200000, 0x00000000e2300000|  0%| F|  |TAMS 0x00000000e2200000| PB 0x00000000e2200000| Untracked 
|  35|0x00000000e2300000, 0x00000000e2300000, 0x00000000e2400000|  0%| F|  |TAMS 0x00000000e2300000| PB 0x00000000e2300000| Untracked 
|  36|0x00000000e2400000, 0x00000000e2400000, 0x00000000e2500000|  0%| F|  |TAMS 0x00000000e2400000| PB 0x00000000e2400000| Untracked 
|  37|0x00000000e2500000, 0x00000000e2500000, 0x00000000e2600000|  0%| F|  |TAMS 0x00000000e2500000| PB 0x00000000e2500000| Untracked 
|  38|0x00000000e2600000, 0x00000000e2600000, 0x00000000e2700000|  0%| F|  |TAMS 0x00000000e2600000| PB 0x00000000e2600000| Untracked 
|  39|0x00000000e2700000, 0x00000000e2700000, 0x00000000e2800000|  0%| F|  |TAMS 0x00000000e2700000| PB 0x00000000e2700000| Untracked 
|  40|0x00000000e2800000, 0x00000000e2800000, 0x00000000e2900000|  0%| F|  |TAMS 0x00000000e2800000| PB 0x00000000e2800000| Untracked 
|  41|0x00000000e2900000, 0x00000000e2900000, 0x00000000e2a00000|  0%| F|  |TAMS 0x00000000e2900000| PB 0x00000000e2900000| Untracked 
|  42|0x00000000e2a00000, 0x00000000e2a00000, 0x00000000e2b00000|  0%| F|  |TAMS 0x00000000e2a00000| PB 0x00000000e2a00000| Untracked 
|  43|0x00000000e2b00000, 0x00000000e2b00000, 0x00000000e2c00000|  0%| F|  |TAMS 0x00000000e2b00000| PB 0x00000000e2b00000| Untracked 
|  44|0x00000000e2c00000, 0x00000000e2c00000, 0x00000000e2d00000|  0%| F|  |TAMS 0x00000000e2c00000| PB 0x00000000e2c00000| Untracked 
|  45|0x00000000e2d00000, 0x00000000e2d00000, 0x00000000e2e00000|  0%| F|  |TAMS 0x00000000e2d00000| PB 0x00000000e2d00000| Untracked 
|  46|0x00000000e2e00000, 0x00000000e2e00000, 0x00000000e2f00000|  0%| F|  |TAMS 0x00000000e2e00000| PB 0x00000000e2e00000| Untracked 
|  47|0x00000000e2f00000, 0x00000000e2f00000, 0x00000000e3000000|  0%| F|  |TAMS 0x00000000e2f00000| PB 0x00000000e2f00000| Untracked 
|  48|0x00000000e3000000, 0x00000000e3000000, 0x00000000e3100000|  0%| F|  |TAMS 0x00000000e3000000| PB 0x00000000e3000000| Untracked 
|  49|0x00000000e3100000, 0x00000000e3100000, 0x00000000e3200000|  0%| F|  |TAMS 0x00000000e3100000| PB 0x00000000e3100000| Untracked 
|  50|0x00000000e3200000, 0x00000000e3200000, 0x00000000e3300000|  0%| F|  |TAMS 0x00000000e3200000| PB 0x00000000e3200000| Untracked 
|  51|0x00000000e3300000, 0x00000000e3300000, 0x00000000e3400000|  0%| F|  |TAMS 0x00000000e3300000| PB 0x00000000e3300000| Untracked 
|  52|0x00000000e3400000, 0x00000000e3400000, 0x00000000e3500000|  0%| F|  |TAMS 0x00000000e3400000| PB 0x00000000e3400000| Untracked 
|  53|0x00000000e3500000, 0x00000000e3500000, 0x00000000e3600000|  0%| F|  |TAMS 0x00000000e3500000| PB 0x00000000e3500000| Untracked 
|  54|0x00000000e3600000, 0x00000000e3600000, 0x00000000e3700000|  0%| F|  |TAMS 0x00000000e3600000| PB 0x00000000e3600000| Untracked 
|  55|0x00000000e3700000, 0x00000000e3700000, 0x00000000e3800000|  0%| F|  |TAMS 0x00000000e3700000| PB 0x00000000e3700000| Untracked 
|  56|0x00000000e3800000, 0x00000000e3800000, 0x00000000e3900000|  0%| F|  |TAMS 0x00000000e3800000| PB 0x00000000e3800000| Untracked 
|  57|0x00000000e3900000, 0x00000000e3900000, 0x00000000e3a00000|  0%| F|  |TAMS 0x00000000e3900000| PB 0x00000000e3900000| Untracked 
|  58|0x00000000e3a00000, 0x00000000e3a00000, 0x00000000e3b00000|  0%| F|  |TAMS 0x00000000e3a00000| PB 0x00000000e3a00000| Untracked 
|  59|0x00000000e3b00000, 0x00000000e3b00000, 0x00000000e3c00000|  0%| F|  |TAMS 0x00000000e3b00000| PB 0x00000000e3b00000| Untracked 
|  60|0x00000000e3c00000, 0x00000000e3c00000, 0x00000000e3d00000|  0%| F|  |TAMS 0x00000000e3c00000| PB 0x00000000e3c00000| Untracked 
|  61|0x00000000e3d00000, 0x00000000e3d00000, 0x00000000e3e00000|  0%| F|  |TAMS 0x00000000e3d00000| PB 0x00000000e3d00000| Untracked 
|  62|0x00000000e3e00000, 0x00000000e3e00000, 0x00000000e3f00000|  0%| F|  |TAMS 0x00000000e3e00000| PB 0x00000000e3e00000| Untracked 
|  63|0x00000000e3f00000, 0x00000000e3f00000, 0x00000000e4000000|  0%| F|  |TAMS 0x00000000e3f00000| PB 0x00000000e3f00000| Untracked 
|  64|0x00000000e4000000, 0x00000000e4000000, 0x00000000e4100000|  0%| F|  |TAMS 0x00000000e4000000| PB 0x00000000e4000000| Untracked 
|  65|0x00000000e4100000, 0x00000000e4100000, 0x00000000e4200000|  0%| F|  |TAMS 0x00000000e4100000| PB 0x00000000e4100000| Untracked 
|  66|0x00000000e4200000, 0x00000000e4200000, 0x00000000e4300000|  0%| F|  |TAMS 0x00000000e4200000| PB 0x00000000e4200000| Untracked 
|  67|0x00000000e4300000, 0x00000000e4300000, 0x00000000e4400000|  0%| F|  |TAMS 0x00000000e4300000| PB 0x00000000e4300000| Untracked 
|  68|0x00000000e4400000, 0x00000000e4400000, 0x00000000e4500000|  0%| F|  |TAMS 0x00000000e4400000| PB 0x00000000e4400000| Untracked 
|  69|0x00000000e4500000, 0x00000000e4500000, 0x00000000e4600000|  0%| F|  |TAMS 0x00000000e4500000| PB 0x00000000e4500000| Untracked 
|  70|0x00000000e4600000, 0x00000000e4600000, 0x00000000e4700000|  0%| F|  |TAMS 0x00000000e4600000| PB 0x00000000e4600000| Untracked 
|  71|0x00000000e4700000, 0x00000000e4700000, 0x00000000e4800000|  0%| F|  |TAMS 0x00000000e4700000| PB 0x00000000e4700000| Untracked 
|  72|0x00000000e4800000, 0x00000000e4800000, 0x00000000e4900000|  0%| F|  |TAMS 0x00000000e4800000| PB 0x00000000e4800000| Untracked 
|  73|0x00000000e4900000, 0x00000000e4900000, 0x00000000e4a00000|  0%| F|  |TAMS 0x00000000e4900000| PB 0x00000000e4900000| Untracked 
|  74|0x00000000e4a00000, 0x00000000e4a00000, 0x00000000e4b00000|  0%| F|  |TAMS 0x00000000e4a00000| PB 0x00000000e4a00000| Untracked 
|  75|0x00000000e4b00000, 0x00000000e4b00000, 0x00000000e4c00000|  0%| F|  |TAMS 0x00000000e4b00000| PB 0x00000000e4b00000| Untracked 
|  76|0x00000000e4c00000, 0x00000000e4c00000, 0x00000000e4d00000|  0%| F|  |TAMS 0x00000000e4c00000| PB 0x00000000e4c00000| Untracked 
|  77|0x00000000e4d00000, 0x00000000e4d00000, 0x00000000e4e00000|  0%| F|  |TAMS 0x00000000e4d00000| PB 0x00000000e4d00000| Untracked 
|  78|0x00000000e4e00000, 0x00000000e4e00000, 0x00000000e4f00000|  0%| F|  |TAMS 0x00000000e4e00000| PB 0x00000000e4e00000| Untracked 
|  79|0x00000000e4f00000, 0x00000000e4f00000, 0x00000000e5000000|  0%| F|  |TAMS 0x00000000e4f00000| PB 0x00000000e4f00000| Untracked 
|  80|0x00000000e5000000, 0x00000000e5000000, 0x00000000e5100000|  0%| F|  |TAMS 0x00000000e5000000| PB 0x00000000e5000000| Untracked 
|  81|0x00000000e5100000, 0x00000000e5100000, 0x00000000e5200000|  0%| F|  |TAMS 0x00000000e5100000| PB 0x00000000e5100000| Untracked 
|  82|0x00000000e5200000, 0x00000000e5200000, 0x00000000e5300000|  0%| F|  |TAMS 0x00000000e5200000| PB 0x00000000e5200000| Untracked 
|  83|0x00000000e5300000, 0x00000000e5300000, 0x00000000e5400000|  0%| F|  |TAMS 0x00000000e5300000| PB 0x00000000e5300000| Untracked 
|  84|0x00000000e5400000, 0x00000000e5400000, 0x00000000e5500000|  0%| F|  |TAMS 0x00000000e5400000| PB 0x00000000e5400000| Untracked 
|  85|0x00000000e5500000, 0x00000000e5500000, 0x00000000e5600000|  0%| F|  |TAMS 0x00000000e5500000| PB 0x00000000e5500000| Untracked 
|  86|0x00000000e5600000, 0x00000000e5600000, 0x00000000e5700000|  0%| F|  |TAMS 0x00000000e5600000| PB 0x00000000e5600000| Untracked 
|  87|0x00000000e5700000, 0x00000000e5776190, 0x00000000e5800000| 46%| S|CS|TAMS 0x00000000e5700000| PB 0x00000000e5700000| Complete 
|  88|0x00000000e5800000, 0x00000000e5900000, 0x00000000e5900000|100%| S|CS|TAMS 0x00000000e5800000| PB 0x00000000e5800000| Complete 
|  89|0x00000000e5900000, 0x00000000e5a00000, 0x00000000e5a00000|100%| S|CS|TAMS 0x00000000e5900000| PB 0x00000000e5900000| Complete 
|  90|0x00000000e5a00000, 0x00000000e5b00000, 0x00000000e5b00000|100%| S|CS|TAMS 0x00000000e5a00000| PB 0x00000000e5a00000| Complete 
|  91|0x00000000e5b00000, 0x00000000e5c00000, 0x00000000e5c00000|100%| S|CS|TAMS 0x00000000e5b00000| PB 0x00000000e5b00000| Complete 
|  92|0x00000000e5c00000, 0x00000000e5d00000, 0x00000000e5d00000|100%| S|CS|TAMS 0x00000000e5c00000| PB 0x00000000e5c00000| Complete 
|  93|0x00000000e5d00000, 0x00000000e5e00000, 0x00000000e5e00000|100%| S|CS|TAMS 0x00000000e5d00000| PB 0x00000000e5d00000| Complete 
|  94|0x00000000e5e00000, 0x00000000e5f00000, 0x00000000e5f00000|100%| S|CS|TAMS 0x00000000e5e00000| PB 0x00000000e5e00000| Complete 
|  95|0x00000000e5f00000, 0x00000000e6000000, 0x00000000e6000000|100%| S|CS|TAMS 0x00000000e5f00000| PB 0x00000000e5f00000| Complete 
|  96|0x00000000e6000000, 0x00000000e6100000, 0x00000000e6100000|100%| S|CS|TAMS 0x00000000e6000000| PB 0x00000000e6000000| Complete 
|  97|0x00000000e6100000, 0x00000000e6200000, 0x00000000e6200000|100%| S|CS|TAMS 0x00000000e6100000| PB 0x00000000e6100000| Complete 
|  98|0x00000000e6200000, 0x00000000e6300000, 0x00000000e6300000|100%| S|CS|TAMS 0x00000000e6200000| PB 0x00000000e6200000| Complete 
|  99|0x00000000e6300000, 0x00000000e6400000, 0x00000000e6400000|100%| S|CS|TAMS 0x00000000e6300000| PB 0x00000000e6300000| Complete 
| 100|0x00000000e6400000, 0x00000000e6500000, 0x00000000e6500000|100%| S|CS|TAMS 0x00000000e6400000| PB 0x00000000e6400000| Complete 
| 101|0x00000000e6500000, 0x00000000e6600000, 0x00000000e6600000|100%| S|CS|TAMS 0x00000000e6500000| PB 0x00000000e6500000| Complete 
| 102|0x00000000e6600000, 0x00000000e6700000, 0x00000000e6700000|100%| S|CS|TAMS 0x00000000e6600000| PB 0x00000000e6600000| Complete 
| 103|0x00000000e6700000, 0x00000000e6700000, 0x00000000e6800000|  0%| F|  |TAMS 0x00000000e6700000| PB 0x00000000e6700000| Untracked 
| 104|0x00000000e6800000, 0x00000000e6800000, 0x00000000e6900000|  0%| F|  |TAMS 0x00000000e6800000| PB 0x00000000e6800000| Untracked 
| 105|0x00000000e6900000, 0x00000000e6900000, 0x00000000e6a00000|  0%| F|  |TAMS 0x00000000e6900000| PB 0x00000000e6900000| Untracked 
| 106|0x00000000e6a00000, 0x00000000e6a00000, 0x00000000e6b00000|  0%| F|  |TAMS 0x00000000e6a00000| PB 0x00000000e6a00000| Untracked 
| 107|0x00000000e6b00000, 0x00000000e6b00000, 0x00000000e6c00000|  0%| F|  |TAMS 0x00000000e6b00000| PB 0x00000000e6b00000| Untracked 
| 108|0x00000000e6c00000, 0x00000000e6c00000, 0x00000000e6d00000|  0%| F|  |TAMS 0x00000000e6c00000| PB 0x00000000e6c00000| Untracked 
| 109|0x00000000e6d00000, 0x00000000e6d00000, 0x00000000e6e00000|  0%| F|  |TAMS 0x00000000e6d00000| PB 0x00000000e6d00000| Untracked 
| 110|0x00000000e6e00000, 0x00000000e6e00000, 0x00000000e6f00000|  0%| F|  |TAMS 0x00000000e6e00000| PB 0x00000000e6e00000| Untracked 
| 111|0x00000000e6f00000, 0x00000000e6f00000, 0x00000000e7000000|  0%| F|  |TAMS 0x00000000e6f00000| PB 0x00000000e6f00000| Untracked 
| 112|0x00000000e7000000, 0x00000000e7000000, 0x00000000e7100000|  0%| F|  |TAMS 0x00000000e7000000| PB 0x00000000e7000000| Untracked 
| 113|0x00000000e7100000, 0x00000000e7100000, 0x00000000e7200000|  0%| F|  |TAMS 0x00000000e7100000| PB 0x00000000e7100000| Untracked 
| 114|0x00000000e7200000, 0x00000000e7200000, 0x00000000e7300000|  0%| F|  |TAMS 0x00000000e7200000| PB 0x00000000e7200000| Untracked 
| 115|0x00000000e7300000, 0x00000000e7300000, 0x00000000e7400000|  0%| F|  |TAMS 0x00000000e7300000| PB 0x00000000e7300000| Untracked 
| 116|0x00000000e7400000, 0x00000000e7400000, 0x00000000e7500000|  0%| F|  |TAMS 0x00000000e7400000| PB 0x00000000e7400000| Untracked 
| 117|0x00000000e7500000, 0x00000000e7500000, 0x00000000e7600000|  0%| F|  |TAMS 0x00000000e7500000| PB 0x00000000e7500000| Untracked 
| 118|0x00000000e7600000, 0x00000000e7600000, 0x00000000e7700000|  0%| F|  |TAMS 0x00000000e7600000| PB 0x00000000e7600000| Untracked 
| 119|0x00000000e7700000, 0x00000000e7700000, 0x00000000e7800000|  0%| F|  |TAMS 0x00000000e7700000| PB 0x00000000e7700000| Untracked 
| 120|0x00000000e7800000, 0x00000000e7800000, 0x00000000e7900000|  0%| F|  |TAMS 0x00000000e7800000| PB 0x00000000e7800000| Untracked 
| 121|0x00000000e7900000, 0x00000000e7900000, 0x00000000e7a00000|  0%| F|  |TAMS 0x00000000e7900000| PB 0x00000000e7900000| Untracked 
| 122|0x00000000e7a00000, 0x00000000e7a00000, 0x00000000e7b00000|  0%| F|  |TAMS 0x00000000e7a00000| PB 0x00000000e7a00000| Untracked 
| 123|0x00000000e7b00000, 0x00000000e7b00000, 0x00000000e7c00000|  0%| F|  |TAMS 0x00000000e7b00000| PB 0x00000000e7b00000| Untracked 
| 124|0x00000000e7c00000, 0x00000000e7c00000, 0x00000000e7d00000|  0%| F|  |TAMS 0x00000000e7c00000| PB 0x00000000e7c00000| Untracked 
| 125|0x00000000e7d00000, 0x00000000e7d00000, 0x00000000e7e00000|  0%| F|  |TAMS 0x00000000e7d00000| PB 0x00000000e7d00000| Untracked 
| 126|0x00000000e7e00000, 0x00000000e7e00000, 0x00000000e7f00000|  0%| F|  |TAMS 0x00000000e7e00000| PB 0x00000000e7e00000| Untracked 
| 127|0x00000000e7f00000, 0x00000000e7f00000, 0x00000000e8000000|  0%| F|  |TAMS 0x00000000e7f00000| PB 0x00000000e7f00000| Untracked 
| 128|0x00000000e8000000, 0x00000000e8000000, 0x00000000e8100000|  0%| F|  |TAMS 0x00000000e8000000| PB 0x00000000e8000000| Untracked 
| 129|0x00000000e8100000, 0x00000000e8100000, 0x00000000e8200000|  0%| F|  |TAMS 0x00000000e8100000| PB 0x00000000e8100000| Untracked 
| 130|0x00000000e8200000, 0x00000000e8200000, 0x00000000e8300000|  0%| F|  |TAMS 0x00000000e8200000| PB 0x00000000e8200000| Untracked 
| 131|0x00000000e8300000, 0x00000000e8300000, 0x00000000e8400000|  0%| F|  |TAMS 0x00000000e8300000| PB 0x00000000e8300000| Untracked 
| 132|0x00000000e8400000, 0x00000000e8400000, 0x00000000e8500000|  0%| F|  |TAMS 0x00000000e8400000| PB 0x00000000e8400000| Untracked 
| 133|0x00000000e8500000, 0x00000000e8500000, 0x00000000e8600000|  0%| F|  |TAMS 0x00000000e8500000| PB 0x00000000e8500000| Untracked 
| 134|0x00000000e8600000, 0x00000000e8600000, 0x00000000e8700000|  0%| F|  |TAMS 0x00000000e8600000| PB 0x00000000e8600000| Untracked 
| 135|0x00000000e8700000, 0x00000000e8700000, 0x00000000e8800000|  0%| F|  |TAMS 0x00000000e8700000| PB 0x00000000e8700000| Untracked 
| 136|0x00000000e8800000, 0x00000000e8800000, 0x00000000e8900000|  0%| F|  |TAMS 0x00000000e8800000| PB 0x00000000e8800000| Untracked 
| 137|0x00000000e8900000, 0x00000000e8900000, 0x00000000e8a00000|  0%| F|  |TAMS 0x00000000e8900000| PB 0x00000000e8900000| Untracked 
| 138|0x00000000e8a00000, 0x00000000e8a00000, 0x00000000e8b00000|  0%| F|  |TAMS 0x00000000e8a00000| PB 0x00000000e8a00000| Untracked 
| 139|0x00000000e8b00000, 0x00000000e8b00000, 0x00000000e8c00000|  0%| F|  |TAMS 0x00000000e8b00000| PB 0x00000000e8b00000| Untracked 
| 140|0x00000000e8c00000, 0x00000000e8c00000, 0x00000000e8d00000|  0%| F|  |TAMS 0x00000000e8c00000| PB 0x00000000e8c00000| Untracked 
| 141|0x00000000e8d00000, 0x00000000e8d00000, 0x00000000e8e00000|  0%| F|  |TAMS 0x00000000e8d00000| PB 0x00000000e8d00000| Untracked 
| 142|0x00000000e8e00000, 0x00000000e8e00000, 0x00000000e8f00000|  0%| F|  |TAMS 0x00000000e8e00000| PB 0x00000000e8e00000| Untracked 
| 143|0x00000000e8f00000, 0x00000000e8f00000, 0x00000000e9000000|  0%| F|  |TAMS 0x00000000e8f00000| PB 0x00000000e8f00000| Untracked 
| 144|0x00000000e9000000, 0x00000000e9000000, 0x00000000e9100000|  0%| F|  |TAMS 0x00000000e9000000| PB 0x00000000e9000000| Untracked 
| 145|0x00000000e9100000, 0x00000000e9100000, 0x00000000e9200000|  0%| F|  |TAMS 0x00000000e9100000| PB 0x00000000e9100000| Untracked 
| 146|0x00000000e9200000, 0x00000000e9200000, 0x00000000e9300000|  0%| F|  |TAMS 0x00000000e9200000| PB 0x00000000e9200000| Untracked 
| 147|0x00000000e9300000, 0x00000000e9300000, 0x00000000e9400000|  0%| F|  |TAMS 0x00000000e9300000| PB 0x00000000e9300000| Untracked 
| 148|0x00000000e9400000, 0x00000000e9400000, 0x00000000e9500000|  0%| F|  |TAMS 0x00000000e9400000| PB 0x00000000e9400000| Untracked 
| 149|0x00000000e9500000, 0x00000000e9500000, 0x00000000e9600000|  0%| F|  |TAMS 0x00000000e9500000| PB 0x00000000e9500000| Untracked 
| 150|0x00000000e9600000, 0x00000000e9600000, 0x00000000e9700000|  0%| F|  |TAMS 0x00000000e9600000| PB 0x00000000e9600000| Untracked 
| 151|0x00000000e9700000, 0x00000000e9700000, 0x00000000e9800000|  0%| F|  |TAMS 0x00000000e9700000| PB 0x00000000e9700000| Untracked 
| 152|0x00000000e9800000, 0x00000000e9800000, 0x00000000e9900000|  0%| F|  |TAMS 0x00000000e9800000| PB 0x00000000e9800000| Untracked 
| 153|0x00000000e9900000, 0x00000000e9900000, 0x00000000e9a00000|  0%| F|  |TAMS 0x00000000e9900000| PB 0x00000000e9900000| Untracked 
| 154|0x00000000e9a00000, 0x00000000e9a00000, 0x00000000e9b00000|  0%| F|  |TAMS 0x00000000e9a00000| PB 0x00000000e9a00000| Untracked 
| 155|0x00000000e9b00000, 0x00000000e9b00000, 0x00000000e9c00000|  0%| F|  |TAMS 0x00000000e9b00000| PB 0x00000000e9b00000| Untracked 
| 156|0x00000000e9c00000, 0x00000000e9c00000, 0x00000000e9d00000|  0%| F|  |TAMS 0x00000000e9c00000| PB 0x00000000e9c00000| Untracked 
| 157|0x00000000e9d00000, 0x00000000e9d00000, 0x00000000e9e00000|  0%| F|  |TAMS 0x00000000e9d00000| PB 0x00000000e9d00000| Untracked 
| 158|0x00000000e9e00000, 0x00000000e9e00000, 0x00000000e9f00000|  0%| F|  |TAMS 0x00000000e9e00000| PB 0x00000000e9e00000| Untracked 
| 159|0x00000000e9f00000, 0x00000000e9f00000, 0x00000000ea000000|  0%| F|  |TAMS 0x00000000e9f00000| PB 0x00000000e9f00000| Untracked 
| 160|0x00000000ea000000, 0x00000000ea000000, 0x00000000ea100000|  0%| F|  |TAMS 0x00000000ea000000| PB 0x00000000ea000000| Untracked 
| 161|0x00000000ea100000, 0x00000000ea100000, 0x00000000ea200000|  0%| F|  |TAMS 0x00000000ea100000| PB 0x00000000ea100000| Untracked 
| 162|0x00000000ea200000, 0x00000000ea200000, 0x00000000ea300000|  0%| F|  |TAMS 0x00000000ea200000| PB 0x00000000ea200000| Untracked 
| 163|0x00000000ea300000, 0x00000000ea300000, 0x00000000ea400000|  0%| F|  |TAMS 0x00000000ea300000| PB 0x00000000ea300000| Untracked 
| 164|0x00000000ea400000, 0x00000000ea400000, 0x00000000ea500000|  0%| F|  |TAMS 0x00000000ea400000| PB 0x00000000ea400000| Untracked 
| 165|0x00000000ea500000, 0x00000000ea500000, 0x00000000ea600000|  0%| F|  |TAMS 0x00000000ea500000| PB 0x00000000ea500000| Untracked 
| 166|0x00000000ea600000, 0x00000000ea600000, 0x00000000ea700000|  0%| F|  |TAMS 0x00000000ea600000| PB 0x00000000ea600000| Untracked 
| 167|0x00000000ea700000, 0x00000000ea700000, 0x00000000ea800000|  0%| F|  |TAMS 0x00000000ea700000| PB 0x00000000ea700000| Untracked 
| 168|0x00000000ea800000, 0x00000000ea800000, 0x00000000ea900000|  0%| F|  |TAMS 0x00000000ea800000| PB 0x00000000ea800000| Untracked 
| 169|0x00000000ea900000, 0x00000000ea900000, 0x00000000eaa00000|  0%| F|  |TAMS 0x00000000ea900000| PB 0x00000000ea900000| Untracked 
| 170|0x00000000eaa00000, 0x00000000eaa00000, 0x00000000eab00000|  0%| F|  |TAMS 0x00000000eaa00000| PB 0x00000000eaa00000| Untracked 
| 171|0x00000000eab00000, 0x00000000eab00000, 0x00000000eac00000|  0%| F|  |TAMS 0x00000000eab00000| PB 0x00000000eab00000| Untracked 
| 172|0x00000000eac00000, 0x00000000eac00000, 0x00000000ead00000|  0%| F|  |TAMS 0x00000000eac00000| PB 0x00000000eac00000| Untracked 
| 173|0x00000000ead00000, 0x00000000ead00000, 0x00000000eae00000|  0%| F|  |TAMS 0x00000000ead00000| PB 0x00000000ead00000| Untracked 
| 174|0x00000000eae00000, 0x00000000eae00000, 0x00000000eaf00000|  0%| F|  |TAMS 0x00000000eae00000| PB 0x00000000eae00000| Untracked 
| 175|0x00000000eaf00000, 0x00000000eaf00000, 0x00000000eb000000|  0%| F|  |TAMS 0x00000000eaf00000| PB 0x00000000eaf00000| Untracked 
| 176|0x00000000eb000000, 0x00000000eb000000, 0x00000000eb100000|  0%| F|  |TAMS 0x00000000eb000000| PB 0x00000000eb000000| Untracked 
| 177|0x00000000eb100000, 0x00000000eb100000, 0x00000000eb200000|  0%| F|  |TAMS 0x00000000eb100000| PB 0x00000000eb100000| Untracked 
| 178|0x00000000eb200000, 0x00000000eb200000, 0x00000000eb300000|  0%| F|  |TAMS 0x00000000eb200000| PB 0x00000000eb200000| Untracked 
| 179|0x00000000eb300000, 0x00000000eb300000, 0x00000000eb400000|  0%| F|  |TAMS 0x00000000eb300000| PB 0x00000000eb300000| Untracked 
| 180|0x00000000eb400000, 0x00000000eb400000, 0x00000000eb500000|  0%| F|  |TAMS 0x00000000eb400000| PB 0x00000000eb400000| Untracked 
| 181|0x00000000eb500000, 0x00000000eb500000, 0x00000000eb600000|  0%| F|  |TAMS 0x00000000eb500000| PB 0x00000000eb500000| Untracked 
| 182|0x00000000eb600000, 0x00000000eb600000, 0x00000000eb700000|  0%| F|  |TAMS 0x00000000eb600000| PB 0x00000000eb600000| Untracked 
| 183|0x00000000eb700000, 0x00000000eb700000, 0x00000000eb800000|  0%| F|  |TAMS 0x00000000eb700000| PB 0x00000000eb700000| Untracked 
| 184|0x00000000eb800000, 0x00000000eb800000, 0x00000000eb900000|  0%| F|  |TAMS 0x00000000eb800000| PB 0x00000000eb800000| Untracked 
| 185|0x00000000eb900000, 0x00000000eb900000, 0x00000000eba00000|  0%| F|  |TAMS 0x00000000eb900000| PB 0x00000000eb900000| Untracked 
| 186|0x00000000eba00000, 0x00000000eba00000, 0x00000000ebb00000|  0%| F|  |TAMS 0x00000000eba00000| PB 0x00000000eba00000| Untracked 
| 187|0x00000000ebb00000, 0x00000000ebb00000, 0x00000000ebc00000|  0%| F|  |TAMS 0x00000000ebb00000| PB 0x00000000ebb00000| Untracked 
| 188|0x00000000ebc00000, 0x00000000ebc00000, 0x00000000ebd00000|  0%| F|  |TAMS 0x00000000ebc00000| PB 0x00000000ebc00000| Untracked 
| 189|0x00000000ebd00000, 0x00000000ebd00000, 0x00000000ebe00000|  0%| F|  |TAMS 0x00000000ebd00000| PB 0x00000000ebd00000| Untracked 
| 190|0x00000000ebe00000, 0x00000000ebe00000, 0x00000000ebf00000|  0%| F|  |TAMS 0x00000000ebe00000| PB 0x00000000ebe00000| Untracked 
| 191|0x00000000ebf00000, 0x00000000ebf00000, 0x00000000ec000000|  0%| F|  |TAMS 0x00000000ebf00000| PB 0x00000000ebf00000| Untracked 
| 192|0x00000000ec000000, 0x00000000ec000000, 0x00000000ec100000|  0%| F|  |TAMS 0x00000000ec000000| PB 0x00000000ec000000| Untracked 
| 193|0x00000000ec100000, 0x00000000ec100000, 0x00000000ec200000|  0%| F|  |TAMS 0x00000000ec100000| PB 0x00000000ec100000| Untracked 
| 194|0x00000000ec200000, 0x00000000ec200000, 0x00000000ec300000|  0%| F|  |TAMS 0x00000000ec200000| PB 0x00000000ec200000| Untracked 
| 195|0x00000000ec300000, 0x00000000ec300000, 0x00000000ec400000|  0%| F|  |TAMS 0x00000000ec300000| PB 0x00000000ec300000| Untracked 
| 196|0x00000000ec400000, 0x00000000ec400000, 0x00000000ec500000|  0%| F|  |TAMS 0x00000000ec400000| PB 0x00000000ec400000| Untracked 
| 197|0x00000000ec500000, 0x00000000ec500000, 0x00000000ec600000|  0%| F|  |TAMS 0x00000000ec500000| PB 0x00000000ec500000| Untracked 
| 198|0x00000000ec600000, 0x00000000ec600000, 0x00000000ec700000|  0%| F|  |TAMS 0x00000000ec600000| PB 0x00000000ec600000| Untracked 
| 199|0x00000000ec700000, 0x00000000ec700000, 0x00000000ec800000|  0%| F|  |TAMS 0x00000000ec700000| PB 0x00000000ec700000| Untracked 
| 200|0x00000000ec800000, 0x00000000ec800000, 0x00000000ec900000|  0%| F|  |TAMS 0x00000000ec800000| PB 0x00000000ec800000| Untracked 
| 201|0x00000000ec900000, 0x00000000ec900000, 0x00000000eca00000|  0%| F|  |TAMS 0x00000000ec900000| PB 0x00000000ec900000| Untracked 
| 202|0x00000000eca00000, 0x00000000eca00000, 0x00000000ecb00000|  0%| F|  |TAMS 0x00000000eca00000| PB 0x00000000eca00000| Untracked 
| 203|0x00000000ecb00000, 0x00000000ecb00000, 0x00000000ecc00000|  0%| F|  |TAMS 0x00000000ecb00000| PB 0x00000000ecb00000| Untracked 
| 204|0x00000000ecc00000, 0x00000000ecc00000, 0x00000000ecd00000|  0%| F|  |TAMS 0x00000000ecc00000| PB 0x00000000ecc00000| Untracked 
| 205|0x00000000ecd00000, 0x00000000ecd00000, 0x00000000ece00000|  0%| F|  |TAMS 0x00000000ecd00000| PB 0x00000000ecd00000| Untracked 
| 206|0x00000000ece00000, 0x00000000ece00000, 0x00000000ecf00000|  0%| F|  |TAMS 0x00000000ece00000| PB 0x00000000ece00000| Untracked 
| 207|0x00000000ecf00000, 0x00000000ecf00000, 0x00000000ed000000|  0%| F|  |TAMS 0x00000000ecf00000| PB 0x00000000ecf00000| Untracked 
| 208|0x00000000ed000000, 0x00000000ed000000, 0x00000000ed100000|  0%| F|  |TAMS 0x00000000ed000000| PB 0x00000000ed000000| Untracked 
| 209|0x00000000ed100000, 0x00000000ed100000, 0x00000000ed200000|  0%| F|  |TAMS 0x00000000ed100000| PB 0x00000000ed100000| Untracked 
| 210|0x00000000ed200000, 0x00000000ed200000, 0x00000000ed300000|  0%| F|  |TAMS 0x00000000ed200000| PB 0x00000000ed200000| Untracked 
| 211|0x00000000ed300000, 0x00000000ed300000, 0x00000000ed400000|  0%| F|  |TAMS 0x00000000ed300000| PB 0x00000000ed300000| Untracked 
| 212|0x00000000ed400000, 0x00000000ed400000, 0x00000000ed500000|  0%| F|  |TAMS 0x00000000ed400000| PB 0x00000000ed400000| Untracked 
| 213|0x00000000ed500000, 0x00000000ed500000, 0x00000000ed600000|  0%| F|  |TAMS 0x00000000ed500000| PB 0x00000000ed500000| Untracked 
| 214|0x00000000ed600000, 0x00000000ed600000, 0x00000000ed700000|  0%| F|  |TAMS 0x00000000ed600000| PB 0x00000000ed600000| Untracked 
| 215|0x00000000ed700000, 0x00000000ed700000, 0x00000000ed800000|  0%| F|  |TAMS 0x00000000ed700000| PB 0x00000000ed700000| Untracked 
| 216|0x00000000ed800000, 0x00000000ed800000, 0x00000000ed900000|  0%| F|  |TAMS 0x00000000ed800000| PB 0x00000000ed800000| Untracked 
| 217|0x00000000ed900000, 0x00000000ed900000, 0x00000000eda00000|  0%| F|  |TAMS 0x00000000ed900000| PB 0x00000000ed900000| Untracked 
| 218|0x00000000eda00000, 0x00000000eda00000, 0x00000000edb00000|  0%| F|  |TAMS 0x00000000eda00000| PB 0x00000000eda00000| Untracked 
| 219|0x00000000edb00000, 0x00000000edb00000, 0x00000000edc00000|  0%| F|  |TAMS 0x00000000edb00000| PB 0x00000000edb00000| Untracked 
| 220|0x00000000edc00000, 0x00000000edc00000, 0x00000000edd00000|  0%| F|  |TAMS 0x00000000edc00000| PB 0x00000000edc00000| Untracked 
| 221|0x00000000edd00000, 0x00000000edd00000, 0x00000000ede00000|  0%| F|  |TAMS 0x00000000edd00000| PB 0x00000000edd00000| Untracked 
| 222|0x00000000ede00000, 0x00000000ede00000, 0x00000000edf00000|  0%| F|  |TAMS 0x00000000ede00000| PB 0x00000000ede00000| Untracked 
| 223|0x00000000edf00000, 0x00000000edf00000, 0x00000000ee000000|  0%| F|  |TAMS 0x00000000edf00000| PB 0x00000000edf00000| Untracked 
| 224|0x00000000ee000000, 0x00000000ee000000, 0x00000000ee100000|  0%| F|  |TAMS 0x00000000ee000000| PB 0x00000000ee000000| Untracked 
| 225|0x00000000ee100000, 0x00000000ee100000, 0x00000000ee200000|  0%| F|  |TAMS 0x00000000ee100000| PB 0x00000000ee100000| Untracked 
| 226|0x00000000ee200000, 0x00000000ee200000, 0x00000000ee300000|  0%| F|  |TAMS 0x00000000ee200000| PB 0x00000000ee200000| Untracked 
| 227|0x00000000ee300000, 0x00000000ee300000, 0x00000000ee400000|  0%| F|  |TAMS 0x00000000ee300000| PB 0x00000000ee300000| Untracked 
| 228|0x00000000ee400000, 0x00000000ee400000, 0x00000000ee500000|  0%| F|  |TAMS 0x00000000ee400000| PB 0x00000000ee400000| Untracked 
| 229|0x00000000ee500000, 0x00000000ee500000, 0x00000000ee600000|  0%| F|  |TAMS 0x00000000ee500000| PB 0x00000000ee500000| Untracked 
| 230|0x00000000ee600000, 0x00000000ee600000, 0x00000000ee700000|  0%| F|  |TAMS 0x00000000ee600000| PB 0x00000000ee600000| Untracked 
| 231|0x00000000ee700000, 0x00000000ee700000, 0x00000000ee800000|  0%| F|  |TAMS 0x00000000ee700000| PB 0x00000000ee700000| Untracked 
| 232|0x00000000ee800000, 0x00000000ee800000, 0x00000000ee900000|  0%| F|  |TAMS 0x00000000ee800000| PB 0x00000000ee800000| Untracked 
| 233|0x00000000ee900000, 0x00000000ee900000, 0x00000000eea00000|  0%| F|  |TAMS 0x00000000ee900000| PB 0x00000000ee900000| Untracked 
| 234|0x00000000eea00000, 0x00000000eea00000, 0x00000000eeb00000|  0%| F|  |TAMS 0x00000000eea00000| PB 0x00000000eea00000| Untracked 
| 235|0x00000000eeb00000, 0x00000000eeb00000, 0x00000000eec00000|  0%| F|  |TAMS 0x00000000eeb00000| PB 0x00000000eeb00000| Untracked 
| 236|0x00000000eec00000, 0x00000000eec00000, 0x00000000eed00000|  0%| F|  |TAMS 0x00000000eec00000| PB 0x00000000eec00000| Untracked 
| 237|0x00000000eed00000, 0x00000000eed00000, 0x00000000eee00000|  0%| F|  |TAMS 0x00000000eed00000| PB 0x00000000eed00000| Untracked 
| 238|0x00000000eee00000, 0x00000000eee00000, 0x00000000eef00000|  0%| F|  |TAMS 0x00000000eee00000| PB 0x00000000eee00000| Untracked 
| 239|0x00000000eef00000, 0x00000000eef00000, 0x00000000ef000000|  0%| F|  |TAMS 0x00000000eef00000| PB 0x00000000eef00000| Untracked 
| 240|0x00000000ef000000, 0x00000000ef000000, 0x00000000ef100000|  0%| F|  |TAMS 0x00000000ef000000| PB 0x00000000ef000000| Untracked 
| 241|0x00000000ef100000, 0x00000000ef100000, 0x00000000ef200000|  0%| F|  |TAMS 0x00000000ef100000| PB 0x00000000ef100000| Untracked 
| 242|0x00000000ef200000, 0x00000000ef200000, 0x00000000ef300000|  0%| F|  |TAMS 0x00000000ef200000| PB 0x00000000ef200000| Untracked 
| 243|0x00000000ef300000, 0x00000000ef300000, 0x00000000ef400000|  0%| F|  |TAMS 0x00000000ef300000| PB 0x00000000ef300000| Untracked 
| 244|0x00000000ef400000, 0x00000000ef400000, 0x00000000ef500000|  0%| F|  |TAMS 0x00000000ef400000| PB 0x00000000ef400000| Untracked 
| 245|0x00000000ef500000, 0x00000000ef500000, 0x00000000ef600000|  0%| F|  |TAMS 0x00000000ef500000| PB 0x00000000ef500000| Untracked 
| 246|0x00000000ef600000, 0x00000000ef600000, 0x00000000ef700000|  0%| F|  |TAMS 0x00000000ef600000| PB 0x00000000ef600000| Untracked 
| 247|0x00000000ef700000, 0x00000000ef700000, 0x00000000ef800000|  0%| F|  |TAMS 0x00000000ef700000| PB 0x00000000ef700000| Untracked 
| 248|0x00000000ef800000, 0x00000000ef800000, 0x00000000ef900000|  0%| F|  |TAMS 0x00000000ef800000| PB 0x00000000ef800000| Untracked 
| 249|0x00000000ef900000, 0x00000000ef900000, 0x00000000efa00000|  0%| F|  |TAMS 0x00000000ef900000| PB 0x00000000ef900000| Untracked 
| 250|0x00000000efa00000, 0x00000000efa00000, 0x00000000efb00000|  0%| F|  |TAMS 0x00000000efa00000| PB 0x00000000efa00000| Untracked 
| 251|0x00000000efb00000, 0x00000000efbbde90, 0x00000000efc00000| 74%| E|  |TAMS 0x00000000efb00000| PB 0x00000000efb00000| Complete 
| 252|0x00000000efc00000, 0x00000000efd00000, 0x00000000efd00000|100%| E|CS|TAMS 0x00000000efc00000| PB 0x00000000efc00000| Complete 
| 253|0x00000000efd00000, 0x00000000efe00000, 0x00000000efe00000|100%| E|CS|TAMS 0x00000000efd00000| PB 0x00000000efd00000| Complete 
| 254|0x00000000efe00000, 0x00000000eff00000, 0x00000000eff00000|100%| E|CS|TAMS 0x00000000efe00000| PB 0x00000000efe00000| Complete 
| 255|0x00000000eff00000, 0x00000000f0000000, 0x00000000f0000000|100%| E|CS|TAMS 0x00000000eff00000| PB 0x00000000eff00000| Complete 

Card table byte_map: [0x000001c6d0770000,0x000001c6d0870000] _byte_map_base: 0x000001c6d0070000

Marking Bits: (CMBitMap*) 0x000001c6be16b390
 Bits: [0x000001c6d0870000, 0x000001c6d1070000)

Polling page: 0x000001c6bbe50000

Metaspace:

Usage:
  Non-class:     28.29 MB used.
      Class:      4.73 MB used.
       Both:     33.02 MB used.

Virtual space:
  Non-class space:       64.00 MB reserved,      28.81 MB ( 45%) committed,  1 nodes.
      Class space:      320.00 MB reserved,       5.25 MB (  2%) committed,  1 nodes.
             Both:      384.00 MB reserved,      34.06 MB (  9%) committed. 

Chunk freelists:
   Non-Class:  2.98 MB
       Class:  10.57 MB
        Both:  13.55 MB

MaxMetaspaceSize: 384.00 MB
CompressedClassSpaceSize: 320.00 MB
Initial GC threshold: 21.00 MB
Current GC threshold: 35.12 MB
CDS: on
 - commit_granule_bytes: 65536.
 - commit_granule_words: 8192.
 - virtual_space_node_default_size: 8388608.
 - enlarge_chunks_in_place: 1.
 - use_allocation_guard: 0.


Internal statistics:

num_allocs_failed_limit: 3.
num_arena_births: 1694.
num_arena_deaths: 6.
num_vsnodes_births: 2.
num_vsnodes_deaths: 0.
num_space_committed: 545.
num_space_uncommitted: 0.
num_chunks_returned_to_freelist: 9.
num_chunks_taken_from_freelist: 3107.
num_chunk_merges: 3.
num_chunk_splits: 2032.
num_chunks_enlarged: 1278.
num_inconsistent_stats: 0.

CodeHeap 'non-profiled nmethods': size=120000Kb used=3100Kb max_used=3100Kb free=116899Kb
 bounds [0x000001c6c8e10000, 0x000001c6c9120000, 0x000001c6d0340000]
CodeHeap 'profiled nmethods': size=120000Kb used=9994Kb max_used=9994Kb free=110005Kb
 bounds [0x000001c6c1340000, 0x000001c6c1d10000, 0x000001c6c8870000]
CodeHeap 'non-nmethods': size=5760Kb used=1972Kb max_used=2015Kb free=3787Kb
 bounds [0x000001c6c8870000, 0x000001c6c8ae0000, 0x000001c6c8e10000]
CodeCache: size=245760Kb, used=15066Kb, max_used=15109Kb, free=230691Kb
 total_blobs=5747, nmethods=5063, adapters=587, full_count=0
Compilation: enabled, stopped_count=0, restarted_count=0

Compilation events (20 events):
Event: 1570.306 Thread 0x000001c6d3af51e0 5057       3       java.lang.reflect.Method::getGenericInfo (28 bytes)
Event: 1570.309 Thread 0x000001c6d3af51e0 nmethod 5057 0x000001c6c1cf1c10 code [0x000001c6c1cf1ea0, 0x000001c6c1cf2ca0]
Event: 1570.867 Thread 0x000001c6d3af51e0 5058       3       java.beans.FeatureDescriptor::getParameterTypes (21 bytes)
Event: 1570.870 Thread 0x000001c6d3af51e0 nmethod 5058 0x000001c6c1cf3190 code [0x000001c6c1cf3460, 0x000001c6c1cf41e0]
Event: 1570.870 Thread 0x000001c6d3af51e0 5059       3       com.sun.beans.TypeResolver::resolveInClass (9 bytes)
Event: 1570.872 Thread 0x000001c6d3af51e0 nmethod 5059 0x000001c6c1cf4610 code [0x000001c6c1cf4840, 0x000001c6c1cf4f98]
Event: 1571.718 Thread 0x000001c6d3aec2b0 nmethod 5053 0x000001c6c9104d10 code [0x000001c6c9105660, 0x000001c6c910ea50]
Event: 1571.721 Thread 0x000001c6d3aec2b0 5054       4       java.net.URLClassLoader$1::run (5 bytes)
Event: 1571.948 Thread 0x000001c6d3af51e0 5060   !   3       java.lang.reflect.Executable::sharedToGenericString (255 bytes)
Event: 1571.956 Thread 0x000001c6d3af51e0 nmethod 5060 0x000001c6c1cf5210 code [0x000001c6c1cf5780, 0x000001c6c1cf7cb8]
Event: 1571.956 Thread 0x000001c6d3af51e0 5061       3       sun.reflect.generics.repository.GenericDeclRepository::getTypeParameters (27 bytes)
Event: 1571.957 Thread 0x000001c6d3af51e0 nmethod 5061 0x000001c6c1cf8e10 code [0x000001c6c1cf8fe0, 0x000001c6c1cf9398]
Event: 1571.957 Thread 0x000001c6d3af51e0 5062       1       java.util.Hashtable$Entry::getKey (5 bytes)
Event: 1571.957 Thread 0x000001c6d3af51e0 nmethod 5062 0x000001c6c9115f90 code [0x000001c6c9116120, 0x000001c6c91161e8]
Event: 1571.957 Thread 0x000001c6d3af51e0 5063       1       java.util.Hashtable$Entry::getValue (5 bytes)
Event: 1571.957 Thread 0x000001c6d3af51e0 nmethod 5063 0x000001c6c9116290 code [0x000001c6c9116420, 0x000001c6c91164e8]
Event: 1572.087 Thread 0x000001c6d3af51e0 5064       3       java.beans.FeatureDescriptor::getTable (23 bytes)
Event: 1572.088 Thread 0x000001c6d3af51e0 nmethod 5064 0x000001c6c1cf9490 code [0x000001c6c1cf9680, 0x000001c6c1cf9938]
Event: 1572.751 Thread 0x000001c6d3af51e0 5065       3       java.util.AbstractCollection::contains (55 bytes)
Event: 1572.753 Thread 0x000001c6d3af51e0 nmethod 5065 0x000001c6c1cf9a10 code [0x000001c6c1cf9c40, 0x000001c6c1cfa440]

GC Heap History (10 events):
Event: 105.854 GC heap before
{Heap before GC invocations=0 (full 0):
 garbage-first heap   total 262144K, used 23552K [0x00000000e0000000, 0x0000000100000000)
  region size 1024K, 23 young (23552K), 0 survivors (0K)
 Metaspace       used 948K, committed 1088K, reserved 393216K
  class space    used 73K, committed 128K, reserved 327680K
}
Event: 106.163 GC heap after
{Heap after GC invocations=1 (full 0):
 garbage-first heap   total 262144K, used 1535K [0x00000000e0000000, 0x0000000100000000)
  region size 1024K, 2 young (2048K), 2 survivors (2048K)
 Metaspace       used 948K, committed 1088K, reserved 393216K
  class space    used 73K, committed 128K, reserved 327680K
}
Event: 209.821 GC heap before
{Heap before GC invocations=1 (full 0):
 garbage-first heap   total 262144K, used 40447K [0x00000000e0000000, 0x0000000100000000)
  region size 1024K, 38 young (38912K), 2 survivors (2048K)
 Metaspace       used 4414K, committed 4608K, reserved 393216K
  class space    used 557K, committed 640K, reserved 327680K
}
Event: 209.841 GC heap after
{Heap after GC invocations=2 (full 0):
 garbage-first heap   total 262144K, used 10906K [0x00000000e0000000, 0x0000000100000000)
  region size 1024K, 5 young (5120K), 5 survivors (5120K)
 Metaspace       used 4414K, committed 4608K, reserved 393216K
  class space    used 557K, committed 640K, reserved 327680K
}
Event: 343.333 GC heap before
{Heap before GC invocations=2 (full 0):
 garbage-first heap   total 262144K, used 59034K [0x00000000e0000000, 0x0000000100000000)
  region size 1024K, 50 young (51200K), 5 survivors (5120K)
 Metaspace       used 4731K, committed 4928K, reserved 393216K
  class space    used 609K, committed 704K, reserved 327680K
}
Event: 343.364 GC heap after
{Heap after GC invocations=3 (full 0):
 garbage-first heap   total 262144K, used 16210K [0x00000000e0000000, 0x0000000100000000)
  region size 1024K, 5 young (5120K), 5 survivors (5120K)
 Metaspace       used 4731K, committed 4928K, reserved 393216K
  class space    used 609K, committed 704K, reserved 327680K
}
Event: 744.592 GC heap before
{Heap before GC invocations=3 (full 0):
 garbage-first heap   total 262144K, used 124754K [0x00000000e0000000, 0x0000000100000000)
  region size 1024K, 112 young (114688K), 5 survivors (5120K)
 Metaspace       used 20806K, committed 21504K, reserved 393216K
  class space    used 3032K, committed 3392K, reserved 327680K
}
Event: 744.664 GC heap after
{Heap after GC invocations=4 (full 0):
 garbage-first heap   total 262144K, used 23936K [0x00000000e0000000, 0x0000000100000000)
  region size 1024K, 12 young (12288K), 12 survivors (12288K)
 Metaspace       used 20806K, committed 21504K, reserved 393216K
  class space    used 3032K, committed 3392K, reserved 327680K
}
Event: 1560.802 GC heap before
{Heap before GC invocations=5 (full 0):
 garbage-first heap   total 262144K, used 167296K [0x00000000e0000000, 0x0000000100000000)
  region size 1024K, 153 young (156672K), 12 survivors (12288K)
 Metaspace       used 33568K, committed 34624K, reserved 393216K
  class space    used 4806K, committed 5312K, reserved 327680K
}
Event: 1560.951 GC heap after
{Heap after GC invocations=6 (full 0):
 garbage-first heap   total 262144K, used 31942K [0x00000000e0000000, 0x0000000100000000)
  region size 1024K, 16 young (16384K), 16 survivors (16384K)
 Metaspace       used 33568K, committed 34624K, reserved 393216K
  class space    used 4806K, committed 5312K, reserved 327680K
}

Dll operation events (20 events):
Event: 11.271 Attempting to load shared library C:\Users\duiph\.cursor\extensions\redhat.java-1.56.0-win32-x64\jre\21.0.12.1-win32-x86_64\bin\nio.dll
Event: 11.498 Loaded shared library C:\Users\duiph\.cursor\extensions\redhat.java-1.56.0-win32-x64\jre\21.0.12.1-win32-x86_64\bin\nio.dll
Event: 11.943 Attempting to load shared library C:\Users\duiph\.cursor\extensions\redhat.java-1.56.0-win32-x64\jre\21.0.12.1-win32-x86_64\bin\zip.dll
Event: 11.943 Loaded shared library C:\Users\duiph\.cursor\extensions\redhat.java-1.56.0-win32-x64\jre\21.0.12.1-win32-x86_64\bin\zip.dll
Event: 99.904 Attempting to load shared library C:\Users\duiph\.cursor\extensions\redhat.java-1.56.0-win32-x64\jre\21.0.12.1-win32-x86_64\bin\jimage.dll
Event: 99.904 Loaded shared library C:\Users\duiph\.cursor\extensions\redhat.java-1.56.0-win32-x64\jre\21.0.12.1-win32-x86_64\bin\jimage.dll
Event: 133.594 Attempting to load shared library C:\Users\duiph\.cursor\extensions\redhat.java-1.56.0-win32-x64\jre\21.0.12.1-win32-x86_64\bin\verify.dll
Event: 133.693 Loaded shared library C:\Users\duiph\.cursor\extensions\redhat.java-1.56.0-win32-x64\jre\21.0.12.1-win32-x86_64\bin\verify.dll
Event: 137.939 Attempting to load shared library C:\Users\duiph\.gradle\native\1def1411415f61bf3af743bc5b6707747c0891f09f0c88961ee8f79bc544acac\windows-amd64\native-platform.dll
Event: 138.025 Loaded shared library C:\Users\duiph\.gradle\native\1def1411415f61bf3af743bc5b6707747c0891f09f0c88961ee8f79bc544acac\windows-amd64\native-platform.dll
Event: 139.266 Attempting to load shared library C:\Users\duiph\.gradle\native\0.2.7\x86_64-windows-gnu\gradle-fileevents.dll
Event: 139.280 Loaded shared library C:\Users\duiph\.gradle\native\0.2.7\x86_64-windows-gnu\gradle-fileevents.dll
Event: 354.411 Attempting to load shared library C:\Users\duiph\.cursor\extensions\redhat.java-1.56.0-win32-x64\jre\21.0.12.1-win32-x86_64\bin\management.dll
Event: 354.567 Loaded shared library C:\Users\duiph\.cursor\extensions\redhat.java-1.56.0-win32-x64\jre\21.0.12.1-win32-x86_64\bin\management.dll
Event: 354.958 Attempting to load shared library C:\Users\duiph\.cursor\extensions\redhat.java-1.56.0-win32-x64\jre\21.0.12.1-win32-x86_64\bin\management_ext.dll
Event: 355.156 Loaded shared library C:\Users\duiph\.cursor\extensions\redhat.java-1.56.0-win32-x64\jre\21.0.12.1-win32-x86_64\bin\management_ext.dll
Event: 374.729 Attempting to load shared library C:\Users\duiph\.cursor\extensions\redhat.java-1.56.0-win32-x64\jre\21.0.12.1-win32-x86_64\bin\extnet.dll
Event: 374.880 Loaded shared library C:\Users\duiph\.cursor\extensions\redhat.java-1.56.0-win32-x64\jre\21.0.12.1-win32-x86_64\bin\extnet.dll
Event: 416.099 Attempting to load shared library C:\Users\duiph\.cursor\extensions\redhat.java-1.56.0-win32-x64\jre\21.0.12.1-win32-x86_64\bin\sunmscapi.dll
Event: 416.573 Loaded shared library C:\Users\duiph\.cursor\extensions\redhat.java-1.56.0-win32-x64\jre\21.0.12.1-win32-x86_64\bin\sunmscapi.dll

Deoptimization events (20 events):
Event: 1567.843 Thread 0x000001c6ee302f70 Uncommon trap: trap_request=0xffffffc6 fr.pc=0x000001c6c909f8b8 relative=0x0000000000008278
Event: 1567.843 Thread 0x000001c6ee302f70 Uncommon trap: reason=bimorphic_or_optimized_type_check action=maybe_recompile pc=0x000001c6c909f8b8 method=java.lang.ClassLoader.loadClass(Ljava/lang/String;Z)Ljava/lang/Class; @ 69 c2
Event: 1567.843 Thread 0x000001c6ee302f70 DEOPT PACKING pc=0x000001c6c909f8b8 sp=0x00000081652f8850
Event: 1567.843 Thread 0x000001c6ee302f70 DEOPT UNPACKING pc=0x000001c6c88c7ba2 sp=0x00000081652f88c0 mode 2
Event: 1567.843 Thread 0x000001c6ee302f70 Uncommon trap: trap_request=0xffffffc6 fr.pc=0x000001c6c909f8b8 relative=0x0000000000008278
Event: 1567.843 Thread 0x000001c6ee302f70 Uncommon trap: reason=bimorphic_or_optimized_type_check action=maybe_recompile pc=0x000001c6c909f8b8 method=java.lang.ClassLoader.loadClass(Ljava/lang/String;Z)Ljava/lang/Class; @ 69 c2
Event: 1567.844 Thread 0x000001c6ee302f70 DEOPT PACKING pc=0x000001c6c909f8b8 sp=0x00000081652f8a40
Event: 1567.844 Thread 0x000001c6ee302f70 DEOPT UNPACKING pc=0x000001c6c88c7ba2 sp=0x00000081652f8ab0 mode 2
Event: 1570.614 Thread 0x000001c6ee302f70 Uncommon trap: trap_request=0xffffffc6 fr.pc=0x000001c6c90d3d0c relative=0x00000000000007cc
Event: 1570.614 Thread 0x000001c6ee302f70 Uncommon trap: reason=bimorphic_or_optimized_type_check action=maybe_recompile pc=0x000001c6c90d3d0c method=java.util.regex.Pattern$Start.match(Ljava/util/regex/Matcher;ILjava/lang/CharSequence;)Z @ 44 c2
Event: 1570.614 Thread 0x000001c6ee302f70 DEOPT PACKING pc=0x000001c6c90d3d0c sp=0x00000081652f9530
Event: 1570.619 Thread 0x000001c6ee302f70 DEOPT UNPACKING pc=0x000001c6c88c7ba2 sp=0x00000081652f9428 mode 2
Event: 1570.865 Thread 0x000001c6ee302f70 Uncommon trap: trap_request=0xffffffc6 fr.pc=0x000001c6c90d3d0c relative=0x00000000000007cc
Event: 1570.865 Thread 0x000001c6ee302f70 Uncommon trap: reason=bimorphic_or_optimized_type_check action=maybe_recompile pc=0x000001c6c90d3d0c method=java.util.regex.Pattern$Start.match(Ljava/util/regex/Matcher;ILjava/lang/CharSequence;)Z @ 44 c2
Event: 1570.865 Thread 0x000001c6ee302f70 DEOPT PACKING pc=0x000001c6c90d3d0c sp=0x00000081652f9530
Event: 1570.865 Thread 0x000001c6ee302f70 DEOPT UNPACKING pc=0x000001c6c88c7ba2 sp=0x00000081652f9428 mode 2
Event: 1571.098 Thread 0x000001c6ee302f70 Uncommon trap: trap_request=0xffffffc6 fr.pc=0x000001c6c90d2890 relative=0x00000000000007d0
Event: 1571.098 Thread 0x000001c6ee302f70 Uncommon trap: reason=bimorphic_or_optimized_type_check action=maybe_recompile pc=0x000001c6c90d2890 method=java.util.regex.Pattern$Start.match(Ljava/util/regex/Matcher;ILjava/lang/CharSequence;)Z @ 44 c2
Event: 1571.098 Thread 0x000001c6ee302f70 DEOPT PACKING pc=0x000001c6c90d2890 sp=0x00000081652f94b0
Event: 1571.098 Thread 0x000001c6ee302f70 DEOPT UNPACKING pc=0x000001c6c88c7ba2 sp=0x00000081652f9420 mode 2

Classes loaded (20 events):
Event: 1522.887 Loading class java/nio/ByteBufferAsIntBufferL done
Event: 1522.987 Loading class jdk/internal/jrtfs/JrtFileAttributes
Event: 1523.064 Loading class jdk/internal/jrtfs/JrtFileAttributes done
Event: 1523.070 Loading class jdk/internal/jrtfs/JrtDirectoryStream
Event: 1523.071 Loading class jdk/internal/jrtfs/JrtDirectoryStream done
Event: 1523.233 Loading class jdk/internal/jrtfs/JrtDirectoryStream$1
Event: 1523.236 Loading class jdk/internal/jrtfs/JrtDirectoryStream$1 done
Event: 1523.460 Loading class java/util/function/BooleanSupplier
Event: 1523.460 Loading class java/util/function/BooleanSupplier done
Event: 1523.606 Loading class jdk/internal/jimage/ImageReader$Resource
Event: 1523.608 Loading class jdk/internal/jimage/ImageReader$Resource done
Event: 1536.277 Loading class java/util/WeakHashMap$KeyIterator
Event: 1536.433 Loading class java/util/WeakHashMap$HashIterator
Event: 1536.434 Loading class java/util/WeakHashMap$HashIterator done
Event: 1536.434 Loading class java/util/WeakHashMap$KeyIterator done
Event: 1570.306 Loading class sun/reflect/generics/tree/IntSignature
Event: 1570.479 Loading class sun/reflect/generics/tree/IntSignature done
Event: 1570.498 Loading class sun/reflect/generics/tree/ArrayTypeSignature
Event: 1570.612 Loading class sun/reflect/generics/tree/ArrayTypeSignature done
Event: 1573.008 Loading class com/sun/beans/finder/MethodFinder

Classes unloaded (3 events):
Event: 744.744 Thread 0x000001c6d3ac4890 Unloading class 0x000001c6d5002000 'java/lang/invoke/LambdaForm$MH+0x000001c6d5002000'
Event: 744.745 Thread 0x000001c6d3ac4890 Unloading class 0x000001c6d5001c00 'java/lang/invoke/LambdaForm$MH+0x000001c6d5001c00'
Event: 744.745 Thread 0x000001c6d3ac4890 Unloading class 0x000001c6d5001400 'java/lang/invoke/LambdaForm$MH+0x000001c6d5001400'

Classes redefined (0 events):
No events

Internal exceptions (20 events):
Event: 1538.045 Thread 0x000001c6ee302f70 Exception <a 'java/lang/ClassNotFoundException'{0x00000000e6d1e750}: groovy/lang/BindingCustomizer> (0x00000000e6d1e750) 
thrown [s\src\hotspot\share\classfile\systemDictionary.cpp, line 313]
Event: 1540.112 Thread 0x000001c6ee302f70 Exception <a 'java/lang/ClassNotFoundException'{0x00000000e6c4ec88}: javals_5pfw1nlbttkq2phssdppavpf6BeanInfo> (0x00000000e6c4ec88) 
thrown [s\src\hotspot\share\classfile\systemDictionary.cpp, line 313]
Event: 1540.151 Thread 0x000001c6ee302f70 Exception <a 'java/lang/ClassNotFoundException'{0x00000000e6c57600}: org/gradle/initialization/InitScriptBeanInfo> (0x00000000e6c57600) 
thrown [s\src\hotspot\share\classfile\systemDictionary.cpp, line 313]
Event: 1540.381 Thread 0x000001c6ee302f70 Exception <a 'java/lang/ClassNotFoundException'{0x00000000e6c600f8}: org/gradle/groovy/scripts/DefaultScriptBeanInfo> (0x00000000e6c600f8) 
thrown [s\src\hotspot\share\classfile\systemDictionary.cpp, line 313]
Event: 1540.505 Thread 0x000001c6ee302f70 Exception <a 'java/lang/ClassNotFoundException'{0x00000000e6c68ab0}: org/gradle/groovy/scripts/BasicScriptBeanInfo> (0x00000000e6c68ab0) 
thrown [s\src\hotspot\share\classfile\systemDictionary.cpp, line 313]
Event: 1540.554 Thread 0x000001c6ee302f70 Exception <a 'java/lang/ClassNotFoundException'{0x00000000e6c72428}: org/gradle/groovy/scripts/ScriptBeanInfo> (0x00000000e6c72428) 
thrown [s\src\hotspot\share\classfile\systemDictionary.cpp, line 313]
Event: 1540.587 Thread 0x000001c6ee302f70 Exception <a 'java/lang/ClassNotFoundException'{0x00000000e6c7ba78}: groovy/lang/ScriptBeanInfo> (0x00000000e6c7ba78) 
thrown [s\src\hotspot\share\classfile\systemDictionary.cpp, line 313]
Event: 1540.588 Thread 0x000001c6ee302f70 Exception <a 'java/lang/ClassNotFoundException'{0x00000000e6c855e8}: groovy/lang/ScriptCustomizer> (0x00000000e6c855e8) 
thrown [s\src\hotspot\share\classfile\systemDictionary.cpp, line 313]
Event: 1540.614 Thread 0x000001c6ee302f70 Exception <a 'java/lang/ClassNotFoundException'{0x00000000e6c96bc0}: org/gradle/groovy/scripts/ScriptCustomizer> (0x00000000e6c96bc0) 
thrown [s\src\hotspot\share\classfile\systemDictionary.cpp, line 313]
Event: 1540.617 Thread 0x000001c6ee302f70 Exception <a 'java/lang/ClassNotFoundException'{0x00000000e6ca6310}: org/gradle/groovy/scripts/BasicScriptCustomizer> (0x00000000e6ca6310) 
thrown [s\src\hotspot\share\classfile\systemDictionary.cpp, line 313]
Event: 1540.820 Thread 0x000001c6ee302f70 Exception <a 'java/lang/ClassNotFoundException'{0x00000000e6cbc158}: org/gradle/groovy/scripts/DefaultScriptCustomizer> (0x00000000e6cbc158) 
thrown [s\src\hotspot\share\classfile\systemDictionary.cpp, line 313]
Event: 1541.458 Thread 0x000001c6ee302f70 Exception <a 'java/lang/ClassNotFoundException'{0x00000000e6cfe8f0}: org/gradle/initialization/InitScriptCustomizer> (0x00000000e6cfe8f0) 
thrown [s\src\hotspot\share\classfile\systemDictionary.cpp, line 313]
Event: 1542.713 Thread 0x000001c6ee302f70 Exception <a 'java/lang/ClassNotFoundException'{0x00000000e6b0d0a0}: javals_5pfw1nlbttkq2phssdppavpf6Customizer> (0x00000000e6b0d0a0) 
thrown [s\src\hotspot\share\classfile\systemDictionary.cpp, line 313]
Event: 1545.833 Thread 0x000001c6ee302f70 Exception <a 'java/lang/ClassNotFoundException'{0x00000000e6a39ec0}: org/gradle/internal/extensibility/DefaultExtraPropertiesExtensionBeanInfo> (0x00000000e6a39ec0) 
thrown [s\src\hotspot\share\classfile\systemDictionary.cpp, line 313]
Event: 1545.882 Thread 0x000001c6ee302f70 Exception <a 'java/lang/ClassNotFoundException'{0x00000000e6a42ee8}: org/gradle/internal/extensibility/DefaultExtraPropertiesExtensionCustomizer> (0x00000000e6a42ee8) 
thrown [s\src\hotspot\share\classfile\systemDictionary.cpp, line 313]
Event: 1556.489 Thread 0x000001c6ee302f70 Exception <a 'java/lang/NoSuchMethodError'{0x00000000e6953d40}: 'java.lang.Object java.lang.invoke.DirectMethodHandle$Holder.invokeSpecialIFC(java.lang.Object, java.lang.Object, java.lang.Object, java.lang.Object)'> (0x00000000e6953d40) 
thrown [s\src\hotspot\share\interpreter\linkResolver.cpp, line 773]
Event: 1567.723 Thread 0x000001c6ee302f70 Exception <a 'java/lang/ClassNotFoundException'{0x00000000efdb1410}: groovy/lang/Closure$1BeanInfo> (0x00000000efdb1410) 
thrown [s\src\hotspot\share\classfile\systemDictionary.cpp, line 313]
Event: 1567.844 Thread 0x000001c6ee302f70 Exception <a 'java/lang/ClassNotFoundException'{0x00000000efdbe588}: groovy/lang/ClosureBeanInfo> (0x00000000efdbe588) 
thrown [s\src\hotspot\share\classfile\systemDictionary.cpp, line 313]
Event: 1570.209 Thread 0x000001c6ee302f70 Exception <a 'java/lang/ClassNotFoundException'{0x00000000efdcb6c8}: groovy/lang/ClosureCustomizer> (0x00000000efdcb6c8) 
thrown [s\src\hotspot\share\classfile\systemDictionary.cpp, line 313]
Event: 1572.896 Thread 0x000001c6ee302f70 Exception <a 'java/lang/ClassNotFoundException'{0x00000000efcbc0b8}: groovy/lang/Closure$1Customizer> (0x00000000efcbc0b8) 
thrown [s\src\hotspot\share\classfile\systemDictionary.cpp, line 313]

ZGC Phase Switch (0 events):
No events

VM Operations (20 events):
Event: 1559.675 Executing safepoint VM operation: Cleanup
Event: 1559.857 Executing safepoint VM operation: Cleanup done
Event: 1560.802 Executing safepoint VM operation: G1CollectForAllocation (G1 Evacuation Pause)
Event: 1560.951 Executing safepoint VM operation: G1CollectForAllocation (G1 Evacuation Pause) done
Event: 1562.973 Executing safepoint VM operation: Cleanup
Event: 1563.480 Executing safepoint VM operation: Cleanup done
Event: 1564.492 Executing safepoint VM operation: Cleanup
Event: 1564.569 Executing safepoint VM operation: Cleanup done
Event: 1565.577 Executing safepoint VM operation: Cleanup
Event: 1566.036 Executing safepoint VM operation: Cleanup done
Event: 1568.065 Executing safepoint VM operation: Cleanup
Event: 1569.967 Executing safepoint VM operation: Cleanup done
Event: 1569.972 Executing non-safepoint VM operation: HandshakeAllThreads (HandshakeForDeflation)
Event: 1569.982 Executing non-safepoint VM operation: HandshakeAllThreads (HandshakeForDeflation) done
Event: 1569.984 Executing non-safepoint VM operation: RendezvousGCThreads
Event: 1569.984 Executing non-safepoint VM operation: RendezvousGCThreads done
Event: 1570.999 Executing safepoint VM operation: Cleanup
Event: 1571.091 Executing safepoint VM operation: Cleanup done
Event: 1572.098 Executing safepoint VM operation: Cleanup
Event: 1572.252 Executing safepoint VM operation: Cleanup done

Memory protections (0 events):
No events

Nmethod flushes (0 events):
No events

Events (20 events):
Event: 440.304 Thread 0x000001c6ee302f70 Thread added: 0x000001c6ee0d47c0
Event: 548.851 Thread 0x000001c6ee302f70 Thread added: 0x000001c6ee0d2060
Event: 554.418 Thread 0x000001c6ee302f70 Thread added: 0x000001c6ee0d2d80
Event: 557.762 Thread 0x000001c6ee0d2d80 Thread added: 0x000001c6ee0d1340
Event: 582.244 Thread 0x000001c6ee302f70 Thread added: 0x000001c6ee0d4130
Event: 671.298 Thread 0x000001c6ee0d1340 Thread exited: 0x000001c6ee0d1340
Event: 795.870 Thread 0x000001c6ee302f70 Thread added: 0x000001c6ee0d1340
Event: 799.535 Thread 0x000001c6ee302f70 Thread added: 0x000001c6ee0d19d0
Event: 803.737 Thread 0x000001c6ee0d2d80 Thread added: 0x000001c6ef6c2770
Event: 843.217 Thread 0x000001c6ee302f70 Thread added: 0x000001c6ef6c2e00
Event: 844.726 Thread 0x000001c6ee302f70 Thread added: 0x000001c6ef6c3490
Event: 880.034 Thread 0x000001c6ef6c2770 Thread exited: 0x000001c6ef6c2770
Event: 897.274 Thread 0x000001c6ee0d2d80 Thread added: 0x000001c6ef6c3b20
Event: 965.863 Thread 0x000001c6ef6c3b20 Thread exited: 0x000001c6ef6c3b20
Event: 1333.882 Thread 0x000001c6ee0d2d80 Thread added: 0x000001c6ef6c20e0
Event: 1340.691 Thread 0x000001c6ee302f70 Thread added: 0x000001c6ef6c3b20
Event: 1402.320 Thread 0x000001c6ee302f70 Thread added: 0x000001c6ef6c41b0
Event: 1465.203 Thread 0x000001c6ef6c20e0 Thread exited: 0x000001c6ef6c20e0
Event: 1551.560 Thread 0x000001c6ee302f70 Thread added: 0x000001c6ef6c0d30
Event: 1558.447 Thread 0x000001c6ee302f70 Thread added: 0x000001c6ef6c4840


Dynamic libraries:
0x00007ff787920000 - 0x00007ff78792e000 	C:\Users\duiph\.cursor\extensions\redhat.java-1.56.0-win32-x64\jre\21.0.12.1-win32-x86_64\bin\java.exe
0x00007ffffe920000 - 0x00007ffffeb87000 	C:\WINDOWS\SYSTEM32\ntdll.dll
0x00007ffffd860000 - 0x00007ffffd92b000 	C:\WINDOWS\System32\KERNEL32.DLL
0x00007ffffbea0000 - 0x00007ffffc2a2000 	C:\WINDOWS\System32\KERNELBASE.dll
0x00007ffffbd40000 - 0x00007ffffbe8c000 	C:\WINDOWS\System32\ucrtbase.dll
0x00007fffe00e0000 - 0x00007fffe00fe000 	C:\Users\duiph\.cursor\extensions\redhat.java-1.56.0-win32-x64\jre\21.0.12.1-win32-x86_64\bin\VCRUNTIME140.dll
0x00007fffdf900000 - 0x00007fffdf918000 	C:\Users\duiph\.cursor\extensions\redhat.java-1.56.0-win32-x64\jre\21.0.12.1-win32-x86_64\bin\jli.dll
0x00007ffffdda0000 - 0x00007ffffdf6f000 	C:\WINDOWS\System32\USER32.dll
0x00007ffffbbe0000 - 0x00007ffffbc07000 	C:\WINDOWS\System32\win32u.dll
0x00007ffffc640000 - 0x00007ffffc66b000 	C:\WINDOWS\System32\GDI32.dll
0x00007ffffbc10000 - 0x00007ffffbd39000 	C:\WINDOWS\System32\gdi32full.dll
0x00007ffffc400000 - 0x00007ffffc4a3000 	C:\WINDOWS\System32\msvcp_win.dll
0x00007fffe1660000 - 0x00007fffe18f0000 	C:\WINDOWS\WinSxS\amd64_microsoft.windows.common-controls_6595b64144ccf1df_6.0.26100.9278_none_3e0d1ba8e3303201\COMCTL32.dll
0x00007ffffe710000 - 0x00007ffffe7b9000 	C:\WINDOWS\System32\msvcrt.dll
0x00007ffffe000000 - 0x00007ffffe031000 	C:\WINDOWS\System32\IMM32.DLL
0x00007fffe07c0000 - 0x00007fffe07cc000 	C:\Users\duiph\.cursor\extensions\redhat.java-1.56.0-win32-x64\jre\21.0.12.1-win32-x86_64\bin\vcruntime140_1.dll
0x00007fff94ff0000 - 0x00007fff9507d000 	C:\Users\duiph\.cursor\extensions\redhat.java-1.56.0-win32-x64\jre\21.0.12.1-win32-x86_64\bin\msvcp140.dll
0x00007fff08ca0000 - 0x00007fff09a42000 	C:\Users\duiph\.cursor\extensions\redhat.java-1.56.0-win32-x64\jre\21.0.12.1-win32-x86_64\bin\server\jvm.dll
0x00007ffffc9d0000 - 0x00007ffffca8c000 	C:\WINDOWS\System32\ADVAPI32.dll
0x00007ffffcaa0000 - 0x00007ffffcb49000 	C:\WINDOWS\System32\sechost.dll
0x00007ffffe7c0000 - 0x00007ffffe8d8000 	C:\WINDOWS\System32\RPCRT4.dll
0x00007ffffe4a0000 - 0x00007ffffe520000 	C:\WINDOWS\System32\WS2_32.dll
0x00007fffe4790000 - 0x00007fffe47c6000 	C:\WINDOWS\SYSTEM32\WINMM.dll
0x00007fffebd00000 - 0x00007fffebd0b000 	C:\WINDOWS\SYSTEM32\VERSION.dll
0x00007ffffb980000 - 0x00007ffffb9de000 	C:\WINDOWS\SYSTEM32\POWRPROF.dll
0x00007ffffb960000 - 0x00007ffffb975000 	C:\WINDOWS\SYSTEM32\UMPDC.dll
0x00007ffffa7f0000 - 0x00007ffffa80b000 	C:\WINDOWS\SYSTEM32\kernel.appcore.dll
0x00007fffe00d0000 - 0x00007fffe00da000 	C:\Users\duiph\.cursor\extensions\redhat.java-1.56.0-win32-x64\jre\21.0.12.1-win32-x86_64\bin\jimage.dll
0x00007ffff9130000 - 0x00007ffff937c000 	C:\WINDOWS\SYSTEM32\DBGHELP.DLL
0x00007ffffe100000 - 0x00007ffffe485000 	C:\WINDOWS\System32\combase.dll
0x00007ffffd780000 - 0x00007ffffd859000 	C:\WINDOWS\System32\OLEAUT32.dll
0x00007fffd6b20000 - 0x00007fffd6b5b000 	C:\WINDOWS\SYSTEM32\dbgcore.DLL
0x00007ffffbb20000 - 0x00007ffffbbcc000 	C:\WINDOWS\System32\bcryptPrimitives.dll
0x00007fffe9740000 - 0x00007fffe974f000 	C:\Users\duiph\.cursor\extensions\redhat.java-1.56.0-win32-x64\jre\21.0.12.1-win32-x86_64\bin\instrument.dll
0x00007fffddcb0000 - 0x00007fffddcd0000 	C:\Users\duiph\.cursor\extensions\redhat.java-1.56.0-win32-x64\jre\21.0.12.1-win32-x86_64\bin\java.dll
0x00007ffffcfe0000 - 0x00007ffffd778000 	C:\WINDOWS\System32\SHELL32.dll
0x00007ffff9580000 - 0x00007ffff9e2e000 	C:\WINDOWS\SYSTEM32\windows.storage.dll
0x00007ffffc7d0000 - 0x00007ffffc8cb000 	C:\WINDOWS\System32\SHCORE.dll
0x00007ffffdf80000 - 0x00007ffffdfe6000 	C:\WINDOWS\System32\shlwapi.dll
0x00007ffffba40000 - 0x00007ffffba69000 	C:\WINDOWS\SYSTEM32\profapi.dll
0x00007fffd0db0000 - 0x00007fffd0dc8000 	C:\Users\duiph\.cursor\extensions\redhat.java-1.56.0-win32-x64\jre\21.0.12.1-win32-x86_64\bin\zip.dll
0x00007fffdfc10000 - 0x00007fffdfc20000 	C:\Users\duiph\.cursor\extensions\redhat.java-1.56.0-win32-x64\jre\21.0.12.1-win32-x86_64\bin\net.dll
0x00007ffff12e0000 - 0x00007ffff140a000 	C:\WINDOWS\SYSTEM32\WINHTTP.dll
0x00007ffffadb0000 - 0x00007ffffae1c000 	C:\WINDOWS\system32\mswsock.dll
0x00007fffd4c10000 - 0x00007fffd4c26000 	C:\Users\duiph\.cursor\extensions\redhat.java-1.56.0-win32-x64\jre\21.0.12.1-win32-x86_64\bin\nio.dll
0x00007ffff3a20000 - 0x00007ffff3a30000 	C:\Users\duiph\.cursor\extensions\redhat.java-1.56.0-win32-x64\jre\21.0.12.1-win32-x86_64\bin\verify.dll
0x00007fffdcc20000 - 0x00007fffdcc47000 	C:\Users\duiph\.gradle\native\1def1411415f61bf3af743bc5b6707747c0891f09f0c88961ee8f79bc544acac\windows-amd64\native-platform.dll
0x00007fffcefc0000 - 0x00007fffcf038000 	C:\Users\duiph\.gradle\native\0.2.7\x86_64-windows-gnu\gradle-fileevents.dll
0x00007ffff3a10000 - 0x00007ffff3a1a000 	C:\Users\duiph\.cursor\extensions\redhat.java-1.56.0-win32-x64\jre\21.0.12.1-win32-x86_64\bin\management.dll
0x00007fffebf80000 - 0x00007fffebf8c000 	C:\Users\duiph\.cursor\extensions\redhat.java-1.56.0-win32-x64\jre\21.0.12.1-win32-x86_64\bin\management_ext.dll
0x00007ffffc960000 - 0x00007ffffc968000 	C:\WINDOWS\System32\PSAPI.DLL
0x00007ffffa2f0000 - 0x00007ffffa323000 	C:\WINDOWS\SYSTEM32\IPHLPAPI.DLL
0x00007ffffe490000 - 0x00007ffffe49a000 	C:\WINDOWS\System32\NSI.dll
0x00007fffebf70000 - 0x00007fffebf79000 	C:\Users\duiph\.cursor\extensions\redhat.java-1.56.0-win32-x64\jre\21.0.12.1-win32-x86_64\bin\extnet.dll
0x00007ffffb0a0000 - 0x00007ffffb0bb000 	C:\WINDOWS\SYSTEM32\CRYPTSP.dll
0x00007ffffa750000 - 0x00007ffffa789000 	C:\WINDOWS\system32\rsaenh.dll
0x00007ffffae60000 - 0x00007ffffae94000 	C:\WINDOWS\SYSTEM32\USERENV.dll
0x00007ffffba10000 - 0x00007ffffba3a000 	C:\WINDOWS\SYSTEM32\bcrypt.dll
0x00007ffffb0c0000 - 0x00007ffffb0cc000 	C:\WINDOWS\SYSTEM32\CRYPTBASE.dll
0x00007fffe4d30000 - 0x00007fffe4d3e000 	C:\Users\duiph\.cursor\extensions\redhat.java-1.56.0-win32-x64\jre\21.0.12.1-win32-x86_64\bin\sunmscapi.dll
0x00007ffffc4b0000 - 0x00007ffffc62e000 	C:\WINDOWS\System32\CRYPT32.dll
0x00007ffffb2e0000 - 0x00007ffffb310000 	C:\WINDOWS\SYSTEM32\ncrypt.dll
0x00007ffffb290000 - 0x00007ffffb2cf000 	C:\WINDOWS\SYSTEM32\NTASN1.dll
0x00007fffb5fa0000 - 0x00007fffb5fa8000 	C:\WINDOWS\system32\wshunix.dll

JVMTI agents:
C:\Users\duiph\.gradle\wrapper\dists\gradle-8.14.4-bin\92wwslzcyst3phie3o264zltu\gradle-8.14.4\lib\agents\gradle-instrumentation-agent-8.14.4.jar path:C:\Users\duiph\.cursor\extensions\redhat.java-1.56.0-win32-x64\jre\21.0.12.1-win32-x86_64\bin\instrument.dll, loaded, initialized, instrumentlib options:none

dbghelp: loaded successfully - version: 4.0.5 - missing functions: none
symbol engine: initialized successfully - sym options: 0x614 - pdb path: .;C:\Users\duiph\.cursor\extensions\redhat.java-1.56.0-win32-x64\jre\21.0.12.1-win32-x86_64\bin;C:\WINDOWS\SYSTEM32;C:\WINDOWS\WinSxS\amd64_microsoft.windows.common-controls_6595b64144ccf1df_6.0.26100.9278_none_3e0d1ba8e3303201;C:\Users\duiph\.cursor\extensions\redhat.java-1.56.0-win32-x64\jre\21.0.12.1-win32-x86_64\bin\server;C:\Users\duiph\.gradle\native\1def1411415f61bf3af743bc5b6707747c0891f09f0c88961ee8f79bc544acac\windows-amd64;C:\Users\duiph\.gradle\native\0.2.7\x86_64-windows-gnu

VM Arguments:
jvm_args: --add-opens=java.base/java.lang=ALL-UNNAMED --add-opens=java.base/java.lang.invoke=ALL-UNNAMED --add-opens=java.base/java.util=ALL-UNNAMED --add-opens=java.prefs/java.util.prefs=ALL-UNNAMED --add-exports=jdk.compiler/com.sun.tools.javac.api=ALL-UNNAMED --add-exports=jdk.compiler/com.sun.tools.javac.util=ALL-UNNAMED --add-opens=java.base/java.util=ALL-UNNAMED --add-opens=java.prefs/java.util.prefs=ALL-UNNAMED --add-opens=java.base/java.nio.charset=ALL-UNNAMED --add-opens=java.base/java.net=ALL-UNNAMED --add-opens=java.base/java.util.concurrent.atomic=ALL-UNNAMED --add-opens=java.xml/javax.xml.namespace=ALL-UNNAMED -XX:MaxMetaspaceSize=384m -XX:+HeapDumpOnOutOfMemoryError -Xms256m -Xmx512m -Dfile.encoding=UTF-8 -Duser.country=KR -Duser.language=ko -Duser.variant -javaagent:C:\Users\duiph\.gradle\wrapper\dists\gradle-8.14.4-bin\92wwslzcyst3phie3o264zltu\gradle-8.14.4\lib\agents\gradle-instrumentation-agent-8.14.4.jar 
java_command: org.gradle.launcher.daemon.bootstrap.GradleDaemon 8.14.4
java_class_path (initial): C:\Users\duiph\.gradle\wrapper\dists\gradle-8.14.4-bin\92wwslzcyst3phie3o264zltu\gradle-8.14.4\lib\gradle-daemon-main-8.14.4.jar
Launcher Type: SUN_STANDARD

[Global flags]
     intx CICompilerCount                          = 4                                         {product} {ergonomic}
   size_t CompressedClassSpaceSize                 = 335544320                                 {product} {ergonomic}
     uint ConcGCThreads                            = 2                                         {product} {ergonomic}
     uint G1ConcRefinementThreads                  = 8                                         {product} {ergonomic}
   size_t G1HeapRegionSize                         = 1048576                                   {product} {ergonomic}
    uintx GCDrainStackTargetSize                   = 64                                        {product} {ergonomic}
     bool HeapDumpOnOutOfMemoryError               = true                                   {manageable} {command line}
   size_t InitialHeapSize                          = 268435456                                 {product} {command line}
   size_t MarkStackSize                            = 4194304                                   {product} {ergonomic}
   size_t MaxHeapSize                              = 536870912                                 {product} {command line}
   size_t MaxMetaspaceSize                         = 402653184                                 {product} {command line}
   size_t MaxNewSize                               = 321912832                                 {product} {ergonomic}
   size_t MinHeapDeltaBytes                        = 1048576                                   {product} {ergonomic}
   size_t MinHeapSize                              = 268435456                                 {product} {command line}
    uintx NonNMethodCodeHeapSize                   = 5839372                                {pd product} {ergonomic}
    uintx NonProfiledCodeHeapSize                  = 122909434                              {pd product} {ergonomic}
    uintx ProfiledCodeHeapSize                     = 122909434                              {pd product} {ergonomic}
    uintx ReservedCodeCacheSize                    = 251658240                              {pd product} {ergonomic}
     bool SegmentedCodeCache                       = true                                      {product} {ergonomic}
   size_t SoftMaxHeapSize                          = 536870912                              {manageable} {ergonomic}
     bool UseCompressedOops                        = true                           {product lp64_product} {ergonomic}
     bool UseG1GC                                  = true                                      {product} {ergonomic}
     bool UseLargePagesIndividualAllocation        = false                                  {pd product} {ergonomic}

Logging:
Log output configuration:
 #0: stdout all=warning uptime,level,tags foldmultilines=false
 #1: stderr all=off uptime,level,tags foldmultilines=false

Release file:
JAVA_VERSION="21.0.12.1" 
MODULES="java.base java.compiler java.datatransfer java.xml java.prefs java.desktop java.instrument java.logging java.management java.security.sasl java.naming java.rmi java.management.rmi java.net.http java.scripting java.security.jgss java.transaction.xa java.sql java.sql.rowset java.xml.crypto java.se java.smartcardio jdk.accessibility jdk.internal.jvmstat jdk.attach jdk.charsets jdk.internal.opt jdk.zipfs jdk.compiler jdk.crypto.ec jdk.crypto.cryptoki jdk.crypto.mscapi jdk.dynalink jdk.internal.ed jdk.editpad jdk.hotspot.agent jdk.httpserver jdk.internal.le jdk.internal.vm.ci jdk.internal.vm.compiler jdk.internal.vm.compiler.management jdk.jartool jdk.javadoc jdk.jcmd jdk.management jdk.management.agent jdk.jconsole jdk.jdeps jdk.jdwp.agent jdk.jdi jdk.jfr jdk.jshell jdk.jsobject jdk.jstatd jdk.localedata jdk.management.jfr jdk.naming.dns jdk.naming.rmi jdk.net jdk.nio.mapmode jdk.random jdk.sctp jdk.security.auth jdk.security.jgss jdk.unsupported jdk.unsupported.desktop jdk.xml.dom" 

Environment Variables:
JAVA_HOME=C:\Program Files\Java\jdk-17
CLASSPATH=C:\Program Files\Java\jdk-17\lib
PATH=C:\Program Files\Java\jdk-17\bin;C:\Program Files\Common Files\Oracle\Java\javapath;C:\Program Files (x86)\Common Files\Oracle\Java\javapath;C:\WINDOWS\system32;C:\WINDOWS;C:\WINDOWS\System32\Wbem;C:\WINDOWS\System32\WindowsPowerShell\v1.0\;C:\WINDOWS\System32\OpenSSH\;C:\Program Files\Git\cmd;C:\Program Files\Java\jdk-17.0.5\bin;C:\Program Files\Java\jdk-11\bin;C:\Program Files\Docker\Docker\resources\bin;C:\Program Files\MySQL\MySQL Server 8.0\bin;%NVM_HOME%;%NVM_SYMLINK%;C:\Program Files\dotnet\;C:\Program Files\MySQL\MySQL Shell 8.0\bin\;C:\Users\duiph\AppData\Local\Microsoft\WindowsApps;C:\Program Files\JetBrains\IntelliJ IDEA Community Edition 2023.2.1\bin;C:\Program Files\MariaDB 11.2\bin;C:\Program Files\JetBrains\IntelliJ IDEA 2023.3.4\bin;C:\Users\duiph\AppData\Local\gitkraken\bin;C:\Program Files\JetBrains\IntelliJ IDEA 2020.2.3\bin;;C:\Users\duiph\AppData\Roaming\npm;C:\Users\duiph\AppData\Local\Microsoft\WindowsApps;C:\Users\duiph\AppData\Local\Microsoft\WinGet\Packages\Schniz.fnm_Microsoft.Winget.Source_8wekyb3d8bbwe;C:\Users\duiph\AppData\Local\nvm;C:\nvm4w\nodejs;C:\Users\duiph\AppData\Local\Programs\Microsoft VS Code\bin;C:\Users\duiph\AppData\Local\Programs\cursor\resources\app\bin
USERNAME=minseon
TMPDIR=C:\Users\Public\Documents\ESTsoft\CreatorTemp
OS=Windows_NT
PROCESSOR_IDENTIFIER=Intel64 Family 6 Model 140 Stepping 1, GenuineIntel
TMP=C:\Users\duiph\AppData\Local\Temp
TEMP=C:\Users\duiph\AppData\Local\Temp




Periodic native trim disabled

---------------  S Y S T E M  ---------------

OS:
 Windows 11 , 64 bit Build 26100 (10.0.26100.9444)
OS uptime: 6 days 23:33 hours
Hyper-V role detected

CPU: total 8 (initial active 8) (4 cores per cpu, 2 threads per core) family 6 model 140 stepping 1 microcode 0xb4, cx8, cmov, fxsr, ht, mmx, 3dnowpref, sse, sse2, sse3, ssse3, sse4.1, sse4.2, popcnt, lzcnt, tsc, tscinvbit, avx, avx2, aes, erms, clmul, bmi1, bmi2, adx, avx512f, avx512dq, avx512cd, avx512bw, avx512vl, sha, fma, vzeroupper, avx512_vpopcntdq, avx512_vpclmulqdq, avx512_vaes, avx512_vnni, clflush, clflushopt, clwb, avx512_vbmi2, avx512_vbmi, hv, rdtscp, rdpid, fsrm, gfni, avx512_bitalg, f16c, cet_ibt, cet_ss, avx512_ifma
Processor Information for processor 0
  Max Mhz: 2803, Current Mhz: 1001, Mhz Limit: 2803
Processor Information for processor 1
  Max Mhz: 2803, Current Mhz: 1001, Mhz Limit: 2803
Processor Information for processor 2
  Max Mhz: 2803, Current Mhz: 1001, Mhz Limit: 2803
Processor Information for processor 3
  Max Mhz: 2803, Current Mhz: 1001, Mhz Limit: 2803
Processor Information for processor 4
  Max Mhz: 2803, Current Mhz: 2803, Mhz Limit: 2803
Processor Information for processor 5
  Max Mhz: 2803, Current Mhz: 2803, Mhz Limit: 2803
Processor Information for processor 6
  Max Mhz: 2803, Current Mhz: 2803, Mhz Limit: 2803
Processor Information for processor 7
  Max Mhz: 2803, Current Mhz: 1001, Mhz Limit: 2803

Memory: 4k page, system-wide physical 16057M (326M free)
TotalPageFile size 61464M (AvailPageFile size 4M)
current process WorkingSet (physical memory assigned to process): 197M, peak: 198M
current process commit charge ("private bytes"): 444M, peak: 447M

vm_info: OpenJDK 64-Bit Server VM (21.0.12.1+1-LTS) for windows-amd64 JRE (21.0.12.1+1-LTS), built on 2026-08-18T00:00:00Z by "admin" with MS VC++ 17.12 (VS2022)

END.
